103.87.55.140 - - [30/Dec/2022:19:24:54 -0800] "GET /w_js/tokenize2.js HTTP/1.1" 200 9634 "https://wellnessway4u.com/bpr.php" "Mozilla/5.0 (Windows NT 10.0; Win64; x64) AppleWebKit/537.36 (KHTML, like Gecko) Chrome/108.0.0.0 Safari/537.36" "wellnessway4u.com"
103.87.55.140 - - [30/Dec/2022:19:24:54 -0800] "GET /Scripts/AC_RunActiveContent.js HTTP/1.1" 200 2413 "https://wellnessway4u.com/bpr.php" "Mozilla/5.0 (Windows NT 10.0; Win64; x64) AppleWebKit/537.36 (KHTML, like Gecko) Chrome/108.0.0.0 Safari/537.36" "wellnessway4u.com"
103.87.55.140 - - [30/Dec/2022:19:24:54 -0800] "GET /js/ddsmoothmenu.js HTTP/1.1" 200 3179 "https://wellnessway4u.com/bpr.php" "Mozilla/5.0 (Windows NT 10.0; Win64; x64) AppleWebKit/537.36 (KHTML, like Gecko) Chrome/108.0.0.0 Safari/537.36" "wellnessway4u.com"
185.119.81.99 - - [30/Dec/2022:19:24:55 -0800] "GET /blog/wp-login.php HTTP/1.1" 200 7653 "-" "Mozilla/5.0 (Windows NT 6.1; Win64; x64) AppleWebKit/537.36 (KHTML, like Gecko) Chrome/95.0.4638.69 Safari/537.36" "wellnessway4u.com"
185.119.81.98 - - [30/Dec/2022:19:24:58 -0800] "GET /blog/wp-login.php HTTP/1.1" 200 7659 "-" "Mozilla/5.0 (Windows NT 6.3; Win64; x64) AppleWebKit/537.36 (KHTML, like Gecko) Chrome/74.0.3729.169 Safari/537.36" "wellnessway4u.com"
10.213.116.210 - - [30/Dec/2022:19:25:03 -0800] "POST /blog/wp-cron.php?doing_wp_cron=1672457103.7091391086578369140625 HTTP/1.1" 200 - "https://wellnessway4u.com/blog/wp-cron.php?doing_wp_cron=1672457103.7091391086578369140625" "WordPress/6.0.3; https://wellnessway4u.com/blog" "wellnessway4u.com"
185.119.81.99 - - [30/Dec/2022:19:25:05 -0800] "POST /blog/wp-login.php HTTP/1.1" 200 7837 "https://wellnessway4u.com/blog/wp-login.php" "Mozilla/5.0 (Windows NT 6.1; Win64; x64) AppleWebKit/537.36 (KHTML, like Gecko) Chrome/95.0.4638.69 Safari/537.36" "wellnessway4u.com"
185.119.81.98 - - [30/Dec/2022:19:25:06 -0800] "POST /blog/wp-login.php HTTP/1.1" 200 7834 "https://wellnessway4u.com/blog/wp-login.php" "Mozilla/5.0 (Windows NT 6.3; Win64; x64) AppleWebKit/537.36 (KHTML, like Gecko) Chrome/74.0.3729.169 Safari/537.36" "wellnessway4u.com"
77.75.79.31 - - [30/Dec/2022:19:25:40 -0800] "GET /uploads/WW4Uuserprocessflow HTTP/1.1" 304 - "-" "Mozilla/5.0 (compatible; SeznamBot/4.0-RC1; +http://napoveda.seznam.cz/seznambot-intro/)" "www.wellnessway4u.com"
185.119.81.100 - - [30/Dec/2022:19:25:43 -0800] "GET /blog/wp-login.php HTTP/1.1" 200 7653 "-" "Mozilla/5.0 (Windows NT 6.1; WOW64) AppleWebKit/537.36 (KHTML, like Gecko) Chrome/38.0.2125.111 Safari/537.36" "wellnessway4u.com"
185.119.81.100 - - [30/Dec/2022:19:25:51 -0800] "GET /blog/wp-login.php HTTP/1.1" 200 7655 "-" "Mozilla/5.0 (Windows NT 6.1; Win64; x64) AppleWebKit/537.36 (KHTML, like Gecko) Chrome/64.0.3282.167 Safari/537.36" "wellnessway4u.com"
10.213.116.211 - - [30/Dec/2022:19:25:51 -0800] "POST /blog/wp-cron.php?doing_wp_cron=1672457151.6982080936431884765625 HTTP/1.1" 200 - "https://wellnessway4u.com/blog/wp-cron.php?doing_wp_cron=1672457151.6982080936431884765625" "WordPress/6.0.3; https://wellnessway4u.com/blog" "wellnessway4u.com"
185.119.81.100 - - [30/Dec/2022:19:25:53 -0800] "POST /blog/wp-login.php HTTP/1.1" 200 7837 "https://wellnessway4u.com/blog/wp-login.php" "Mozilla/5.0 (Windows NT 6.1; WOW64) AppleWebKit/537.36 (KHTML, like Gecko) Chrome/38.0.2125.111 Safari/537.36" "wellnessway4u.com"
185.119.81.100 - - [30/Dec/2022:19:25:59 -0800] "POST /blog/wp-login.php HTTP/1.1" 200 7879 "https://wellnessway4u.com/blog/wp-login.php" "Mozilla/5.0 (Windows NT 6.1; Win64; x64) AppleWebKit/537.36 (KHTML, like Gecko) Chrome/64.0.3282.167 Safari/537.36" "wellnessway4u.com"
185.119.81.100 - - [30/Dec/2022:19:26:00 -0800] "GET /blog/wp-login.php HTTP/1.1" 200 7867 "-" "Mozilla/5.0 (Windows NT 10.0; Win64; x64) AppleWebKit/537.36 (KHTML, like Gecko) Chrome/64.0.3282.167 Safari/537.36" "wellnessway4u.com"
185.119.81.100 - - [30/Dec/2022:19:26:09 -0800] "POST /blog/wp-login.php HTTP/1.1" 200 7883 "https://wellnessway4u.com/blog/wp-login.php" "Mozilla/5.0 (Windows NT 10.0; Win64; x64) AppleWebKit/537.36 (KHTML, like Gecko) Chrome/64.0.3282.167 Safari/537.36" "wellnessway4u.com"
185.119.81.106 - - [30/Dec/2022:19:26:28 -0800] "GET /blog/wp-login.php HTTP/1.1" 200 7866 "-" "Mozilla/5.0 (Windows NT 10.0; Win64; x64) AppleWebKit/537.36 (KHTML, like Gecko) Chrome/79.0.3945.88 Safari/537.36" "wellnessway4u.com"
185.119.81.106 - - [30/Dec/2022:19:26:37 -0800] "POST /blog/wp-login.php HTTP/1.1" 200 7876 "https://wellnessway4u.com/blog/wp-login.php" "Mozilla/5.0 (Windows NT 10.0; Win64; x64) AppleWebKit/537.36 (KHTML, like Gecko) Chrome/79.0.3945.88 Safari/537.36" "wellnessway4u.com"
185.119.81.101 - - [30/Dec/2022:19:26:43 -0800] "GET /blog/wp-login.php HTTP/1.1" 200 7866 "-" "Mozilla/5.0 (Windows NT 10.0; WOW64) AppleWebKit/537.36 (KHTML, like Gecko) Chrome/56.0.2924.87 Safari/537.36" "wellnessway4u.com"
10.213.116.211 - - [30/Dec/2022:19:26:44 -0800] "POST /blog/wp-cron.php?doing_wp_cron=1672457204.5313210487365722656250 HTTP/1.1" 200 - "https://wellnessway4u.com/blog/wp-cron.php?doing_wp_cron=1672457204.5313210487365722656250" "WordPress/6.0.3; https://wellnessway4u.com/blog" "wellnessway4u.com"
185.119.81.101 - - [30/Dec/2022:19:26:52 -0800] "POST /blog/wp-login.php HTTP/1.1" 200 7883 "https://wellnessway4u.com/blog/wp-login.php" "Mozilla/5.0 (Windows NT 10.0; WOW64) AppleWebKit/537.36 (KHTML, like Gecko) Chrome/56.0.2924.87 Safari/537.36" "wellnessway4u.com"
185.119.81.101 - - [30/Dec/2022:19:27:51 -0800] "GET /blog/wp-login.php HTTP/1.1" 500 2164 "-" "Mozilla/5.0 (Windows NT 5.1; Win64; x64) AppleWebKit/537.36 (KHTML, like Gecko) Chrome/60.0.3112.90 Safari/537.36" "wellnessway4u.com"
185.119.81.100 - - [30/Dec/2022:19:28:13 -0800] "GET /blog/wp-login.php HTTP/1.1" 200 7861 "-" "Mozilla/5.0 (Windows NT 6.1; WOW64) AppleWebKit/537.36 (KHTML, like Gecko) Chrome/39.0.2171.95 Safari/537.36" "wellnessway4u.com"
185.119.81.100 - - [30/Dec/2022:19:28:20 -0800] "GET /blog/wp-login.php HTTP/1.1" 200 7863 "-" "Mozilla/5.0 (Windows NT 10.0; Win64; x64) AppleWebKit/537.36 (KHTML, like Gecko) Chrome/85.0.4183.83 Safari/537.36" "wellnessway4u.com"
10.213.116.211 - - [30/Dec/2022:19:28:21 -0800] "POST /blog/wp-cron.php?doing_wp_cron=1672457301.3753430843353271484375 HTTP/1.1" 200 - "https://wellnessway4u.com/blog/wp-cron.php?doing_wp_cron=1672457301.3753430843353271484375" "WordPress/6.0.3; https://wellnessway4u.com/blog" "wellnessway4u.com"
185.119.81.100 - - [30/Dec/2022:19:28:23 -0800] "POST /blog/wp-login.php HTTP/1.1" 200 7880 "https://wellnessway4u.com/blog/wp-login.php" "Mozilla/5.0 (Windows NT 6.1; WOW64) AppleWebKit/537.36 (KHTML, like Gecko) Chrome/39.0.2171.95 Safari/537.36" "wellnessway4u.com"
185.119.81.97 - - [30/Dec/2022:19:28:25 -0800] "GET /blog/wp-login.php HTTP/1.1" 200 7870 "-" "Mozilla/5.0 (Windows NT 6.1; Win64; x64) AppleWebKit/537.36 (KHTML, like Gecko) Chrome/92.0.4515.107 Safari/537.36" "wellnessway4u.com"
185.119.81.97 - - [30/Dec/2022:19:28:34 -0800] "POST /blog/wp-login.php HTTP/1.1" 500 2155 "https://wellnessway4u.com/blog/wp-login.php" "Mozilla/5.0 (Windows NT 6.1; Win64; x64) AppleWebKit/537.36 (KHTML, like Gecko) Chrome/92.0.4515.107 Safari/537.36" "wellnessway4u.com"
185.119.81.100 - - [30/Dec/2022:19:28:30 -0800] "POST /blog/wp-login.php HTTP/1.1" 200 7887 "https://wellnessway4u.com/blog/wp-login.php" "Mozilla/5.0 (Windows NT 10.0; Win64; x64) AppleWebKit/537.36 (KHTML, like Gecko) Chrome/85.0.4183.83 Safari/537.36" "wellnessway4u.com"
185.119.81.100 - - [30/Dec/2022:19:28:34 -0800] "GET /blog/wp-login.php HTTP/1.1" 200 7860 "-" "Mozilla/5.0 (Windows NT 6.1; Win64; x64) AppleWebKit/537.36 (KHTML, like Gecko) Chrome/96.0.4664.45 Safari/537.36" "wellnessway4u.com"
10.213.116.210 - - [30/Dec/2022:19:28:40 -0800] "POST /blog/wp-cron.php?doing_wp_cron=1672457320.8257169723510742187500 HTTP/1.1" 200 - "https://wellnessway4u.com/blog/wp-cron.php?doing_wp_cron=1672457320.8257169723510742187500" "WordPress/6.0.3; https://wellnessway4u.com/blog" "wellnessway4u.com"
185.119.81.100 - - [30/Dec/2022:19:28:42 -0800] "POST /blog/wp-login.php HTTP/1.1" 200 7888 "https://wellnessway4u.com/blog/wp-login.php" "Mozilla/5.0 (Windows NT 6.1; Win64; x64) AppleWebKit/537.36 (KHTML, like Gecko) Chrome/96.0.4664.45 Safari/537.36" "wellnessway4u.com"
185.119.81.100 - - [30/Dec/2022:19:29:36 -0800] "GET /blog/wp-login.php HTTP/1.1" 200 7864 "-" "Mozilla/5.0 (Windows NT 6.1) AppleWebKit/537.36 (KHTML, like Gecko) Chrome/72.0.3626.121 Safari/537.36" "wellnessway4u.com"
10.213.116.211 - - [30/Dec/2022:19:29:44 -0800] "POST /blog/wp-cron.php?doing_wp_cron=1672457384.1914420127868652343750 HTTP/1.1" 200 - "https://wellnessway4u.com/blog/wp-cron.php?doing_wp_cron=1672457384.1914420127868652343750" "WordPress/6.0.3; https://wellnessway4u.com/blog" "wellnessway4u.com"
185.119.81.100 - - [30/Dec/2022:19:29:46 -0800] "POST /blog/wp-login.php HTTP/1.1" 200 7883 "https://wellnessway4u.com/blog/wp-login.php" "Mozilla/5.0 (Windows NT 6.1) AppleWebKit/537.36 (KHTML, like Gecko) Chrome/72.0.3626.121 Safari/537.36" "wellnessway4u.com"
185.119.81.98 - - [30/Dec/2022:19:30:01 -0800] "GET /blog/wp-login.php HTTP/1.1" 200 7870 "-" "Mozilla/5.0 (Windows NT 10.0; Win64; x64) AppleWebKit/537.36 (KHTML, like Gecko) Chrome/87.0.4280.141 Safari/537.36" "wellnessway4u.com"
185.119.81.98 - - [30/Dec/2022:19:30:09 -0800] "POST /blog/wp-login.php HTTP/1.1" 200 7881 "https://wellnessway4u.com/blog/wp-login.php" "Mozilla/5.0 (Windows NT 10.0; Win64; x64) AppleWebKit/537.36 (KHTML, like Gecko) Chrome/87.0.4280.141 Safari/537.36" "wellnessway4u.com"
185.119.81.99 - - [30/Dec/2022:19:30:29 -0800] "GET /blog/wp-login.php HTTP/1.1" 200 7864 "-" "Mozilla/5.0 (Windows NT 6.1; Win64; x64) AppleWebKit/537.36 (KHTML, like Gecko) Chrome/68.0.3440.75 Safari/537.36" "wellnessway4u.com"
185.119.81.99 - - [30/Dec/2022:19:30:37 -0800] "POST /blog/wp-login.php HTTP/1.1" 200 7884 "https://wellnessway4u.com/blog/wp-login.php" "Mozilla/5.0 (Windows NT 6.1; Win64; x64) AppleWebKit/537.36 (KHTML, like Gecko) Chrome/68.0.3440.75 Safari/537.36" "wellnessway4u.com"
10.213.116.210 - - [30/Dec/2022:19:30:46 -0800] "POST /blog/wp-cron.php?doing_wp_cron=1672457446.6604220867156982421875 HTTP/1.1" 200 - "https://wellnessway4u.com/blog/wp-cron.php?doing_wp_cron=1672457446.6604220867156982421875" "WordPress/6.0.3; https://wellnessway4u.com/blog" "wellnessway4u.com"
185.119.81.100 - - [30/Dec/2022:19:31:01 -0800] "GET /blog/wp-login.php HTTP/1.1" 200 7871 "-" "Mozilla/5.0 (Windows NT 6.1; Win64; x64) AppleWebKit/537.36 (KHTML, like Gecko) Chrome/99.0.4844.82 Safari/537.36" "wellnessway4u.com"
185.119.81.100 - - [30/Dec/2022:19:31:11 -0800] "POST /blog/wp-login.php HTTP/1.1" 200 7884 "https://wellnessway4u.com/blog/wp-login.php" "Mozilla/5.0 (Windows NT 6.1; Win64; x64) AppleWebKit/537.36 (KHTML, like Gecko) Chrome/99.0.4844.82 Safari/537.36" "wellnessway4u.com"
185.191.171.34 - - [30/Dec/2022:19:31:54 -0800] "GET /robots.txt HTTP/1.1" 200 60 "-" "Mozilla/5.0 (compatible; SemrushBot/7~bl; +http://www.semrush.com/bot.html)" "wellnessway4u.com"
185.191.171.39 - - [30/Dec/2022:19:31:54 -0800] "GET /wsi_read_more.php?token=MTQ3OA%3D%3D&type=wsi HTTP/1.1" 200 54878 "-" "Mozilla/5.0 (compatible; SemrushBot/7~bl; +http://www.semrush.com/bot.html)" "wellnessway4u.com"
185.119.81.101 - - [30/Dec/2022:19:31:54 -0800] "GET /blog/wp-login.php HTTP/1.1" 200 7868 "-" "Mozilla/5.0 (Windows NT 6.1) AppleWebKit/537.36 (KHTML, like Gecko) Chrome/80.0.3987.149 Safari/537.36" "wellnessway4u.com"
10.213.116.210 - - [30/Dec/2022:19:32:03 -0800] "POST /blog/wp-cron.php?doing_wp_cron=1672457523.5769720077514648437500 HTTP/1.1" 200 - "https://wellnessway4u.com/blog/wp-cron.php?doing_wp_cron=1672457523.5769720077514648437500" "WordPress/6.0.3; https://wellnessway4u.com/blog" "wellnessway4u.com"
185.119.81.101 - - [30/Dec/2022:19:32:05 -0800] "POST /blog/wp-login.php HTTP/1.1" 200 7881 "https://wellnessway4u.com/blog/wp-login.php" "Mozilla/5.0 (Windows NT 6.1) AppleWebKit/537.36 (KHTML, like Gecko) Chrome/80.0.3987.149 Safari/537.36" "wellnessway4u.com"
185.119.81.100 - - [30/Dec/2022:19:33:05 -0800] "GET /blog/wp-login.php HTTP/1.1" 200 7858 "-" "Mozilla/5.0 (Windows NT 10.0; Win64; x64) AppleWebKit/537.36 (KHTML, like Gecko) Chrome/89.0.4389.128 Safari/537.36" "wellnessway4u.com"
10.213.116.209 - - [30/Dec/2022:19:33:13 -0800] "POST /blog/wp-cron.php?doing_wp_cron=1672457593.4384920597076416015625 HTTP/1.1" 200 - "https://wellnessway4u.com/blog/wp-cron.php?doing_wp_cron=1672457593.4384920597076416015625" "WordPress/6.0.3; https://wellnessway4u.com/blog" "wellnessway4u.com"
185.119.81.100 - - [30/Dec/2022:19:33:15 -0800] "POST /blog/wp-login.php HTTP/1.1" 200 7883 "https://wellnessway4u.com/blog/wp-login.php" "Mozilla/5.0 (Windows NT 10.0; Win64; x64) AppleWebKit/537.36 (KHTML, like Gecko) Chrome/89.0.4389.128 Safari/537.36" "wellnessway4u.com"
185.119.81.101 - - [30/Dec/2022:19:33:47 -0800] "GET /blog/wp-login.php HTTP/1.1" 500 2162 "-" "Mozilla/5.0 (Windows NT 4.0; WOW64) AppleWebKit/537.36 (KHTML, like Gecko) Chrome/37.0.2049.0 Safari/537.36" "wellnessway4u.com"
185.119.81.102 - - [30/Dec/2022:19:33:57 -0800] "GET /blog/wp-login.php HTTP/1.1" 500 2161 "-" "Mozilla/5.0 (Windows NT 5.1; Win64; x64) AppleWebKit/537.36 (KHTML, like Gecko) Chrome/57.0.2987.133 Safari/537.36" "wellnessway4u.com"
185.119.81.100 - - [30/Dec/2022:19:35:44 -0800] "GET /blog/wp-login.php HTTP/1.1" 200 7862 "-" "Mozilla/5.0 (Windows NT 10.0; Win64; x64) AppleWebKit/537.36 (KHTML, like Gecko) Chrome/83.0.4103.61 Safari/537.36" "wellnessway4u.com"
35.209.118.235 - - [30/Dec/2022:19:36:02 -0800] "HEAD / HTTP/1.1" 200 - "-" "scalaj-http/2.4.2" "wellnessway4u.com"
10.213.116.211 - - [30/Dec/2022:19:35:55 -0800] "POST /blog/wp-cron.php?doing_wp_cron=1672457755.2197608947753906250000 HTTP/1.1" 200 - "https://wellnessway4u.com/blog/wp-cron.php?doing_wp_cron=1672457755.2197608947753906250000" "WordPress/6.0.3; https://wellnessway4u.com/blog" "wellnessway4u.com"
35.209.118.235 - - [30/Dec/2022:19:36:03 -0800] "GET / HTTP/1.1" 200 153468 "-" "Buck/2.3.2; (+https://app.hypefactors.com/media-monitoring/about.html)" "wellnessway4u.com"
185.119.81.100 - - [30/Dec/2022:19:35:57 -0800] "POST /blog/wp-login.php HTTP/1.1" 200 7885 "https://wellnessway4u.com/blog/wp-login.php" "Mozilla/5.0 (Windows NT 10.0; Win64; x64) AppleWebKit/537.36 (KHTML, like Gecko) Chrome/83.0.4103.61 Safari/537.36" "wellnessway4u.com"
35.209.118.235 - - [30/Dec/2022:19:36:05 -0800] "GET /robots.txt HTTP/1.1" 200 60 "-" "Buck/2.3.2; (+https://app.hypefactors.com/media-monitoring/about.html)" "wellnessway4u.com"
35.209.118.235 - - [30/Dec/2022:19:36:07 -0800] "GET /sitemap.xml HTTP/1.1" 200 188 "-" "Buck/2.3.2; (+https://app.hypefactors.com/media-monitoring/about.html)" "wellnessway4u.com"
35.209.118.235 - - [30/Dec/2022:19:36:35 -0800] "GET /life_naya_andaaz HTTP/1.1" 406 93 "-" "Buck/2.3.2; (+https://app.hypefactors.com/media-monitoring/about.html)" "wellnessway4u.com"
185.119.81.100 - - [30/Dec/2022:19:37:26 -0800] "GET /blog/wp-login.php HTTP/1.1" 200 7861 "-" "Mozilla/5.0 (Windows NT 6.1; WOW64) AppleWebKit/537.36 (KHTML, like Gecko) Chrome/36.0.1985.125 Safari/537.36" "wellnessway4u.com"
185.119.81.102 - - [30/Dec/2022:19:37:25 -0800] "GET /blog/wp-login.php HTTP/1.1" 200 7862 "-" "Mozilla/5.0 (Windows NT 10.0; WOW64) AppleWebKit/537.36 (KHTML, like Gecko) Chrome/74.0.3729.169 Safari/537.36" "wellnessway4u.com"
10.213.116.210 - - [30/Dec/2022:19:37:34 -0800] "POST /blog/wp-cron.php?doing_wp_cron=1672457854.6939458847045898437500 HTTP/1.1" 200 - "https://wellnessway4u.com/blog/wp-cron.php?doing_wp_cron=1672457854.6939458847045898437500" "WordPress/6.0.3; https://wellnessway4u.com/blog" "wellnessway4u.com"
10.213.116.210 - - [30/Dec/2022:19:37:34 -0800] "POST /blog/wp-cron.php?doing_wp_cron=1672457854.6939370632171630859375 HTTP/1.1" 200 - "https://wellnessway4u.com/blog/wp-cron.php?doing_wp_cron=1672457854.6939370632171630859375" "WordPress/6.0.3; https://wellnessway4u.com/blog" "wellnessway4u.com"
185.119.81.102 - - [30/Dec/2022:19:37:36 -0800] "POST /blog/wp-login.php HTTP/1.1" 200 7883 "https://wellnessway4u.com/blog/wp-login.php" "Mozilla/5.0 (Windows NT 10.0; WOW64) AppleWebKit/537.36 (KHTML, like Gecko) Chrome/74.0.3729.169 Safari/537.36" "wellnessway4u.com"
185.119.81.100 - - [30/Dec/2022:19:37:36 -0800] "POST /blog/wp-login.php HTTP/1.1" 200 7880 "https://wellnessway4u.com/blog/wp-login.php" "Mozilla/5.0 (Windows NT 6.1; WOW64) AppleWebKit/537.36 (KHTML, like Gecko) Chrome/36.0.1985.125 Safari/537.36" "wellnessway4u.com"
185.119.81.98 - - [30/Dec/2022:19:37:46 -0800] "GET /blog/wp-login.php HTTP/1.1" 200 7863 "-" "Mozilla/5.0 (Windows NT 6.1) AppleWebKit/537.36 (KHTML, like Gecko) Chrome/31.0.1650.57 Safari/537.36" "wellnessway4u.com"
185.119.81.98 - - [30/Dec/2022:19:37:55 -0800] "POST /blog/wp-login.php HTTP/1.1" 200 7885 "https://wellnessway4u.com/blog/wp-login.php" "Mozilla/5.0 (Windows NT 6.1) AppleWebKit/537.36 (KHTML, like Gecko) Chrome/31.0.1650.57 Safari/537.36" "wellnessway4u.com"
185.119.81.101 - - [30/Dec/2022:19:38:09 -0800] "GET /blog/wp-login.php HTTP/1.1" 500 2158 "-" "Mozilla/5.0 (Windows NT 6.3; Win64; x64) AppleWebKit/537.36 (KHTML, like Gecko) Chrome/80.0.3987.132 Safari/537.36" "wellnessway4u.com"
185.119.81.100 - - [30/Dec/2022:19:38:25 -0800] "GET /blog/wp-login.php HTTP/1.1" 200 7876 "-" "Mozilla/5.0 (Windows NT 6.0; WOW64) AppleWebKit/537.36 (KHTML, like Gecko) Chrome/49.0.2623.112 Safari/537.36" "wellnessway4u.com"
185.119.81.99 - - [30/Dec/2022:19:38:27 -0800] "GET /blog/wp-login.php HTTP/1.1" 200 7867 "-" "Mozilla/5.0 (Windows NT 10.0; WOW64) AppleWebKit/537.36 (KHTML, like Gecko) Chrome/49.0.2623.110 Safari/537.36" "wellnessway4u.com"
185.119.81.100 - - [30/Dec/2022:19:38:35 -0800] "POST /blog/wp-login.php HTTP/1.1" 200 7879 "https://wellnessway4u.com/blog/wp-login.php" "Mozilla/5.0 (Windows NT 6.0; WOW64) AppleWebKit/537.36 (KHTML, like Gecko) Chrome/49.0.2623.112 Safari/537.36" "wellnessway4u.com"
185.119.81.99 - - [30/Dec/2022:19:38:36 -0800] "POST /blog/wp-login.php HTTP/1.1" 200 7880 "https://wellnessway4u.com/blog/wp-login.php" "Mozilla/5.0 (Windows NT 10.0; WOW64) AppleWebKit/537.36 (KHTML, like Gecko) Chrome/49.0.2623.110 Safari/537.36" "wellnessway4u.com"
10.213.116.211 - - [30/Dec/2022:19:38:43 -0800] "POST /blog/wp-cron.php?doing_wp_cron=1672457923.2213699817657470703125 HTTP/1.1" 200 - "https://wellnessway4u.com/blog/wp-cron.php?doing_wp_cron=1672457923.2213699817657470703125" "WordPress/6.0.3; https://wellnessway4u.com/blog" "wellnessway4u.com"
185.119.81.98 - - [30/Dec/2022:19:39:27 -0800] "GET /blog/wp-login.php HTTP/1.1" 200 7867 "-" "Mozilla/5.0 (Windows NT 6.3; Win64; x64) AppleWebKit/537.36 (KHTML, like Gecko) Chrome/63.0.3239.84 Safari/537.36" "wellnessway4u.com"
185.119.81.98 - - [30/Dec/2022:19:39:34 -0800] "POST /blog/wp-login.php HTTP/1.1" 200 7878 "https://wellnessway4u.com/blog/wp-login.php" "Mozilla/5.0 (Windows NT 6.3; Win64; x64) AppleWebKit/537.36 (KHTML, like Gecko) Chrome/63.0.3239.84 Safari/537.36" "wellnessway4u.com"
10.213.116.210 - - [30/Dec/2022:19:39:42 -0800] "POST /blog/wp-cron.php?doing_wp_cron=1672457982.3467259407043457031250 HTTP/1.1" 200 - "https://wellnessway4u.com/blog/wp-cron.php?doing_wp_cron=1672457982.3467259407043457031250" "WordPress/6.0.3; https://wellnessway4u.com/blog" "wellnessway4u.com"
185.119.81.102 - - [30/Dec/2022:19:40:39 -0800] "GET /blog/wp-login.php HTTP/1.1" 200 7866 "-" "Mozilla/5.0 (Windows NT 6.3; Win64; x64) AppleWebKit/537.36 (KHTML, like Gecko) Chrome/73.0.3683.103 Safari/537.36" "wellnessway4u.com"
10.213.116.210 - - [30/Dec/2022:19:40:47 -0800] "POST /blog/wp-cron.php?doing_wp_cron=1672458047.3892810344696044921875 HTTP/1.1" 200 - "https://wellnessway4u.com/blog/wp-cron.php?doing_wp_cron=1672458047.3892810344696044921875" "WordPress/6.0.3; https://wellnessway4u.com/blog" "wellnessway4u.com"
185.119.81.102 - - [30/Dec/2022:19:40:49 -0800] "POST /blog/wp-login.php HTTP/1.1" 200 7883 "https://wellnessway4u.com/blog/wp-login.php" "Mozilla/5.0 (Windows NT 6.3; Win64; x64) AppleWebKit/537.36 (KHTML, like Gecko) Chrome/73.0.3683.103 Safari/537.36" "wellnessway4u.com"
185.119.81.100 - - [30/Dec/2022:19:41:33 -0800] "GET /blog/wp-login.php HTTP/1.1" 200 7860 "-" "Mozilla/5.0 (Windows NT 10.0; Win64; x64) AppleWebKit/537.36 (KHTML, like Gecko) Chrome/89.0.4389.128 Safari/537.36" "wellnessway4u.com"
10.213.116.210 - - [30/Dec/2022:19:41:40 -0800] "POST /blog/wp-cron.php?doing_wp_cron=1672458100.6656730175018310546875 HTTP/1.1" 200 - "https://wellnessway4u.com/blog/wp-cron.php?doing_wp_cron=1672458100.6656730175018310546875" "WordPress/6.0.3; https://wellnessway4u.com/blog" "wellnessway4u.com"
185.119.81.100 - - [30/Dec/2022:19:41:42 -0800] "POST /blog/wp-login.php HTTP/1.1" 200 7893 "https://wellnessway4u.com/blog/wp-login.php" "Mozilla/5.0 (Windows NT 10.0; Win64; x64) AppleWebKit/537.36 (KHTML, like Gecko) Chrome/89.0.4389.128 Safari/537.36" "wellnessway4u.com"
185.119.81.98 - - [30/Dec/2022:19:41:58 -0800] "GET /blog/wp-login.php HTTP/1.1" 200 7867 "-" "Mozilla/5.0 (Windows NT 6.1; Win64; x64) AppleWebKit/537.36 (KHTML, like Gecko) Chrome/55.0.2883.87 Safari/537.36" "wellnessway4u.com"
185.119.81.98 - - [30/Dec/2022:19:42:07 -0800] "POST /blog/wp-login.php HTTP/1.1" 200 7888 "https://wellnessway4u.com/blog/wp-login.php" "Mozilla/5.0 (Windows NT 6.1; Win64; x64) AppleWebKit/537.36 (KHTML, like Gecko) Chrome/55.0.2883.87 Safari/537.36" "wellnessway4u.com"
185.119.81.102 - - [30/Dec/2022:19:44:48 -0800] "GET /blog/wp-login.php HTTP/1.1" 200 7861 "-" "Mozilla/5.0 (Windows NT 10.0; Win64; x64) AppleWebKit/537.36 (KHTML, like Gecko) Chrome/64.0.3282.167 Safari/537.36" "wellnessway4u.com"
10.213.116.210 - - [30/Dec/2022:19:44:58 -0800] "POST /blog/wp-cron.php?doing_wp_cron=1672458298.7729270458221435546875 HTTP/1.1" 200 - "https://wellnessway4u.com/blog/wp-cron.php?doing_wp_cron=1672458298.7729270458221435546875" "WordPress/6.0.3; https://wellnessway4u.com/blog" "wellnessway4u.com"
185.119.81.102 - - [30/Dec/2022:19:45:00 -0800] "POST /blog/wp-login.php HTTP/1.1" 200 7886 "https://wellnessway4u.com/blog/wp-login.php" "Mozilla/5.0 (Windows NT 10.0; Win64; x64) AppleWebKit/537.36 (KHTML, like Gecko) Chrome/64.0.3282.167 Safari/537.36" "wellnessway4u.com"
185.119.81.100 - - [30/Dec/2022:19:46:45 -0800] "GET /blog/wp-login.php HTTP/1.1" 200 7653 "-" "Mozilla/5.0 (Windows NT 6.1; Win64; x64) AppleWebKit/537.36 (KHTML, like Gecko) Chrome/70.0.3538.77 Safari/537.36" "wellnessway4u.com"
10.213.116.211 - - [30/Dec/2022:19:46:53 -0800] "POST /blog/wp-cron.php?doing_wp_cron=1672458413.5114090442657470703125 HTTP/1.1" 200 - "https://wellnessway4u.com/blog/wp-cron.php?doing_wp_cron=1672458413.5114090442657470703125" "WordPress/6.0.3; https://wellnessway4u.com/blog" "wellnessway4u.com"
185.119.81.100 - - [30/Dec/2022:19:46:55 -0800] "POST /blog/wp-login.php HTTP/1.1" 200 7832 "https://wellnessway4u.com/blog/wp-login.php" "Mozilla/5.0 (Windows NT 6.1; Win64; x64) AppleWebKit/537.36 (KHTML, like Gecko) Chrome/70.0.3538.77 Safari/537.36" "wellnessway4u.com"
185.119.81.98 - - [30/Dec/2022:19:47:40 -0800] "GET /blog/wp-login.php HTTP/1.1" 500 2157 "-" "Mozilla/5.0 (Windows NT 6.1; WOW64) AppleWebKit/537.36 (KHTML, like Gecko) Chrome/40.0.2214.111 Safari/537.36" "wellnessway4u.com"
185.119.81.99 - - [30/Dec/2022:19:47:35 -0800] "GET /blog/wp-login.php HTTP/1.1" 200 7659 "-" "Mozilla/5.0 (Windows NT 10.0; WOW64) AppleWebKit/537.36 (KHTML, like Gecko) Chrome/95.0.4638.69 Safari/537.36" "wellnessway4u.com"
10.213.116.211 - - [30/Dec/2022:19:47:43 -0800] "POST /blog/wp-cron.php?doing_wp_cron=1672458463.6379849910736083984375 HTTP/1.1" 200 - "https://wellnessway4u.com/blog/wp-cron.php?doing_wp_cron=1672458463.6379849910736083984375" "WordPress/6.0.3; https://wellnessway4u.com/blog" "wellnessway4u.com"
185.119.81.99 - - [30/Dec/2022:19:47:45 -0800] "POST /blog/wp-login.php HTTP/1.1" 200 7839 "https://wellnessway4u.com/blog/wp-login.php" "Mozilla/5.0 (Windows NT 10.0; WOW64) AppleWebKit/537.36 (KHTML, like Gecko) Chrome/95.0.4638.69 Safari/537.36" "wellnessway4u.com"
185.119.81.101 - - [30/Dec/2022:19:49:05 -0800] "GET /blog/wp-login.php HTTP/1.1" 500 2164 "-" "Mozilla/5.0 (Windows NT 6.1; Win64; x64) AppleWebKit/537.36 (KHTML, like Gecko) Chrome/59.0.3071.115 Safari/537.36" "wellnessway4u.com"
185.119.81.101 - - [30/Dec/2022:19:49:16 -0800] "GET /blog/wp-login.php HTTP/1.1" 500 2160 "-" "Mozilla/5.0 (Windows NT 10.0; Win64; x64) AppleWebKit/537.36 (KHTML, like Gecko) Chrome/86.0.4240.198 Safari/E7FBAF" "wellnessway4u.com"
185.119.81.98 - - [30/Dec/2022:19:49:29 -0800] "GET /blog/wp-login.php HTTP/1.1" 200 7649 "-" "Mozilla/5.0 (Windows NT 10.0; Win64; x64) AppleWebKit/537.36 (KHTML, like Gecko) Chrome/99.0.4844.51 Safari/537.36" "wellnessway4u.com"
10.213.116.209 - - [30/Dec/2022:19:49:38 -0800] "POST /blog/wp-cron.php?doing_wp_cron=1672458578.1800699234008789062500 HTTP/1.1" 200 - "https://wellnessway4u.com/blog/wp-cron.php?doing_wp_cron=1672458578.1800699234008789062500" "WordPress/6.0.3; https://wellnessway4u.com/blog" "wellnessway4u.com"
185.119.81.98 - - [30/Dec/2022:19:49:40 -0800] "POST /blog/wp-login.php HTTP/1.1" 200 7835 "https://wellnessway4u.com/blog/wp-login.php" "Mozilla/5.0 (Windows NT 10.0; Win64; x64) AppleWebKit/537.36 (KHTML, like Gecko) Chrome/99.0.4844.51 Safari/537.36" "wellnessway4u.com"
185.119.81.101 - - [30/Dec/2022:19:50:07 -0800] "GET /blog/wp-login.php HTTP/1.1" 500 2160 "-" "Mozilla/5.0 (Windows NT 6.1; Win64; x64) AppleWebKit/537.36 (KHTML, like Gecko) Chrome/62.0.3202.94 Safari/537.36" "wellnessway4u.com"
185.119.81.101 - - [30/Dec/2022:19:50:09 -0800] "GET /blog/wp-login.php HTTP/1.1" 500 2163 "-" "Mozilla/5.0 (Windows NT 6.1; Win64; x64) AppleWebKit/537.36 (KHTML, like Gecko) Chrome/57.0.2987.133 Safari/537.36" "wellnessway4u.com"
185.119.81.101 - - [30/Dec/2022:19:50:19 -0800] "GET /blog/wp-login.php HTTP/1.1" 200 7654 "-" "Mozilla/5.0 (Windows NT 10.0; Win64; x64) AppleWebKit/537.36 (KHTML, like Gecko) Chrome/80.0.3987.122 Safari/537.36" "wellnessway4u.com"
185.119.81.101 - - [30/Dec/2022:19:50:27 -0800] "POST /blog/wp-login.php HTTP/1.1" 500 2165 "https://wellnessway4u.com/blog/wp-login.php" "Mozilla/5.0 (Windows NT 10.0; Win64; x64) AppleWebKit/537.36 (KHTML, like Gecko) Chrome/80.0.3987.122 Safari/537.36" "wellnessway4u.com"
185.119.81.102 - - [30/Dec/2022:19:51:35 -0800] "GET /blog/wp-login.php HTTP/1.1" 200 7654 "-" "Mozilla/5.0 (Windows NT 6.1) AppleWebKit/537.36 (KHTML, like Gecko) Chrome/59.0.3071.115 Safari/537.36" "wellnessway4u.com"
10.213.116.210 - - [30/Dec/2022:19:51:45 -0800] "POST /blog/wp-cron.php?doing_wp_cron=1672458705.2079288959503173828125 HTTP/1.1" 200 - "https://wellnessway4u.com/blog/wp-cron.php?doing_wp_cron=1672458705.2079288959503173828125" "WordPress/6.0.3; https://wellnessway4u.com/blog" "wellnessway4u.com"
185.119.81.102 - - [30/Dec/2022:19:51:47 -0800] "POST /blog/wp-login.php HTTP/1.1" 200 7833 "https://wellnessway4u.com/blog/wp-login.php" "Mozilla/5.0 (Windows NT 6.1) AppleWebKit/537.36 (KHTML, like Gecko) Chrome/59.0.3071.115 Safari/537.36" "wellnessway4u.com"
185.119.81.101 - - [30/Dec/2022:19:51:57 -0800] "GET /blog/wp-login.php HTTP/1.1" 500 2162 "-" "Mozilla/5.0 (Windows NT 6.1) AppleWebKit/537.36 (KHTML, like Gecko) Chrome/56.0.2924.87 Safari/537.36" "wellnessway4u.com"
185.119.81.106 - - [30/Dec/2022:19:51:53 -0800] "GET /blog/wp-login.php HTTP/1.1" 200 7660 "-" "Mozilla/5.0 (Windows NT 6.2; Win64; x64) AppleWebKit/537.36 (KHTML, like Gecko) Chrome/57.0.2987.133 Safari/537.36" "wellnessway4u.com"
185.119.81.106 - - [30/Dec/2022:19:52:00 -0800] "POST /blog/wp-login.php HTTP/1.1" 200 7838 "https://wellnessway4u.com/blog/wp-login.php" "Mozilla/5.0 (Windows NT 6.2; Win64; x64) AppleWebKit/537.36 (KHTML, like Gecko) Chrome/57.0.2987.133 Safari/537.36" "wellnessway4u.com"
185.119.81.97 - - [30/Dec/2022:19:52:17 -0800] "GET /blog/wp-login.php HTTP/1.1" 200 7652 "-" "Mozilla/5.0 (Windows NT 6.1; Win64; x64) AppleWebKit/537.36 (KHTML, like Gecko) Chrome/83.0.4103.97 Safari/537.36" "wellnessway4u.com"
185.119.81.102 - - [30/Dec/2022:19:52:18 -0800] "GET /blog/wp-login.php HTTP/1.1" 200 7656 "-" "Mozilla/5.0 (Windows NT 10.0; WOW64) AppleWebKit/537.36 (KHTML, like Gecko) Chrome/45.0.2454.101 Safari/537.36" "wellnessway4u.com"
185.119.81.102 - - [30/Dec/2022:19:52:23 -0800] "GET /blog/wp-login.php HTTP/1.1" 200 7657 "-" "Mozilla/5.0 (Windows NT 10.0; Win64; x64) AppleWebKit/537.36 (KHTML, like Gecko) Chrome/48.0.2564.109 Safari/537.36" "wellnessway4u.com"
185.119.81.97 - - [30/Dec/2022:19:52:25 -0800] "POST /blog/wp-login.php HTTP/1.1" 200 7832 "https://wellnessway4u.com/blog/wp-login.php" "Mozilla/5.0 (Windows NT 6.1; Win64; x64) AppleWebKit/537.36 (KHTML, like Gecko) Chrome/83.0.4103.97 Safari/537.36" "wellnessway4u.com"
185.119.81.102 - - [30/Dec/2022:19:52:28 -0800] "POST /blog/wp-login.php HTTP/1.1" 200 7885 "https://wellnessway4u.com/blog/wp-login.php" "Mozilla/5.0 (Windows NT 10.0; WOW64) AppleWebKit/537.36 (KHTML, like Gecko) Chrome/45.0.2454.101 Safari/537.36" "wellnessway4u.com"
185.119.81.102 - - [30/Dec/2022:19:52:31 -0800] "POST /blog/wp-login.php HTTP/1.1" 200 7886 "https://wellnessway4u.com/blog/wp-login.php" "Mozilla/5.0 (Windows NT 10.0; Win64; x64) AppleWebKit/537.36 (KHTML, like Gecko) Chrome/48.0.2564.109 Safari/537.36" "wellnessway4u.com"
185.119.81.102 - - [30/Dec/2022:19:52:47 -0800] "GET /blog/wp-login.php HTTP/1.1" 200 7866 "-" "Mozilla/5.0 (Windows NT 10.0; Win64; x64) AppleWebKit/537.36 (KHTML, like Gecko) Chrome/89.0.4389.72 Safari/537.36" "wellnessway4u.com"
10.213.116.210 - - [30/Dec/2022:19:52:55 -0800] "POST /blog/wp-cron.php?doing_wp_cron=1672458775.4966120719909667968750 HTTP/1.1" 200 - "https://wellnessway4u.com/blog/wp-cron.php?doing_wp_cron=1672458775.4966120719909667968750" "WordPress/6.0.3; https://wellnessway4u.com/blog" "wellnessway4u.com"
185.119.81.102 - - [30/Dec/2022:19:52:57 -0800] "POST /blog/wp-login.php HTTP/1.1" 200 7886 "https://wellnessway4u.com/blog/wp-login.php" "Mozilla/5.0 (Windows NT 10.0; Win64; x64) AppleWebKit/537.36 (KHTML, like Gecko) Chrome/89.0.4389.72 Safari/537.36" "wellnessway4u.com"
185.119.81.98 - - [30/Dec/2022:19:53:18 -0800] "GET /blog/wp-login.php HTTP/1.1" 200 7865 "-" "Mozilla/5.0 (Windows NT 6.3; Win64; x64) AppleWebKit/537.36 (KHTML, like Gecko) Chrome/64.0.3282.186 Safari/537.36" "wellnessway4u.com"
185.119.81.102 - - [30/Dec/2022:19:53:19 -0800] "GET /blog/wp-login.php HTTP/1.1" 200 7865 "-" "Mozilla/5.0 (Windows NT 6.3; Win64; x64) AppleWebKit/537.36 (KHTML, like Gecko) Chrome/70.0.3538.67 Safari/537.36" "wellnessway4u.com"
185.119.81.98 - - [30/Dec/2022:19:53:26 -0800] "POST /blog/wp-login.php HTTP/1.1" 200 7889 "https://wellnessway4u.com/blog/wp-login.php" "Mozilla/5.0 (Windows NT 6.3; Win64; x64) AppleWebKit/537.36 (KHTML, like Gecko) Chrome/64.0.3282.186 Safari/537.36" "wellnessway4u.com"
185.119.81.102 - - [30/Dec/2022:19:53:27 -0800] "POST /blog/wp-login.php HTTP/1.1" 200 7881 "https://wellnessway4u.com/blog/wp-login.php" "Mozilla/5.0 (Windows NT 6.3; Win64; x64) AppleWebKit/537.36 (KHTML, like Gecko) Chrome/70.0.3538.67 Safari/537.36" "wellnessway4u.com"
194.110.203.46 - - [30/Dec/2022:19:54:15 -0800] "GET /database/db.php.bck HTTP/1.1" 404 73 "-" "Firefox" "wellnessway4u.com"
185.191.171.20 - - [30/Dec/2022:19:55:36 -0800] "GET /wsi_read_more.php?token=MTU0NA%3D%3D&type=wsi HTTP/1.1" 200 54057 "-" "Mozilla/5.0 (compatible; SemrushBot/7~bl; +http://www.semrush.com/bot.html)" "www.wellnessway4u.com"
185.119.81.100 - - [30/Dec/2022:19:55:46 -0800] "GET /blog/wp-login.php HTTP/1.1" 200 7860 "-" "Mozilla/5.0 (Windows NT 6.1) AppleWebKit/537.36 (KHTML, like Gecko) Chrome/70.0.3538.67 Safari/537.36" "wellnessway4u.com"
10.213.116.209 - - [30/Dec/2022:19:55:55 -0800] "POST /blog/wp-cron.php?doing_wp_cron=1672458955.8372290134429931640625 HTTP/1.1" 200 - "https://wellnessway4u.com/blog/wp-cron.php?doing_wp_cron=1672458955.8372290134429931640625" "WordPress/6.0.3; https://wellnessway4u.com/blog" "wellnessway4u.com"
185.119.81.100 - - [30/Dec/2022:19:55:57 -0800] "POST /blog/wp-login.php HTTP/1.1" 200 7888 "https://wellnessway4u.com/blog/wp-login.php" "Mozilla/5.0 (Windows NT 6.1) AppleWebKit/537.36 (KHTML, like Gecko) Chrome/70.0.3538.67 Safari/537.36" "wellnessway4u.com"
185.119.81.100 - - [30/Dec/2022:19:56:13 -0800] "GET /blog/wp-login.php HTTP/1.1" 200 7865 "-" "Mozilla/5.0 (Windows NT 10.0; WOW64) AppleWebKit/537.36 (KHTML, like Gecko) Chrome/86.0.4240.198 Safari/537.36" "wellnessway4u.com"
185.119.81.100 - - [30/Dec/2022:19:56:22 -0800] "POST /blog/wp-login.php HTTP/1.1" 200 7888 "https://wellnessway4u.com/blog/wp-login.php" "Mozilla/5.0 (Windows NT 10.0; WOW64) AppleWebKit/537.36 (KHTML, like Gecko) Chrome/86.0.4240.198 Safari/537.36" "wellnessway4u.com"
185.119.81.101 - - [30/Dec/2022:19:56:56 -0800] "GET /blog/wp-login.php HTTP/1.1" 200 7864 "-" "Mozilla/5.0 (Windows NT 10.0; Win64; x64) AppleWebKit/537.36 (KHTML, like Gecko) Chrome/81.0.4044.129 Safari/537.36" "wellnessway4u.com"
185.119.81.101 - - [30/Dec/2022:19:57:06 -0800] "POST /blog/wp-login.php HTTP/1.1" 500 2163 "https://wellnessway4u.com/blog/wp-login.php" "Mozilla/5.0 (Windows NT 10.0; Win64; x64) AppleWebKit/537.36 (KHTML, like Gecko) Chrome/81.0.4044.129 Safari/537.36" "wellnessway4u.com"
10.213.116.209 - - [30/Dec/2022:19:57:04 -0800] "POST /blog/wp-cron.php?doing_wp_cron=1672459024.4263770580291748046875 HTTP/1.1" 200 - "https://wellnessway4u.com/blog/wp-cron.php?doing_wp_cron=1672459024.4263770580291748046875" "WordPress/6.0.3; https://wellnessway4u.com/blog" "wellnessway4u.com"
185.119.81.101 - - [30/Dec/2022:19:57:20 -0800] "GET /blog/wp-login.php HTTP/1.1" 500 2164 "-" "Mozilla/5.0 (Windows NT 10.0; Win64; x64) AppleWebKit/537.36 (KHTML, like Gecko) Chrome/66.0.3359.117 Safari/537.36" "wellnessway4u.com"
185.119.81.101 - - [30/Dec/2022:19:58:35 -0800] "GET /blog/wp-login.php HTTP/1.1" 200 7861 "-" "Mozilla/5.0 (Windows NT 10.0; Win64; x64) AppleWebKit/537.36 (KHTML, like Gecko) Chrome/90.0.4430.93 Safari/537.36" "wellnessway4u.com"
10.213.116.209 - - [30/Dec/2022:19:58:44 -0800] "POST /blog/wp-cron.php?doing_wp_cron=1672459124.0160450935363769531250 HTTP/1.1" 200 - "https://wellnessway4u.com/blog/wp-cron.php?doing_wp_cron=1672459124.0160450935363769531250" "WordPress/6.0.3; https://wellnessway4u.com/blog" "wellnessway4u.com"
185.119.81.101 - - [30/Dec/2022:19:58:46 -0800] "POST /blog/wp-login.php HTTP/1.1" 200 7888 "https://wellnessway4u.com/blog/wp-login.php" "Mozilla/5.0 (Windows NT 10.0; Win64; x64) AppleWebKit/537.36 (KHTML, like Gecko) Chrome/90.0.4430.93 Safari/537.36" "wellnessway4u.com"
185.119.81.100 - - [30/Dec/2022:19:58:48 -0800] "GET /blog/wp-login.php HTTP/1.1" 200 7867 "-" "Mozilla/5.0 (Windows NT 10.0; Win64; x64) AppleWebKit/537.36 (KHTML, like Gecko) Chrome/66.0.3359.117 Safari/537.36" "wellnessway4u.com"
185.119.81.100 - - [30/Dec/2022:19:58:50 -0800] "GET /blog/wp-login.php HTTP/1.1" 200 7863 "-" "Mozilla/5.0 (Windows NT 6.1; Win64; x64) AppleWebKit/537.36 (KHTML, like Gecko) Chrome/78.0.3904.97 Safari/537.36" "wellnessway4u.com"
185.119.81.100 - - [30/Dec/2022:19:58:58 -0800] "POST /blog/wp-login.php HTTP/1.1" 500 2157 "https://wellnessway4u.com/blog/wp-login.php" "Mozilla/5.0 (Windows NT 10.0; Win64; x64) AppleWebKit/537.36 (KHTML, like Gecko) Chrome/66.0.3359.117 Safari/537.36" "wellnessway4u.com"
185.119.81.100 - - [30/Dec/2022:19:58:58 -0800] "POST /blog/wp-login.php HTTP/1.1" 500 2157 "https://wellnessway4u.com/blog/wp-login.php" "Mozilla/5.0 (Windows NT 6.1; Win64; x64) AppleWebKit/537.36 (KHTML, like Gecko) Chrome/78.0.3904.97 Safari/537.36" "wellnessway4u.com"
185.119.81.100 - - [30/Dec/2022:20:00:48 -0800] "GET /blog/wp-login.php HTTP/1.1" 200 7864 "-" "Mozilla/5.0 (Windows NT 10.0; Win64; x64) AppleWebKit/537.36 (KHTML, like Gecko) Chrome/86.0.4240.75 Safari/537.36" "wellnessway4u.com"
185.119.81.98 - - [30/Dec/2022:20:00:51 -0800] "GET /blog/wp-login.php HTTP/1.1" 200 7863 "-" "Mozilla/5.0 (Windows NT 6.1; Win64; x64) AppleWebKit/537.36 (KHTML, like Gecko) Chrome/58.0.3029.96 Safari/537.36" "wellnessway4u.com"
185.119.81.98 - - [30/Dec/2022:20:01:01 -0800] "POST /blog/wp-login.php HTTP/1.1" 500 2157 "https://wellnessway4u.com/blog/wp-login.php" "Mozilla/5.0 (Windows NT 6.1; Win64; x64) AppleWebKit/537.36 (KHTML, like Gecko) Chrome/58.0.3029.96 Safari/537.36" "wellnessway4u.com"
10.213.116.209 - - [30/Dec/2022:20:00:57 -0800] "POST /blog/wp-cron.php?doing_wp_cron=1672459257.3142769336700439453125 HTTP/1.1" 200 - "https://wellnessway4u.com/blog/wp-cron.php?doing_wp_cron=1672459257.3142769336700439453125" "WordPress/6.0.3; https://wellnessway4u.com/blog" "wellnessway4u.com"
185.119.81.100 - - [30/Dec/2022:20:00:59 -0800] "POST /blog/wp-login.php HTTP/1.1" 200 7886 "https://wellnessway4u.com/blog/wp-login.php" "Mozilla/5.0 (Windows NT 10.0; Win64; x64) AppleWebKit/537.36 (KHTML, like Gecko) Chrome/86.0.4240.75 Safari/537.36" "wellnessway4u.com"
102.130.113.9 - - [30/Dec/2022:20:02:01 -0800] "GET /pages.php HTTP/1.1" 302 - "https://wellnessway4u.com/pages.php" "Mozilla/5.0 (Windows NT 6.3; Win64; x64) AppleWebKit/537.36 (KHTML, like Gecko) Chrome/90.0.4430.85 Safari/537.36" "wellnessway4u.com"
102.130.113.9 - - [30/Dec/2022:20:02:17 -0800] "GET / HTTP/1.1" 200 153468 "https://wellnessway4u.com/" "Mozilla/5.0 (Windows NT 6.3; Win64; x64) AppleWebKit/537.36 (KHTML, like Gecko) Chrome/90.0.4430.85 Safari/537.36" "wellnessway4u.com"
102.130.113.9 - - [30/Dec/2022:20:02:23 -0800] "POST / HTTP/1.1" 200 153468 "https://wellnessway4u.com/" "Mozilla/5.0 (Windows NT 6.3; Win64; x64) AppleWebKit/537.36 (KHTML, like Gecko) Chrome/90.0.4430.85 Safari/537.36" "wellnessway4u.com"
102.130.113.9 - - [30/Dec/2022:20:02:28 -0800] "GET / HTTP/1.1" 200 153468 "https://wellnessway4u.com/" "Mozilla/5.0 (Windows NT 6.3; Win64; x64) AppleWebKit/537.36 (KHTML, like Gecko) Chrome/90.0.4430.85 Safari/537.36" "wellnessway4u.com"
102.130.113.9 - - [30/Dec/2022:20:02:32 -0800] "GET /user_dashboard.php HTTP/1.1" 200 28624 "https://wellnessway4u.com/user_dashboard.php" "Mozilla/5.0 (Windows NT 6.3; Win64; x64) AppleWebKit/537.36 (KHTML, like Gecko) Chrome/90.0.4430.85 Safari/537.36" "wellnessway4u.com"
185.119.81.99 - - [30/Dec/2022:20:02:27 -0800] "GET /blog/wp-login.php HTTP/1.1" 200 7866 "-" "Mozilla/5.0 (Windows NT 6.1; Win64; x64) AppleWebKit/537.36 (KHTML, like Gecko) Chrome/79.0.3945.130 Safari/537.36" "wellnessway4u.com"
185.119.81.100 - - [30/Dec/2022:20:02:33 -0800] "GET /blog/wp-login.php HTTP/1.1" 200 7866 "-" "Mozilla/5.0 (Windows NT 6.3; Win64; x64) AppleWebKit/537.36 (KHTML, like Gecko) Chrome/97.0.4692.99 Safari/537.36" "wellnessway4u.com"
185.119.81.100 - - [30/Dec/2022:20:02:42 -0800] "POST /blog/wp-login.php HTTP/1.1" 500 2158 "https://wellnessway4u.com/blog/wp-login.php" "Mozilla/5.0 (Windows NT 6.3; Win64; x64) AppleWebKit/537.36 (KHTML, like Gecko) Chrome/97.0.4692.99 Safari/537.36" "wellnessway4u.com"
10.213.116.210 - - [30/Dec/2022:20:02:36 -0800] "POST /blog/wp-cron.php?doing_wp_cron=1672459355.9945600032806396484375 HTTP/1.1" 200 - "https://wellnessway4u.com/blog/wp-cron.php?doing_wp_cron=1672459355.9945600032806396484375" "WordPress/6.0.3; https://wellnessway4u.com/blog" "wellnessway4u.com"
185.119.81.99 - - [30/Dec/2022:20:02:37 -0800] "POST /blog/wp-login.php HTTP/1.1" 200 7881 "https://wellnessway4u.com/blog/wp-login.php" "Mozilla/5.0 (Windows NT 6.1; Win64; x64) AppleWebKit/537.36 (KHTML, like Gecko) Chrome/79.0.3945.130 Safari/537.36" "wellnessway4u.com"
185.119.81.101 - - [30/Dec/2022:20:03:32 -0800] "GET /blog/wp-login.php HTTP/1.1" 200 7866 "-" "Mozilla/5.0 (Windows NT 6.1; WOW64) AppleWebKit/537.36 (KHTML, like Gecko) Chrome/69.0.3497.100 Safari/537.36" "wellnessway4u.com"
185.119.81.101 - - [30/Dec/2022:20:03:42 -0800] "POST /blog/wp-login.php HTTP/1.1" 500 2162 "https://wellnessway4u.com/blog/wp-login.php" "Mozilla/5.0 (Windows NT 6.1; WOW64) AppleWebKit/537.36 (KHTML, like Gecko) Chrome/69.0.3497.100 Safari/537.36" "wellnessway4u.com"
10.213.116.211 - - [30/Dec/2022:20:03:40 -0800] "POST /blog/wp-cron.php?doing_wp_cron=1672459420.7186501026153564453125 HTTP/1.1" 200 - "https://wellnessway4u.com/blog/wp-cron.php?doing_wp_cron=1672459420.7186501026153564453125" "WordPress/6.0.3; https://wellnessway4u.com/blog" "wellnessway4u.com"
185.119.81.102 - - [30/Dec/2022:20:04:42 -0800] "GET /blog/wp-login.php HTTP/1.1" 200 7859 "-" "Mozilla/5.0 (Windows NT 6.2; WOW64) AppleWebKit/537.36 (KHTML, like Gecko) Chrome/70.0.3538.102 Safari/537.36" "wellnessway4u.com"
185.119.81.98 - - [30/Dec/2022:20:04:45 -0800] "GET /blog/wp-login.php HTTP/1.1" 200 7867 "-" "Mozilla/5.0 (Windows NT 6.1; Win64; x64) AppleWebKit/537.36 (KHTML, like Gecko) Chrome/68.0.3440.84 Safari/537.36" "wellnessway4u.com"
185.119.81.98 - - [30/Dec/2022:20:04:54 -0800] "POST /blog/wp-login.php HTTP/1.1" 500 2152 "https://wellnessway4u.com/blog/wp-login.php" "Mozilla/5.0 (Windows NT 6.1; Win64; x64) AppleWebKit/537.36 (KHTML, like Gecko) Chrome/68.0.3440.84 Safari/537.36" "wellnessway4u.com"
10.213.116.211 - - [30/Dec/2022:20:04:52 -0800] "POST /blog/wp-cron.php?doing_wp_cron=1672459491.9865939617156982421875 HTTP/1.1" 200 - "https://wellnessway4u.com/blog/wp-cron.php?doing_wp_cron=1672459491.9865939617156982421875" "WordPress/6.0.3; https://wellnessway4u.com/blog" "wellnessway4u.com"
185.119.81.102 - - [30/Dec/2022:20:04:53 -0800] "POST /blog/wp-login.php HTTP/1.1" 200 7880 "https://wellnessway4u.com/blog/wp-login.php" "Mozilla/5.0 (Windows NT 6.2; WOW64) AppleWebKit/537.36 (KHTML, like Gecko) Chrome/70.0.3538.102 Safari/537.36" "wellnessway4u.com"
185.119.81.100 - - [30/Dec/2022:20:06:32 -0800] "GET /blog/wp-login.php HTTP/1.1" 200 7867 "-" "Mozilla/5.0 (Windows NT 10.0; Win64; x64) AppleWebKit/537.36 (KHTML, like Gecko) Chrome/96.0.4664.93 Safari/537.36" "wellnessway4u.com"
10.213.116.209 - - [30/Dec/2022:20:06:42 -0800] "POST /blog/wp-cron.php?doing_wp_cron=1672459602.5440049171447753906250 HTTP/1.1" 200 - "https://wellnessway4u.com/blog/wp-cron.php?doing_wp_cron=1672459602.5440049171447753906250" "WordPress/6.0.3; https://wellnessway4u.com/blog" "wellnessway4u.com"
185.119.81.100 - - [30/Dec/2022:20:06:44 -0800] "POST /blog/wp-login.php HTTP/1.1" 200 7882 "https://wellnessway4u.com/blog/wp-login.php" "Mozilla/5.0 (Windows NT 10.0; Win64; x64) AppleWebKit/537.36 (KHTML, like Gecko) Chrome/96.0.4664.93 Safari/537.36" "wellnessway4u.com"
185.119.81.100 - - [30/Dec/2022:20:06:49 -0800] "GET /blog/wp-login.php HTTP/1.1" 200 7866 "-" "Mozilla/5.0 (Windows NT 10.0; Win64; x64) AppleWebKit/537.36 (KHTML, like Gecko) Chrome/88.0.4324.190 Safari/537.36" "wellnessway4u.com"
185.119.81.100 - - [30/Dec/2022:20:06:57 -0800] "POST /blog/wp-login.php HTTP/1.1" 200 7883 "https://wellnessway4u.com/blog/wp-login.php" "Mozilla/5.0 (Windows NT 10.0; Win64; x64) AppleWebKit/537.36 (KHTML, like Gecko) Chrome/88.0.4324.190 Safari/537.36" "wellnessway4u.com"
185.119.81.101 - - [30/Dec/2022:20:07:21 -0800] "GET /blog/wp-login.php HTTP/1.1" 500 2160 "-" "Mozilla/5.0 (Windows NT 10.0; Win64; x64) AppleWebKit/537.36 (KHTML, like Gecko) Chrome/96.0.4664.45 Safari/537.36" "wellnessway4u.com"
185.119.81.101 - - [30/Dec/2022:20:11:04 -0800] "GET /blog/wp-login.php HTTP/1.1" 500 2161 "-" "Mozilla/5.0 (Windows NT 10.0; Win64; x64) AppleWebKit/537.36 (KHTML, like Gecko) Chrome/93.0.4577.63 Safari/537.36" "wellnessway4u.com"
185.119.81.100 - - [30/Dec/2022:20:11:12 -0800] "GET /blog/wp-login.php HTTP/1.1" 500 2164 "-" "Mozilla/5.0 (Windows NT 6.3; WOW64) AppleWebKit/537.36 (KHTML, like Gecko) Chrome/47.0.2526.111 Safari/537.36" "wellnessway4u.com"
185.119.81.102 - - [30/Dec/2022:20:12:06 -0800] "GET /blog/wp-login.php HTTP/1.1" 200 7860 "-" "Mozilla/5.0 (Windows NT 10.0; WOW64) AppleWebKit/537.36 (KHTML, like Gecko) Chrome/94.0.4606.81 Safari/537.36" "wellnessway4u.com"
185.119.81.100 - - [30/Dec/2022:20:12:11 -0800] "GET /blog/wp-login.php HTTP/1.1" 200 7866 "-" "Mozilla/5.0 (Windows NT 10.0; WOW64) AppleWebKit/537.36 (KHTML, like Gecko) Chrome/98.0.4758.102 Safari/537.36" "wellnessway4u.com"
185.119.81.102 - - [30/Dec/2022:20:12:19 -0800] "POST /blog/wp-login.php HTTP/1.1" 200 7883 "https://wellnessway4u.com/blog/wp-login.php" "Mozilla/5.0 (Windows NT 10.0; WOW64) AppleWebKit/537.36 (KHTML, like Gecko) Chrome/94.0.4606.81 Safari/537.36" "wellnessway4u.com"
10.213.116.211 - - [30/Dec/2022:20:12:18 -0800] "POST /blog/wp-cron.php?doing_wp_cron=1672459937.9423630237579345703125 HTTP/1.1" 200 - "https://wellnessway4u.com/blog/wp-cron.php?doing_wp_cron=1672459937.9423630237579345703125" "WordPress/6.0.3; https://wellnessway4u.com/blog" "wellnessway4u.com"
185.119.81.100 - - [30/Dec/2022:20:12:22 -0800] "POST /blog/wp-login.php HTTP/1.1" 200 7880 "https://wellnessway4u.com/blog/wp-login.php" "Mozilla/5.0 (Windows NT 10.0; WOW64) AppleWebKit/537.36 (KHTML, like Gecko) Chrome/98.0.4758.102 Safari/537.36" "wellnessway4u.com"
185.119.81.100 - - [30/Dec/2022:20:13:21 -0800] "GET /blog/wp-login.php HTTP/1.1" 500 2162 "-" "Mozilla/5.0 (Windows NT 10.0; Win64; x64) AppleWebKit/537.36 (KHTML, like Gecko) Chrome/73.0.3683.86 Safari/537.36" "wellnessway4u.com"
185.119.81.98 - - [30/Dec/2022:20:13:22 -0800] "GET /blog/wp-login.php HTTP/1.1" 500 2154 "-" "Mozilla/5.0 (Windows NT 10.0; Win64; x64) AppleWebKit/537.36 (KHTML, like Gecko) Chrome/65.0.3325.162 Safari/537.36" "wellnessway4u.com"
185.119.81.106 - - [30/Dec/2022:20:13:54 -0800] "GET /blog/wp-login.php HTTP/1.1" 200 7652 "-" "Mozilla/5.0 (Windows NT 6.1; Win64; x64) AppleWebKit/537.36 (KHTML, like Gecko) Chrome/65.0.3325.181 Safari/537.36" "wellnessway4u.com"
10.213.116.211 - - [30/Dec/2022:20:14:03 -0800] "POST /blog/wp-cron.php?doing_wp_cron=1672460043.2107570171356201171875 HTTP/1.1" 200 - "https://wellnessway4u.com/blog/wp-cron.php?doing_wp_cron=1672460043.2107570171356201171875" "WordPress/6.0.3; https://wellnessway4u.com/blog" "wellnessway4u.com"
185.119.81.106 - - [30/Dec/2022:20:14:05 -0800] "POST /blog/wp-login.php HTTP/1.1" 200 7840 "https://wellnessway4u.com/blog/wp-login.php" "Mozilla/5.0 (Windows NT 6.1; Win64; x64) AppleWebKit/537.36 (KHTML, like Gecko) Chrome/65.0.3325.181 Safari/537.36" "wellnessway4u.com"
185.119.81.102 - - [30/Dec/2022:20:15:43 -0800] "GET /blog/wp-login.php HTTP/1.1" 200 7649 "-" "Mozilla/5.0 (Windows NT 10.0; Win64; x64) AppleWebKit/537.36 (KHTML, like Gecko) Chrome/86.0.4240.198 Safari/E7FBAF" "wellnessway4u.com"
10.213.116.209 - - [30/Dec/2022:20:15:54 -0800] "POST /blog/wp-cron.php?doing_wp_cron=1672460154.0779080390930175781250 HTTP/1.1" 200 - "https://wellnessway4u.com/blog/wp-cron.php?doing_wp_cron=1672460154.0779080390930175781250" "WordPress/6.0.3; https://wellnessway4u.com/blog" "wellnessway4u.com"
185.119.81.102 - - [30/Dec/2022:20:15:56 -0800] "POST /blog/wp-login.php HTTP/1.1" 200 7836 "https://wellnessway4u.com/blog/wp-login.php" "Mozilla/5.0 (Windows NT 10.0; Win64; x64) AppleWebKit/537.36 (KHTML, like Gecko) Chrome/86.0.4240.198 Safari/E7FBAF" "wellnessway4u.com"
185.119.81.99 - - [30/Dec/2022:20:15:59 -0800] "GET /blog/wp-login.php HTTP/1.1" 200 7655 "-" "Mozilla/5.0 (Windows NT 6.1; Win64; x64) AppleWebKit/537.36 (KHTML, like Gecko) Chrome/61.0.3163.100 Safari/537.36" "wellnessway4u.com"
185.119.81.99 - - [30/Dec/2022:20:16:08 -0800] "POST /blog/wp-login.php HTTP/1.1" 200 7833 "https://wellnessway4u.com/blog/wp-login.php" "Mozilla/5.0 (Windows NT 6.1; Win64; x64) AppleWebKit/537.36 (KHTML, like Gecko) Chrome/61.0.3163.100 Safari/537.36" "wellnessway4u.com"
185.119.81.106 - - [30/Dec/2022:20:16:35 -0800] "GET /blog/wp-login.php HTTP/1.1" 200 7647 "-" "Mozilla/5.0 (Windows NT 10.0; Win64; x64) AppleWebKit/537.36 (KHTML, like Gecko) Chrome/91.0.4472.106 Safari/537.36" "wellnessway4u.com"
10.213.116.211 - - [30/Dec/2022:20:16:42 -0800] "POST /blog/wp-cron.php?doing_wp_cron=1672460202.8319659233093261718750 HTTP/1.1" 200 - "https://wellnessway4u.com/blog/wp-cron.php?doing_wp_cron=1672460202.8319659233093261718750" "WordPress/6.0.3; https://wellnessway4u.com/blog" "wellnessway4u.com"
185.119.81.98 - - [30/Dec/2022:20:16:44 -0800] "GET /blog/wp-login.php HTTP/1.1" 200 7662 "-" "Mozilla/5.0 (Windows NT 10.0; Win64; x64) AppleWebKit/537.36 (KHTML, like Gecko) Chrome/73.0.3683.75 Safari/537.36" "wellnessway4u.com"
185.119.81.106 - - [30/Dec/2022:20:16:44 -0800] "POST /blog/wp-login.php HTTP/1.1" 200 7834 "https://wellnessway4u.com/blog/wp-login.php" "Mozilla/5.0 (Windows NT 10.0; Win64; x64) AppleWebKit/537.36 (KHTML, like Gecko) Chrome/91.0.4472.106 Safari/537.36" "wellnessway4u.com"
185.119.81.102 - - [30/Dec/2022:20:16:50 -0800] "GET /blog/wp-login.php HTTP/1.1" 200 7655 "-" "Mozilla/5.0 (Windows NT 10.0; Win64; x64) AppleWebKit/537.36 (KHTML, like Gecko) Chrome/79.0.3945.136 Safari/537.36" "wellnessway4u.com"
185.119.81.102 - - [30/Dec/2022:20:16:59 -0800] "POST /blog/wp-login.php HTTP/1.1" 500 2162 "https://wellnessway4u.com/blog/wp-login.php" "Mozilla/5.0 (Windows NT 10.0; Win64; x64) AppleWebKit/537.36 (KHTML, like Gecko) Chrome/79.0.3945.136 Safari/537.36" "wellnessway4u.com"
185.119.81.98 - - [30/Dec/2022:20:16:53 -0800] "POST /blog/wp-login.php HTTP/1.1" 200 7834 "https://wellnessway4u.com/blog/wp-login.php" "Mozilla/5.0 (Windows NT 10.0; Win64; x64) AppleWebKit/537.36 (KHTML, like Gecko) Chrome/73.0.3683.75 Safari/537.36" "wellnessway4u.com"
185.119.81.98 - - [30/Dec/2022:20:17:12 -0800] "GET /blog/wp-login.php HTTP/1.1" 200 7871 "-" "Mozilla/5.0 (Windows NT 10.0; Win64; x64) AppleWebKit/537.36 (KHTML, like Gecko) Chrome/75.0.3770.100 Safari/537.36" "wellnessway4u.com"
185.119.81.98 - - [30/Dec/2022:20:17:21 -0800] "POST /blog/wp-login.php HTTP/1.1" 200 7883 "https://wellnessway4u.com/blog/wp-login.php" "Mozilla/5.0 (Windows NT 10.0; Win64; x64) AppleWebKit/537.36 (KHTML, like Gecko) Chrome/75.0.3770.100 Safari/537.36" "wellnessway4u.com"
