185.119.81.100 - - [30/Dec/2022:22:02:24 -0800] "GET /blog/wp-login.php HTTP/1.1" 500 2171 "-" "Mozilla/5.0 (Windows NT 10.0; Win64; x64) AppleWebKit/537.36 (KHTML, like Gecko) Chrome/64.0.3282.140 Safari/537.36" "wellnessway4u.com"
185.119.81.99 - - [30/Dec/2022:22:02:16 -0800] "GET /blog/wp-login.php HTTP/1.1" 200 7656 "-" "Mozilla/5.0 (Windows NT 6.1; Win64; x64) AppleWebKit/537.36 (KHTML, like Gecko) Chrome/90.0.4430.93 Safari/537.36" "wellnessway4u.com"
185.119.81.99 - - [30/Dec/2022:22:02:26 -0800] "POST /blog/wp-login.php HTTP/1.1" 200 7832 "https://wellnessway4u.com/blog/wp-login.php" "Mozilla/5.0 (Windows NT 6.1; Win64; x64) AppleWebKit/537.36 (KHTML, like Gecko) Chrome/90.0.4430.93 Safari/537.36" "wellnessway4u.com"
185.119.81.101 - - [30/Dec/2022:22:05:40 -0800] "GET /blog/wp-login.php HTTP/1.1" 200 7646 "-" "Mozilla/5.0 (Windows NT 6.1; Win64; x64) AppleWebKit/537.36 (KHTML, like Gecko) Chrome/79.0.3945.88 Safari/537.36" "wellnessway4u.com"
185.119.81.102 - - [30/Dec/2022:22:05:42 -0800] "GET /blog/wp-login.php HTTP/1.1" 200 7657 "-" "Mozilla/5.0 (Windows NT 6.1; Win64; x64) AppleWebKit/537.36 (KHTML, like Gecko) Chrome/94.0.4606.81 Safari/537.36" "wellnessway4u.com"
10.213.116.210 - - [30/Dec/2022:22:05:51 -0800] "POST /blog/wp-cron.php?doing_wp_cron=1672466751.0604870319366455078125 HTTP/1.1" 200 - "https://wellnessway4u.com/blog/wp-cron.php?doing_wp_cron=1672466751.0604870319366455078125" "WordPress/6.0.3; https://wellnessway4u.com/blog" "wellnessway4u.com"
185.119.81.102 - - [30/Dec/2022:22:05:53 -0800] "POST /blog/wp-login.php HTTP/1.1" 200 7839 "https://wellnessway4u.com/blog/wp-login.php" "Mozilla/5.0 (Windows NT 6.1; Win64; x64) AppleWebKit/537.36 (KHTML, like Gecko) Chrome/94.0.4606.81 Safari/537.36" "wellnessway4u.com"
185.119.81.101 - - [30/Dec/2022:22:05:53 -0800] "POST /blog/wp-login.php HTTP/1.1" 200 7833 "https://wellnessway4u.com/blog/wp-login.php" "Mozilla/5.0 (Windows NT 6.1; Win64; x64) AppleWebKit/537.36 (KHTML, like Gecko) Chrome/79.0.3945.88 Safari/537.36" "wellnessway4u.com"
185.191.171.13 - - [30/Dec/2022:22:06:08 -0800] "GET /robots.txt HTTP/1.1" 200 60 "-" "Mozilla/5.0 (compatible; SemrushBot/7~bl; +http://www.semrush.com/bot.html)" "www.wellnessway4u.com"
185.191.171.36 - - [30/Dec/2022:22:06:09 -0800] "GET /wsi_read_more.php?token=MTQ3Mw%3D%3D&type=wsi HTTP/1.1" 200 54848 "-" "Mozilla/5.0 (compatible; SemrushBot/7~bl; +http://www.semrush.com/bot.html)" "www.wellnessway4u.com"
185.119.81.102 - - [30/Dec/2022:22:06:44 -0800] "GET /blog/wp-login.php HTTP/1.1" 500 2163 "-" "Mozilla/5.0 (Windows NT 10.0; Win64; x64) AppleWebKit/537.36 (KHTML, like Gecko) Chrome/95.0.4638.69 Safari/537.36" "wellnessway4u.com"
185.191.171.11 - - [30/Dec/2022:22:07:19 -0800] "GET /login.php?ref=ZGVzaWduLW15LWxpZmUucGhwPyZyZWZfbnVtPURzZ24tMDAxLERzZ24tMDA5LERzZ24tMDAzLERzZ24tMDA1LERzZ24tMDA3LERzZ24tMDEwJmZhdl9jYXRfaWQ9NDA2Jmdyb3VwX2lkPTU1Nj9yZWZfbnVtPURzZ24tMDA1Jmdyb3VwX2lkPTU1Ng%3D%3D HTTP/1.1" 200 60272 "-" "Mozilla/5.0 (compatible; SemrushBot/7~bl; +http://www.semrush.com/bot.html)" "www.wellnessway4u.com"
185.119.81.100 - - [30/Dec/2022:22:08:24 -0800] "GET /blog/wp-login.php HTTP/1.1" 200 7651 "-" "Mozilla/5.0 (Windows NT 6.1; Win64; x64) AppleWebKit/537.36 (KHTML, like Gecko) Chrome/80.0.3987.149 Safari/537.36" "wellnessway4u.com"
185.119.81.100 - - [30/Dec/2022:22:08:35 -0800] "POST /blog/wp-login.php HTTP/1.1" 500 2165 "https://wellnessway4u.com/blog/wp-login.php" "Mozilla/5.0 (Windows NT 6.1; Win64; x64) AppleWebKit/537.36 (KHTML, like Gecko) Chrome/80.0.3987.149 Safari/537.36" "wellnessway4u.com"
10.213.116.210 - - [30/Dec/2022:22:08:33 -0800] "POST /blog/wp-cron.php?doing_wp_cron=1672466913.5780649185180664062500 HTTP/1.1" 200 - "https://wellnessway4u.com/blog/wp-cron.php?doing_wp_cron=1672466913.5780649185180664062500" "WordPress/6.0.3; https://wellnessway4u.com/blog" "wellnessway4u.com"
66.249.68.69 - - [30/Dec/2022:22:09:29 -0800] "GET /images/cwri_logo.png HTTP/1.1" 200 10246 "-" "Googlebot-Image/1.0" "www.wellnessway4u.com"
185.119.81.106 - - [30/Dec/2022:22:10:42 -0800] "GET /blog/wp-login.php HTTP/1.1" 200 7656 "-" "Mozilla/5.0 (Windows NT 6.1; WOW64) AppleWebKit/537.36 (KHTML, like Gecko) Chrome/47.0.2526.106 Safari/537.36" "wellnessway4u.com"
185.119.81.106 - - [30/Dec/2022:22:10:53 -0800] "POST /blog/wp-login.php HTTP/1.1" 200 7835 "https://wellnessway4u.com/blog/wp-login.php" "Mozilla/5.0 (Windows NT 6.1; WOW64) AppleWebKit/537.36 (KHTML, like Gecko) Chrome/47.0.2526.106 Safari/537.36" "wellnessway4u.com"
10.213.116.209 - - [30/Dec/2022:22:10:51 -0800] "POST /blog/wp-cron.php?doing_wp_cron=1672467051.2208659648895263671875 HTTP/1.1" 200 - "https://wellnessway4u.com/blog/wp-cron.php?doing_wp_cron=1672467051.2208659648895263671875" "WordPress/6.0.3; https://wellnessway4u.com/blog" "wellnessway4u.com"
185.119.81.101 - - [30/Dec/2022:22:11:44 -0800] "GET /blog/wp-login.php HTTP/1.1" 200 7650 "-" "Mozilla/5.0 (Windows NT 6.3; Win64; x64) AppleWebKit/537.36 (KHTML, like Gecko) Chrome/59.0.3071.115 Safari/537.36" "wellnessway4u.com"
10.213.116.211 - - [30/Dec/2022:22:11:53 -0800] "POST /blog/wp-cron.php?doing_wp_cron=1672467112.9063529968261718750000 HTTP/1.1" 200 - "https://wellnessway4u.com/blog/wp-cron.php?doing_wp_cron=1672467112.9063529968261718750000" "WordPress/6.0.3; https://wellnessway4u.com/blog" "wellnessway4u.com"
185.119.81.101 - - [30/Dec/2022:22:11:55 -0800] "POST /blog/wp-login.php HTTP/1.1" 200 7836 "https://wellnessway4u.com/blog/wp-login.php" "Mozilla/5.0 (Windows NT 6.3; Win64; x64) AppleWebKit/537.36 (KHTML, like Gecko) Chrome/59.0.3071.115 Safari/537.36" "wellnessway4u.com"
185.119.81.100 - - [30/Dec/2022:22:12:26 -0800] "GET /blog/wp-login.php HTTP/1.1" 500 2163 "-" "Mozilla/5.0 (Windows NT 10.0; Win64; x64) AppleWebKit/537.36 (KHTML, like Gecko) Chrome/78.0.3904.87 Safari/537.36" "wellnessway4u.com"
77.75.79.31 - - [30/Dec/2022:22:13:38 -0800] "GET /biz_partners HTTP/1.1" 200 55848 "-" "Mozilla/5.0 (compatible; SeznamBot/4.0-RC1; +http://napoveda.seznam.cz/seznambot-intro/)" "www.wellnessway4u.com"
114.119.154.211 - - [30/Dec/2022:22:14:16 -0800] "GET /wsi_read_more.php?type=wsi&token=MTQ2MA%3D%3D HTTP/1.1" 200 54882 "http://www.wellnessway4u.com/" "Mozilla/5.0 (Linux; Android 7.0;) AppleWebKit/537.36 (KHTML, like Gecko) Mobile Safari/537.36 (compatible; PetalBot;+https://webmaster.petalsearch.com/site/petalbot)" "www.wellnessway4u.com"
185.119.81.99 - - [30/Dec/2022:22:14:42 -0800] "GET /blog/wp-login.php HTTP/1.1" 200 7647 "-" "Mozilla/5.0 (Windows NT 6.1; Win64; x64) AppleWebKit/537.36 (KHTML, like Gecko) Chrome/73.0.3683.103 Safari/537.36" "wellnessway4u.com"
10.213.116.209 - - [30/Dec/2022:22:14:53 -0800] "POST /blog/wp-cron.php?doing_wp_cron=1672467293.3070309162139892578125 HTTP/1.1" 200 - "https://wellnessway4u.com/blog/wp-cron.php?doing_wp_cron=1672467293.3070309162139892578125" "WordPress/6.0.3; https://wellnessway4u.com/blog" "wellnessway4u.com"
185.119.81.99 - - [30/Dec/2022:22:14:55 -0800] "POST /blog/wp-login.php HTTP/1.1" 200 7835 "https://wellnessway4u.com/blog/wp-login.php" "Mozilla/5.0 (Windows NT 6.1; Win64; x64) AppleWebKit/537.36 (KHTML, like Gecko) Chrome/73.0.3683.103 Safari/537.36" "wellnessway4u.com"
185.119.81.98 - - [30/Dec/2022:22:15:56 -0800] "GET /blog/wp-login.php HTTP/1.1" 200 7652 "-" "Mozilla/5.0 (Windows; U; Windows NT 6.1; en-US) AppleWebKit/534.17 (KHTML, like Gecko) Chrome/10.0.649.0 Safari/534.17" "wellnessway4u.com"
185.119.81.98 - - [30/Dec/2022:22:16:06 -0800] "POST /blog/wp-login.php HTTP/1.1" 200 7837 "https://wellnessway4u.com/blog/wp-login.php" "Mozilla/5.0 (Windows; U; Windows NT 6.1; en-US) AppleWebKit/534.17 (KHTML, like Gecko) Chrome/10.0.649.0 Safari/534.17" "wellnessway4u.com"
10.213.116.211 - - [30/Dec/2022:22:16:05 -0800] "POST /blog/wp-cron.php?doing_wp_cron=1672467364.9116849899291992187500 HTTP/1.1" 200 - "https://wellnessway4u.com/blog/wp-cron.php?doing_wp_cron=1672467364.9116849899291992187500" "WordPress/6.0.3; https://wellnessway4u.com/blog" "wellnessway4u.com"
185.191.171.42 - - [30/Dec/2022:22:16:35 -0800] "GET /wsi_read_more.php?token=MTQ3Nw%3D%3D&type=wsi HTTP/1.1" 200 54901 "-" "Mozilla/5.0 (compatible; SemrushBot/7~bl; +http://www.semrush.com/bot.html)" "wellnessway4u.com"
185.119.81.97 - - [30/Dec/2022:22:18:23 -0800] "GET /blog/wp-login.php HTTP/1.1" 200 7654 "-" "Mozilla/5.0 (Windows NT 10.0; Win64; x64) AppleWebKit/537.36 (KHTML, like Gecko) Chrome/80.0.3987.132 Safari/537.36" "wellnessway4u.com"
10.213.116.210 - - [30/Dec/2022:22:18:33 -0800] "POST /blog/wp-cron.php?doing_wp_cron=1672467512.9604570865631103515625 HTTP/1.1" 200 - "https://wellnessway4u.com/blog/wp-cron.php?doing_wp_cron=1672467512.9604570865631103515625" "WordPress/6.0.3; https://wellnessway4u.com/blog" "wellnessway4u.com"
185.119.81.97 - - [30/Dec/2022:22:18:35 -0800] "POST /blog/wp-login.php HTTP/1.1" 200 7840 "https://wellnessway4u.com/blog/wp-login.php" "Mozilla/5.0 (Windows NT 10.0; Win64; x64) AppleWebKit/537.36 (KHTML, like Gecko) Chrome/80.0.3987.132 Safari/537.36" "wellnessway4u.com"
185.119.81.101 - - [30/Dec/2022:22:20:01 -0800] "GET /blog/wp-login.php HTTP/1.1" 500 2160 "-" "Mozilla/5.0 (Windows NT 6.3; Win64; x64) AppleWebKit/537.36 (KHTML, like Gecko) Chrome/59.0.3071.115 Safari/537.36" "wellnessway4u.com"
185.119.81.101 - - [30/Dec/2022:22:20:39 -0800] "GET /blog/wp-login.php HTTP/1.1" 500 2157 "-" "Mozilla/5.0 (Windows NT 10.0; WOW64) AppleWebKit/537.36 (KHTML, like Gecko) Chrome/74.0.3729.157 Safari/537.36" "wellnessway4u.com"
185.119.81.106 - - [30/Dec/2022:22:20:45 -0800] "GET /blog/wp-login.php HTTP/1.1" 200 7654 "-" "Mozilla/5.0 (Windows NT 6.1; WOW64) AppleWebKit/537.36 (KHTML, like Gecko) Chrome/43.0.2357.65 Safari/537.36" "wellnessway4u.com"
10.213.116.209 - - [30/Dec/2022:22:20:54 -0800] "POST /blog/wp-cron.php?doing_wp_cron=1672467654.2462720870971679687500 HTTP/1.1" 200 - "https://wellnessway4u.com/blog/wp-cron.php?doing_wp_cron=1672467654.2462720870971679687500" "WordPress/6.0.3; https://wellnessway4u.com/blog" "wellnessway4u.com"
185.119.81.106 - - [30/Dec/2022:22:20:56 -0800] "POST /blog/wp-login.php HTTP/1.1" 200 7835 "https://wellnessway4u.com/blog/wp-login.php" "Mozilla/5.0 (Windows NT 6.1; WOW64) AppleWebKit/537.36 (KHTML, like Gecko) Chrome/43.0.2357.65 Safari/537.36" "wellnessway4u.com"
35.229.38.99 - - [30/Dec/2022:22:21:21 -0800] "GET /wsi_read_more.php?type=wsi&token=MTQyMg== HTTP/1.1" 200 64357 "-" "ZoominfoBot (zoominfobot at zoominfo dot com)" "wellnessway4u.com"
185.119.81.106 - - [30/Dec/2022:22:22:39 -0800] "GET /blog/wp-login.php HTTP/1.1" 200 7648 "-" "Mozilla/5.0 (Windows NT 6.3; Win64; x64) AppleWebKit/537.36 (KHTML, like Gecko) Chrome/93.0.4577.82 Safari/537.36" "wellnessway4u.com"
10.213.116.211 - - [30/Dec/2022:22:22:48 -0800] "POST /blog/wp-cron.php?doing_wp_cron=1672467768.1062579154968261718750 HTTP/1.1" 200 - "https://wellnessway4u.com/blog/wp-cron.php?doing_wp_cron=1672467768.1062579154968261718750" "WordPress/6.0.3; https://wellnessway4u.com/blog" "wellnessway4u.com"
185.119.81.106 - - [30/Dec/2022:22:22:50 -0800] "POST /blog/wp-login.php HTTP/1.1" 200 7834 "https://wellnessway4u.com/blog/wp-login.php" "Mozilla/5.0 (Windows NT 6.3; Win64; x64) AppleWebKit/537.36 (KHTML, like Gecko) Chrome/93.0.4577.82 Safari/537.36" "wellnessway4u.com"
185.119.81.98 - - [30/Dec/2022:22:23:05 -0800] "GET /blog/wp-login.php HTTP/1.1" 200 7661 "-" "Mozilla/5.0 (Windows NT 10.0; Win64; x64) AppleWebKit/537.36 (KHTML, like Gecko) Chrome/85.0.4183.121 Safari/537.36" "wellnessway4u.com"
185.119.81.98 - - [30/Dec/2022:22:23:16 -0800] "POST /blog/wp-login.php HTTP/1.1" 200 7833 "https://wellnessway4u.com/blog/wp-login.php" "Mozilla/5.0 (Windows NT 10.0; Win64; x64) AppleWebKit/537.36 (KHTML, like Gecko) Chrome/85.0.4183.121 Safari/537.36" "wellnessway4u.com"
185.119.81.102 - - [30/Dec/2022:22:24:22 -0800] "GET /blog/wp-login.php HTTP/1.1" 500 2162 "-" "Mozilla/5.0 (Windows NT 6.3; Win64; x64) AppleWebKit/537.36 (KHTML, like Gecko) Chrome/62.0.3202.94 Safari/537.36" "wellnessway4u.com"
185.119.81.102 - - [30/Dec/2022:22:26:28 -0800] "GET /blog/wp-login.php HTTP/1.1" 500 2158 "-" "Mozilla/5.0 (Windows NT 6.3; Win64; x64) AppleWebKit/537.36 (KHTML, like Gecko) Chrome/80.0.3987.132 Safari/537.36" "wellnessway4u.com"
185.119.81.106 - - [30/Dec/2022:22:26:52 -0800] "GET /blog/wp-login.php HTTP/1.1" 200 7646 "-" "Mozilla/5.0 (Windows NT 6.1; WOW64) AppleWebKit/537.36 (KHTML, like Gecko) Chrome/36.0.1985.143 Safari/537.36" "wellnessway4u.com"
185.119.81.106 - - [30/Dec/2022:22:27:03 -0800] "POST /blog/wp-login.php HTTP/1.1" 200 7833 "https://wellnessway4u.com/blog/wp-login.php" "Mozilla/5.0 (Windows NT 6.1; WOW64) AppleWebKit/537.36 (KHTML, like Gecko) Chrome/36.0.1985.143 Safari/537.36" "wellnessway4u.com"
10.213.116.209 - - [30/Dec/2022:22:27:01 -0800] "POST /blog/wp-cron.php?doing_wp_cron=1672468021.8300158977508544921875 HTTP/1.1" 200 - "https://wellnessway4u.com/blog/wp-cron.php?doing_wp_cron=1672468021.8300158977508544921875" "WordPress/6.0.3; https://wellnessway4u.com/blog" "wellnessway4u.com"
114.119.137.125 - - [30/Dec/2022:22:27:47 -0800] "GET /wsi_read_more.php?type=wsi&token=MTQyNw%3D%3D HTTP/1.1" 200 54755 "http://www.wellnessway4u.com/" "Mozilla/5.0 (Linux; Android 7.0;) AppleWebKit/537.36 (KHTML, like Gecko) Mobile Safari/537.36 (compatible; PetalBot;+https://webmaster.petalsearch.com/site/petalbot)" "www.wellnessway4u.com"
35.229.38.99 - - [30/Dec/2022:22:28:05 -0800] "GET /life_naya_andaaz HTTP/1.1" 200 48122 "-" "ZoominfoBot (zoominfobot at zoominfo dot com)" "wellnessway4u.com"
185.119.81.106 - - [30/Dec/2022:22:28:33 -0800] "GET /blog/wp-login.php HTTP/1.1" 200 7649 "-" "Mozilla/5.0 (Windows NT 10.0; Win64; x64) AppleWebKit/537.36 (KHTML, like Gecko) Chrome/95.0.4638.54 Safari/537.36" "wellnessway4u.com"
10.213.116.209 - - [30/Dec/2022:22:28:43 -0800] "POST /blog/wp-cron.php?doing_wp_cron=1672468122.8918869495391845703125 HTTP/1.1" 200 - "https://wellnessway4u.com/blog/wp-cron.php?doing_wp_cron=1672468122.8918869495391845703125" "WordPress/6.0.3; https://wellnessway4u.com/blog" "wellnessway4u.com"
185.119.81.106 - - [30/Dec/2022:22:28:45 -0800] "POST /blog/wp-login.php HTTP/1.1" 200 7832 "https://wellnessway4u.com/blog/wp-login.php" "Mozilla/5.0 (Windows NT 10.0; Win64; x64) AppleWebKit/537.36 (KHTML, like Gecko) Chrome/95.0.4638.54 Safari/537.36" "wellnessway4u.com"
185.119.81.100 - - [30/Dec/2022:22:29:33 -0800] "GET /blog/wp-login.php HTTP/1.1" 500 2162 "-" "Mozilla/5.0 (Windows NT 10.0) AppleWebKit/537.36 (KHTML, like Gecko) Chrome/80.0.3987.149 Safari/537.36" "wellnessway4u.com"
185.119.81.102 - - [30/Dec/2022:22:31:10 -0800] "GET /blog/wp-login.php HTTP/1.1" 500 2160 "-" "Mozilla/5.0 (Windows NT 10.0; Win64; x64) AppleWebKit/537.36 (KHTML, like Gecko) Chrome/91.0.4472.114 Safari/537.36" "wellnessway4u.com"
185.119.81.98 - - [30/Dec/2022:22:31:14 -0800] "GET /blog/wp-login.php HTTP/1.1" 200 7646 "-" "Mozilla/5.0 (Windows NT 6.3; Win64; x64) AppleWebKit/537.36 (KHTML, like Gecko) Chrome/80.0.3987.122 Safari/537.36" "wellnessway4u.com"
10.213.116.210 - - [30/Dec/2022:22:31:23 -0800] "POST /blog/wp-cron.php?doing_wp_cron=1672468283.8072071075439453125000 HTTP/1.1" 200 - "https://wellnessway4u.com/blog/wp-cron.php?doing_wp_cron=1672468283.8072071075439453125000" "WordPress/6.0.3; https://wellnessway4u.com/blog" "wellnessway4u.com"
185.119.81.101 - - [30/Dec/2022:22:31:35 -0800] "GET /blog/wp-login.php HTTP/1.1" 500 2165 "-" "Mozilla/5.0 (Windows NT 10.0; WOW64) AppleWebKit/537.36 (KHTML, like Gecko) Chrome/45.0.2454.93 Safari/537.36" "wellnessway4u.com"
185.119.81.98 - - [30/Dec/2022:22:31:26 -0800] "POST /blog/wp-login.php HTTP/1.1" 200 7838 "https://wellnessway4u.com/blog/wp-login.php" "Mozilla/5.0 (Windows NT 6.3; Win64; x64) AppleWebKit/537.36 (KHTML, like Gecko) Chrome/80.0.3987.122 Safari/537.36" "wellnessway4u.com"
185.119.81.98 - - [30/Dec/2022:22:32:45 -0800] "GET /blog/wp-login.php HTTP/1.1" 200 7655 "-" "Mozilla/5.0 (Windows NT 6.3; Win64; x64) AppleWebKit/537.36 (KHTML, like Gecko) Chrome/81.0.4044.138 Safari/537.36" "wellnessway4u.com"
10.213.116.210 - - [30/Dec/2022:22:32:57 -0800] "POST /blog/wp-cron.php?doing_wp_cron=1672468377.7208909988403320312500 HTTP/1.1" 200 - "https://wellnessway4u.com/blog/wp-cron.php?doing_wp_cron=1672468377.7208909988403320312500" "WordPress/6.0.3; https://wellnessway4u.com/blog" "wellnessway4u.com"
185.119.81.98 - - [30/Dec/2022:22:32:59 -0800] "POST /blog/wp-login.php HTTP/1.1" 200 7836 "https://wellnessway4u.com/blog/wp-login.php" "Mozilla/5.0 (Windows NT 6.3; Win64; x64) AppleWebKit/537.36 (KHTML, like Gecko) Chrome/81.0.4044.138 Safari/537.36" "wellnessway4u.com"
185.119.81.101 - - [30/Dec/2022:22:33:45 -0800] "GET /blog/wp-login.php HTTP/1.1" 500 2164 "-" "Mozilla/5.0 (Windows NT 10.0; Win64; x64) AppleWebKit/537.36 (KHTML, like Gecko) Chrome/83.0.4103.97 Safari/537.36" "wellnessway4u.com"
185.119.81.106 - - [30/Dec/2022:22:34:00 -0800] "GET /blog/wp-login.php HTTP/1.1" 200 7653 "-" "Mozilla/5.0 (Windows NT 6.1; WOW64) AppleWebKit/537.36 (KHTML, like Gecko) Chrome/66.0.3359.181 Safari/537.36" "wellnessway4u.com"
10.213.116.211 - - [30/Dec/2022:22:34:09 -0800] "POST /blog/wp-cron.php?doing_wp_cron=1672468449.5672008991241455078125 HTTP/1.1" 200 - "https://wellnessway4u.com/blog/wp-cron.php?doing_wp_cron=1672468449.5672008991241455078125" "WordPress/6.0.3; https://wellnessway4u.com/blog" "wellnessway4u.com"
185.119.81.106 - - [30/Dec/2022:22:34:11 -0800] "POST /blog/wp-login.php HTTP/1.1" 200 7834 "https://wellnessway4u.com/blog/wp-login.php" "Mozilla/5.0 (Windows NT 6.1; WOW64) AppleWebKit/537.36 (KHTML, like Gecko) Chrome/66.0.3359.181 Safari/537.36" "wellnessway4u.com"
185.119.81.101 - - [30/Dec/2022:22:34:53 -0800] "GET /blog/wp-login.php HTTP/1.1" 500 2163 "-" "Mozilla/5.0 (Windows NT 6.1; Win64; x64) AppleWebKit/537.36 (KHTML, like Gecko) Chrome/66.0.3359.139 Safari/537.36" "wellnessway4u.com"
185.119.81.98 - - [30/Dec/2022:22:35:48 -0800] "GET /blog/wp-login.php HTTP/1.1" 200 7646 "-" "Mozilla/5.0 (Windows NT 10.0; Win64; x64) AppleWebKit/537.36 (KHTML, like Gecko) Chrome/98.0.4758.102 Safari/537.36" "wellnessway4u.com"
10.213.116.210 - - [30/Dec/2022:22:35:57 -0800] "POST /blog/wp-cron.php?doing_wp_cron=1672468557.2048869132995605468750 HTTP/1.1" 200 - "https://wellnessway4u.com/blog/wp-cron.php?doing_wp_cron=1672468557.2048869132995605468750" "WordPress/6.0.3; https://wellnessway4u.com/blog" "wellnessway4u.com"
185.119.81.98 - - [30/Dec/2022:22:35:59 -0800] "POST /blog/wp-login.php HTTP/1.1" 200 7833 "https://wellnessway4u.com/blog/wp-login.php" "Mozilla/5.0 (Windows NT 10.0; Win64; x64) AppleWebKit/537.36 (KHTML, like Gecko) Chrome/98.0.4758.102 Safari/537.36" "wellnessway4u.com"
185.191.171.26 - - [30/Dec/2022:22:36:16 -0800] "GET /login.php?ref=bXlfZGF5X3RvZGF5LnBocA%3D%3D HTTP/1.1" 200 59985 "-" "Mozilla/5.0 (compatible; SemrushBot/7~bl; +http://www.semrush.com/bot.html)" "wellnessway4u.com"
185.119.81.100 - - [30/Dec/2022:22:36:18 -0800] "GET /blog/wp-login.php HTTP/1.1" 200 7652 "-" "Mozilla/5.0 (Windows NT 6.1; WOW64) AppleWebKit/537.36 (KHTML, like Gecko) Chrome/36.0.1985.143 Safari/537.36" "wellnessway4u.com"
185.119.81.100 - - [30/Dec/2022:22:36:27 -0800] "POST /blog/wp-login.php HTTP/1.1" 500 2164 "https://wellnessway4u.com/blog/wp-login.php" "Mozilla/5.0 (Windows NT 6.1; WOW64) AppleWebKit/537.36 (KHTML, like Gecko) Chrome/36.0.1985.143 Safari/537.36" "wellnessway4u.com"
185.119.81.101 - - [30/Dec/2022:22:38:16 -0800] "GET /blog/wp-login.php HTTP/1.1" 500 2164 "-" "Mozilla/5.0 (Windows NT 6.1) AppleWebKit/537.36 (KHTML, like Gecko) Chrome/63.0.3239.84 Safari/537.36" "wellnessway4u.com"
185.119.81.98 - - [30/Dec/2022:22:38:23 -0800] "GET /blog/wp-login.php HTTP/1.1" 200 7655 "-" "Mozilla/5.0 (Windows NT 6.1; Win64; x64) AppleWebKit/537.36 (KHTML, like Gecko) Chrome/85.0.4183.102 Safari/537.36" "wellnessway4u.com"
10.213.116.209 - - [30/Dec/2022:22:38:32 -0800] "POST /blog/wp-cron.php?doing_wp_cron=1672468712.1968209743499755859375 HTTP/1.1" 200 - "https://wellnessway4u.com/blog/wp-cron.php?doing_wp_cron=1672468712.1968209743499755859375" "WordPress/6.0.3; https://wellnessway4u.com/blog" "wellnessway4u.com"
185.119.81.98 - - [30/Dec/2022:22:38:34 -0800] "POST /blog/wp-login.php HTTP/1.1" 200 7836 "https://wellnessway4u.com/blog/wp-login.php" "Mozilla/5.0 (Windows NT 6.1; Win64; x64) AppleWebKit/537.36 (KHTML, like Gecko) Chrome/85.0.4183.102 Safari/537.36" "wellnessway4u.com"
185.119.81.98 - - [30/Dec/2022:22:38:35 -0800] "GET /blog/wp-login.php HTTP/1.1" 200 7652 "-" "Mozilla/5.0 (Windows NT 6.1; Win64; x64) AppleWebKit/537.36 (KHTML, like Gecko) Chrome/74.0.3729.131 Safari/537.36" "wellnessway4u.com"
46.219.231.145 - - [30/Dec/2022:22:38:55 -0800] "GET /auth/register HTTP/1.1" 404 73 "-" "Mozilla/5.0 (Windows NT 10.0; Win64; x64) AppleWebKit/537.36 (KHTML, like Gecko) Chrome/108.0.0.0 Safari/537.36" "wellnessway4u.com"
185.119.81.98 - - [30/Dec/2022:22:38:47 -0800] "POST /blog/wp-login.php HTTP/1.1" 200 7834 "https://wellnessway4u.com/blog/wp-login.php" "Mozilla/5.0 (Windows NT 6.1; Win64; x64) AppleWebKit/537.36 (KHTML, like Gecko) Chrome/74.0.3729.131 Safari/537.36" "wellnessway4u.com"
114.119.136.8 - - [30/Dec/2022:22:39:47 -0800] "GET /activity.php HTTP/1.1" 200 70 "https://wellnessway4u.com/pages.php?id=124" "Mozilla/5.0 (Linux; Android 7.0;) AppleWebKit/537.36 (KHTML, like Gecko) Mobile Safari/537.36 (compatible; PetalBot;+https://webmaster.petalsearch.com/site/petalbot)" "www.wellnessway4u.com"
185.119.81.98 - - [30/Dec/2022:22:39:40 -0800] "GET /blog/wp-login.php HTTP/1.1" 200 7648 "-" "Mozilla/5.0 (Windows NT 10.0; WOW64) AppleWebKit/537.36 (KHTML, like Gecko) Chrome/79.0.3945.117 Safari/537.36" "wellnessway4u.com"
185.119.81.98 - - [30/Dec/2022:22:39:52 -0800] "POST /blog/wp-login.php HTTP/1.1" 200 7838 "https://wellnessway4u.com/blog/wp-login.php" "Mozilla/5.0 (Windows NT 10.0; WOW64) AppleWebKit/537.36 (KHTML, like Gecko) Chrome/79.0.3945.117 Safari/537.36" "wellnessway4u.com"
10.213.116.209 - - [30/Dec/2022:22:39:50 -0800] "POST /blog/wp-cron.php?doing_wp_cron=1672468790.2030119895935058593750 HTTP/1.1" 200 - "https://wellnessway4u.com/blog/wp-cron.php?doing_wp_cron=1672468790.2030119895935058593750" "WordPress/6.0.3; https://wellnessway4u.com/blog" "wellnessway4u.com"
185.119.81.100 - - [30/Dec/2022:22:40:07 -0800] "GET /blog/wp-login.php HTTP/1.1" 500 2161 "-" "Mozilla/5.0 (Windows NT 6.1; Win64; x64) AppleWebKit/537.36 (KHTML, like Gecko) Chrome/83.0.4103.97 Safari/537.36" "wellnessway4u.com"
185.119.81.100 - - [30/Dec/2022:22:41:52 -0800] "GET /blog/wp-login.php HTTP/1.1" 200 7652 "-" "Mozilla/5.0 (Windows NT 6.1; WOW64) AppleWebKit/537.36 (KHTML, like Gecko) Chrome/69.0.3497.100 Safari/537.36" "wellnessway4u.com"
185.119.81.100 - - [30/Dec/2022:22:42:04 -0800] "POST /blog/wp-login.php HTTP/1.1" 500 2162 "https://wellnessway4u.com/blog/wp-login.php" "Mozilla/5.0 (Windows NT 6.1; WOW64) AppleWebKit/537.36 (KHTML, like Gecko) Chrome/69.0.3497.100 Safari/537.36" "wellnessway4u.com"
10.213.116.209 - - [30/Dec/2022:22:42:02 -0800] "POST /blog/wp-cron.php?doing_wp_cron=1672468922.5459289550781250000000 HTTP/1.1" 200 - "https://wellnessway4u.com/blog/wp-cron.php?doing_wp_cron=1672468922.5459289550781250000000" "WordPress/6.0.3; https://wellnessway4u.com/blog" "wellnessway4u.com"
185.119.81.102 - - [30/Dec/2022:22:42:25 -0800] "GET /blog/wp-login.php HTTP/1.1" 200 7652 "-" "Mozilla/5.0 (Windows NT 10.0; WOW64) AppleWebKit/537.36 (KHTML, like Gecko) Chrome/80.0.3987.122 Safari/537.36" "wellnessway4u.com"
185.119.81.102 - - [30/Dec/2022:22:42:36 -0800] "POST /blog/wp-login.php HTTP/1.1" 200 7832 "https://wellnessway4u.com/blog/wp-login.php" "Mozilla/5.0 (Windows NT 10.0; WOW64) AppleWebKit/537.36 (KHTML, like Gecko) Chrome/80.0.3987.122 Safari/537.36" "wellnessway4u.com"
10.213.116.211 - - [30/Dec/2022:22:42:44 -0800] "POST /blog/wp-cron.php?doing_wp_cron=1672468964.1114199161529541015625 HTTP/1.1" 200 - "https://wellnessway4u.com/blog/wp-cron.php?doing_wp_cron=1672468964.1114199161529541015625" "WordPress/6.0.3; https://wellnessway4u.com/blog" "wellnessway4u.com"
185.119.81.98 - - [30/Dec/2022:22:43:05 -0800] "GET /blog/wp-login.php HTTP/1.1" 200 7658 "-" "Mozilla/5.0 (Windows NT 6.1) AppleWebKit/537.36 (KHTML, like Gecko) Chrome/68.0.3440.106 Safari/537.36" "wellnessway4u.com"
185.119.81.98 - - [30/Dec/2022:22:43:15 -0800] "POST /blog/wp-login.php HTTP/1.1" 200 7834 "https://wellnessway4u.com/blog/wp-login.php" "Mozilla/5.0 (Windows NT 6.1) AppleWebKit/537.36 (KHTML, like Gecko) Chrome/68.0.3440.106 Safari/537.36" "wellnessway4u.com"
185.119.81.97 - - [30/Dec/2022:22:43:40 -0800] "GET /blog/wp-login.php HTTP/1.1" 200 7869 "-" "Mozilla/5.0 (Windows NT 10.0; Win64; x64) AppleWebKit/537.36 (KHTML, like Gecko) Chrome/80.0.3987.87 Safari/537.36" "wellnessway4u.com"
185.119.81.102 - - [30/Dec/2022:22:43:39 -0800] "GET /blog/wp-login.php HTTP/1.1" 200 7858 "-" "Mozilla/5.0 (Windows NT 10.0; Win64; x64) AppleWebKit/537.36 (KHTML, like Gecko) Chrome/98.0.4758.81 Safari/537.36" "wellnessway4u.com"
10.213.116.211 - - [30/Dec/2022:22:43:47 -0800] "POST /blog/wp-cron.php?doing_wp_cron=1672469027.7054090499877929687500 HTTP/1.1" 200 - "https://wellnessway4u.com/blog/wp-cron.php?doing_wp_cron=1672469027.7054090499877929687500" "WordPress/6.0.3; https://wellnessway4u.com/blog" "wellnessway4u.com"
185.119.81.101 - - [30/Dec/2022:22:43:55 -0800] "GET /blog/wp-login.php HTTP/1.1" 500 2161 "-" "Mozilla/5.0 (Windows NT 6.3; Win64; x64) AppleWebKit/537.36 (KHTML, like Gecko) Chrome/97.0.4692.99 Safari/537.36" "wellnessway4u.com"
185.119.81.97 - - [30/Dec/2022:22:43:48 -0800] "POST /blog/wp-login.php HTTP/1.1" 200 7893 "https://wellnessway4u.com/blog/wp-login.php" "Mozilla/5.0 (Windows NT 10.0; Win64; x64) AppleWebKit/537.36 (KHTML, like Gecko) Chrome/80.0.3987.87 Safari/537.36" "wellnessway4u.com"
185.119.81.102 - - [30/Dec/2022:22:43:49 -0800] "POST /blog/wp-login.php HTTP/1.1" 200 7880 "https://wellnessway4u.com/blog/wp-login.php" "Mozilla/5.0 (Windows NT 10.0; Win64; x64) AppleWebKit/537.36 (KHTML, like Gecko) Chrome/98.0.4758.81 Safari/537.36" "wellnessway4u.com"
185.119.81.106 - - [30/Dec/2022:22:44:26 -0800] "GET /blog/wp-login.php HTTP/1.1" 200 7867 "-" "Mozilla/5.0 (Windows NT 6.1) AppleWebKit/537.36 (KHTML, like Gecko) Chrome/78.0.3904.108 Safari/537.36" "wellnessway4u.com"
185.119.81.106 - - [30/Dec/2022:22:44:35 -0800] "POST /blog/wp-login.php HTTP/1.1" 200 7882 "https://wellnessway4u.com/blog/wp-login.php" "Mozilla/5.0 (Windows NT 6.1) AppleWebKit/537.36 (KHTML, like Gecko) Chrome/78.0.3904.108 Safari/537.36" "wellnessway4u.com"
10.213.116.211 - - [30/Dec/2022:22:44:42 -0800] "POST /blog/wp-cron.php?doing_wp_cron=1672469082.7555649280548095703125 HTTP/1.1" 200 - "https://wellnessway4u.com/blog/wp-cron.php?doing_wp_cron=1672469082.7555649280548095703125" "WordPress/6.0.3; https://wellnessway4u.com/blog" "wellnessway4u.com"
185.119.81.100 - - [30/Dec/2022:22:44:58 -0800] "GET /blog/wp-login.php HTTP/1.1" 200 7876 "-" "Mozilla/5.0 (Windows NT 10.0; WOW64) AppleWebKit/537.36 (KHTML, like Gecko) Chrome/96.0.4664.45 Safari/537.36" "wellnessway4u.com"
185.119.81.100 - - [30/Dec/2022:22:45:08 -0800] "POST /blog/wp-login.php HTTP/1.1" 500 2157 "https://wellnessway4u.com/blog/wp-login.php" "Mozilla/5.0 (Windows NT 10.0; WOW64) AppleWebKit/537.36 (KHTML, like Gecko) Chrome/96.0.4664.45 Safari/537.36" "wellnessway4u.com"
185.119.81.106 - - [30/Dec/2022:22:45:08 -0800] "GET /blog/wp-login.php HTTP/1.1" 200 7868 "-" "Mozilla/5.0 (Windows NT 10.0; WOW64) AppleWebKit/537.36 (KHTML, like Gecko) Chrome/80.0.3987.149 Safari/537.36" "wellnessway4u.com"
185.119.81.106 - - [30/Dec/2022:22:45:18 -0800] "POST /blog/wp-login.php HTTP/1.1" 200 7881 "https://wellnessway4u.com/blog/wp-login.php" "Mozilla/5.0 (Windows NT 10.0; WOW64) AppleWebKit/537.36 (KHTML, like Gecko) Chrome/80.0.3987.149 Safari/537.36" "wellnessway4u.com"
185.119.81.97 - - [30/Dec/2022:22:49:10 -0800] "GET /blog/wp-login.php HTTP/1.1" 200 7858 "-" "Mozilla/5.0 (Windows NT 6.1) AppleWebKit/537.36 (KHTML, like Gecko) Chrome/67.0.3396.99 Safari/537.36" "wellnessway4u.com"
10.213.116.211 - - [30/Dec/2022:22:49:19 -0800] "POST /blog/wp-cron.php?doing_wp_cron=1672469358.9813249111175537109375 HTTP/1.1" 200 - "https://wellnessway4u.com/blog/wp-cron.php?doing_wp_cron=1672469358.9813249111175537109375" "WordPress/6.0.3; https://wellnessway4u.com/blog" "wellnessway4u.com"
185.119.81.97 - - [30/Dec/2022:22:49:21 -0800] "POST /blog/wp-login.php HTTP/1.1" 200 7885 "https://wellnessway4u.com/blog/wp-login.php" "Mozilla/5.0 (Windows NT 6.1) AppleWebKit/537.36 (KHTML, like Gecko) Chrome/67.0.3396.99 Safari/537.36" "wellnessway4u.com"
185.119.81.99 - - [30/Dec/2022:22:49:36 -0800] "GET /blog/wp-login.php HTTP/1.1" 200 7862 "-" "Mozilla/5.0 (Windows NT 6.3; Win64; x64) AppleWebKit/537.36 (KHTML, like Gecko) Chrome/56.0.2924.87 Safari/537.36" "wellnessway4u.com"
10.213.116.211 - - [30/Dec/2022:22:49:44 -0800] "POST /blog/wp-cron.php?doing_wp_cron=1672469384.6164479255676269531250 HTTP/1.1" 200 - "https://wellnessway4u.com/blog/wp-cron.php?doing_wp_cron=1672469384.6164479255676269531250" "WordPress/6.0.3; https://wellnessway4u.com/blog" "wellnessway4u.com"
185.119.81.99 - - [30/Dec/2022:22:49:46 -0800] "POST /blog/wp-login.php HTTP/1.1" 200 7887 "https://wellnessway4u.com/blog/wp-login.php" "Mozilla/5.0 (Windows NT 6.3; Win64; x64) AppleWebKit/537.36 (KHTML, like Gecko) Chrome/56.0.2924.87 Safari/537.36" "wellnessway4u.com"
185.119.81.101 - - [30/Dec/2022:22:50:24 -0800] "GET /blog/wp-login.php HTTP/1.1" 500 2157 "-" "Mozilla/5.0 (Windows NT 6.1; Win64; x64) AppleWebKit/537.36 (KHTML, like Gecko) Chrome/65.0.3325.181 Safari/537.36" "wellnessway4u.com"
185.119.81.98 - - [30/Dec/2022:22:51:18 -0800] "GET /blog/wp-login.php HTTP/1.1" 500 2160 "-" "Mozilla/5.0 (Windows NT 10.0; Win64; x64) AppleWebKit/537.36 (KHTML, like Gecko) Chrome/85.0.4183.102 Safari/537.36" "wellnessway4u.com"
114.119.145.216 - - [30/Dec/2022:22:52:05 -0800] "GET /wsi_read_more.php?type=wsi&token=MTUwOQ%3D%3D HTTP/1.1" 200 54783 "http://www.wellnessway4u.com/index.php" "Mozilla/5.0 (Linux; Android 7.0;) AppleWebKit/537.36 (KHTML, like Gecko) Mobile Safari/537.36 (compatible; PetalBot;+https://webmaster.petalsearch.com/site/petalbot)" "www.wellnessway4u.com"
185.119.81.99 - - [30/Dec/2022:22:52:29 -0800] "GET /blog/wp-login.php HTTP/1.1" 200 7859 "-" "Mozilla/5.0 (Windows NT 6.1; WOW64) AppleWebKit/537.36 (KHTML, like Gecko) Chrome/44.0.2403.157 Safari/537.36" "wellnessway4u.com"
10.213.116.210 - - [30/Dec/2022:22:52:40 -0800] "POST /blog/wp-cron.php?doing_wp_cron=1672469560.0558900833129882812500 HTTP/1.1" 200 - "https://wellnessway4u.com/blog/wp-cron.php?doing_wp_cron=1672469560.0558900833129882812500" "WordPress/6.0.3; https://wellnessway4u.com/blog" "wellnessway4u.com"
185.119.81.99 - - [30/Dec/2022:22:52:42 -0800] "POST /blog/wp-login.php HTTP/1.1" 200 7885 "https://wellnessway4u.com/blog/wp-login.php" "Mozilla/5.0 (Windows NT 6.1; WOW64) AppleWebKit/537.36 (KHTML, like Gecko) Chrome/44.0.2403.157 Safari/537.36" "wellnessway4u.com"
185.119.81.99 - - [30/Dec/2022:22:53:12 -0800] "GET /blog/wp-login.php HTTP/1.1" 200 7870 "-" "Mozilla/5.0 (Windows NT 10.0; Win64; x64) AppleWebKit/537.36 (KHTML, like Gecko) Chrome/69.0.3497.100 Safari/537.36" "wellnessway4u.com"
185.119.81.99 - - [30/Dec/2022:22:53:20 -0800] "POST /blog/wp-login.php HTTP/1.1" 200 7883 "https://wellnessway4u.com/blog/wp-login.php" "Mozilla/5.0 (Windows NT 10.0; Win64; x64) AppleWebKit/537.36 (KHTML, like Gecko) Chrome/69.0.3497.100 Safari/537.36" "wellnessway4u.com"
114.119.138.170 - - [30/Dec/2022:22:53:51 -0800] "GET /login.php?ref=YWN0aXZpdHkucGhw HTTP/1.1" 200 59973 "https://wellnessway4u.com/pages.php?id=124" "Mozilla/5.0 (Linux; Android 7.0;) AppleWebKit/537.36 (KHTML, like Gecko) Mobile Safari/537.36 (compatible; PetalBot;+https://webmaster.petalsearch.com/site/petalbot)" "www.wellnessway4u.com"
185.119.81.98 - - [30/Dec/2022:22:54:28 -0800] "GET /blog/wp-login.php HTTP/1.1" 200 7872 "-" "Mozilla/5.0 (Windows NT 10.0; WOW64) AppleWebKit/537.36 (KHTML, like Gecko) Chrome/53.0.2785.143 Safari/537.36" "wellnessway4u.com"
185.119.81.98 - - [30/Dec/2022:22:54:39 -0800] "POST /blog/wp-login.php HTTP/1.1" 500 2157 "https://wellnessway4u.com/blog/wp-login.php" "Mozilla/5.0 (Windows NT 10.0; WOW64) AppleWebKit/537.36 (KHTML, like Gecko) Chrome/53.0.2785.143 Safari/537.36" "wellnessway4u.com"
185.119.81.101 - - [30/Dec/2022:22:54:40 -0800] "GET /blog/wp-login.php HTTP/1.1" 500 2158 "-" "Mozilla/5.0 (Windows NT 6.1) AppleWebKit/537.36 (KHTML, like Gecko) Chrome/39.0.2171.95 Safari/537.36" "wellnessway4u.com"
10.213.116.209 - - [30/Dec/2022:22:54:37 -0800] "POST /blog/wp-cron.php?doing_wp_cron=1672469677.5599899291992187500000 HTTP/1.1" 200 - "https://wellnessway4u.com/blog/wp-cron.php?doing_wp_cron=1672469677.5599899291992187500000" "WordPress/6.0.3; https://wellnessway4u.com/blog" "wellnessway4u.com"
185.119.81.100 - - [30/Dec/2022:22:56:03 -0800] "GET /blog/wp-login.php HTTP/1.1" 500 2165 "-" "Mozilla/5.0 (Windows NT 10.0; Win64; x64) AppleWebKit/537.36 (KHTML, like Gecko) Chrome/64.0.3282.140 Safari/537.36" "wellnessway4u.com"
185.119.81.101 - - [30/Dec/2022:22:56:48 -0800] "GET /blog/wp-login.php HTTP/1.1" 500 2164 "-" "Mozilla/5.0 (Windows NT 10.0; Win64; x64) AppleWebKit/537.36 (KHTML, like Gecko) Chrome/86.0.4240.198 Safari/E7FBAF" "wellnessway4u.com"
185.119.81.101 - - [30/Dec/2022:22:57:30 -0800] "GET /blog/wp-login.php HTTP/1.1" 500 2159 "-" "Mozilla/5.0 (Windows NT 10.0; Win64; x64) AppleWebKit/537.36 (KHTML, like Gecko) Chrome/94.0.4606.81 Safari/537.36" "wellnessway4u.com"
185.119.81.102 - - [30/Dec/2022:22:59:06 -0800] "GET /blog/wp-login.php HTTP/1.1" 200 7861 "-" "Mozilla/5.0 (Windows NT 10.0; Win64; x64) AppleWebKit/537.36 (KHTML, like Gecko) Chrome/89.0.4389.114 Safari/537.36" "wellnessway4u.com"
185.119.81.102 - - [30/Dec/2022:22:59:14 -0800] "GET /blog/wp-login.php HTTP/1.1" 200 7866 "-" "Mozilla/5.0 (Windows NT 10.0; WOW64) AppleWebKit/537.36 (KHTML, like Gecko) Chrome/94.0.4606.61 Safari/537.36" "wellnessway4u.com"
10.213.116.209 - - [30/Dec/2022:22:59:14 -0800] "POST /blog/wp-cron.php?doing_wp_cron=1672469954.8305790424346923828125 HTTP/1.1" 200 - "https://wellnessway4u.com/blog/wp-cron.php?doing_wp_cron=1672469954.8305790424346923828125" "WordPress/6.0.3; https://wellnessway4u.com/blog" "wellnessway4u.com"
185.119.81.102 - - [30/Dec/2022:22:59:16 -0800] "POST /blog/wp-login.php HTTP/1.1" 200 7883 "https://wellnessway4u.com/blog/wp-login.php" "Mozilla/5.0 (Windows NT 10.0; Win64; x64) AppleWebKit/537.36 (KHTML, like Gecko) Chrome/89.0.4389.114 Safari/537.36" "wellnessway4u.com"
185.119.81.102 - - [30/Dec/2022:22:59:23 -0800] "POST /blog/wp-login.php HTTP/1.1" 200 7881 "https://wellnessway4u.com/blog/wp-login.php" "Mozilla/5.0 (Windows NT 10.0; WOW64) AppleWebKit/537.36 (KHTML, like Gecko) Chrome/94.0.4606.61 Safari/537.36" "wellnessway4u.com"
185.119.81.106 - - [30/Dec/2022:22:59:59 -0800] "GET /blog/wp-login.php HTTP/1.1" 200 7858 "-" "Mozilla/5.0 (Windows NT 4.0; WOW64) AppleWebKit/537.36 (KHTML, like Gecko) Chrome/37.0.2049.0 Safari/537.36" "wellnessway4u.com"
185.119.81.101 - - [30/Dec/2022:23:00:14 -0800] "GET /blog/wp-login.php HTTP/1.1" 500 2160 "-" "Mozilla/5.0 (Windows NT 10.0; Win64; x64) AppleWebKit/537.36 (KHTML, like Gecko) Chrome/80.0.3987.132 Safari/537.36" "wellnessway4u.com"
185.119.81.106 - - [30/Dec/2022:23:00:09 -0800] "POST /blog/wp-login.php HTTP/1.1" 200 7886 "https://wellnessway4u.com/blog/wp-login.php" "Mozilla/5.0 (Windows NT 4.0; WOW64) AppleWebKit/537.36 (KHTML, like Gecko) Chrome/37.0.2049.0 Safari/537.36" "wellnessway4u.com"
10.213.116.209 - - [30/Dec/2022:23:00:07 -0800] "POST /blog/wp-cron.php?doing_wp_cron=1672470006.9808259010314941406250 HTTP/1.1" 200 - "https://wellnessway4u.com/blog/wp-cron.php?doing_wp_cron=1672470006.9808259010314941406250" "WordPress/6.0.3; https://wellnessway4u.com/blog" "wellnessway4u.com"
185.119.81.100 - - [30/Dec/2022:23:01:42 -0800] "GET /blog/wp-login.php HTTP/1.1" 200 7864 "-" "Mozilla/5.0 (Windows NT 6.1; Win64; x64) AppleWebKit/537.36 (KHTML, like Gecko) Chrome/83.0.4103.61 Safari/537.36" "wellnessway4u.com"
185.119.81.100 - - [30/Dec/2022:23:01:54 -0800] "POST /blog/wp-login.php HTTP/1.1" 500 2166 "https://wellnessway4u.com/blog/wp-login.php" "Mozilla/5.0 (Windows NT 6.1; Win64; x64) AppleWebKit/537.36 (KHTML, like Gecko) Chrome/83.0.4103.61 Safari/537.36" "wellnessway4u.com"
185.119.81.97 - - [30/Dec/2022:23:01:47 -0800] "GET /blog/wp-login.php HTTP/1.1" 200 7875 "-" "Mozilla/5.0 (Windows NT 10.0; Win64; x64) AppleWebKit/537.36 (KHTML, like Gecko) Chrome/80.0.3987.122 Safari/537.36" "wellnessway4u.com"
10.213.116.211 - - [30/Dec/2022:23:01:52 -0800] "POST /blog/wp-cron.php?doing_wp_cron=1672470112.1074059009552001953125 HTTP/1.1" 200 - "https://wellnessway4u.com/blog/wp-cron.php?doing_wp_cron=1672470112.1074059009552001953125" "WordPress/6.0.3; https://wellnessway4u.com/blog" "wellnessway4u.com"
185.119.81.97 - - [30/Dec/2022:23:01:56 -0800] "POST /blog/wp-login.php HTTP/1.1" 200 7884 "https://wellnessway4u.com/blog/wp-login.php" "Mozilla/5.0 (Windows NT 10.0; Win64; x64) AppleWebKit/537.36 (KHTML, like Gecko) Chrome/80.0.3987.122 Safari/537.36" "wellnessway4u.com"
185.119.81.106 - - [30/Dec/2022:23:01:59 -0800] "GET /blog/wp-login.php HTTP/1.1" 200 7867 "-" "Mozilla/5.0 (Windows NT 10.0; Win64; x64) AppleWebKit/537.36 (KHTML, like Gecko) Chrome/64.0.3282.186 Safari/537.36" "wellnessway4u.com"
185.119.81.106 - - [30/Dec/2022:23:02:08 -0800] "POST /blog/wp-login.php HTTP/1.1" 200 7888 "https://wellnessway4u.com/blog/wp-login.php" "Mozilla/5.0 (Windows NT 10.0; Win64; x64) AppleWebKit/537.36 (KHTML, like Gecko) Chrome/64.0.3282.186 Safari/537.36" "wellnessway4u.com"
185.119.81.106 - - [30/Dec/2022:23:02:25 -0800] "GET /blog/wp-login.php HTTP/1.1" 200 7876 "-" "Mozilla/5.0 (Windows NT 6.1; WOW64) AppleWebKit/537.36 (KHTML, like Gecko) Chrome/49.0.2623.112 Safari/537.36" "wellnessway4u.com"
185.119.81.106 - - [30/Dec/2022:23:02:33 -0800] "POST /blog/wp-login.php HTTP/1.1" 200 7877 "https://wellnessway4u.com/blog/wp-login.php" "Mozilla/5.0 (Windows NT 6.1; WOW64) AppleWebKit/537.36 (KHTML, like Gecko) Chrome/49.0.2623.112 Safari/537.36" "wellnessway4u.com"
185.191.171.44 - - [30/Dec/2022:23:02:48 -0800] "GET /robots.txt HTTP/1.1" 200 60 "-" "Mozilla/5.0 (compatible; SemrushBot/7~bl; +http://www.semrush.com/bot.html)" "wellnessway4u.com"
185.191.171.41 - - [30/Dec/2022:23:02:48 -0800] "GET /wsi_read_more.php?token=MTM4Nw%3D%3D&type=wsi HTTP/1.1" 200 54504 "-" "Mozilla/5.0 (compatible; SemrushBot/7~bl; +http://www.semrush.com/bot.html)" "wellnessway4u.com"
10.213.116.209 - - [30/Dec/2022:23:02:42 -0800] "POST /blog/wp-cron.php?doing_wp_cron=1672470162.1810600757598876953125 HTTP/1.1" 200 - "https://wellnessway4u.com/blog/wp-cron.php?doing_wp_cron=1672470162.1810600757598876953125" "WordPress/6.0.3; https://wellnessway4u.com/blog" "wellnessway4u.com"
185.119.81.106 - - [30/Dec/2022:23:02:57 -0800] "GET /blog/wp-login.php HTTP/1.1" 200 7863 "-" "Mozilla/5.0 (Windows NT 6.1; WOW64) AppleWebKit/537.36 (KHTML, like Gecko) Chrome/50.0.2661.75 Safari/537.36" "wellnessway4u.com"
185.119.81.106 - - [30/Dec/2022:23:03:05 -0800] "POST /blog/wp-login.php HTTP/1.1" 200 7891 "https://wellnessway4u.com/blog/wp-login.php" "Mozilla/5.0 (Windows NT 6.1; WOW64) AppleWebKit/537.36 (KHTML, like Gecko) Chrome/50.0.2661.75 Safari/537.36" "wellnessway4u.com"
108.174.2.217 - - [30/Dec/2022:23:04:12 -0800] "GET /uploads/1475308297_My-Situation-wellness-way-4-u-04.jpg HTTP/1.1" 200 651859 "-" "LinkedInBot/1.0 (compatible; Mozilla/5.0; Apache-HttpClient +http://www.linkedin.com)" "www.wellnessway4u.com"
185.119.81.97 - - [30/Dec/2022:23:05:24 -0800] "GET /blog/wp-login.php HTTP/1.1" 200 7651 "-" "Mozilla/5.0 (Windows NT 10.0; Win64; x64) AppleWebKit/537.36 (KHTML, like Gecko) Chrome/84.0.4147.125 Safari/537.36" "wellnessway4u.com"
10.213.116.211 - - [30/Dec/2022:23:05:33 -0800] "POST /blog/wp-cron.php?doing_wp_cron=1672470333.1723270416259765625000 HTTP/1.1" 200 - "https://wellnessway4u.com/blog/wp-cron.php?doing_wp_cron=1672470333.1723270416259765625000" "WordPress/6.0.3; https://wellnessway4u.com/blog" "wellnessway4u.com"
185.119.81.97 - - [30/Dec/2022:23:05:35 -0800] "POST /blog/wp-login.php HTTP/1.1" 200 7836 "https://wellnessway4u.com/blog/wp-login.php" "Mozilla/5.0 (Windows NT 10.0; Win64; x64) AppleWebKit/537.36 (KHTML, like Gecko) Chrome/84.0.4147.125 Safari/537.36" "wellnessway4u.com"
185.119.81.102 - - [30/Dec/2022:23:06:01 -0800] "GET /blog/wp-login.php HTTP/1.1" 200 7657 "-" "Mozilla/5.0 (Windows NT 10.0; Win64; x64) AppleWebKit/537.36 (KHTML, like Gecko) Chrome/70.0.3538.102 Safari/537.36" "wellnessway4u.com"
185.119.81.102 - - [30/Dec/2022:23:06:10 -0800] "POST /blog/wp-login.php HTTP/1.1" 200 7837 "https://wellnessway4u.com/blog/wp-login.php" "Mozilla/5.0 (Windows NT 10.0; Win64; x64) AppleWebKit/537.36 (KHTML, like Gecko) Chrome/70.0.3538.102 Safari/537.36" "wellnessway4u.com"
185.119.81.98 - - [30/Dec/2022:23:06:33 -0800] "GET /blog/wp-login.php HTTP/1.1" 500 2157 "-" "Mozilla/5.0 (Windows NT 6.1; Win64; x64) AppleWebKit/537.36 (KHTML, like Gecko) Chrome/69.0.3497.100 Safari/537.36" "wellnessway4u.com"
114.119.130.199 - - [30/Dec/2022:23:07:00 -0800] "GET /wsi_read_more.php?type=wsi&token=MTQyNA%3D%3D HTTP/1.1" 200 54639 "http://www.wellnessway4u.com/index.php" "Mozilla/5.0 (Linux; Android 7.0;) AppleWebKit/537.36 (KHTML, like Gecko) Mobile Safari/537.36 (compatible; PetalBot;+https://webmaster.petalsearch.com/site/petalbot)" "www.wellnessway4u.com"
185.119.81.97 - - [30/Dec/2022:23:07:13 -0800] "GET /blog/wp-login.php HTTP/1.1" 200 7648 "-" "Mozilla/5.0 (Windows NT 6.1; Win64; x64) AppleWebKit/537.36 (KHTML, like Gecko) Chrome/76.0.3809.100 Safari/537.36" "wellnessway4u.com"
185.119.81.106 - - [30/Dec/2022:23:07:20 -0800] "GET /blog/wp-login.php HTTP/1.1" 200 7655 "-" "Mozilla/5.0 (Windows NT 6.1; WOW64) AppleWebKit/537.36 (KHTML, like Gecko) Chrome/41.0.2272.101 Safari/537.36" "wellnessway4u.com"
10.213.116.211 - - [30/Dec/2022:23:07:23 -0800] "POST /blog/wp-cron.php?doing_wp_cron=1672470442.9549300670623779296875 HTTP/1.1" 200 - "https://wellnessway4u.com/blog/wp-cron.php?doing_wp_cron=1672470442.9549300670623779296875" "WordPress/6.0.3; https://wellnessway4u.com/blog" "wellnessway4u.com"
185.119.81.99 - - [30/Dec/2022:23:07:24 -0800] "GET /blog/wp-login.php HTTP/1.1" 200 7654 "-" "Mozilla/5.0 (Windows NT 10.0; Win64; x64) AppleWebKit/537.36 (KHTML, like Gecko) Chrome/86.0.4240.193 Safari/537.36" "wellnessway4u.com"
185.119.81.97 - - [30/Dec/2022:23:07:24 -0800] "POST /blog/wp-login.php HTTP/1.1" 200 7835 "https://wellnessway4u.com/blog/wp-login.php" "Mozilla/5.0 (Windows NT 6.1; Win64; x64) AppleWebKit/537.36 (KHTML, like Gecko) Chrome/76.0.3809.100 Safari/537.36" "wellnessway4u.com"
185.119.81.106 - - [30/Dec/2022:23:07:30 -0800] "POST /blog/wp-login.php HTTP/1.1" 200 7836 "https://wellnessway4u.com/blog/wp-login.php" "Mozilla/5.0 (Windows NT 6.1; WOW64) AppleWebKit/537.36 (KHTML, like Gecko) Chrome/41.0.2272.101 Safari/537.36" "wellnessway4u.com"
185.119.81.99 - - [30/Dec/2022:23:07:34 -0800] "POST /blog/wp-login.php HTTP/1.1" 200 7838 "https://wellnessway4u.com/blog/wp-login.php" "Mozilla/5.0 (Windows NT 10.0; Win64; x64) AppleWebKit/537.36 (KHTML, like Gecko) Chrome/86.0.4240.193 Safari/537.36" "wellnessway4u.com"
185.119.81.100 - - [30/Dec/2022:23:07:45 -0800] "GET /blog/wp-login.php HTTP/1.1" 500 2157 "-" "Mozilla/5.0 (Windows NT 10.0) AppleWebKit/537.36 (KHTML, like Gecko) Chrome/72.0.3626.121 Safari/537.36" "wellnessway4u.com"
10.213.116.210 - - [30/Dec/2022:23:07:42 -0800] "POST /blog/wp-cron.php?doing_wp_cron=1672470462.5173070430755615234375 HTTP/1.1" 200 - "https://wellnessway4u.com/blog/wp-cron.php?doing_wp_cron=1672470462.5173070430755615234375" "WordPress/6.0.3; https://wellnessway4u.com/blog" "wellnessway4u.com"
114.119.128.37 - - [30/Dec/2022:23:08:28 -0800] "GET /blog HTTP/1.1" 301 1411 "https://wellnessway4u.com/blog/category/uncategorized/" "Mozilla/5.0 (Linux; Android 7.0;) AppleWebKit/537.36 (KHTML, like Gecko) Mobile Safari/537.36 (compatible; PetalBot;+https://webmaster.petalsearch.com/site/petalbot)" "wellnessway4u.com"
114.119.128.37 - - [30/Dec/2022:23:08:29 -0800] "GET /blog/ HTTP/1.1" 200 11957 "https://wellnessway4u.com/blog/category/uncategorized/" "Mozilla/5.0 (Linux; Android 7.0;) AppleWebKit/537.36 (KHTML, like Gecko) Mobile Safari/537.36 (compatible; PetalBot;+https://webmaster.petalsearch.com/site/petalbot)" "wellnessway4u.com"
185.119.81.97 - - [30/Dec/2022:23:08:46 -0800] "GET /blog/wp-login.php HTTP/1.1" 200 7865 "-" "Mozilla/5.0 (Windows NT 10.0; Win64; x64) AppleWebKit/537.36 (KHTML, like Gecko) Chrome/83.0.4103.116 Safari/537.36" "wellnessway4u.com"
10.213.116.209 - - [30/Dec/2022:23:08:55 -0800] "POST /blog/wp-cron.php?doing_wp_cron=1672470535.7793400287628173828125 HTTP/1.1" 200 - "https://wellnessway4u.com/blog/wp-cron.php?doing_wp_cron=1672470535.7793400287628173828125" "WordPress/6.0.3; https://wellnessway4u.com/blog" "wellnessway4u.com"
185.119.81.97 - - [30/Dec/2022:23:08:57 -0800] "POST /blog/wp-login.php HTTP/1.1" 200 7881 "https://wellnessway4u.com/blog/wp-login.php" "Mozilla/5.0 (Windows NT 10.0; Win64; x64) AppleWebKit/537.36 (KHTML, like Gecko) Chrome/83.0.4103.116 Safari/537.36" "wellnessway4u.com"
185.119.81.101 - - [30/Dec/2022:23:12:02 -0800] "GET /blog/wp-login.php HTTP/1.1" 500 2165 "-" "Mozilla/5.0 (Windows NT 6.0; Win64; x64) AppleWebKit/537.36 (KHTML, like Gecko) Chrome/57.0.2987.133 Safari/537.36" "wellnessway4u.com"
185.119.81.100 - - [30/Dec/2022:23:12:14 -0800] "GET /blog/wp-login.php HTTP/1.1" 200 7865 "-" "Mozilla/5.0 (Windows; U; Windows NT 6.1; de-DE) AppleWebKit/534.17 (KHTML, like Gecko) Chrome/10.0.649.0 Safari/534.17" "wellnessway4u.com"
10.213.116.211 - - [30/Dec/2022:23:12:24 -0800] "POST /blog/wp-cron.php?doing_wp_cron=1672470744.4376120567321777343750 HTTP/1.1" 200 - "https://wellnessway4u.com/blog/wp-cron.php?doing_wp_cron=1672470744.4376120567321777343750" "WordPress/6.0.3; https://wellnessway4u.com/blog" "wellnessway4u.com"
185.119.81.100 - - [30/Dec/2022:23:12:26 -0800] "POST /blog/wp-login.php HTTP/1.1" 200 7890 "https://wellnessway4u.com/blog/wp-login.php" "Mozilla/5.0 (Windows; U; Windows NT 6.1; de-DE) AppleWebKit/534.17 (KHTML, like Gecko) Chrome/10.0.649.0 Safari/534.17" "wellnessway4u.com"
185.119.81.97 - - [30/Dec/2022:23:13:23 -0800] "GET /blog/wp-login.php HTTP/1.1" 200 7862 "-" "Mozilla/5.0 (Windows NT 10.0; WOW64) AppleWebKit/537.36 (KHTML, like Gecko) Chrome/83.0.4103.106 Safari/E7FBAF" "wellnessway4u.com"
185.119.81.99 - - [30/Dec/2022:23:13:25 -0800] "GET /blog/wp-login.php HTTP/1.1" 200 7866 "-" "Mozilla/5.0 (Windows NT 6.1; Win64; x64) AppleWebKit/537.36 (KHTML, like Gecko) Chrome/81.0.4044.129 Safari/537.36" "wellnessway4u.com"
10.213.116.211 - - [30/Dec/2022:23:13:31 -0800] "POST /blog/wp-cron.php?doing_wp_cron=1672470811.8797199726104736328125 HTTP/1.1" 200 - "https://wellnessway4u.com/blog/wp-cron.php?doing_wp_cron=1672470811.8797199726104736328125" "WordPress/6.0.3; https://wellnessway4u.com/blog" "wellnessway4u.com"
185.119.81.97 - - [30/Dec/2022:23:13:33 -0800] "POST /blog/wp-login.php HTTP/1.1" 200 7886 "https://wellnessway4u.com/blog/wp-login.php" "Mozilla/5.0 (Windows NT 10.0; WOW64) AppleWebKit/537.36 (KHTML, like Gecko) Chrome/83.0.4103.106 Safari/E7FBAF" "wellnessway4u.com"
185.119.81.99 - - [30/Dec/2022:23:13:34 -0800] "POST /blog/wp-login.php HTTP/1.1" 200 7882 "https://wellnessway4u.com/blog/wp-login.php" "Mozilla/5.0 (Windows NT 6.1; Win64; x64) AppleWebKit/537.36 (KHTML, like Gecko) Chrome/81.0.4044.129 Safari/537.36" "wellnessway4u.com"
185.119.81.97 - - [30/Dec/2022:23:15:39 -0800] "GET /blog/wp-login.php HTTP/1.1" 200 7868 "-" "Mozilla/5.0 (Windows NT 10.0; Win64; x64) AppleWebKit/537.36 (KHTML, like Gecko) Chrome/56.0.2924.87 Safari/537.36" "wellnessway4u.com"
10.213.116.209 - - [30/Dec/2022:23:15:48 -0800] "POST /blog/wp-cron.php?doing_wp_cron=1672470948.6101660728454589843750 HTTP/1.1" 200 - "https://wellnessway4u.com/blog/wp-cron.php?doing_wp_cron=1672470948.6101660728454589843750" "WordPress/6.0.3; https://wellnessway4u.com/blog" "wellnessway4u.com"
185.119.81.97 - - [30/Dec/2022:23:15:50 -0800] "POST /blog/wp-login.php HTTP/1.1" 200 7887 "https://wellnessway4u.com/blog/wp-login.php" "Mozilla/5.0 (Windows NT 10.0; Win64; x64) AppleWebKit/537.36 (KHTML, like Gecko) Chrome/56.0.2924.87 Safari/537.36" "wellnessway4u.com"
185.119.81.102 - - [30/Dec/2022:23:15:51 -0800] "GET /blog/wp-login.php HTTP/1.1" 200 7865 "-" "Mozilla/5.0 (Windows NT 6.1; Win64; x64) AppleWebKit/537.36 (KHTML, like Gecko) Chrome/79.0.3945.79 Safari/537.36" "wellnessway4u.com"
185.119.81.102 - - [30/Dec/2022:23:16:00 -0800] "POST /blog/wp-login.php HTTP/1.1" 500 2159 "https://wellnessway4u.com/blog/wp-login.php" "Mozilla/5.0 (Windows NT 6.1; Win64; x64) AppleWebKit/537.36 (KHTML, like Gecko) Chrome/79.0.3945.79 Safari/537.36" "wellnessway4u.com"
185.119.81.101 - - [30/Dec/2022:23:16:23 -0800] "GET /blog/wp-login.php HTTP/1.1" 200 7869 "-" "Mozilla/5.0 (Windows; U; Windows NT 6.1; de-DE) AppleWebKit/534.17 (KHTML, like Gecko) Chrome/10.0.649.0 Safari/534.17" "wellnessway4u.com"
185.119.81.101 - - [30/Dec/2022:23:16:33 -0800] "POST /blog/wp-login.php HTTP/1.1" 200 7877 "https://wellnessway4u.com/blog/wp-login.php" "Mozilla/5.0 (Windows; U; Windows NT 6.1; de-DE) AppleWebKit/534.17 (KHTML, like Gecko) Chrome/10.0.649.0 Safari/534.17" "wellnessway4u.com"
10.213.116.211 - - [30/Dec/2022:23:16:40 -0800] "POST /blog/wp-cron.php?doing_wp_cron=1672471000.8763940334320068359375 HTTP/1.1" 200 - "https://wellnessway4u.com/blog/wp-cron.php?doing_wp_cron=1672471000.8763940334320068359375" "WordPress/6.0.3; https://wellnessway4u.com/blog" "wellnessway4u.com"
