185.119.81.106 - - [30/Oct/2022:23:57:58 -0700] "GET /blog/wp-login.php HTTP/1.1" 200 7865 "-" "Mozilla/5.0 (Windows NT 6.3; Win64; x64) AppleWebKit/537.36 (KHTML, like Gecko) Chrome/92.0.4515.159 Safari/537.36" "wellnessway4u.com"
120.88.189.19 - - [30/Oct/2022:23:58:12 -0700] "GET /activity.php HTTP/1.1" 200 79024 "https://wellnessway4u.com/pages.php?id=69" "Mozilla/5.0 (Windows NT 10.0; Win64; x64) AppleWebKit/537.36 (KHTML, like Gecko) Chrome/106.0.0.0 Safari/537.36" "wellnessway4u.com"
120.88.189.19 - - [30/Oct/2022:23:58:12 -0700] "GET /w_css/style.css?v=1667199492 HTTP/1.1" 200 12959 "https://wellnessway4u.com/activity.php" "Mozilla/5.0 (Windows NT 10.0; Win64; x64) AppleWebKit/537.36 (KHTML, like Gecko) Chrome/106.0.0.0 Safari/537.36" "wellnessway4u.com"
120.88.189.19 - - [30/Oct/2022:23:58:13 -0700] "GET /uploads/1392965951_LOGO3.png HTTP/1.1" 200 28788 "https://wellnessway4u.com/" "Mozilla/5.0 (Windows NT 10.0; Win64; x64) AppleWebKit/537.36 (KHTML, like Gecko) Chrome/106.0.0.0 Safari/537.36" "www.wellnessway4u.com"
120.88.189.19 - - [30/Oct/2022:23:58:13 -0700] "GET /w_js/commonfn.js?v=1667199492 HTTP/1.1" 200 16560 "https://wellnessway4u.com/activity.php" "Mozilla/5.0 (Windows NT 10.0; Win64; x64) AppleWebKit/537.36 (KHTML, like Gecko) Chrome/106.0.0.0 Safari/537.36" "wellnessway4u.com"
120.88.189.19 - - [30/Oct/2022:23:58:13 -0700] "GET /uploads/1392901493_logo2new1.png HTTP/1.1" 200 93513 "https://wellnessway4u.com/" "Mozilla/5.0 (Windows NT 10.0; Win64; x64) AppleWebKit/537.36 (KHTML, like Gecko) Chrome/106.0.0.0 Safari/537.36" "www.wellnessway4u.com"
120.88.189.19 - - [30/Oct/2022:23:58:13 -0700] "GET /uploads/1474612174_hero-cycle.jpg HTTP/1.1" 200 24758 "https://wellnessway4u.com/" "Mozilla/5.0 (Windows NT 10.0; Win64; x64) AppleWebKit/537.36 (KHTML, like Gecko) Chrome/106.0.0.0 Safari/537.36" "www.wellnessway4u.com"
120.88.189.19 - - [30/Oct/2022:23:58:13 -0700] "POST /remote.php?action=disable_activity_form HTTP/1.1" 200 4849 "https://wellnessway4u.com/activity.php" "Mozilla/5.0 (Windows NT 10.0; Win64; x64) AppleWebKit/537.36 (KHTML, like Gecko) Chrome/106.0.0.0 Safari/537.36" "wellnessway4u.com"
10.213.116.209 - - [30/Oct/2022:23:58:07 -0700] "POST /blog/wp-cron.php?doing_wp_cron=1667199487.2929630279541015625000 HTTP/1.1" 200 - "https://wellnessway4u.com/blog/wp-cron.php?doing_wp_cron=1667199487.2929630279541015625000" "WordPress/6.0.3; https://wellnessway4u.com/blog" "wellnessway4u.com"
185.119.81.106 - - [30/Oct/2022:23:58:09 -0700] "POST /blog/wp-login.php HTTP/1.1" 200 7889 "https://wellnessway4u.com/blog/wp-login.php" "Mozilla/5.0 (Windows NT 6.3; Win64; x64) AppleWebKit/537.36 (KHTML, like Gecko) Chrome/92.0.4515.159 Safari/537.36" "wellnessway4u.com"
185.119.81.100 - - [30/Oct/2022:23:58:20 -0700] "GET /blog/wp-login.php HTTP/1.1" 200 7867 "-" "Mozilla/5.0 (Windows NT 6.1; Win64; x64) AppleWebKit/537.36 (KHTML, like Gecko) Chrome/85.0.4183.102 Safari/537.36" "wellnessway4u.com"
185.119.81.99 - - [30/Oct/2022:23:58:31 -0700] "GET /blog/wp-login.php HTTP/1.1" 500 2158 "-" "Mozilla/5.0 (Windows NT 6.1; Win64; x64) AppleWebKit/537.36 (KHTML, like Gecko) Chrome/64.0.3282.186 Safari/537.36" "wellnessway4u.com"
185.119.81.100 - - [30/Oct/2022:23:58:29 -0700] "POST /blog/wp-login.php HTTP/1.1" 200 7888 "https://wellnessway4u.com/blog/wp-login.php" "Mozilla/5.0 (Windows NT 6.1; Win64; x64) AppleWebKit/537.36 (KHTML, like Gecko) Chrome/85.0.4183.102 Safari/537.36" "wellnessway4u.com"
120.88.189.19 - - [30/Oct/2022:23:58:45 -0700] "GET /pages.php?id=167 HTTP/1.1" 200 50004 "-" "Mozilla/5.0 (Windows NT 10.0; Win64; x64) AppleWebKit/537.36 (KHTML, like Gecko) Chrome/106.0.0.0 Safari/537.36" "wellnessway4u.com"
120.88.189.19 - - [30/Oct/2022:23:58:46 -0700] "GET /w_css/style.css?v=1667199525 HTTP/1.1" 200 12959 "https://wellnessway4u.com/pages.php?id=167" "Mozilla/5.0 (Windows NT 10.0; Win64; x64) AppleWebKit/537.36 (KHTML, like Gecko) Chrome/106.0.0.0 Safari/537.36" "wellnessway4u.com"
120.88.189.19 - - [30/Oct/2022:23:58:46 -0700] "GET /w_js/commonfn.js?v=1667199526 HTTP/1.1" 200 16560 "https://wellnessway4u.com/pages.php?id=167" "Mozilla/5.0 (Windows NT 10.0; Win64; x64) AppleWebKit/537.36 (KHTML, like Gecko) Chrome/106.0.0.0 Safari/537.36" "wellnessway4u.com"
185.119.81.109 - - [30/Oct/2022:23:58:43 -0700] "GET /blog/wp-login.php HTTP/1.1" 200 7867 "-" "Mozilla/5.0 (Windows NT 6.1; Win64; x64) AppleWebKit/537.36 (KHTML, like Gecko) Chrome/62.0.3202.94 Safari/537.36" "wellnessway4u.com"
120.88.189.19 - - [30/Oct/2022:23:58:57 -0700] "GET /pages.php?id=69 HTTP/1.1" 200 46024 "-" "Mozilla/5.0 (Windows NT 10.0; Win64; x64) AppleWebKit/537.36 (KHTML, like Gecko) Chrome/106.0.0.0 Safari/537.36" "wellnessway4u.com"
120.88.189.19 - - [30/Oct/2022:23:58:58 -0700] "GET /w_css/style.css?v=1667199537 HTTP/1.1" 200 12959 "https://wellnessway4u.com/pages.php?id=69" "Mozilla/5.0 (Windows NT 10.0; Win64; x64) AppleWebKit/537.36 (KHTML, like Gecko) Chrome/106.0.0.0 Safari/537.36" "wellnessway4u.com"
120.88.189.19 - - [30/Oct/2022:23:58:58 -0700] "GET /w_js/commonfn.js?v=1667199537 HTTP/1.1" 200 16560 "https://wellnessway4u.com/pages.php?id=69" "Mozilla/5.0 (Windows NT 10.0; Win64; x64) AppleWebKit/537.36 (KHTML, like Gecko) Chrome/106.0.0.0 Safari/537.36" "wellnessway4u.com"
10.213.116.210 - - [30/Oct/2022:23:58:50 -0700] "POST /blog/wp-cron.php?doing_wp_cron=1667199530.8521618843078613281250 HTTP/1.1" 200 - "https://wellnessway4u.com/blog/wp-cron.php?doing_wp_cron=1667199530.8521618843078613281250" "WordPress/6.0.3; https://wellnessway4u.com/blog" "wellnessway4u.com"
185.119.81.109 - - [30/Oct/2022:23:58:52 -0700] "POST /blog/wp-login.php HTTP/1.1" 200 7886 "https://wellnessway4u.com/blog/wp-login.php" "Mozilla/5.0 (Windows NT 6.1; Win64; x64) AppleWebKit/537.36 (KHTML, like Gecko) Chrome/62.0.3202.94 Safari/537.36" "wellnessway4u.com"
120.88.189.19 - - [30/Oct/2022:23:59:59 -0700] "POST /admin/index.php?mode=contents&msg=Page+Updateds+Successfully%21 HTTP/1.1" 200 41030 "https://wellnessway4u.com/admin/index.php?mode=contents&msg=Page+Updateds+Successfully%21" "Mozilla/5.0 (Windows NT 10.0; Win64; x64) AppleWebKit/537.36 (KHTML, like Gecko) Chrome/106.0.0.0 Safari/537.36" "wellnessway4u.com"
120.88.189.19 - - [31/Oct/2022:00:00:08 -0700] "GET /admin/index.php?mode=edit_content&page_id=69 HTTP/1.1" 200 48121 "https://wellnessway4u.com/admin/index.php?mode=contents&msg=Page+Updateds+Successfully%21" "Mozilla/5.0 (Windows NT 10.0; Win64; x64) AppleWebKit/537.36 (KHTML, like Gecko) Chrome/106.0.0.0 Safari/537.36" "wellnessway4u.com"
185.119.81.99 - - [31/Oct/2022:00:00:47 -0700] "GET /blog/wp-login.php HTTP/1.1" 200 7858 "-" "Mozilla/5.0 (Windows NT 10.0; Win64; x64) AppleWebKit/537.36 (KHTML, like Gecko) Chrome/68.0.3440.84 Safari/537.36" "wellnessway4u.com"
10.213.116.209 - - [31/Oct/2022:00:00:56 -0700] "POST /blog/wp-cron.php?doing_wp_cron=1667199656.0404539108276367187500 HTTP/1.1" 200 - "https://wellnessway4u.com/blog/wp-cron.php?doing_wp_cron=1667199656.0404539108276367187500" "WordPress/6.0.3; https://wellnessway4u.com/blog" "wellnessway4u.com"
185.119.81.99 - - [31/Oct/2022:00:00:58 -0700] "POST /blog/wp-login.php HTTP/1.1" 200 7882 "https://wellnessway4u.com/blog/wp-login.php" "Mozilla/5.0 (Windows NT 10.0; Win64; x64) AppleWebKit/537.36 (KHTML, like Gecko) Chrome/68.0.3440.84 Safari/537.36" "wellnessway4u.com"
185.119.81.106 - - [31/Oct/2022:00:01:30 -0700] "GET /blog/wp-login.php HTTP/1.1" 200 7650 "-" "Mozilla/5.0 (Windows NT 6.1; Win64; x64) AppleWebKit/537.36 (KHTML, like Gecko) Chrome/98.0.4758.102 Safari/537.36" "wellnessway4u.com"
10.213.116.209 - - [31/Oct/2022:00:01:40 -0700] "POST /blog/wp-cron.php?doing_wp_cron=1667199700.2528519630432128906250 HTTP/1.1" 200 - "https://wellnessway4u.com/blog/wp-cron.php?doing_wp_cron=1667199700.2528519630432128906250" "WordPress/6.0.3; https://wellnessway4u.com/blog" "wellnessway4u.com"
185.119.81.106 - - [31/Oct/2022:00:01:42 -0700] "POST /blog/wp-login.php HTTP/1.1" 200 7835 "https://wellnessway4u.com/blog/wp-login.php" "Mozilla/5.0 (Windows NT 6.1; Win64; x64) AppleWebKit/537.36 (KHTML, like Gecko) Chrome/98.0.4758.102 Safari/537.36" "wellnessway4u.com"
185.119.81.100 - - [31/Oct/2022:00:02:00 -0700] "GET /blog/wp-login.php HTTP/1.1" 200 7656 "-" "Mozilla/5.0 (Windows NT 10.0; Win64; x64) AppleWebKit/537.36 (KHTML, like Gecko) Chrome/94.0.4606.71 Safari/537.36" "wellnessway4u.com"
185.119.81.100 - - [31/Oct/2022:00:02:07 -0700] "POST /blog/wp-login.php HTTP/1.1" 200 7837 "https://wellnessway4u.com/blog/wp-login.php" "Mozilla/5.0 (Windows NT 10.0; Win64; x64) AppleWebKit/537.36 (KHTML, like Gecko) Chrome/94.0.4606.71 Safari/537.36" "wellnessway4u.com"
120.88.189.19 - - [31/Oct/2022:00:02:53 -0700] "POST /admin/index.php?mode=edit_content&page_id=69 HTTP/1.1" 302 48396 "https://wellnessway4u.com/admin/index.php?mode=edit_content&page_id=69" "Mozilla/5.0 (Windows NT 10.0; Win64; x64) AppleWebKit/537.36 (KHTML, like Gecko) Chrome/106.0.0.0 Safari/537.36" "wellnessway4u.com"
120.88.189.19 - - [31/Oct/2022:00:02:54 -0700] "GET /admin/index.php?mode=contents&msg=Page+Updateds+Successfully%21 HTTP/1.1" 200 103455 "https://wellnessway4u.com/admin/index.php?mode=edit_content&page_id=69" "Mozilla/5.0 (Windows NT 10.0; Win64; x64) AppleWebKit/537.36 (KHTML, like Gecko) Chrome/106.0.0.0 Safari/537.36" "wellnessway4u.com"
185.119.81.106 - - [31/Oct/2022:00:02:47 -0700] "GET /blog/wp-login.php HTTP/1.1" 200 7658 "-" "Mozilla/5.0 (Windows NT 10.0; WOW64) AppleWebKit/537.36 (KHTML, like Gecko) Chrome/72.0.3626.121 Safari/537.36" "wellnessway4u.com"
10.213.116.209 - - [31/Oct/2022:00:02:56 -0700] "POST /blog/wp-cron.php?doing_wp_cron=1667199776.1866741180419921875000 HTTP/1.1" 200 - "https://wellnessway4u.com/blog/wp-cron.php?doing_wp_cron=1667199776.1866741180419921875000" "WordPress/6.0.3; https://wellnessway4u.com/blog" "wellnessway4u.com"
185.119.81.106 - - [31/Oct/2022:00:02:58 -0700] "POST /blog/wp-login.php HTTP/1.1" 200 7835 "https://wellnessway4u.com/blog/wp-login.php" "Mozilla/5.0 (Windows NT 10.0; WOW64) AppleWebKit/537.36 (KHTML, like Gecko) Chrome/72.0.3626.121 Safari/537.36" "wellnessway4u.com"
120.88.189.19 - - [31/Oct/2022:00:03:24 -0700] "GET /pages.php?id=69 HTTP/1.1" 200 46287 "-" "Mozilla/5.0 (Windows NT 10.0; Win64; x64) AppleWebKit/537.36 (KHTML, like Gecko) Chrome/106.0.0.0 Safari/537.36" "wellnessway4u.com"
120.88.189.19 - - [31/Oct/2022:00:03:24 -0700] "GET /w_css/style.css?v=1667199804 HTTP/1.1" 200 12959 "https://wellnessway4u.com/pages.php?id=69" "Mozilla/5.0 (Windows NT 10.0; Win64; x64) AppleWebKit/537.36 (KHTML, like Gecko) Chrome/106.0.0.0 Safari/537.36" "wellnessway4u.com"
120.88.189.19 - - [31/Oct/2022:00:03:26 -0700] "GET /w_js/commonfn.js?v=1667199804 HTTP/1.1" 200 16560 "https://wellnessway4u.com/pages.php?id=69" "Mozilla/5.0 (Windows NT 10.0; Win64; x64) AppleWebKit/537.36 (KHTML, like Gecko) Chrome/106.0.0.0 Safari/537.36" "wellnessway4u.com"
185.119.81.99 - - [31/Oct/2022:00:03:48 -0700] "GET /blog/wp-login.php HTTP/1.1" 500 2155 "-" "Mozilla/5.0 (Windows NT 6.3; Win64; x64) AppleWebKit/537.36 (KHTML, like Gecko) Chrome/93.0.4577.82 Safari/537.36" "wellnessway4u.com"
120.88.189.19 - - [31/Oct/2022:00:04:31 -0700] "GET /my_canvas_report.php HTTP/1.1" 200 49777 "https://wellnessway4u.com/pages.php?id=69" "Mozilla/5.0 (Windows NT 10.0; Win64; x64) AppleWebKit/537.36 (KHTML, like Gecko) Chrome/106.0.0.0 Safari/537.36" "wellnessway4u.com"
120.88.189.19 - - [31/Oct/2022:00:04:31 -0700] "GET /w_css/style.css?v=1667199871 HTTP/1.1" 200 12959 "https://wellnessway4u.com/my_canvas_report.php" "Mozilla/5.0 (Windows NT 10.0; Win64; x64) AppleWebKit/537.36 (KHTML, like Gecko) Chrome/106.0.0.0 Safari/537.36" "wellnessway4u.com"
120.88.189.19 - - [31/Oct/2022:00:04:32 -0700] "GET /w_js/commonfn.js?v=1667199871 HTTP/1.1" 200 16560 "https://wellnessway4u.com/my_canvas_report.php" "Mozilla/5.0 (Windows NT 10.0; Win64; x64) AppleWebKit/537.36 (KHTML, like Gecko) Chrome/106.0.0.0 Safari/537.36" "wellnessway4u.com"
120.88.189.19 - - [31/Oct/2022:00:04:32 -0700] "GET /admin/js/fastselect.standalone.js HTTP/1.1" 200 7904 "https://wellnessway4u.com/my_canvas_report.php" "Mozilla/5.0 (Windows NT 10.0; Win64; x64) AppleWebKit/537.36 (KHTML, like Gecko) Chrome/106.0.0.0 Safari/537.36" "wellnessway4u.com"
185.119.81.109 - - [31/Oct/2022:00:06:29 -0700] "GET /blog/wp-login.php HTTP/1.1" 200 7655 "-" "Mozilla/5.0 (Windows NT 10.0; Win64; x64) AppleWebKit/537.36 (KHTML, like Gecko) Chrome/61.0.3163.100 Safari/537.36" "wellnessway4u.com"
10.213.116.211 - - [31/Oct/2022:00:06:39 -0700] "POST /blog/wp-cron.php?doing_wp_cron=1667199999.3069539070129394531250 HTTP/1.1" 200 - "https://wellnessway4u.com/blog/wp-cron.php?doing_wp_cron=1667199999.3069539070129394531250" "WordPress/6.0.3; https://wellnessway4u.com/blog" "wellnessway4u.com"
185.119.81.109 - - [31/Oct/2022:00:06:41 -0700] "POST /blog/wp-login.php HTTP/1.1" 200 7834 "https://wellnessway4u.com/blog/wp-login.php" "Mozilla/5.0 (Windows NT 10.0; Win64; x64) AppleWebKit/537.36 (KHTML, like Gecko) Chrome/61.0.3163.100 Safari/537.36" "wellnessway4u.com"
185.119.81.100 - - [31/Oct/2022:00:07:24 -0700] "GET /blog/wp-login.php HTTP/1.1" 200 7659 "-" "Mozilla/5.0 (Windows NT 6.1) AppleWebKit/537.36 (KHTML, like Gecko) Chrome/60.0.3112.113 Safari/537.36" "wellnessway4u.com"
185.119.81.100 - - [31/Oct/2022:00:07:35 -0700] "POST /blog/wp-login.php HTTP/1.1" 200 7834 "https://wellnessway4u.com/blog/wp-login.php" "Mozilla/5.0 (Windows NT 6.1) AppleWebKit/537.36 (KHTML, like Gecko) Chrome/60.0.3112.113 Safari/537.36" "wellnessway4u.com"
51.222.253.11 - - [31/Oct/2022:00:07:47 -0700] "GET /wsi_read_more.php?type=wsi&token=MTQ2OA== HTTP/1.1" 200 54577 "-" "Mozilla/5.0 (compatible; AhrefsBot/7.0; +http://ahrefs.com/robot/)" "wellnessway4u.com"
10.213.116.210 - - [31/Oct/2022:00:07:43 -0700] "POST /blog/wp-cron.php?doing_wp_cron=1667200063.1062169075012207031250 HTTP/1.1" 200 - "https://wellnessway4u.com/blog/wp-cron.php?doing_wp_cron=1667200063.1062169075012207031250" "WordPress/6.0.3; https://wellnessway4u.com/blog" "wellnessway4u.com"
185.119.81.101 - - [31/Oct/2022:00:07:46 -0700] "GET /blog/wp-login.php HTTP/1.1" 200 7652 "-" "Mozilla/5.0 (Windows NT 10.0; Win64; x64) AppleWebKit/537.36 (KHTML, like Gecko) Chrome/96.0.4664.45 Safari/537.36" "wellnessway4u.com"
185.119.81.101 - - [31/Oct/2022:00:07:56 -0700] "POST /blog/wp-login.php HTTP/1.1" 200 7835 "https://wellnessway4u.com/blog/wp-login.php" "Mozilla/5.0 (Windows NT 10.0; Win64; x64) AppleWebKit/537.36 (KHTML, like Gecko) Chrome/96.0.4664.45 Safari/537.36" "wellnessway4u.com"
185.119.81.99 - - [31/Oct/2022:00:08:04 -0700] "GET /blog/wp-login.php HTTP/1.1" 200 7653 "-" "Mozilla/5.0 (Windows NT 6.1) AppleWebKit/537.36 (KHTML, like Gecko) Chrome/39.0.2171.95 Safari/537.36" "wellnessway4u.com"
185.119.81.99 - - [31/Oct/2022:00:08:14 -0700] "POST /blog/wp-login.php HTTP/1.1" 200 7832 "https://wellnessway4u.com/blog/wp-login.php" "Mozilla/5.0 (Windows NT 6.1) AppleWebKit/537.36 (KHTML, like Gecko) Chrome/39.0.2171.95 Safari/537.36" "wellnessway4u.com"
185.119.81.99 - - [31/Oct/2022:00:08:16 -0700] "GET /blog/wp-login.php HTTP/1.1" 200 7656 "-" "Mozilla/5.0 (Windows NT 5.1; Win64; x64) AppleWebKit/537.36 (KHTML, like Gecko) Chrome/60.0.3112.90 Safari/537.36" "wellnessway4u.com"
185.119.81.99 - - [31/Oct/2022:00:08:24 -0700] "GET /blog/wp-login.php HTTP/1.1" 200 7658 "-" "Mozilla/5.0 (Windows NT 10.0; Win64; x64) AppleWebKit/537.36 (KHTML, like Gecko) Chrome/90.0.4430.72 Safari/537.36" "wellnessway4u.com"
185.119.81.99 - - [31/Oct/2022:00:08:25 -0700] "POST /blog/wp-login.php HTTP/1.1" 200 7837 "https://wellnessway4u.com/blog/wp-login.php" "Mozilla/5.0 (Windows NT 5.1; Win64; x64) AppleWebKit/537.36 (KHTML, like Gecko) Chrome/60.0.3112.90 Safari/537.36" "wellnessway4u.com"
185.119.81.99 - - [31/Oct/2022:00:08:33 -0700] "POST /blog/wp-login.php HTTP/1.1" 200 7878 "https://wellnessway4u.com/blog/wp-login.php" "Mozilla/5.0 (Windows NT 10.0; Win64; x64) AppleWebKit/537.36 (KHTML, like Gecko) Chrome/90.0.4430.72 Safari/537.36" "wellnessway4u.com"
10.213.116.209 - - [31/Oct/2022:00:08:41 -0700] "POST /blog/wp-cron.php?doing_wp_cron=1667200121.5366499423980712890625 HTTP/1.1" 200 - "https://wellnessway4u.com/blog/wp-cron.php?doing_wp_cron=1667200121.5366499423980712890625" "WordPress/6.0.3; https://wellnessway4u.com/blog" "wellnessway4u.com"
120.88.189.19 - - [31/Oct/2022:00:09:04 -0700] "GET /w_css/editor.css HTTP/1.1" 200 3282 "https://wellnessway4u.com/design-my-life.php?&ref_num=Dsgn-001,Dsgn-003,Dsgn-005,Dsgn-007,Dsgn-009,Dsgn-010&fav_cat_id=406&group_id=556,group_id=557" "Mozilla/5.0 (Windows NT 10.0; Win64; x64) AppleWebKit/537.36 (KHTML, like Gecko) Chrome/106.0.0.0 Safari/537.36" "wellnessway4u.com"
120.88.189.19 - - [31/Oct/2022:00:09:04 -0700] "GET /w_css/style.css?v=1667200143 HTTP/1.1" 200 12959 "https://wellnessway4u.com/design-my-life.php?&ref_num=Dsgn-001,Dsgn-003,Dsgn-005,Dsgn-007,Dsgn-009,Dsgn-010&fav_cat_id=406&group_id=556,group_id=557" "Mozilla/5.0 (Windows NT 10.0; Win64; x64) AppleWebKit/537.36 (KHTML, like Gecko) Chrome/106.0.0.0 Safari/537.36" "wellnessway4u.com"
120.88.189.19 - - [31/Oct/2022:00:08:55 -0700] "GET /design-my-life.php?&ref_num=Dsgn-001,Dsgn-003,Dsgn-005,Dsgn-007,Dsgn-009,Dsgn-010&fav_cat_id=406&group_id=556,group_id=557 HTTP/1.1" 200 97102 "https://wellnessway4u.com/pages.php?id=69" "Mozilla/5.0 (Windows NT 10.0; Win64; x64) AppleWebKit/537.36 (KHTML, like Gecko) Chrome/106.0.0.0 Safari/537.36" "wellnessway4u.com"
120.88.189.19 - - [31/Oct/2022:00:09:05 -0700] "GET /uploads/1548908299_7%20DAY%20ICON%20CHALLENGE.jpg HTTP/1.1" 200 7247 "https://wellnessway4u.com/design-my-life.php?&ref_num=Dsgn-001,Dsgn-003,Dsgn-005,Dsgn-007,Dsgn-009,Dsgn-010&fav_cat_id=406&group_id=556,group_id=557" "Mozilla/5.0 (Windows NT 10.0; Win64; x64) AppleWebKit/537.36 (KHTML, like Gecko) Chrome/106.0.0.0 Safari/537.36" "wellnessway4u.com"
120.88.189.19 - - [31/Oct/2022:00:09:05 -0700] "GET /uploads/1510750896_laughter.jpg HTTP/1.1" 200 11553 "https://wellnessway4u.com/design-my-life.php?&ref_num=Dsgn-001,Dsgn-003,Dsgn-005,Dsgn-007,Dsgn-009,Dsgn-010&fav_cat_id=406&group_id=556,group_id=557" "Mozilla/5.0 (Windows NT 10.0; Win64; x64) AppleWebKit/537.36 (KHTML, like Gecko) Chrome/106.0.0.0 Safari/537.36" "wellnessway4u.com"
120.88.189.19 - - [31/Oct/2022:00:09:05 -0700] "GET /uploads/1548907504_good%20deed%20h.jpg HTTP/1.1" 200 16646 "https://wellnessway4u.com/design-my-life.php?&ref_num=Dsgn-001,Dsgn-003,Dsgn-005,Dsgn-007,Dsgn-009,Dsgn-010&fav_cat_id=406&group_id=556,group_id=557" "Mozilla/5.0 (Windows NT 10.0; Win64; x64) AppleWebKit/537.36 (KHTML, like Gecko) Chrome/106.0.0.0 Safari/537.36" "wellnessway4u.com"
120.88.189.19 - - [31/Oct/2022:00:09:05 -0700] "GET /my_life_pattrns.php HTTP/1.1" 200 110409 "https://wellnessway4u.com/pages.php?id=69" "Mozilla/5.0 (Windows NT 10.0; Win64; x64) AppleWebKit/537.36 (KHTML, like Gecko) Chrome/106.0.0.0 Safari/537.36" "wellnessway4u.com"
120.88.189.19 - - [31/Oct/2022:00:09:07 -0700] "GET /w_css/style.css?v=1667200145 HTTP/1.1" 200 12959 "https://wellnessway4u.com/my_life_pattrns.php" "Mozilla/5.0 (Windows NT 10.0; Win64; x64) AppleWebKit/537.36 (KHTML, like Gecko) Chrome/106.0.0.0 Safari/537.36" "wellnessway4u.com"
120.88.189.19 - - [31/Oct/2022:00:09:08 -0700] "GET /uploads/1621235988_natural%20resource%205.jpg HTTP/1.1" 200 6926 "https://wellnessway4u.com/design-my-life.php?&ref_num=Dsgn-001,Dsgn-003,Dsgn-005,Dsgn-007,Dsgn-009,Dsgn-010&fav_cat_id=406&group_id=556,group_id=557" "Mozilla/5.0 (Windows NT 10.0; Win64; x64) AppleWebKit/537.36 (KHTML, like Gecko) Chrome/106.0.0.0 Safari/537.36" "wellnessway4u.com"
120.88.189.19 - - [31/Oct/2022:00:09:08 -0700] "GET /uploads/1510751446_frustrated.jpg HTTP/1.1" 200 10367 "https://wellnessway4u.com/design-my-life.php?&ref_num=Dsgn-001,Dsgn-003,Dsgn-005,Dsgn-007,Dsgn-009,Dsgn-010&fav_cat_id=406&group_id=556,group_id=557" "Mozilla/5.0 (Windows NT 10.0; Win64; x64) AppleWebKit/537.36 (KHTML, like Gecko) Chrome/106.0.0.0 Safari/537.36" "wellnessway4u.com"
120.88.189.19 - - [31/Oct/2022:00:09:08 -0700] "GET /uploads/1621233292_images%20(19).jpeg HTTP/1.1" 200 7544 "https://wellnessway4u.com/design-my-life.php?&ref_num=Dsgn-001,Dsgn-003,Dsgn-005,Dsgn-007,Dsgn-009,Dsgn-010&fav_cat_id=406&group_id=556,group_id=557" "Mozilla/5.0 (Windows NT 10.0; Win64; x64) AppleWebKit/537.36 (KHTML, like Gecko) Chrome/106.0.0.0 Safari/537.36" "wellnessway4u.com"
120.88.189.19 - - [31/Oct/2022:00:09:08 -0700] "GET /w_js/commonfn.js?v=1667200144 HTTP/1.1" 200 16560 "https://wellnessway4u.com/design-my-life.php?&ref_num=Dsgn-001,Dsgn-003,Dsgn-005,Dsgn-007,Dsgn-009,Dsgn-010&fav_cat_id=406&group_id=556,group_id=557" "Mozilla/5.0 (Windows NT 10.0; Win64; x64) AppleWebKit/537.36 (KHTML, like Gecko) Chrome/106.0.0.0 Safari/537.36" "wellnessway4u.com"
120.88.189.19 - - [31/Oct/2022:00:09:08 -0700] "GET /w_css/editor.js HTTP/1.1" 200 14404 "https://wellnessway4u.com/design-my-life.php?&ref_num=Dsgn-001,Dsgn-003,Dsgn-005,Dsgn-007,Dsgn-009,Dsgn-010&fav_cat_id=406&group_id=556,group_id=557" "Mozilla/5.0 (Windows NT 10.0; Win64; x64) AppleWebKit/537.36 (KHTML, like Gecko) Chrome/106.0.0.0 Safari/537.36" "wellnessway4u.com"
120.88.189.19 - - [31/Oct/2022:00:09:08 -0700] "GET /w_js/commonfn.js?v=1667200145 HTTP/1.1" 200 16560 "https://wellnessway4u.com/my_life_pattrns.php" "Mozilla/5.0 (Windows NT 10.0; Win64; x64) AppleWebKit/537.36 (KHTML, like Gecko) Chrome/106.0.0.0 Safari/537.36" "wellnessway4u.com"
120.88.189.19 - - [31/Oct/2022:00:09:08 -0700] "GET /uploads/1594100550_comment_show%20OLD.png HTTP/1.1" 200 2115 "https://wellnessway4u.com/" "Mozilla/5.0 (Windows NT 10.0; Win64; x64) AppleWebKit/537.36 (KHTML, like Gecko) Chrome/106.0.0.0 Safari/537.36" "www.wellnessway4u.com"
185.119.81.99 - - [31/Oct/2022:00:09:25 -0700] "GET /blog/wp-login.php HTTP/1.1" 500 2156 "-" "Mozilla/5.0 (Windows NT 10.0; Win64; x64) AppleWebKit/537.36 (KHTML, like Gecko) Chrome/86.0.4240.75 Safari/537.36" "wellnessway4u.com"
120.88.189.19 - - [31/Oct/2022:00:09:38 -0700] "POST /admin/index.php?mode=contents&msg=Page+Updateds+Successfully%21 HTTP/1.1" 200 41030 "https://wellnessway4u.com/admin/index.php?mode=contents&msg=Page+Updateds+Successfully%21" "Mozilla/5.0 (Windows NT 10.0; Win64; x64) AppleWebKit/537.36 (KHTML, like Gecko) Chrome/106.0.0.0 Safari/537.36" "wellnessway4u.com"
120.88.189.19 - - [31/Oct/2022:00:09:42 -0700] "GET /admin/index.php?mode=edit_content&page_id=69 HTTP/1.1" 200 48396 "https://wellnessway4u.com/admin/index.php?mode=contents&msg=Page+Updateds+Successfully%21" "Mozilla/5.0 (Windows NT 10.0; Win64; x64) AppleWebKit/537.36 (KHTML, like Gecko) Chrome/106.0.0.0 Safari/537.36" "wellnessway4u.com"
120.88.189.19 - - [31/Oct/2022:00:10:35 -0700] "GET /my_adviser_queries.php HTTP/1.1" 200 54705 "https://www.wellnessway4u.com/user_dashboard.php" "Mozilla/5.0 (Windows NT 10.0; Win64; x64) AppleWebKit/537.36 (KHTML, like Gecko) Chrome/106.0.0.0 Safari/537.36" "www.wellnessway4u.com"
120.88.189.19 - - [31/Oct/2022:00:10:36 -0700] "GET /w_css/style.css?v=1667200236 HTTP/1.1" 200 12959 "https://www.wellnessway4u.com/my_adviser_queries.php" "Mozilla/5.0 (Windows NT 10.0; Win64; x64) AppleWebKit/537.36 (KHTML, like Gecko) Chrome/106.0.0.0 Safari/537.36" "www.wellnessway4u.com"
120.88.189.19 - - [31/Oct/2022:00:10:37 -0700] "GET /w_js/commonfn.js?v=1667200236 HTTP/1.1" 200 16560 "https://www.wellnessway4u.com/my_adviser_queries.php" "Mozilla/5.0 (Windows NT 10.0; Win64; x64) AppleWebKit/537.36 (KHTML, like Gecko) Chrome/106.0.0.0 Safari/537.36" "www.wellnessway4u.com"
120.88.189.19 - - [31/Oct/2022:00:10:37 -0700] "POST /remote.php HTTP/1.1" 200 670 "https://www.wellnessway4u.com/my_adviser_queries.php" "Mozilla/5.0 (Windows NT 10.0; Win64; x64) AppleWebKit/537.36 (KHTML, like Gecko) Chrome/106.0.0.0 Safari/537.36" "www.wellnessway4u.com"
74.208.136.135 - - [31/Oct/2022:00:11:35 -0700] "GET / HTTP/1.1" 200 36768 "-" "FreeWebMonitoring SiteChecker/0.2 (+https://www.freewebmonitoring.com/bot.html)" "www.wellnessway4u.com"
114.119.143.103 - - [31/Oct/2022:00:16:08 -0700] "GET /robots.txt HTTP/1.1" 200 60 "-" "Mozilla/5.0 (compatible;PetalBot;+https://webmaster.petalsearch.com/site/petalbot)" "www.wellnessway4u.com"
185.119.81.109 - - [31/Oct/2022:00:16:10 -0700] "GET /blog/wp-login.php HTTP/1.1" 200 7862 "-" "Mozilla/5.0 (Windows NT 10.0; WOW64) AppleWebKit/537.36 (KHTML, like Gecko) Chrome/53.0.2785.143 Safari/537.36" "wellnessway4u.com"
10.213.116.211 - - [31/Oct/2022:00:16:21 -0700] "POST /blog/wp-cron.php?doing_wp_cron=1667200581.5266110897064208984375 HTTP/1.1" 200 - "https://wellnessway4u.com/blog/wp-cron.php?doing_wp_cron=1667200581.5266110897064208984375" "WordPress/6.0.3; https://wellnessway4u.com/blog" "wellnessway4u.com"
185.119.81.109 - - [31/Oct/2022:00:16:23 -0700] "POST /blog/wp-login.php HTTP/1.1" 200 7883 "https://wellnessway4u.com/blog/wp-login.php" "Mozilla/5.0 (Windows NT 10.0; WOW64) AppleWebKit/537.36 (KHTML, like Gecko) Chrome/53.0.2785.143 Safari/537.36" "wellnessway4u.com"
185.119.81.106 - - [31/Oct/2022:00:16:31 -0700] "GET /blog/wp-login.php HTTP/1.1" 200 7863 "-" "Mozilla/5.0 (Windows NT 10.0; Win64; x64) AppleWebKit/537.36 (KHTML, like Gecko) Chrome/76.0.3809.100 Safari/537.36" "wellnessway4u.com"
10.213.116.210 - - [31/Oct/2022:00:16:41 -0700] "POST /blog/wp-cron.php?doing_wp_cron=1667200600.9774689674377441406250 HTTP/1.1" 200 - "https://wellnessway4u.com/blog/wp-cron.php?doing_wp_cron=1667200600.9774689674377441406250" "WordPress/6.0.3; https://wellnessway4u.com/blog" "wellnessway4u.com"
185.119.81.106 - - [31/Oct/2022:00:16:42 -0700] "POST /blog/wp-login.php HTTP/1.1" 200 7881 "https://wellnessway4u.com/blog/wp-login.php" "Mozilla/5.0 (Windows NT 10.0; Win64; x64) AppleWebKit/537.36 (KHTML, like Gecko) Chrome/76.0.3809.100 Safari/537.36" "wellnessway4u.com"
120.88.189.19 - - [31/Oct/2022:00:18:23 -0700] "GET /my_adviser_queries.php HTTP/1.1" 200 54563 "https://www.wellnessway4u.com/user_dashboard.php" "Mozilla/5.0 (Windows NT 10.0; Win64; x64) AppleWebKit/537.36 (KHTML, like Gecko) Chrome/106.0.0.0 Safari/537.36" "www.wellnessway4u.com"
120.88.189.19 - - [31/Oct/2022:00:18:24 -0700] "GET /w_css/style.css?v=1667200704 HTTP/1.1" 200 12959 "https://www.wellnessway4u.com/my_adviser_queries.php" "Mozilla/5.0 (Windows NT 10.0; Win64; x64) AppleWebKit/537.36 (KHTML, like Gecko) Chrome/106.0.0.0 Safari/537.36" "www.wellnessway4u.com"
120.88.189.19 - - [31/Oct/2022:00:18:25 -0700] "GET /w_js/commonfn.js?v=1667200704 HTTP/1.1" 200 16560 "https://www.wellnessway4u.com/my_adviser_queries.php" "Mozilla/5.0 (Windows NT 10.0; Win64; x64) AppleWebKit/537.36 (KHTML, like Gecko) Chrome/106.0.0.0 Safari/537.36" "www.wellnessway4u.com"
120.88.189.19 - - [31/Oct/2022:00:18:34 -0700] "POST /admin/index.php?mode=edit_content&page_id=69 HTTP/1.1" 302 48808 "https://wellnessway4u.com/admin/index.php?mode=edit_content&page_id=69" "Mozilla/5.0 (Windows NT 10.0; Win64; x64) AppleWebKit/537.36 (KHTML, like Gecko) Chrome/106.0.0.0 Safari/537.36" "wellnessway4u.com"
120.88.189.19 - - [31/Oct/2022:00:18:35 -0700] "GET /admin/index.php?mode=contents&msg=Page+Updateds+Successfully%21 HTTP/1.1" 200 103455 "https://wellnessway4u.com/admin/index.php?mode=edit_content&page_id=69" "Mozilla/5.0 (Windows NT 10.0; Win64; x64) AppleWebKit/537.36 (KHTML, like Gecko) Chrome/106.0.0.0 Safari/537.36" "wellnessway4u.com"
120.88.189.19 - - [31/Oct/2022:00:20:15 -0700] "GET /fonts/arial.ttf HTTP/1.1" 404 88 "https://www.wellnessway4u.com/w_css/style.css?v=1667200704" "Mozilla/5.0 (Windows NT 10.0; Win64; x64) AppleWebKit/537.36 (KHTML, like Gecko) Chrome/106.0.0.0 Safari/537.36" "www.wellnessway4u.com"
185.119.81.99 - - [31/Oct/2022:00:20:07 -0700] "GET /blog/wp-login.php HTTP/1.1" 200 7857 "-" "Mozilla/5.0 (Windows NT 6.3; Win64; x64) AppleWebKit/537.36 (KHTML, like Gecko) Chrome/70.0.3538.67 Safari/537.36" "wellnessway4u.com"
185.119.81.99 - - [31/Oct/2022:00:20:18 -0700] "POST /blog/wp-login.php HTTP/1.1" 200 7880 "https://wellnessway4u.com/blog/wp-login.php" "Mozilla/5.0 (Windows NT 6.3; Win64; x64) AppleWebKit/537.36 (KHTML, like Gecko) Chrome/70.0.3538.67 Safari/537.36" "wellnessway4u.com"
10.213.116.211 - - [31/Oct/2022:00:20:16 -0700] "POST /blog/wp-cron.php?doing_wp_cron=1667200816.2904329299926757812500 HTTP/1.1" 200 - "https://wellnessway4u.com/blog/wp-cron.php?doing_wp_cron=1667200816.2904329299926757812500" "WordPress/6.0.3; https://wellnessway4u.com/blog" "wellnessway4u.com"
120.88.189.19 - - [31/Oct/2022:00:20:31 -0700] "GET /w_css/style.css?v=1667200831 HTTP/1.1" 200 12959 "https://www.wellnessway4u.com/my_adviser_queries.php" "Mozilla/5.0 (Windows NT 10.0; Win64; x64) AppleWebKit/537.36 (KHTML, like Gecko) Chrome/106.0.0.0 Safari/537.36" "www.wellnessway4u.com"
120.88.189.19 - - [31/Oct/2022:00:20:32 -0700] "GET /uploads/1548908299_7%20DAY%20ICON%20CHALLENGE.jpg HTTP/1.1" 200 7247 "https://www.wellnessway4u.com/my_adviser_queries.php" "Mozilla/5.0 (Windows NT 10.0; Win64; x64) AppleWebKit/537.36 (KHTML, like Gecko) Chrome/106.0.0.0 Safari/537.36" "www.wellnessway4u.com"
120.88.189.19 - - [31/Oct/2022:00:20:32 -0700] "GET /uploads/1510732627_Photo_equipment_1-128.png HTTP/1.1" 200 2650 "https://www.wellnessway4u.com/my_adviser_queries.php" "Mozilla/5.0 (Windows NT 10.0; Win64; x64) AppleWebKit/537.36 (KHTML, like Gecko) Chrome/106.0.0.0 Safari/537.36" "www.wellnessway4u.com"
120.88.189.19 - - [31/Oct/2022:00:20:29 -0700] "POST /my_adviser_queries.php HTTP/1.1" 200 175044 "https://www.wellnessway4u.com/my_adviser_queries.php" "Mozilla/5.0 (Windows NT 10.0; Win64; x64) AppleWebKit/537.36 (KHTML, like Gecko) Chrome/106.0.0.0 Safari/537.36" "www.wellnessway4u.com"
120.88.189.19 - - [31/Oct/2022:00:20:32 -0700] "GET /uploads/1548855950_my%20gratitude%20bowl.jpg HTTP/1.1" 200 9642 "https://www.wellnessway4u.com/my_adviser_queries.php" "Mozilla/5.0 (Windows NT 10.0; Win64; x64) AppleWebKit/537.36 (KHTML, like Gecko) Chrome/106.0.0.0 Safari/537.36" "www.wellnessway4u.com"
120.88.189.19 - - [31/Oct/2022:00:20:34 -0700] "GET /w_js/commonfn.js?v=1667200832 HTTP/1.1" 200 16560 "https://www.wellnessway4u.com/my_adviser_queries.php" "Mozilla/5.0 (Windows NT 10.0; Win64; x64) AppleWebKit/537.36 (KHTML, like Gecko) Chrome/106.0.0.0 Safari/537.36" "www.wellnessway4u.com"
185.119.81.109 - - [31/Oct/2022:00:22:54 -0700] "GET /blog/wp-login.php HTTP/1.1" 200 7861 "-" "Mozilla/5.0 (Windows NT 10.0; Win64; x64) AppleWebKit/537.36 (KHTML, like Gecko) Chrome/60.0.3112.113 Safari/537.36" "wellnessway4u.com"
10.213.116.211 - - [31/Oct/2022:00:23:04 -0700] "POST /blog/wp-cron.php?doing_wp_cron=1667200984.0934000015258789062500 HTTP/1.1" 200 - "https://wellnessway4u.com/blog/wp-cron.php?doing_wp_cron=1667200984.0934000015258789062500" "WordPress/6.0.3; https://wellnessway4u.com/blog" "wellnessway4u.com"
185.119.81.109 - - [31/Oct/2022:00:23:06 -0700] "POST /blog/wp-login.php HTTP/1.1" 200 7884 "https://wellnessway4u.com/blog/wp-login.php" "Mozilla/5.0 (Windows NT 10.0; Win64; x64) AppleWebKit/537.36 (KHTML, like Gecko) Chrome/60.0.3112.113 Safari/537.36" "wellnessway4u.com"
120.88.189.19 - - [31/Oct/2022:00:24:39 -0700] "GET /pages.php?id=69 HTTP/1.1" 200 46699 "-" "Mozilla/5.0 (Windows NT 10.0; Win64; x64) AppleWebKit/537.36 (KHTML, like Gecko) Chrome/106.0.0.0 Safari/537.36" "wellnessway4u.com"
120.88.189.19 - - [31/Oct/2022:00:24:40 -0700] "GET /w_css/style.css?v=1667201079 HTTP/1.1" 200 12959 "https://wellnessway4u.com/pages.php?id=69" "Mozilla/5.0 (Windows NT 10.0; Win64; x64) AppleWebKit/537.36 (KHTML, like Gecko) Chrome/106.0.0.0 Safari/537.36" "wellnessway4u.com"
120.88.189.19 - - [31/Oct/2022:00:24:40 -0700] "GET /w_js/commonfn.js?v=1667201079 HTTP/1.1" 200 16560 "https://wellnessway4u.com/pages.php?id=69" "Mozilla/5.0 (Windows NT 10.0; Win64; x64) AppleWebKit/537.36 (KHTML, like Gecko) Chrome/106.0.0.0 Safari/537.36" "wellnessway4u.com"
120.88.189.19 - - [31/Oct/2022:00:24:47 -0700] "GET /refer_a_adviser.php HTTP/1.1" 200 50456 "https://wellnessway4u.com/pages.php?id=69" "Mozilla/5.0 (Windows NT 10.0; Win64; x64) AppleWebKit/537.36 (KHTML, like Gecko) Chrome/106.0.0.0 Safari/537.36" "wellnessway4u.com"
120.88.189.19 - - [31/Oct/2022:00:24:47 -0700] "GET /w_css/style.css?v=1667201087 HTTP/1.1" 200 12959 "https://wellnessway4u.com/refer_a_adviser.php" "Mozilla/5.0 (Windows NT 10.0; Win64; x64) AppleWebKit/537.36 (KHTML, like Gecko) Chrome/106.0.0.0 Safari/537.36" "wellnessway4u.com"
120.88.189.19 - - [31/Oct/2022:00:24:48 -0700] "GET /w_js/commonfn.js?v=1667201087 HTTP/1.1" 200 16560 "https://wellnessway4u.com/refer_a_adviser.php" "Mozilla/5.0 (Windows NT 10.0; Win64; x64) AppleWebKit/537.36 (KHTML, like Gecko) Chrome/106.0.0.0 Safari/537.36" "wellnessway4u.com"
120.88.189.19 - - [31/Oct/2022:00:24:49 -0700] "GET /fonts/arial.ttf HTTP/1.1" 404 88 "https://wellnessway4u.com/w_css/style.css?v=1667201087" "Mozilla/5.0 (Windows NT 10.0; Win64; x64) AppleWebKit/537.36 (KHTML, like Gecko) Chrome/106.0.0.0 Safari/537.36" "wellnessway4u.com"
120.88.189.19 - - [31/Oct/2022:00:24:59 -0700] "GET /my_adviser_queries.php HTTP/1.1" 200 54563 "https://wellnessway4u.com/pages.php?id=69" "Mozilla/5.0 (Windows NT 10.0; Win64; x64) AppleWebKit/537.36 (KHTML, like Gecko) Chrome/106.0.0.0 Safari/537.36" "wellnessway4u.com"
120.88.189.19 - - [31/Oct/2022:00:24:59 -0700] "GET /w_css/style.css?v=1667201099 HTTP/1.1" 200 12959 "https://wellnessway4u.com/my_adviser_queries.php" "Mozilla/5.0 (Windows NT 10.0; Win64; x64) AppleWebKit/537.36 (KHTML, like Gecko) Chrome/106.0.0.0 Safari/537.36" "wellnessway4u.com"
120.88.189.19 - - [31/Oct/2022:00:25:00 -0700] "GET /w_js/commonfn.js?v=1667201099 HTTP/1.1" 200 16560 "https://wellnessway4u.com/my_adviser_queries.php" "Mozilla/5.0 (Windows NT 10.0; Win64; x64) AppleWebKit/537.36 (KHTML, like Gecko) Chrome/106.0.0.0 Safari/537.36" "wellnessway4u.com"
185.119.81.109 - - [31/Oct/2022:00:26:36 -0700] "GET /blog/wp-login.php HTTP/1.1" 200 7860 "-" "Mozilla/5.0 (Windows NT 4.0; WOW64) AppleWebKit/537.36 (KHTML, like Gecko) Chrome/37.0.2049.0 Safari/537.36" "wellnessway4u.com"
185.119.81.109 - - [31/Oct/2022:00:26:48 -0700] "POST /blog/wp-login.php HTTP/1.1" 500 2162 "https://wellnessway4u.com/blog/wp-login.php" "Mozilla/5.0 (Windows NT 4.0; WOW64) AppleWebKit/537.36 (KHTML, like Gecko) Chrome/37.0.2049.0 Safari/537.36" "wellnessway4u.com"
10.213.116.211 - - [31/Oct/2022:00:26:46 -0700] "POST /blog/wp-cron.php?doing_wp_cron=1667201206.0515370368957519531250 HTTP/1.1" 200 - "https://wellnessway4u.com/blog/wp-cron.php?doing_wp_cron=1667201206.0515370368957519531250" "WordPress/6.0.3; https://wellnessway4u.com/blog" "wellnessway4u.com"
185.119.81.106 - - [31/Oct/2022:00:28:56 -0700] "GET /blog/wp-login.php HTTP/1.1" 200 7654 "-" "Mozilla/5.0 (Windows NT 6.3; Win64; x64) AppleWebKit/537.36 (KHTML, like Gecko) Chrome/58.0.3029.110 Safari/537.36" "wellnessway4u.com"
185.119.81.106 - - [31/Oct/2022:00:29:08 -0700] "POST /blog/wp-login.php HTTP/1.1" 500 2155 "https://wellnessway4u.com/blog/wp-login.php" "Mozilla/5.0 (Windows NT 6.3; Win64; x64) AppleWebKit/537.36 (KHTML, like Gecko) Chrome/58.0.3029.110 Safari/537.36" "wellnessway4u.com"
10.213.116.211 - - [31/Oct/2022:00:29:06 -0700] "POST /blog/wp-cron.php?doing_wp_cron=1667201346.5813341140747070312500 HTTP/1.1" 200 - "https://wellnessway4u.com/blog/wp-cron.php?doing_wp_cron=1667201346.5813341140747070312500" "WordPress/6.0.3; https://wellnessway4u.com/blog" "wellnessway4u.com"
120.88.189.19 - - [31/Oct/2022:00:29:23 -0700] "GET /my_adviser_queries.php HTTP/1.1" 200 54563 "https://wellnessway4u.com/pages.php?id=69" "Mozilla/5.0 (Windows NT 10.0; Win64; x64) AppleWebKit/537.36 (KHTML, like Gecko) Chrome/106.0.0.0 Safari/537.36" "wellnessway4u.com"
120.88.189.19 - - [31/Oct/2022:00:29:24 -0700] "GET /w_css/style.css?v=1667201363 HTTP/1.1" 200 12959 "https://wellnessway4u.com/my_adviser_queries.php" "Mozilla/5.0 (Windows NT 10.0; Win64; x64) AppleWebKit/537.36 (KHTML, like Gecko) Chrome/106.0.0.0 Safari/537.36" "wellnessway4u.com"
120.88.189.19 - - [31/Oct/2022:00:29:24 -0700] "GET /w_js/commonfn.js?v=1667201363 HTTP/1.1" 200 16560 "https://wellnessway4u.com/my_adviser_queries.php" "Mozilla/5.0 (Windows NT 10.0; Win64; x64) AppleWebKit/537.36 (KHTML, like Gecko) Chrome/106.0.0.0 Safari/537.36" "wellnessway4u.com"
185.119.81.101 - - [31/Oct/2022:00:29:17 -0700] "GET /blog/wp-login.php HTTP/1.1" 200 7659 "-" "Mozilla/5.0 (Windows NT 6.3; WOW64) AppleWebKit/537.36 (KHTML, like Gecko) Chrome/51.0.2704.106 Safari/537.36" "wellnessway4u.com"
120.88.189.19 - - [31/Oct/2022:00:29:31 -0700] "GET /event-listing.php HTTP/1.1" 200 59947 "https://wellnessway4u.com/pages.php?id=69" "Mozilla/5.0 (Windows NT 10.0; Win64; x64) AppleWebKit/537.36 (KHTML, like Gecko) Chrome/106.0.0.0 Safari/537.36" "wellnessway4u.com"
120.88.189.19 - - [31/Oct/2022:00:29:32 -0700] "GET /w_css/style.css?v=1667201371 HTTP/1.1" 200 12959 "https://wellnessway4u.com/event-listing.php" "Mozilla/5.0 (Windows NT 10.0; Win64; x64) AppleWebKit/537.36 (KHTML, like Gecko) Chrome/106.0.0.0 Safari/537.36" "wellnessway4u.com"
120.88.189.19 - - [31/Oct/2022:00:29:32 -0700] "GET /w_js/commonfn.js?v=1667201371 HTTP/1.1" 200 16560 "https://wellnessway4u.com/event-listing.php" "Mozilla/5.0 (Windows NT 10.0; Win64; x64) AppleWebKit/537.36 (KHTML, like Gecko) Chrome/106.0.0.0 Safari/537.36" "wellnessway4u.com"
120.88.189.19 - - [31/Oct/2022:00:29:33 -0700] "GET /fonts/arial.ttf HTTP/1.1" 404 88 "https://wellnessway4u.com/w_css/style.css?v=1667201371" "Mozilla/5.0 (Windows NT 10.0; Win64; x64) AppleWebKit/537.36 (KHTML, like Gecko) Chrome/106.0.0.0 Safari/537.36" "wellnessway4u.com"
185.119.81.101 - - [31/Oct/2022:00:29:26 -0700] "POST /blog/wp-login.php HTTP/1.1" 200 7848 "https://wellnessway4u.com/blog/wp-login.php" "Mozilla/5.0 (Windows NT 6.3; WOW64) AppleWebKit/537.36 (KHTML, like Gecko) Chrome/51.0.2704.106 Safari/537.36" "wellnessway4u.com"
120.88.189.19 - - [31/Oct/2022:00:29:47 -0700] "GET /my_adviser_queries.php HTTP/1.1" 200 54563 "https://wellnessway4u.com/pages.php?id=69" "Mozilla/5.0 (Windows NT 10.0; Win64; x64) AppleWebKit/537.36 (KHTML, like Gecko) Chrome/106.0.0.0 Safari/537.36" "wellnessway4u.com"
120.88.189.19 - - [31/Oct/2022:00:29:48 -0700] "GET /w_css/style.css?v=1667201387 HTTP/1.1" 200 12959 "https://wellnessway4u.com/my_adviser_queries.php" "Mozilla/5.0 (Windows NT 10.0; Win64; x64) AppleWebKit/537.36 (KHTML, like Gecko) Chrome/106.0.0.0 Safari/537.36" "wellnessway4u.com"
120.88.189.19 - - [31/Oct/2022:00:29:49 -0700] "GET /w_js/commonfn.js?v=1667201388 HTTP/1.1" 200 16560 "https://wellnessway4u.com/my_adviser_queries.php" "Mozilla/5.0 (Windows NT 10.0; Win64; x64) AppleWebKit/537.36 (KHTML, like Gecko) Chrome/106.0.0.0 Safari/537.36" "wellnessway4u.com"
120.88.189.19 - - [31/Oct/2022:00:30:00 -0700] "GET /w_css/style.css?v=1667201398 HTTP/1.1" 200 12959 "https://wellnessway4u.com/activity.php" "Mozilla/5.0 (Windows NT 10.0; Win64; x64) AppleWebKit/537.36 (KHTML, like Gecko) Chrome/106.0.0.0 Safari/537.36" "wellnessway4u.com"
120.88.189.19 - - [31/Oct/2022:00:29:57 -0700] "GET /activity.php HTTP/1.1" 200 79024 "https://wellnessway4u.com/pages.php?id=69" "Mozilla/5.0 (Windows NT 10.0; Win64; x64) AppleWebKit/537.36 (KHTML, like Gecko) Chrome/106.0.0.0 Safari/537.36" "wellnessway4u.com"
120.88.189.19 - - [31/Oct/2022:00:30:03 -0700] "GET /w_js/commonfn.js?v=1667201401 HTTP/1.1" 200 16560 "https://wellnessway4u.com/activity.php" "Mozilla/5.0 (Windows NT 10.0; Win64; x64) AppleWebKit/537.36 (KHTML, like Gecko) Chrome/106.0.0.0 Safari/537.36" "wellnessway4u.com"
120.88.189.19 - - [31/Oct/2022:00:30:03 -0700] "POST /remote.php?action=disable_activity_form HTTP/1.1" 200 4849 "https://wellnessway4u.com/activity.php" "Mozilla/5.0 (Windows NT 10.0; Win64; x64) AppleWebKit/537.36 (KHTML, like Gecko) Chrome/106.0.0.0 Safari/537.36" "wellnessway4u.com"
185.119.81.101 - - [31/Oct/2022:00:31:31 -0700] "GET /blog/wp-login.php HTTP/1.1" 200 7647 "-" "Mozilla/5.0 (Windows NT 10.0; Win64; x64) AppleWebKit/537.36 (KHTML, like Gecko) Chrome/88.0.4324.104 Safari/537.36" "wellnessway4u.com"
185.119.81.109 - - [31/Oct/2022:00:31:45 -0700] "GET /blog/wp-login.php HTTP/1.1" 500 2157 "-" "Mozilla/5.0 (Windows NT 10.0; WOW64) AppleWebKit/537.36 (KHTML, like Gecko) Chrome/54.0.2840.99 Safari/537.36" "wellnessway4u.com"
10.213.116.209 - - [31/Oct/2022:00:31:39 -0700] "POST /blog/wp-cron.php?doing_wp_cron=1667201499.3409090042114257812500 HTTP/1.1" 200 - "https://wellnessway4u.com/blog/wp-cron.php?doing_wp_cron=1667201499.3409090042114257812500" "WordPress/6.0.3; https://wellnessway4u.com/blog" "wellnessway4u.com"
185.119.81.101 - - [31/Oct/2022:00:31:41 -0700] "POST /blog/wp-login.php HTTP/1.1" 200 7831 "https://wellnessway4u.com/blog/wp-login.php" "Mozilla/5.0 (Windows NT 10.0; Win64; x64) AppleWebKit/537.36 (KHTML, like Gecko) Chrome/88.0.4324.104 Safari/537.36" "wellnessway4u.com"
185.119.81.106 - - [31/Oct/2022:00:32:50 -0700] "GET /blog/wp-login.php HTTP/1.1" 500 2164 "-" "Mozilla/5.0 (Windows NT 5.1; Win64; x64) AppleWebKit/537.36 (KHTML, like Gecko) Chrome/60.0.3112.90 Safari/537.36" "wellnessway4u.com"
49.32.132.26 - - [31/Oct/2022:00:32:55 -0700] "GET /my_calendar.php HTTP/1.1" 200 43670 "https://wellnessway4u.com/pages.php?id=69" "Mozilla/5.0 (Windows NT 10.0; Win64; x64) AppleWebKit/537.36 (KHTML, like Gecko) Chrome/106.0.0.0 Safari/537.36" "wellnessway4u.com"
49.32.132.26 - - [31/Oct/2022:00:32:56 -0700] "GET /w_css/style.css?v=1667201575 HTTP/1.1" 200 12959 "https://wellnessway4u.com/my_calendar.php" "Mozilla/5.0 (Windows NT 10.0; Win64; x64) AppleWebKit/537.36 (KHTML, like Gecko) Chrome/106.0.0.0 Safari/537.36" "wellnessway4u.com"
49.32.132.26 - - [31/Oct/2022:00:32:56 -0700] "GET /fullcalendar/core/main.min.css HTTP/1.1" 200 4374 "https://wellnessway4u.com/my_calendar.php" "Mozilla/5.0 (Windows NT 10.0; Win64; x64) AppleWebKit/537.36 (KHTML, like Gecko) Chrome/106.0.0.0 Safari/537.36" "wellnessway4u.com"
49.32.132.26 - - [31/Oct/2022:00:32:57 -0700] "GET /fullcalendar/daygrid/main.min.css HTTP/1.1" 200 358 "https://wellnessway4u.com/my_calendar.php" "Mozilla/5.0 (Windows NT 10.0; Win64; x64) AppleWebKit/537.36 (KHTML, like Gecko) Chrome/106.0.0.0 Safari/537.36" "wellnessway4u.com"
49.32.132.26 - - [31/Oct/2022:00:32:57 -0700] "GET /fullcalendar/timegrid/main.min.css HTTP/1.1" 200 917 "https://wellnessway4u.com/my_calendar.php" "Mozilla/5.0 (Windows NT 10.0; Win64; x64) AppleWebKit/537.36 (KHTML, like Gecko) Chrome/106.0.0.0 Safari/537.36" "wellnessway4u.com"
49.32.132.26 - - [31/Oct/2022:00:32:57 -0700] "GET /fullcalendar/list/main.min.css HTTP/1.1" 200 465 "https://wellnessway4u.com/my_calendar.php" "Mozilla/5.0 (Windows NT 10.0; Win64; x64) AppleWebKit/537.36 (KHTML, like Gecko) Chrome/106.0.0.0 Safari/537.36" "wellnessway4u.com"
49.32.132.26 - - [31/Oct/2022:00:32:57 -0700] "GET /fullcalendar/bootstrap/main.min.css HTTP/1.1" 200 229 "https://wellnessway4u.com/my_calendar.php" "Mozilla/5.0 (Windows NT 10.0; Win64; x64) AppleWebKit/537.36 (KHTML, like Gecko) Chrome/106.0.0.0 Safari/537.36" "wellnessway4u.com"
49.32.132.26 - - [31/Oct/2022:00:32:57 -0700] "GET /fullcalendar/list/main.min.js HTTP/1.1" 200 2501 "https://wellnessway4u.com/my_calendar.php" "Mozilla/5.0 (Windows NT 10.0; Win64; x64) AppleWebKit/537.36 (KHTML, like Gecko) Chrome/106.0.0.0 Safari/537.36" "wellnessway4u.com"
49.32.132.26 - - [31/Oct/2022:00:32:57 -0700] "GET /fullcalendar/bootstrap/main.min.js HTTP/1.1" 200 813 "https://wellnessway4u.com/my_calendar.php" "Mozilla/5.0 (Windows NT 10.0; Win64; x64) AppleWebKit/537.36 (KHTML, like Gecko) Chrome/106.0.0.0 Safari/537.36" "wellnessway4u.com"
49.32.132.26 - - [31/Oct/2022:00:32:57 -0700] "GET /fullcalendar/timegrid/main.min.js HTTP/1.1" 200 7145 "https://wellnessway4u.com/my_calendar.php" "Mozilla/5.0 (Windows NT 10.0; Win64; x64) AppleWebKit/537.36 (KHTML, like Gecko) Chrome/106.0.0.0 Safari/537.36" "wellnessway4u.com"
49.32.132.26 - - [31/Oct/2022:00:32:57 -0700] "GET /fullcalendar/daygrid/main.min.js HTTP/1.1" 200 8385 "https://wellnessway4u.com/my_calendar.php" "Mozilla/5.0 (Windows NT 10.0; Win64; x64) AppleWebKit/537.36 (KHTML, like Gecko) Chrome/106.0.0.0 Safari/537.36" "wellnessway4u.com"
49.32.132.26 - - [31/Oct/2022:00:32:57 -0700] "GET /w_js/commonfn.js?v=1667201575 HTTP/1.1" 200 16560 "https://wellnessway4u.com/my_calendar.php" "Mozilla/5.0 (Windows NT 10.0; Win64; x64) AppleWebKit/537.36 (KHTML, like Gecko) Chrome/106.0.0.0 Safari/537.36" "wellnessway4u.com"
49.32.132.26 - - [31/Oct/2022:00:32:57 -0700] "GET /fullcalendar/core/main.min.js HTTP/1.1" 200 36451 "https://wellnessway4u.com/my_calendar.php" "Mozilla/5.0 (Windows NT 10.0; Win64; x64) AppleWebKit/537.36 (KHTML, like Gecko) Chrome/106.0.0.0 Safari/537.36" "wellnessway4u.com"
49.32.132.26 - - [31/Oct/2022:00:32:59 -0700] "POST /remote.php HTTP/1.1" 200 5824 "https://wellnessway4u.com/my_calendar.php" "Mozilla/5.0 (Windows NT 10.0; Win64; x64) AppleWebKit/537.36 (KHTML, like Gecko) Chrome/106.0.0.0 Safari/537.36" "wellnessway4u.com"
185.119.81.100 - - [31/Oct/2022:00:33:08 -0700] "GET /blog/wp-login.php HTTP/1.1" 500 2159 "-" "Mozilla/5.0 (Windows NT 6.1; WOW64) AppleWebKit/537.36 (KHTML, like Gecko) Chrome/48.0.2564.116 Safari/537.36" "wellnessway4u.com"
185.119.81.99 - - [31/Oct/2022:00:33:11 -0700] "GET /blog/wp-login.php HTTP/1.1" 500 2161 "-" "Mozilla/5.0 (Windows NT 10.0; Win64; x64) AppleWebKit/537.36 (KHTML, like Gecko) Chrome/92.0.4515.159 Safari/537.36" "wellnessway4u.com"
185.119.81.100 - - [31/Oct/2022:00:33:31 -0700] "GET /blog/wp-login.php HTTP/1.1" 200 7653 "-" "Mozilla/5.0 (Windows NT 10.0; WOW64) AppleWebKit/537.36 (KHTML, like Gecko) Chrome/98.0.4758.82 Safari/537.36" "wellnessway4u.com"
49.32.132.26 - - [31/Oct/2022:00:33:46 -0700] "GET /my_life_pattrns.php HTTP/1.1" 200 110409 "https://wellnessway4u.com/pages.php?id=69" "Mozilla/5.0 (Windows NT 10.0; Win64; x64) AppleWebKit/537.36 (KHTML, like Gecko) Chrome/106.0.0.0 Safari/537.36" "wellnessway4u.com"
49.32.132.26 - - [31/Oct/2022:00:33:46 -0700] "GET /w_css/style.css?v=1667201626 HTTP/1.1" 200 12959 "https://wellnessway4u.com/my_life_pattrns.php" "Mozilla/5.0 (Windows NT 10.0; Win64; x64) AppleWebKit/537.36 (KHTML, like Gecko) Chrome/106.0.0.0 Safari/537.36" "wellnessway4u.com"
10.213.116.210 - - [31/Oct/2022:00:33:40 -0700] "POST /blog/wp-cron.php?doing_wp_cron=1667201620.8721530437469482421875 HTTP/1.1" 200 - "https://wellnessway4u.com/blog/wp-cron.php?doing_wp_cron=1667201620.8721530437469482421875" "WordPress/6.0.3; https://wellnessway4u.com/blog" "wellnessway4u.com"
49.32.132.26 - - [31/Oct/2022:00:33:48 -0700] "GET /w_js/commonfn.js?v=1667201626 HTTP/1.1" 200 16560 "https://wellnessway4u.com/my_life_pattrns.php" "Mozilla/5.0 (Windows NT 10.0; Win64; x64) AppleWebKit/537.36 (KHTML, like Gecko) Chrome/106.0.0.0 Safari/537.36" "wellnessway4u.com"
185.119.81.100 - - [31/Oct/2022:00:33:42 -0700] "POST /blog/wp-login.php HTTP/1.1" 200 7841 "https://wellnessway4u.com/blog/wp-login.php" "Mozilla/5.0 (Windows NT 10.0; WOW64) AppleWebKit/537.36 (KHTML, like Gecko) Chrome/98.0.4758.82 Safari/537.36" "wellnessway4u.com"
49.32.132.26 - - [31/Oct/2022:00:33:54 -0700] "GET /my_life_pattrns.php HTTP/1.1" 200 110409 "https://wellnessway4u.com/pages.php?id=69" "Mozilla/5.0 (Windows NT 10.0; Win64; x64) AppleWebKit/537.36 (KHTML, like Gecko) Chrome/106.0.0.0 Safari/537.36" "wellnessway4u.com"
49.32.132.26 - - [31/Oct/2022:00:33:55 -0700] "GET /w_css/style.css?v=1667201635 HTTP/1.1" 200 12959 "https://wellnessway4u.com/my_life_pattrns.php" "Mozilla/5.0 (Windows NT 10.0; Win64; x64) AppleWebKit/537.36 (KHTML, like Gecko) Chrome/106.0.0.0 Safari/537.36" "wellnessway4u.com"
49.32.132.26 - - [31/Oct/2022:00:33:56 -0700] "GET /w_js/commonfn.js?v=1667201635 HTTP/1.1" 200 16560 "https://wellnessway4u.com/my_life_pattrns.php" "Mozilla/5.0 (Windows NT 10.0; Win64; x64) AppleWebKit/537.36 (KHTML, like Gecko) Chrome/106.0.0.0 Safari/537.36" "wellnessway4u.com"
185.119.81.109 - - [31/Oct/2022:00:34:11 -0700] "GET /blog/wp-login.php HTTP/1.1" 500 2162 "-" "Mozilla/5.0 (Windows NT 10.0; WOW64) AppleWebKit/537.36 (KHTML, like Gecko) Chrome/68.0.3440.106 Safari/537.36 MVisionPlayer/1.0.0.0" "wellnessway4u.com"
49.32.132.26 - - [31/Oct/2022:00:34:17 -0700] "GET /my_rewards.php HTTP/1.1" 200 18384 "https://wellnessway4u.com/pages.php?id=69" "Mozilla/5.0 (Windows NT 10.0; Win64; x64) AppleWebKit/537.36 (KHTML, like Gecko) Chrome/106.0.0.0 Safari/537.36" "wellnessway4u.com"
185.119.81.100 - - [31/Oct/2022:00:39:02 -0700] "GET /blog/wp-login.php HTTP/1.1" 500 2162 "-" "Mozilla/5.0 (Windows NT 10.0; WOW64) AppleWebKit/537.36 (KHTML, like Gecko) Chrome/78.0.3904.108 Safari/537.36" "wellnessway4u.com"
185.119.81.101 - - [31/Oct/2022:00:39:41 -0700] "GET /blog/wp-login.php HTTP/1.1" 200 7655 "-" "Mozilla/5.0 (Windows NT 6.1) AppleWebKit/537.36 (KHTML, like Gecko) Chrome/31.0.1650.57 Safari/537.36" "wellnessway4u.com"
10.213.116.211 - - [31/Oct/2022:00:39:52 -0700] "POST /blog/wp-cron.php?doing_wp_cron=1667201992.1369049549102783203125 HTTP/1.1" 200 - "https://wellnessway4u.com/blog/wp-cron.php?doing_wp_cron=1667201992.1369049549102783203125" "WordPress/6.0.3; https://wellnessway4u.com/blog" "wellnessway4u.com"
185.119.81.101 - - [31/Oct/2022:00:39:54 -0700] "POST /blog/wp-login.php HTTP/1.1" 200 7835 "https://wellnessway4u.com/blog/wp-login.php" "Mozilla/5.0 (Windows NT 6.1) AppleWebKit/537.36 (KHTML, like Gecko) Chrome/31.0.1650.57 Safari/537.36" "wellnessway4u.com"
185.119.81.106 - - [31/Oct/2022:00:40:04 -0700] "GET /blog/wp-login.php HTTP/1.1" 500 2162 "-" "Mozilla/5.0 (Windows NT 5.1) AppleWebKit/537.36 (KHTML, like Gecko) Chrome/46.0.2490.86 Safari/537.36" "wellnessway4u.com"
185.119.81.99 - - [31/Oct/2022:00:41:41 -0700] "GET /blog/wp-login.php HTTP/1.1" 200 7658 "-" "Mozilla/5.0 (Windows NT 6.3; WOW64) AppleWebKit/537.36 (KHTML, like Gecko) Chrome/56.0.2924.87 Safari/537.36" "wellnessway4u.com"
