10.213.116.209 - - [31/Oct/2022:03:34:56 -0700] "POST /blog/wp-cron.php?doing_wp_cron=1667212496.5649271011352539062500 HTTP/1.1" 200 - "https://wellnessway4u.com/blog/wp-cron.php?doing_wp_cron=1667212496.5649271011352539062500" "WordPress/6.0.3; https://wellnessway4u.com/blog" "wellnessway4u.com"
185.119.81.101 - - [31/Oct/2022:03:34:58 -0700] "POST /blog/wp-login.php HTTP/1.1" 200 7840 "https://wellnessway4u.com/blog/wp-login.php" "Mozilla/5.0 (Windows NT 6.3; WOW64) AppleWebKit/537.36 (KHTML, like Gecko) Chrome/48.0.2564.116 Safari/537.36" "wellnessway4u.com"
185.119.81.109 - - [31/Oct/2022:03:35:14 -0700] "GET /blog/wp-login.php HTTP/1.1" 200 7657 "-" "Mozilla/5.0 (Windows NT 10.0; Win64; x64) AppleWebKit/537.36 (KHTML, like Gecko) Chrome/94.0.4606.61 Safari/537.36" "wellnessway4u.com"
185.119.81.109 - - [31/Oct/2022:03:35:19 -0700] "GET /blog/wp-login.php HTTP/1.1" 200 7652 "-" "Mozilla/5.0 (Windows NT 6.1; WOW64) AppleWebKit/537.36 (KHTML, like Gecko) Chrome/51.0.2704.103 Safari/537.36" "wellnessway4u.com"
185.119.81.109 - - [31/Oct/2022:03:35:22 -0700] "POST /blog/wp-login.php HTTP/1.1" 200 7832 "https://wellnessway4u.com/blog/wp-login.php" "Mozilla/5.0 (Windows NT 10.0; Win64; x64) AppleWebKit/537.36 (KHTML, like Gecko) Chrome/94.0.4606.61 Safari/537.36" "wellnessway4u.com"
185.119.81.109 - - [31/Oct/2022:03:35:30 -0700] "POST /blog/wp-login.php HTTP/1.1" 200 7832 "https://wellnessway4u.com/blog/wp-login.php" "Mozilla/5.0 (Windows NT 6.1; WOW64) AppleWebKit/537.36 (KHTML, like Gecko) Chrome/51.0.2704.103 Safari/537.36" "wellnessway4u.com"
91.240.118.252 - - [31/Oct/2022:03:35:44 -0700] "POST /login.php?ref=php://filter/convert.iconv.UTF8.CSISO2022KR|convert.base64-encode|convert.iconv.UTF8.UTF7|convert.iconv.CP866.CSUNICODE|convert.iconv.CSISOLATIN5.ISO_6937-2|convert.iconv.CP950.UTF-16BE|convert.base64-decode|convert.base64-encode|convert.iconv.UTF8.UTF7|convert.iconv.865.UTF16|convert.iconv.CP901.ISO6937|convert.base64-decode|convert.base64-encode|convert.iconv.UTF8.UTF7|convert.iconv.SE2.UTF-16|convert.iconv.CSIBM1161.IBM-932|convert.iconv.MS932.MS936|convert.iconv.BIG5.JOHAB|convert.base64-decode|convert.base64-encode|convert.iconv.UTF8.UTF7|convert.iconv.SE2.UTF-16|convert.iconv.CSIBM921.NAPLPS|convert.iconv.855.CP936|convert.iconv.IBM-932.UTF-8|convert.base64-decode|convert.base64-encode|convert.iconv.UTF8.UTF7|convert.iconv.IBM869.UTF16|convert.iconv.L3.CSISO90|convert.base64-decode|convert.base64-encode|convert.iconv.UTF8.UTF7|convert.iconv.L6.UNICODE|convert.iconv.CP1282.ISO-IR-90|convert.iconv.CSA_T500.L4|convert.iconv.ISO_8859-2.ISO-IR-103|convert.base64-decode|convert.base64-encode|convert.iconv.UTF8.UTF7|convert.iconv.863.UTF-16|convert.iconv.ISO6937.UTF16LE|convert.base64-decode|convert.base64-encode|convert.iconv.UTF8.UTF7|convert.iconv.INIS.UTF16|convert.iconv.CSIBM1133.IBM943|convert.iconv.GBK.BIG5|convert.base64-decode|convert.base64-encode|convert.iconv.UTF8.UTF7|convert.iconv.863.UNICODE|convert.iconv.ISIRI3342.UCS4|convert.base64-decode|convert.base64-encode|convert.iconv.UTF8.UTF7|convert.iconv.INIS.UTF16|convert.iconv.CSIBM1133.IBM943|convert.iconv.GBK.SJIS|convert.base64-decode|convert.base64-encode|convert.iconv.UTF8.UTF7|convert.iconv.CP367.UTF-16|convert.iconv.CSIBM901.SHIFT_JISX0213|convert.iconv.UHC.CP1361|convert.base64-decode|convert.base64-encode|convert.iconv.UTF8.UTF7|convert.iconv.DEC.UTF-16|convert.iconv.ISO8859-9.ISO_6937-2|convert.iconv.UTF16.GB13000|convert.base64-decode|convert.base64-encode|convert.iconv.UTF8.UTF7|convert.iconv.IBM869.UTF16|convert.iconv.L3.CSISO90|convert.base64-decode|convert.base64-encode|convert.iconv.UTF8.UTF7|convert.iconv.L5.UTF-32|convert.iconv.ISO88594.GB13000|convert.iconv.CP950.SHIFT_JISX0213|convert.iconv.UHC.JOHAB|convert.base64-decode|convert.base64-encode|convert.iconv.UTF8.UTF7|convert.iconv.CP861.UTF-16|convert.iconv.L4.GB13000|convert.iconv.BIG5.JOHAB|convert.base64-decode|convert.base64-encode|convert.iconv.UTF8.UTF7|convert.iconv.L6.UNICODE|convert.iconv.CP1282.ISO-IR-90|convert.iconv.CSA_T500.L4|convert.iconv.ISO_8859-2.ISO-IR-103|convert.base64-decode|convert.base64-encode|convert.iconv.UTF8.UTF7|convert.iconv.CSIBM1161.UNICODE|convert.iconv.ISO-IR-156.JOHAB|convert.base64-decode|convert.base64-encode|convert.iconv.UTF8.UTF7|convert.iconv.IBM860.UTF16|convert.iconv.ISO-IR-143.ISO2022CNEXT|convert.base64-decode|convert.base64-encode|convert.iconv.UTF8.UTF7|convert.iconv.INIS.UTF16|convert.iconv.CSIBM1133.IBM943|convert.base64-decode|convert.base64-encode|convert.iconv.UTF8.UTF7|convert.iconv.CP367.UTF-16|convert.iconv.CSIBM901.SHIFT_JISX0213|convert.bas
185.119.81.101 - - [31/Oct/2022:03:38:58 -0700] "GET /blog/wp-login.php HTTP/1.1" 200 7866 "-" "Mozilla/5.0 (Windows NT 10.0; Win64; x64) AppleWebKit/537.36 (KHTML, like Gecko) Chrome/81.0.4044.138 Safari/537.36" "wellnessway4u.com"
10.213.116.209 - - [31/Oct/2022:03:39:08 -0700] "POST /blog/wp-cron.php?doing_wp_cron=1667212747.8871409893035888671875 HTTP/1.1" 200 - "https://wellnessway4u.com/blog/wp-cron.php?doing_wp_cron=1667212747.8871409893035888671875" "WordPress/6.0.3; https://wellnessway4u.com/blog" "wellnessway4u.com"
185.119.81.101 - - [31/Oct/2022:03:39:10 -0700] "POST /blog/wp-login.php HTTP/1.1" 200 7880 "https://wellnessway4u.com/blog/wp-login.php" "Mozilla/5.0 (Windows NT 10.0; Win64; x64) AppleWebKit/537.36 (KHTML, like Gecko) Chrome/81.0.4044.138 Safari/537.36" "wellnessway4u.com"
37.139.53.10 - - [31/Oct/2022:03:39:42 -0700] "GET /blog/wp-login.php?checkemail=registered HTTP/1.1" 200 2983 "https://wellnessway4u.com/" "Mozilla/5.0 (X11; Linux x86_64) AppleWebKit/537.36 (KHTML, like Gecko) Chrome/103.0.0.0 Safari/537.36" "wellnessway4u.com"
10.213.116.209 - - [31/Oct/2022:03:39:50 -0700] "POST /blog/wp-cron.php?doing_wp_cron=1667212790.5633060932159423828125 HTTP/1.1" 200 - "https://wellnessway4u.com/blog/wp-cron.php?doing_wp_cron=1667212790.5633060932159423828125" "WordPress/6.0.3; https://wellnessway4u.com/blog" "wellnessway4u.com"
37.139.53.10 - - [31/Oct/2022:03:39:57 -0700] "GET /blog/wp-login.php HTTP/1.1" 200 7654 "https://wellnessway4u.com/" "Mozilla/5.0 (Windows NT 6.3; Win64; x64) AppleWebKit/537.36 (KHTML, like Gecko) Chrome/103.0.0.0 Safari/537.36" "wellnessway4u.com"
185.119.81.99 - - [31/Oct/2022:03:40:28 -0700] "GET /blog/wp-login.php HTTP/1.1" 200 7863 "-" "Mozilla/5.0 (Windows NT 10.0; Win64; x64) AppleWebKit/537.36 (KHTML, like Gecko) Chrome/75.0.3770.142 Safari/537.36" "wellnessway4u.com"
185.119.81.99 - - [31/Oct/2022:03:40:37 -0700] "POST /blog/wp-login.php HTTP/1.1" 500 2157 "https://wellnessway4u.com/blog/wp-login.php" "Mozilla/5.0 (Windows NT 10.0; Win64; x64) AppleWebKit/537.36 (KHTML, like Gecko) Chrome/75.0.3770.142 Safari/537.36" "wellnessway4u.com"
37.139.53.10 - - [31/Oct/2022:03:40:05 -0700] "GET /blog/wp-login.php HTTP/1.1" 500 2527 "https://wellnessway4u.com/blog/wp-login.php" "Mozilla/5.0 (Windows NT 6.3; Win64; x64) AppleWebKit/537.36 (KHTML, like Gecko) Chrome/103.0.0.0 Safari/537.36" "wellnessway4u.com"
185.119.81.99 - - [31/Oct/2022:03:41:54 -0700] "GET /blog/wp-login.php HTTP/1.1" 500 2161 "-" "Mozilla/5.0 (Windows NT 6.1; Win64; x64) AppleWebKit/537.36 (KHTML, like Gecko) Chrome/91.0.4472.77 Safari/537.36" "wellnessway4u.com"
185.119.81.106 - - [31/Oct/2022:03:43:05 -0700] "GET /blog/wp-login.php HTTP/1.1" 200 7869 "-" "Mozilla/5.0 (Windows NT 6.1; Win64; x64) AppleWebKit/537.36 (KHTML, like Gecko) Chrome/93.0.4577.63 Safari/537.36" "wellnessway4u.com"
185.119.81.109 - - [31/Oct/2022:03:43:17 -0700] "GET /blog/wp-login.php HTTP/1.1" 500 2164 "-" "Mozilla/5.0 (Windows NT 6.1; WOW64) AppleWebKit/537.36 (KHTML, like Gecko) Chrome/43.0.2357.124 Safari/537.36" "wellnessway4u.com"
185.119.81.106 - - [31/Oct/2022:03:43:17 -0700] "POST /blog/wp-login.php HTTP/1.1" 500 2160 "https://wellnessway4u.com/blog/wp-login.php" "Mozilla/5.0 (Windows NT 6.1; Win64; x64) AppleWebKit/537.36 (KHTML, like Gecko) Chrome/93.0.4577.63 Safari/537.36" "wellnessway4u.com"
10.213.116.209 - - [31/Oct/2022:03:43:15 -0700] "POST /blog/wp-cron.php?doing_wp_cron=1667212995.3861539363861083984375 HTTP/1.1" 200 - "https://wellnessway4u.com/blog/wp-cron.php?doing_wp_cron=1667212995.3861539363861083984375" "WordPress/6.0.3; https://wellnessway4u.com/blog" "wellnessway4u.com"
114.119.133.250 - - [31/Oct/2022:03:44:44 -0700] "GET /my_day_today.php HTTP/1.1" 302 - "https://wellnessway4u.com/more_features.php" "Mozilla/5.0 (Linux; Android 7.0;) AppleWebKit/537.36 (KHTML, like Gecko) Mobile Safari/537.36 (compatible; PetalBot;+https://webmaster.petalsearch.com/site/petalbot)" "wellnessway4u.com"
114.119.133.250 - - [31/Oct/2022:03:44:47 -0700] "GET /login.php?ref=bXlfZGF5X3RvZGF5LnBocA== HTTP/1.1" 200 59996 "https://wellnessway4u.com/more_features.php" "Mozilla/5.0 (Linux; Android 7.0;) AppleWebKit/537.36 (KHTML, like Gecko) Mobile Safari/537.36 (compatible; PetalBot;+https://webmaster.petalsearch.com/site/petalbot)" "wellnessway4u.com"
185.119.81.101 - - [31/Oct/2022:03:47:53 -0700] "GET /blog/wp-login.php HTTP/1.1" 200 7858 "-" "Mozilla/5.0 (Windows NT 6.3; Win64; x64) AppleWebKit/537.36 (KHTML, like Gecko) Chrome/70.0.3538.77 Safari/537.36" "wellnessway4u.com"
10.213.116.209 - - [31/Oct/2022:03:48:02 -0700] "POST /blog/wp-cron.php?doing_wp_cron=1667213282.5411849021911621093750 HTTP/1.1" 200 - "https://wellnessway4u.com/blog/wp-cron.php?doing_wp_cron=1667213282.5411849021911621093750" "WordPress/6.0.3; https://wellnessway4u.com/blog" "wellnessway4u.com"
185.119.81.101 - - [31/Oct/2022:03:48:04 -0700] "POST /blog/wp-login.php HTTP/1.1" 200 7881 "https://wellnessway4u.com/blog/wp-login.php" "Mozilla/5.0 (Windows NT 6.3; Win64; x64) AppleWebKit/537.36 (KHTML, like Gecko) Chrome/70.0.3538.77 Safari/537.36" "wellnessway4u.com"
185.119.81.109 - - [31/Oct/2022:03:48:12 -0700] "GET /blog/wp-login.php HTTP/1.1" 200 7863 "-" "Mozilla/5.0 (Windows NT 6.1; Win64; x64) AppleWebKit/537.36 (KHTML, like Gecko) Chrome/80.0.3987.149 Safari/537.36" "wellnessway4u.com"
185.119.81.109 - - [31/Oct/2022:03:48:21 -0700] "POST /blog/wp-login.php HTTP/1.1" 200 7880 "https://wellnessway4u.com/blog/wp-login.php" "Mozilla/5.0 (Windows NT 6.1; Win64; x64) AppleWebKit/537.36 (KHTML, like Gecko) Chrome/80.0.3987.149 Safari/537.36" "wellnessway4u.com"
185.119.81.101 - - [31/Oct/2022:03:48:50 -0700] "GET /blog/wp-login.php HTTP/1.1" 200 7863 "-" "Mozilla/5.0 (Windows NT 6.1; Win64; x64) AppleWebKit/537.36 (KHTML, like Gecko) Chrome/81.0.4044.138 Safari/537.36" "wellnessway4u.com"
10.213.116.211 - - [31/Oct/2022:03:48:58 -0700] "POST /blog/wp-cron.php?doing_wp_cron=1667213338.8039019107818603515625 HTTP/1.1" 200 - "https://wellnessway4u.com/blog/wp-cron.php?doing_wp_cron=1667213338.8039019107818603515625" "WordPress/6.0.3; https://wellnessway4u.com/blog" "wellnessway4u.com"
185.119.81.101 - - [31/Oct/2022:03:49:00 -0700] "POST /blog/wp-login.php HTTP/1.1" 200 7889 "https://wellnessway4u.com/blog/wp-login.php" "Mozilla/5.0 (Windows NT 6.1; Win64; x64) AppleWebKit/537.36 (KHTML, like Gecko) Chrome/81.0.4044.138 Safari/537.36" "wellnessway4u.com"
185.119.81.100 - - [31/Oct/2022:03:50:42 -0700] "GET /blog/wp-login.php HTTP/1.1" 200 7864 "-" "Mozilla/5.0 (Windows NT 6.1) AppleWebKit/537.36 (KHTML, like Gecko) Chrome/80.0.3987.132 Safari/537.36" "wellnessway4u.com"
185.119.81.100 - - [31/Oct/2022:03:50:52 -0700] "POST /blog/wp-login.php HTTP/1.1" 200 7889 "https://wellnessway4u.com/blog/wp-login.php" "Mozilla/5.0 (Windows NT 6.1) AppleWebKit/537.36 (KHTML, like Gecko) Chrome/80.0.3987.132 Safari/537.36" "wellnessway4u.com"
10.213.116.210 - - [31/Oct/2022:03:50:50 -0700] "POST /blog/wp-cron.php?doing_wp_cron=1667213450.6553580760955810546875 HTTP/1.1" 200 - "https://wellnessway4u.com/blog/wp-cron.php?doing_wp_cron=1667213450.6553580760955810546875" "WordPress/6.0.3; https://wellnessway4u.com/blog" "wellnessway4u.com"
185.119.81.109 - - [31/Oct/2022:03:51:25 -0700] "GET /blog/wp-login.php HTTP/1.1" 500 2161 "-" "Mozilla/5.0 (Windows NT 6.1; Win64; x64) AppleWebKit/537.36 (KHTML, like Gecko) Chrome/80.0.3987.106 Safari/537.36" "wellnessway4u.com"
185.119.81.101 - - [31/Oct/2022:03:55:57 -0700] "GET /blog/wp-login.php HTTP/1.1" 200 7647 "-" "Mozilla/5.0 (Windows NT 10.0; Win64; x64) AppleWebKit/537.36 (KHTML, like Gecko) Chrome/86.0.4240.193 Safari/537.36" "wellnessway4u.com"
10.213.116.210 - - [31/Oct/2022:03:56:06 -0700] "POST /blog/wp-cron.php?doing_wp_cron=1667213766.7557179927825927734375 HTTP/1.1" 200 - "https://wellnessway4u.com/blog/wp-cron.php?doing_wp_cron=1667213766.7557179927825927734375" "WordPress/6.0.3; https://wellnessway4u.com/blog" "wellnessway4u.com"
185.119.81.101 - - [31/Oct/2022:03:56:08 -0700] "POST /blog/wp-login.php HTTP/1.1" 200 7835 "https://wellnessway4u.com/blog/wp-login.php" "Mozilla/5.0 (Windows NT 10.0; Win64; x64) AppleWebKit/537.36 (KHTML, like Gecko) Chrome/86.0.4240.193 Safari/537.36" "wellnessway4u.com"
185.191.171.37 - - [31/Oct/2022:03:56:35 -0700] "GET /robots.txt HTTP/1.1" 200 60 "-" "Mozilla/5.0 (compatible; SemrushBot/7~bl; +http://www.semrush.com/bot.html)" "www.wellnessway4u.com"
185.191.171.10 - - [31/Oct/2022:03:56:36 -0700] "GET /wsi_read_more.php?token=MTM3Nw%3D%3D&type=wsi HTTP/1.1" 200 54529 "-" "Mozilla/5.0 (compatible; SemrushBot/7~bl; +http://www.semrush.com/bot.html)" "www.wellnessway4u.com"
185.119.81.100 - - [31/Oct/2022:03:58:17 -0700] "GET /blog/wp-login.php HTTP/1.1" 200 7652 "-" "Mozilla/5.0 (Windows NT 10.0; Win64; x64) AppleWebKit/537.36 (KHTML, like Gecko) Chrome/61.0.3163.100 Safari/537.36" "wellnessway4u.com"
10.213.116.209 - - [31/Oct/2022:03:58:28 -0700] "POST /blog/wp-cron.php?doing_wp_cron=1667213908.1148610115051269531250 HTTP/1.1" 200 - "https://wellnessway4u.com/blog/wp-cron.php?doing_wp_cron=1667213908.1148610115051269531250" "WordPress/6.0.3; https://wellnessway4u.com/blog" "wellnessway4u.com"
185.119.81.100 - - [31/Oct/2022:03:58:30 -0700] "POST /blog/wp-login.php HTTP/1.1" 200 7838 "https://wellnessway4u.com/blog/wp-login.php" "Mozilla/5.0 (Windows NT 10.0; Win64; x64) AppleWebKit/537.36 (KHTML, like Gecko) Chrome/61.0.3163.100 Safari/537.36" "wellnessway4u.com"
185.119.81.99 - - [31/Oct/2022:04:00:26 -0700] "GET /blog/wp-login.php HTTP/1.1" 500 2159 "-" "Mozilla/5.0 (Windows NT 10.0; Win64; x64) AppleWebKit/537.36 (KHTML, like Gecko) Chrome/81.0.4044.122 Safari/537.36" "wellnessway4u.com"
185.119.81.106 - - [31/Oct/2022:04:02:35 -0700] "GET /blog/wp-login.php HTTP/1.1" 500 2157 "-" "Mozilla/5.0 (Windows NT 6.1; WOW64) AppleWebKit/537.36 (KHTML, like Gecko) Chrome/38.0.2125.111 Safari/537.36" "wellnessway4u.com"
185.119.81.100 - - [31/Oct/2022:04:03:36 -0700] "GET /blog/wp-login.php HTTP/1.1" 500 2162 "-" "Mozilla/5.0 (Windows NT 10.0; Win64; x64) AppleWebKit/537.36 (KHTML, like Gecko) Chrome/80.0.3987.122 Safari/537.36" "wellnessway4u.com"
185.119.81.109 - - [31/Oct/2022:04:06:57 -0700] "GET /blog/wp-login.php HTTP/1.1" 200 7653 "-" "Mozilla/5.0 (Windows NT 10.0; Win64; x64) AppleWebKit/537.36 (KHTML, like Gecko) Chrome/79.0.3945.79 Safari/537.36" "wellnessway4u.com"
185.119.81.109 - - [31/Oct/2022:04:07:09 -0700] "POST /blog/wp-login.php HTTP/1.1" 200 7835 "https://wellnessway4u.com/blog/wp-login.php" "Mozilla/5.0 (Windows NT 10.0; Win64; x64) AppleWebKit/537.36 (KHTML, like Gecko) Chrome/79.0.3945.79 Safari/537.36" "wellnessway4u.com"
10.213.116.209 - - [31/Oct/2022:04:07:07 -0700] "POST /blog/wp-cron.php?doing_wp_cron=1667214427.1278278827667236328125 HTTP/1.1" 200 - "https://wellnessway4u.com/blog/wp-cron.php?doing_wp_cron=1667214427.1278278827667236328125" "WordPress/6.0.3; https://wellnessway4u.com/blog" "wellnessway4u.com"
185.119.81.100 - - [31/Oct/2022:04:07:37 -0700] "GET /blog/wp-login.php HTTP/1.1" 200 7650 "-" "Mozilla/5.0 (Windows NT 6.1; WOW64) AppleWebKit/537.36 (KHTML, like Gecko) Chrome/45.0.2454.85 Safari/537.36" "wellnessway4u.com"
185.119.81.100 - - [31/Oct/2022:04:07:48 -0700] "POST /blog/wp-login.php HTTP/1.1" 500 2160 "https://wellnessway4u.com/blog/wp-login.php" "Mozilla/5.0 (Windows NT 6.1; WOW64) AppleWebKit/537.36 (KHTML, like Gecko) Chrome/45.0.2454.85 Safari/537.36" "wellnessway4u.com"
10.213.116.210 - - [31/Oct/2022:04:07:46 -0700] "POST /blog/wp-cron.php?doing_wp_cron=1667214466.3252170085906982421875 HTTP/1.1" 200 - "https://wellnessway4u.com/blog/wp-cron.php?doing_wp_cron=1667214466.3252170085906982421875" "WordPress/6.0.3; https://wellnessway4u.com/blog" "wellnessway4u.com"
185.119.81.99 - - [31/Oct/2022:04:08:40 -0700] "GET /blog/wp-login.php HTTP/1.1" 500 2157 "-" "Mozilla/5.0 (Windows NT 6.1; Win64; x64) AppleWebKit/537.36 (KHTML, like Gecko) Chrome/83.0.4103.116 Safari/537.36" "wellnessway4u.com"
185.119.81.106 - - [31/Oct/2022:04:09:18 -0700] "GET /blog/wp-login.php HTTP/1.1" 200 7651 "-" "Mozilla/5.0 (Windows NT 10.0; Win64; x64) AppleWebKit/537.36 (KHTML, like Gecko) Chrome/91.0.4472.114 Safari/537.36" "wellnessway4u.com"
185.119.81.106 - - [31/Oct/2022:04:09:29 -0700] "POST /blog/wp-login.php HTTP/1.1" 500 2158 "https://wellnessway4u.com/blog/wp-login.php" "Mozilla/5.0 (Windows NT 10.0; Win64; x64) AppleWebKit/537.36 (KHTML, like Gecko) Chrome/91.0.4472.114 Safari/537.36" "wellnessway4u.com"
10.213.116.210 - - [31/Oct/2022:04:09:27 -0700] "POST /blog/wp-cron.php?doing_wp_cron=1667214567.2162249088287353515625 HTTP/1.1" 200 - "https://wellnessway4u.com/blog/wp-cron.php?doing_wp_cron=1667214567.2162249088287353515625" "WordPress/6.0.3; https://wellnessway4u.com/blog" "wellnessway4u.com"
54.36.148.225 - - [31/Oct/2022:04:10:13 -0700] "GET /robots.txt HTTP/1.1" 200 60 "-" "Mozilla/5.0 (compatible; AhrefsBot/7.0; +http://ahrefs.com/robot/)" "www.wellnessway4u.com"
51.222.253.19 - - [31/Oct/2022:04:10:14 -0700] "GET /disclaimer.php HTTP/1.1" 200 47377 "-" "Mozilla/5.0 (compatible; AhrefsBot/7.0; +http://ahrefs.com/robot/)" "www.wellnessway4u.com"
185.119.81.99 - - [31/Oct/2022:04:10:04 -0700] "GET /blog/wp-login.php HTTP/1.1" 200 7646 "-" "Mozilla/5.0 (Windows NT 10.0; WOW64) AppleWebKit/537.36 (KHTML, like Gecko) Chrome/98.0.4758.102 Safari/537.36" "wellnessway4u.com"
185.119.81.99 - - [31/Oct/2022:04:10:17 -0700] "POST /blog/wp-login.php HTTP/1.1" 500 2161 "https://wellnessway4u.com/blog/wp-login.php" "Mozilla/5.0 (Windows NT 10.0; WOW64) AppleWebKit/537.36 (KHTML, like Gecko) Chrome/98.0.4758.102 Safari/537.36" "wellnessway4u.com"
10.213.116.211 - - [31/Oct/2022:04:10:15 -0700] "POST /blog/wp-cron.php?doing_wp_cron=1667214615.1401000022888183593750 HTTP/1.1" 200 - "https://wellnessway4u.com/blog/wp-cron.php?doing_wp_cron=1667214615.1401000022888183593750" "WordPress/6.0.3; https://wellnessway4u.com/blog" "wellnessway4u.com"
45.169.70.9 - - [31/Oct/2022:04:11:46 -0700] "GET / HTTP/1.1" 200 156612 "https://wellnessway4u.com/" "Mozilla/5.0 (Windows NT 10.0) AppleWebKit/537.36 (KHTML, like Gecko) Chrome/90.0.4430.85 Safari/537.36 Edg/90.0.818.46" "wellnessway4u.com"
45.169.70.9 - - [31/Oct/2022:04:11:50 -0700] "POST / HTTP/1.1" 200 156612 "https://wellnessway4u.com/" "Mozilla/5.0 (Windows NT 10.0) AppleWebKit/537.36 (KHTML, like Gecko) Chrome/90.0.4430.85 Safari/537.36 Edg/90.0.818.46" "wellnessway4u.com"
185.119.81.99 - - [31/Oct/2022:04:13:49 -0700] "GET /blog/wp-login.php HTTP/1.1" 200 7646 "-" "Mozilla/5.0 (Windows NT 10.0; Win64; x64) AppleWebKit/537.36 (KHTML, like Gecko) Chrome/99.0.4844.84 Safari/537.36" "wellnessway4u.com"
51.79.177.125 - - [31/Oct/2022:04:14:06 -0700] "GET /wp-includes/ID3/license.txt HTTP/1.1" 404 73 "-" "Mozilla/5.0 (Windows NT 10.0; Win64; x64) AppleWebKit/537.36 (KHTML, like Gecko) Chrome/95.0.4638.69 Safari/537.36" "wellnessway4u.com"
185.119.81.109 - - [31/Oct/2022:04:13:57 -0700] "GET /blog/wp-login.php HTTP/1.1" 200 7658 "-" "Mozilla/5.0 (Windows NT 10.0; WOW64) AppleWebKit/537.36 (KHTML, like Gecko) Chrome/84.0.4147.89 Safari/537.36" "wellnessway4u.com"
51.79.177.125 - - [31/Oct/2022:04:14:07 -0700] "GET /feed/ HTTP/1.1" 404 73 "-" "Mozilla/5.0 (Windows NT 10.0; Win64; x64) AppleWebKit/537.36 (KHTML, like Gecko) Chrome/95.0.4638.69 Safari/537.36" "wellnessway4u.com"
51.79.177.125 - - [31/Oct/2022:04:14:07 -0700] "GET /xmlrpc.php?rsd HTTP/1.1" 500 4949 "-" "Mozilla/5.0 (Windows NT 10.0; Win64; x64) AppleWebKit/537.36 (KHTML, like Gecko) Chrome/95.0.4638.69 Safari/537.36" "wellnessway4u.com"
51.79.177.125 - - [31/Oct/2022:04:14:08 -0700] "GET /blog/wp-includes/wlwmanifest.xml HTTP/1.1" 200 1045 "-" "Mozilla/5.0 (Windows NT 10.0; Win64; x64) AppleWebKit/537.36 (KHTML, like Gecko) Chrome/95.0.4638.69 Safari/537.36" "wellnessway4u.com"
10.213.116.209 - - [31/Oct/2022:04:14:00 -0700] "POST /blog/wp-cron.php?doing_wp_cron=1667214840.4215009212493896484375 HTTP/1.1" 200 - "https://wellnessway4u.com/blog/wp-cron.php?doing_wp_cron=1667214840.4215009212493896484375" "WordPress/6.0.3; https://wellnessway4u.com/blog" "wellnessway4u.com"
185.119.81.99 - - [31/Oct/2022:04:14:02 -0700] "POST /blog/wp-login.php HTTP/1.1" 200 7840 "https://wellnessway4u.com/blog/wp-login.php" "Mozilla/5.0 (Windows NT 10.0; Win64; x64) AppleWebKit/537.36 (KHTML, like Gecko) Chrome/99.0.4844.84 Safari/537.36" "wellnessway4u.com"
185.119.81.109 - - [31/Oct/2022:04:14:07 -0700] "POST /blog/wp-login.php HTTP/1.1" 200 7832 "https://wellnessway4u.com/blog/wp-login.php" "Mozilla/5.0 (Windows NT 10.0; WOW64) AppleWebKit/537.36 (KHTML, like Gecko) Chrome/84.0.4147.89 Safari/537.36" "wellnessway4u.com"
51.79.177.125 - - [31/Oct/2022:04:14:09 -0700] "GET /blog//?author=1 HTTP/1.1" 200 70936 "-" "Mozilla/5.0 (Windows NT 10.0; Win64; x64) AppleWebKit/537.36 (KHTML, like Gecko) Chrome/95.0.4638.69 Safari/537.36" "wellnessway4u.com"
51.79.177.125 - - [31/Oct/2022:04:14:22 -0700] "GET /blog/index.php//wp-json/wp/v2/users/ HTTP/1.1" 200 1300 "-" "Mozilla/5.0 (Windows NT 10.0; Win64; x64) AppleWebKit/537.36 (KHTML, like Gecko) Chrome/95.0.4638.69 Safari/537.36" "wellnessway4u.com"
51.79.177.125 - - [31/Oct/2022:04:14:30 -0700] "POST /blog/index.php//xmlrpc.php HTTP/1.1" 500 5389 "-" "Mozilla/5.0 (Windows NT 10.0; Win64; x64) AppleWebKit/537.36 (KHTML, like Gecko) Chrome/95.0.4638.69 Safari/537.36" "wellnessway4u.com"
51.79.177.125 - - [31/Oct/2022:04:14:31 -0700] "POST /blog/index.php//xmlrpc.php HTTP/1.1" 500 5389 "-" "Mozilla/5.0 (Windows NT 10.0; Win64; x64) AppleWebKit/537.36 (KHTML, like Gecko) Chrome/95.0.4638.69 Safari/537.36" "wellnessway4u.com"
114.119.133.249 - - [31/Oct/2022:04:14:36 -0700] "GET /design-my-life.php?ref_num=Dsgn-005&fav_cat_id=406&group_id=556 HTTP/1.1" 302 - "https://wellnessway4u.com/index.php" "Mozilla/5.0 (Linux; Android 7.0;) AppleWebKit/537.36 (KHTML, like Gecko) Mobile Safari/537.36 (compatible; PetalBot;+https://webmaster.petalsearch.com/site/petalbot)" "wellnessway4u.com"
114.119.133.249 - - [31/Oct/2022:04:14:37 -0700] "GET /login.php?ref=ZGVzaWduLW15LWxpZmUucGhwPyZyZWZfbnVtPURzZ24tMDAxLERzZ24tMDAzLERzZ24tMDA1LERzZ24tMDA3LERzZ24tMDA5LERzZ24tMDEwJmZhdl9jYXRfaWQ9NDA2Jmdyb3VwX2lkPTU1Nixncm91cF9pZD01NTc/cmVmX251bT1Ec2duLTAwNSZncm91cF9pZD01NTY= HTTP/1.1" 200 60312 "https://wellnessway4u.com/index.php" "Mozilla/5.0 (Linux; Android 7.0;) AppleWebKit/537.36 (KHTML, like Gecko) Mobile Safari/537.36 (compatible; PetalBot;+https://webmaster.petalsearch.com/site/petalbot)" "wellnessway4u.com"
185.119.81.100 - - [31/Oct/2022:04:14:42 -0700] "GET /blog/wp-login.php HTTP/1.1" 200 7647 "-" "Mozilla/5.0 (Windows NT 6.1; WOW64) AppleWebKit/537.36 (KHTML, like Gecko) Chrome/47.0.2526.106 Safari/537.36" "wellnessway4u.com"
10.213.116.209 - - [31/Oct/2022:04:14:50 -0700] "POST /blog/wp-cron.php?doing_wp_cron=1667214890.7356588840484619140625 HTTP/1.1" 200 - "https://wellnessway4u.com/blog/wp-cron.php?doing_wp_cron=1667214890.7356588840484619140625" "WordPress/6.0.3; https://wellnessway4u.com/blog" "wellnessway4u.com"
185.119.81.100 - - [31/Oct/2022:04:14:52 -0700] "POST /blog/wp-login.php HTTP/1.1" 200 7835 "https://wellnessway4u.com/blog/wp-login.php" "Mozilla/5.0 (Windows NT 6.1; WOW64) AppleWebKit/537.36 (KHTML, like Gecko) Chrome/47.0.2526.106 Safari/537.36" "wellnessway4u.com"
185.119.81.101 - - [31/Oct/2022:04:14:55 -0700] "GET /blog/wp-login.php HTTP/1.1" 200 7655 "-" "Mozilla/5.0 (Windows NT 10.0; Win64; x64) AppleWebKit/537.36 (KHTML, like Gecko) Chrome/72.0.3626.121 Safari/537.36" "wellnessway4u.com"
185.119.81.101 - - [31/Oct/2022:04:15:04 -0700] "POST /blog/wp-login.php HTTP/1.1" 200 7835 "https://wellnessway4u.com/blog/wp-login.php" "Mozilla/5.0 (Windows NT 10.0; Win64; x64) AppleWebKit/537.36 (KHTML, like Gecko) Chrome/72.0.3626.121 Safari/537.36" "wellnessway4u.com"
185.119.81.100 - - [31/Oct/2022:04:17:11 -0700] "GET /blog/wp-login.php HTTP/1.1" 200 7648 "-" "Mozilla/5.0 (Windows NT 10.0; Win64; x64) AppleWebKit/537.36 (KHTML, like Gecko) Chrome/99.0.4844.74 Safari/537.36" "wellnessway4u.com"
185.119.81.109 - - [31/Oct/2022:04:17:16 -0700] "GET /blog/wp-login.php HTTP/1.1" 200 7654 "-" "Mozilla/5.0 (Windows NT 10.0; Win64; x64) AppleWebKit/537.36 (KHTML, like Gecko) Chrome/66.0.3359.117 Safari/537.36" "wellnessway4u.com"
185.119.81.100 - - [31/Oct/2022:04:17:23 -0700] "POST /blog/wp-login.php HTTP/1.1" 200 7836 "https://wellnessway4u.com/blog/wp-login.php" "Mozilla/5.0 (Windows NT 10.0; Win64; x64) AppleWebKit/537.36 (KHTML, like Gecko) Chrome/99.0.4844.74 Safari/537.36" "wellnessway4u.com"
10.213.116.209 - - [31/Oct/2022:04:17:21 -0700] "POST /blog/wp-cron.php?doing_wp_cron=1667215041.7543220520019531250000 HTTP/1.1" 200 - "https://wellnessway4u.com/blog/wp-cron.php?doing_wp_cron=1667215041.7543220520019531250000" "WordPress/6.0.3; https://wellnessway4u.com/blog" "wellnessway4u.com"
185.119.81.109 - - [31/Oct/2022:04:17:25 -0700] "POST /blog/wp-login.php HTTP/1.1" 200 7882 "https://wellnessway4u.com/blog/wp-login.php" "Mozilla/5.0 (Windows NT 10.0; Win64; x64) AppleWebKit/537.36 (KHTML, like Gecko) Chrome/66.0.3359.117 Safari/537.36" "wellnessway4u.com"
114.119.133.250 - - [31/Oct/2022:04:18:24 -0700] "GET /wsi_read_more.php?type=wsi&token=MTQzNQ%3D%3D HTTP/1.1" 200 54669 "https://wellnessway4u.com/" "Mozilla/5.0 (Linux; Android 7.0;) AppleWebKit/537.36 (KHTML, like Gecko) Mobile Safari/537.36 (compatible; PetalBot;+https://webmaster.petalsearch.com/site/petalbot)" "wellnessway4u.com"
185.119.81.109 - - [31/Oct/2022:04:18:42 -0700] "GET /blog/wp-login.php HTTP/1.1" 500 2165 "-" "Mozilla/5.0 (Windows NT 6.1; Win64; x64) AppleWebKit/537.36 (KHTML, like Gecko) Chrome/90.0.4430.212 Safari/537.36" "wellnessway4u.com"
185.119.81.109 - - [31/Oct/2022:04:19:00 -0700] "GET /blog/wp-login.php HTTP/1.1" 500 2163 "-" "Mozilla/5.0 (Windows NT 6.1) AppleWebKit/537.36 (KHTML, like Gecko) Chrome/47.0.2526.106 Safari/537.36" "wellnessway4u.com"
74.208.136.135 - - [31/Oct/2022:04:19:18 -0700] "GET / HTTP/1.1" 200 36768 "-" "FreeWebMonitoring SiteChecker/0.2 (+https://www.freewebmonitoring.com/bot.html)" "www.wellnessway4u.com"
203.192.255.154 - - [31/Oct/2022:04:22:39 -0700] "GET / HTTP/1.1" 200 156612 "-" "Mozilla/5.0 (Macintosh; Intel Mac OS X 10_15_7) AppleWebKit/537.36 (KHTML, like Gecko) Chrome/103.0.5060.53 Safari/537.36" "wellnessway4u.com"
185.119.81.106 - - [31/Oct/2022:04:22:45 -0700] "GET /blog/wp-login.php HTTP/1.1" 500 2156 "-" "Mozilla/5.0 (Windows NT 5.1) AppleWebKit/537.36 (KHTML, like Gecko) Chrome/49.0.2623.112 Safari/537.36" "wellnessway4u.com"
185.119.81.106 - - [31/Oct/2022:04:24:09 -0700] "GET /blog/wp-login.php HTTP/1.1" 200 7860 "-" "Mozilla/5.0 (Windows NT 6.0) AppleWebKit/537.36 (KHTML, like Gecko) Chrome/49.0.2623.112 Safari/537.36" "wellnessway4u.com"
10.213.116.209 - - [31/Oct/2022:04:24:18 -0700] "POST /blog/wp-cron.php?doing_wp_cron=1667215458.6568660736083984375000 HTTP/1.1" 200 - "https://wellnessway4u.com/blog/wp-cron.php?doing_wp_cron=1667215458.6568660736083984375000" "WordPress/6.0.3; https://wellnessway4u.com/blog" "wellnessway4u.com"
185.119.81.106 - - [31/Oct/2022:04:24:20 -0700] "POST /blog/wp-login.php HTTP/1.1" 200 7886 "https://wellnessway4u.com/blog/wp-login.php" "Mozilla/5.0 (Windows NT 6.0) AppleWebKit/537.36 (KHTML, like Gecko) Chrome/49.0.2623.112 Safari/537.36" "wellnessway4u.com"
185.119.81.106 - - [31/Oct/2022:04:25:18 -0700] "GET /blog/wp-login.php HTTP/1.1" 200 7860 "-" "Mozilla/5.0 (Windows NT 6.0) AppleWebKit/537.36 (KHTML, like Gecko) Chrome/49.0.2623.112 Safari/537.36" "wellnessway4u.com"
10.213.116.211 - - [31/Oct/2022:04:25:27 -0700] "POST /blog/wp-cron.php?doing_wp_cron=1667215527.1780500411987304687500 HTTP/1.1" 200 - "https://wellnessway4u.com/blog/wp-cron.php?doing_wp_cron=1667215527.1780500411987304687500" "WordPress/6.0.3; https://wellnessway4u.com/blog" "wellnessway4u.com"
185.119.81.106 - - [31/Oct/2022:04:25:29 -0700] "POST /blog/wp-login.php HTTP/1.1" 200 7886 "https://wellnessway4u.com/blog/wp-login.php" "Mozilla/5.0 (Windows NT 6.0) AppleWebKit/537.36 (KHTML, like Gecko) Chrome/49.0.2623.112 Safari/537.36" "wellnessway4u.com"
185.119.81.109 - - [31/Oct/2022:04:26:32 -0700] "GET /blog/wp-login.php HTTP/1.1" 500 2160 "-" "Mozilla/5.0 (Windows NT 10.0; Win64; x64) AppleWebKit/537.36 (KHTML, like Gecko) Chrome/89.0.4389.114 Safari/537.36" "wellnessway4u.com"
185.119.81.99 - - [31/Oct/2022:04:26:34 -0700] "GET /blog/wp-login.php HTTP/1.1" 200 7859 "-" "Mozilla/5.0 (Windows NT 6.1) AppleWebKit/537.36 (KHTML, like Gecko) Chrome/41.0.2272.104 Safari/537.36" "wellnessway4u.com"
10.213.116.209 - - [31/Oct/2022:04:26:43 -0700] "POST /blog/wp-cron.php?doing_wp_cron=1667215603.7869060039520263671875 HTTP/1.1" 200 - "https://wellnessway4u.com/blog/wp-cron.php?doing_wp_cron=1667215603.7869060039520263671875" "WordPress/6.0.3; https://wellnessway4u.com/blog" "wellnessway4u.com"
185.119.81.99 - - [31/Oct/2022:04:26:45 -0700] "POST /blog/wp-login.php HTTP/1.1" 200 7882 "https://wellnessway4u.com/blog/wp-login.php" "Mozilla/5.0 (Windows NT 6.1) AppleWebKit/537.36 (KHTML, like Gecko) Chrome/41.0.2272.104 Safari/537.36" "wellnessway4u.com"
185.119.81.100 - - [31/Oct/2022:04:27:30 -0700] "GET /blog/wp-login.php HTTP/1.1" 200 7862 "-" "Mozilla/5.0 (Windows NT 6.1; Win64; x64) AppleWebKit/537.36 (KHTML, like Gecko) Chrome/80.0.3987.149 Safari/537.36" "wellnessway4u.com"
185.119.81.100 - - [31/Oct/2022:04:27:40 -0700] "POST /blog/wp-login.php HTTP/1.1" 200 7878 "https://wellnessway4u.com/blog/wp-login.php" "Mozilla/5.0 (Windows NT 6.1; Win64; x64) AppleWebKit/537.36 (KHTML, like Gecko) Chrome/80.0.3987.149 Safari/537.36" "wellnessway4u.com"
10.213.116.210 - - [31/Oct/2022:04:27:49 -0700] "POST /blog/wp-cron.php?doing_wp_cron=1667215669.4343979358673095703125 HTTP/1.1" 200 - "https://wellnessway4u.com/blog/wp-cron.php?doing_wp_cron=1667215669.4343979358673095703125" "WordPress/6.0.3; https://wellnessway4u.com/blog" "wellnessway4u.com"
185.119.81.99 - - [31/Oct/2022:04:29:39 -0700] "GET /blog/wp-login.php HTTP/1.1" 200 7863 "-" "Mozilla/5.0 (Windows NT 6.2; Win64; x64) AppleWebKit/537.36 (KHTML, like Gecko) Chrome/86.0.4240.198 Safari/537.36" "wellnessway4u.com"
10.213.116.210 - - [31/Oct/2022:04:29:49 -0700] "POST /blog/wp-cron.php?doing_wp_cron=1667215788.9419329166412353515625 HTTP/1.1" 200 - "https://wellnessway4u.com/blog/wp-cron.php?doing_wp_cron=1667215788.9419329166412353515625" "WordPress/6.0.3; https://wellnessway4u.com/blog" "wellnessway4u.com"
185.119.81.99 - - [31/Oct/2022:04:29:50 -0700] "POST /blog/wp-login.php HTTP/1.1" 200 7883 "https://wellnessway4u.com/blog/wp-login.php" "Mozilla/5.0 (Windows NT 6.2; Win64; x64) AppleWebKit/537.36 (KHTML, like Gecko) Chrome/86.0.4240.198 Safari/537.36" "wellnessway4u.com"
185.119.81.109 - - [31/Oct/2022:04:31:08 -0700] "GET /blog/wp-login.php HTTP/1.1" 200 7863 "-" "Mozilla/5.0 (Windows NT 10.0; Win64; x64) AppleWebKit/537.36 (KHTML, like Gecko) Chrome/78.0.3904.108 Safari/537.36" "wellnessway4u.com"
185.119.81.109 - - [31/Oct/2022:04:31:18 -0700] "POST /blog/wp-login.php HTTP/1.1" 500 2161 "https://wellnessway4u.com/blog/wp-login.php" "Mozilla/5.0 (Windows NT 10.0; Win64; x64) AppleWebKit/537.36 (KHTML, like Gecko) Chrome/78.0.3904.108 Safari/537.36" "wellnessway4u.com"
10.213.116.210 - - [31/Oct/2022:04:31:17 -0700] "POST /blog/wp-cron.php?doing_wp_cron=1667215876.9612319469451904296875 HTTP/1.1" 200 - "https://wellnessway4u.com/blog/wp-cron.php?doing_wp_cron=1667215876.9612319469451904296875" "WordPress/6.0.3; https://wellnessway4u.com/blog" "wellnessway4u.com"
185.119.81.100 - - [31/Oct/2022:04:32:35 -0700] "GET /blog/wp-login.php HTTP/1.1" 200 7870 "-" "Mozilla/5.0 (Windows NT 6.1; WOW64) AppleWebKit/537.36 (KHTML, like Gecko) Chrome/47.0.2526.80 Safari/537.36" "wellnessway4u.com"
185.119.81.109 - - [31/Oct/2022:04:32:50 -0700] "GET /blog/wp-login.php HTTP/1.1" 500 2163 "-" "Mozilla/5.0 (Windows NT 6.1) AppleWebKit/537.36 (KHTML, like Gecko) Chrome/79.0.3945.117 Safari/537.36" "wellnessway4u.com"
10.213.116.210 - - [31/Oct/2022:04:32:45 -0700] "POST /blog/wp-cron.php?doing_wp_cron=1667215965.2994959354400634765625 HTTP/1.1" 200 - "https://wellnessway4u.com/blog/wp-cron.php?doing_wp_cron=1667215965.2994959354400634765625" "WordPress/6.0.3; https://wellnessway4u.com/blog" "wellnessway4u.com"
185.119.81.100 - - [31/Oct/2022:04:32:47 -0700] "POST /blog/wp-login.php HTTP/1.1" 200 7887 "https://wellnessway4u.com/blog/wp-login.php" "Mozilla/5.0 (Windows NT 6.1; WOW64) AppleWebKit/537.36 (KHTML, like Gecko) Chrome/47.0.2526.80 Safari/537.36" "wellnessway4u.com"
185.119.81.106 - - [31/Oct/2022:04:33:00 -0700] "GET /blog/wp-login.php HTTP/1.1" 200 7871 "-" "Mozilla/5.0 (Windows NT 10.0; Win64; x64) AppleWebKit/537.36 (KHTML, like Gecko) Chrome/60.0.3112.90 Safari/537.36" "wellnessway4u.com"
185.119.81.106 - - [31/Oct/2022:04:33:10 -0700] "POST /blog/wp-login.php HTTP/1.1" 200 7887 "https://wellnessway4u.com/blog/wp-login.php" "Mozilla/5.0 (Windows NT 10.0; Win64; x64) AppleWebKit/537.36 (KHTML, like Gecko) Chrome/60.0.3112.90 Safari/537.36" "wellnessway4u.com"
185.191.171.1 - - [31/Oct/2022:04:35:39 -0700] "GET /robots.txt HTTP/1.1" 200 60 "-" "Mozilla/5.0 (compatible; SemrushBot/7~bl; +http://www.semrush.com/bot.html)" "wellnessway4u.com"
185.191.171.11 - - [31/Oct/2022:04:35:42 -0700] "GET /blog/index.php/when-you-are-happy-and-you-know-itlaugh-out-loud/ HTTP/1.1" 200 64277 "-" "Mozilla/5.0 (compatible; SemrushBot/7~bl; +http://www.semrush.com/bot.html)" "wellnessway4u.com"
10.213.116.210 - - [31/Oct/2022:04:35:52 -0700] "POST /blog/wp-cron.php?doing_wp_cron=1667216152.5783009529113769531250 HTTP/1.1" 200 - "https://wellnessway4u.com/blog/wp-cron.php?doing_wp_cron=1667216152.5783009529113769531250" "WordPress/6.0.3; https://wellnessway4u.com/blog" "wellnessway4u.com"
185.119.81.109 - - [31/Oct/2022:04:37:22 -0700] "GET /blog/wp-login.php HTTP/1.1" 500 2163 "-" "Mozilla/5.0 (Windows NT 6.1) AppleWebKit/537.36 (KHTML, like Gecko) Chrome/67.0.3396.99 Safari/537.36" "wellnessway4u.com"
185.119.81.99 - - [31/Oct/2022:04:38:01 -0700] "GET /blog/wp-login.php HTTP/1.1" 200 7647 "-" "Mozilla/5.0 (Windows NT 6.1; Win64; x64) AppleWebKit/537.36 (KHTML, like Gecko) Chrome/80.0.3987.106 Safari/537.36" "wellnessway4u.com"
185.119.81.99 - - [31/Oct/2022:04:38:13 -0700] "POST /blog/wp-login.php HTTP/1.1" 500 2161 "https://wellnessway4u.com/blog/wp-login.php" "Mozilla/5.0 (Windows NT 6.1; Win64; x64) AppleWebKit/537.36 (KHTML, like Gecko) Chrome/80.0.3987.106 Safari/537.36" "wellnessway4u.com"
10.213.116.210 - - [31/Oct/2022:04:38:11 -0700] "POST /blog/wp-cron.php?doing_wp_cron=1667216291.0794939994812011718750 HTTP/1.1" 200 - "https://wellnessway4u.com/blog/wp-cron.php?doing_wp_cron=1667216291.0794939994812011718750" "WordPress/6.0.3; https://wellnessway4u.com/blog" "wellnessway4u.com"
185.191.171.7 - - [31/Oct/2022:04:41:02 -0700] "GET /wsi_read_more.php?token=MTQyMg%3D%3D&type=wsi HTTP/1.1" 200 64356 "-" "Mozilla/5.0 (compatible; SemrushBot/7~bl; +http://www.semrush.com/bot.html)" "www.wellnessway4u.com"
185.119.81.101 - - [31/Oct/2022:04:41:03 -0700] "GET /blog/wp-login.php HTTP/1.1" 200 7647 "-" "Mozilla/5.0 (Windows NT 10.0; Win64; x64) AppleWebKit/537.36 (KHTML, like Gecko) Chrome/95.0.4638.69 Safari/537.36" "wellnessway4u.com"
10.213.116.209 - - [31/Oct/2022:04:41:13 -0700] "POST /blog/wp-cron.php?doing_wp_cron=1667216473.1275959014892578125000 HTTP/1.1" 200 - "https://wellnessway4u.com/blog/wp-cron.php?doing_wp_cron=1667216473.1275959014892578125000" "WordPress/6.0.3; https://wellnessway4u.com/blog" "wellnessway4u.com"
185.119.81.101 - - [31/Oct/2022:04:41:15 -0700] "POST /blog/wp-login.php HTTP/1.1" 200 7835 "https://wellnessway4u.com/blog/wp-login.php" "Mozilla/5.0 (Windows NT 10.0; Win64; x64) AppleWebKit/537.36 (KHTML, like Gecko) Chrome/95.0.4638.69 Safari/537.36" "wellnessway4u.com"
185.119.81.100 - - [31/Oct/2022:04:41:27 -0700] "GET /blog/wp-login.php HTTP/1.1" 200 7656 "-" "Mozilla/5.0 (Windows NT 5.1) AppleWebKit/537.36 (KHTML, like Gecko) Chrome/47.0.2526.106 Safari/537.36" "wellnessway4u.com"
185.119.81.100 - - [31/Oct/2022:04:41:36 -0700] "POST /blog/wp-login.php HTTP/1.1" 200 7838 "https://wellnessway4u.com/blog/wp-login.php" "Mozilla/5.0 (Windows NT 5.1) AppleWebKit/537.36 (KHTML, like Gecko) Chrome/47.0.2526.106 Safari/537.36" "wellnessway4u.com"
10.213.116.209 - - [31/Oct/2022:04:41:43 -0700] "POST /blog/wp-cron.php?doing_wp_cron=1667216503.8595769405364990234375 HTTP/1.1" 200 - "https://wellnessway4u.com/blog/wp-cron.php?doing_wp_cron=1667216503.8595769405364990234375" "WordPress/6.0.3; https://wellnessway4u.com/blog" "wellnessway4u.com"
185.119.81.99 - - [31/Oct/2022:04:41:59 -0700] "GET /blog/wp-login.php HTTP/1.1" 500 2161 "-" "Mozilla/5.0 (Windows NT 10.0; Win64; x64) AppleWebKit/537.36 (KHTML, like Gecko) Chrome/99.0.4844.84 Safari/537.36" "wellnessway4u.com"
185.119.81.100 - - [31/Oct/2022:04:42:23 -0700] "GET /blog/wp-login.php HTTP/1.1" 200 7654 "-" "Mozilla/5.0 (Windows NT 10.0; Win64; x64) AppleWebKit/537.36 (KHTML, like Gecko) Chrome/76.0.3809.100 Safari/537.36" "wellnessway4u.com"
185.119.81.100 - - [31/Oct/2022:04:42:32 -0700] "POST /blog/wp-login.php HTTP/1.1" 200 7839 "https://wellnessway4u.com/blog/wp-login.php" "Mozilla/5.0 (Windows NT 10.0; Win64; x64) AppleWebKit/537.36 (KHTML, like Gecko) Chrome/76.0.3809.100 Safari/537.36" "wellnessway4u.com"
10.213.116.211 - - [31/Oct/2022:04:42:41 -0700] "POST /blog/wp-cron.php?doing_wp_cron=1667216561.5395259857177734375000 HTTP/1.1" 200 - "https://wellnessway4u.com/blog/wp-cron.php?doing_wp_cron=1667216561.5395259857177734375000" "WordPress/6.0.3; https://wellnessway4u.com/blog" "wellnessway4u.com"
185.119.81.109 - - [31/Oct/2022:04:45:24 -0700] "GET /blog/wp-login.php HTTP/1.1" 500 2160 "-" "Mozilla/5.0 (Windows NT 6.1; Win64; x64) AppleWebKit/537.36 (KHTML, like Gecko) Chrome/94.0.4606.81 Safari/537.36" "wellnessway4u.com"
185.119.81.106 - - [31/Oct/2022:04:45:17 -0700] "GET /blog/wp-login.php HTTP/1.1" 200 7651 "-" "Mozilla/5.0 (Windows NT 6.1; WOW64) AppleWebKit/537.36 (KHTML, like Gecko) Chrome/66.0.3359.181 Safari/537.36" "wellnessway4u.com"
10.213.116.211 - - [31/Oct/2022:04:45:27 -0700] "POST /blog/wp-cron.php?doing_wp_cron=1667216727.3622639179229736328125 HTTP/1.1" 200 - "https://wellnessway4u.com/blog/wp-cron.php?doing_wp_cron=1667216727.3622639179229736328125" "WordPress/6.0.3; https://wellnessway4u.com/blog" "wellnessway4u.com"
185.119.81.106 - - [31/Oct/2022:04:45:29 -0700] "POST /blog/wp-login.php HTTP/1.1" 200 7835 "https://wellnessway4u.com/blog/wp-login.php" "Mozilla/5.0 (Windows NT 6.1; WOW64) AppleWebKit/537.36 (KHTML, like Gecko) Chrome/66.0.3359.181 Safari/537.36" "wellnessway4u.com"
185.119.81.106 - - [31/Oct/2022:04:47:48 -0700] "GET /blog/wp-login.php HTTP/1.1" 200 7653 "-" "Mozilla/5.0 (Windows NT 10.0; Win64; x64) AppleWebKit/537.36 (KHTML, like Gecko) Chrome/60.0.3112.113 Safari/537.36 (+https://whatis.contentkingapp.com)" "wellnessway4u.com"
185.119.81.99 - - [31/Oct/2022:04:47:55 -0700] "GET /blog/wp-login.php HTTP/1.1" 200 7653 "-" "Mozilla/5.0 (Windows NT 6.1) AppleWebKit/537.36 (KHTML, like Gecko) Chrome/59.0.3071.115 Safari/537.36" "wellnessway4u.com"
185.119.81.99 - - [31/Oct/2022:04:48:03 -0700] "POST /blog/wp-login.php HTTP/1.1" 500 2162 "https://wellnessway4u.com/blog/wp-login.php" "Mozilla/5.0 (Windows NT 6.1) AppleWebKit/537.36 (KHTML, like Gecko) Chrome/59.0.3071.115 Safari/537.36" "wellnessway4u.com"
10.213.116.210 - - [31/Oct/2022:04:47:59 -0700] "POST /blog/wp-cron.php?doing_wp_cron=1667216879.1329309940338134765625 HTTP/1.1" 200 - "https://wellnessway4u.com/blog/wp-cron.php?doing_wp_cron=1667216879.1329309940338134765625" "WordPress/6.0.3; https://wellnessway4u.com/blog" "wellnessway4u.com"
185.119.81.106 - - [31/Oct/2022:04:48:01 -0700] "POST /blog/wp-login.php HTTP/1.1" 200 7839 "https://wellnessway4u.com/blog/wp-login.php" "Mozilla/5.0 (Windows NT 10.0; Win64; x64) AppleWebKit/537.36 (KHTML, like Gecko) Chrome/60.0.3112.113 Safari/537.36 (+https://whatis.contentkingapp.com)" "wellnessway4u.com"
185.119.81.106 - - [31/Oct/2022:04:50:18 -0700] "GET /blog/wp-login.php HTTP/1.1" 200 7651 "-" "Mozilla/5.0 (Windows NT 6.3; Win64; x64) AppleWebKit/537.36 (KHTML, like Gecko) Chrome/61.0.3163.100 Safari/537.36" "wellnessway4u.com"
185.119.81.106 - - [31/Oct/2022:04:50:29 -0700] "POST /blog/wp-login.php HTTP/1.1" 200 7835 "https://wellnessway4u.com/blog/wp-login.php" "Mozilla/5.0 (Windows NT 6.3; Win64; x64) AppleWebKit/537.36 (KHTML, like Gecko) Chrome/61.0.3163.100 Safari/537.36" "wellnessway4u.com"
10.213.116.211 - - [31/Oct/2022:04:50:27 -0700] "POST /blog/wp-cron.php?doing_wp_cron=1667217027.3152089118957519531250 HTTP/1.1" 200 - "https://wellnessway4u.com/blog/wp-cron.php?doing_wp_cron=1667217027.3152089118957519531250" "WordPress/6.0.3; https://wellnessway4u.com/blog" "wellnessway4u.com"
120.88.189.19 - - [31/Oct/2022:04:52:22 -0700] "POST /admin/index.php?mode=contents&msg=Page+Updateds+Successfully%21 HTTP/1.1" 200 41030 "https://wellnessway4u.com/admin/index.php?mode=contents&msg=Page+Updateds+Successfully%21" "Mozilla/5.0 (Windows NT 10.0; Win64; x64) AppleWebKit/537.36 (KHTML, like Gecko) Chrome/106.0.0.0 Safari/537.36" "wellnessway4u.com"
120.88.189.19 - - [31/Oct/2022:04:52:25 -0700] "GET /admin/css/styles.css HTTP/1.1" 200 4468 "https://wellnessway4u.com/admin/index.php?mode=contents&msg=Page+Updateds+Successfully%21" "Mozilla/5.0 (Windows NT 10.0; Win64; x64) AppleWebKit/537.36 (KHTML, like Gecko) Chrome/106.0.0.0 Safari/537.36" "wellnessway4u.com"
120.88.189.19 - - [31/Oct/2022:04:52:25 -0700] "GET /csswell/bootstrap/css/ww4ustyle.css HTTP/1.1" 200 197 "https://wellnessway4u.com/admin/index.php?mode=contents&msg=Page+Updateds+Successfully%21" "Mozilla/5.0 (Windows NT 10.0; Win64; x64) AppleWebKit/537.36 (KHTML, like Gecko) Chrome/106.0.0.0 Safari/537.36" "wellnessway4u.com"
120.88.189.19 - - [31/Oct/2022:04:52:25 -0700] "GET /admin/css/jquery.jqplot.min.css HTTP/1.1" 200 935 "https://wellnessway4u.com/admin/index.php?mode=contents&msg=Page+Updateds+Successfully%21" "Mozilla/5.0 (Windows NT 10.0; Win64; x64) AppleWebKit/537.36 (KHTML, like Gecko) Chrome/106.0.0.0 Safari/537.36" "wellnessway4u.com"
120.88.189.19 - - [31/Oct/2022:04:52:25 -0700] "GET /csswell/bootstrap/css/bootstrap.min.css HTTP/1.1" 200 19916 "https://wellnessway4u.com/admin/index.php?mode=contents&msg=Page+Updateds+Successfully%21" "Mozilla/5.0 (Windows NT 10.0; Win64; x64) AppleWebKit/537.36 (KHTML, like Gecko) Chrome/106.0.0.0 Safari/537.36" "wellnessway4u.com"
120.88.189.19 - - [31/Oct/2022:04:52:25 -0700] "GET /admin/css/examples.min.css HTTP/1.1" 200 651 "https://wellnessway4u.com/admin/index.php?mode=contents&msg=Page+Updateds+Successfully%21" "Mozilla/5.0 (Windows NT 10.0; Win64; x64) AppleWebKit/537.36 (KHTML, like Gecko) Chrome/106.0.0.0 Safari/537.36" "wellnessway4u.com"
120.88.189.19 - - [31/Oct/2022:04:52:25 -0700] "GET /admin/css/shThemejqPlot.min.css HTTP/1.1" 200 564 "https://wellnessway4u.com/admin/index.php?mode=contents&msg=Page+Updateds+Successfully%21" "Mozilla/5.0 (Windows NT 10.0; Win64; x64) AppleWebKit/537.36 (KHTML, like Gecko) Chrome/106.0.0.0 Safari/537.36" "wellnessway4u.com"
120.88.189.19 - - [31/Oct/2022:04:52:25 -0700] "GET /admin/css/shCoreDefault.min.css HTTP/1.1" 200 1295 "https://wellnessway4u.com/admin/index.php?mode=contents&msg=Page+Updateds+Successfully%21" "Mozilla/5.0 (Windows NT 10.0; Win64; x64) AppleWebKit/537.36 (KHTML, like Gecko) Chrome/106.0.0.0 Safari/537.36" "wellnessway4u.com"
120.88.189.19 - - [31/Oct/2022:04:52:25 -0700] "GET /admin/css/bootstrap-datepicker.css HTTP/1.1" 200 2178 "https://wellnessway4u.com/admin/index.php?mode=contents&msg=Page+Updateds+Successfully%21" "Mozilla/5.0 (Windows NT 10.0; Win64; x64) AppleWebKit/537.36 (KHTML, like Gecko) Chrome/106.0.0.0 Safari/537.36" "wellnessway4u.com"
120.88.189.19 - - [31/Oct/2022:04:52:30 -0700] "GET /admin/index.php?mode=edit_content&page_id=69 HTTP/1.1" 200 49106 "https://wellnessway4u.com/admin/index.php?mode=contents&msg=Page+Updateds+Successfully%21" "Mozilla/5.0 (Windows NT 10.0; Win64; x64) AppleWebKit/537.36 (KHTML, like Gecko) Chrome/106.0.0.0 Safari/537.36" "wellnessway4u.com"
120.88.189.19 - - [31/Oct/2022:04:52:32 -0700] "GET /admin/js/tiny_mce/tiny_mce.js HTTP/1.1" 200 60870 "https://wellnessway4u.com/admin/index.php?mode=edit_content&page_id=69" "Mozilla/5.0 (Windows NT 10.0; Win64; x64) AppleWebKit/537.36 (KHTML, like Gecko) Chrome/106.0.0.0 Safari/537.36" "wellnessway4u.com"
120.88.189.19 - - [31/Oct/2022:04:52:34 -0700] "GET /admin/images/mainbox_title_icon.gif HTTP/1.1" 200 56 "https://wellnessway4u.com/admin/index.php?mode=edit_content&page_id=69" "Mozilla/5.0 (Windows NT 10.0; Win64; x64) AppleWebKit/537.36 (KHTML, like Gecko) Chrome/106.0.0.0 Safari/537.36" "wellnessway4u.com"
120.88.189.19 - - [31/Oct/2022:04:52:34 -0700] "GET /admin/js/tiny_mce/langs/en.js HTTP/1.1" 200 1991 "https://wellnessway4u.com/admin/index.php?mode=edit_content&page_id=69" "Mozilla/5.0 (Windows NT 10.0; Win64; x64) AppleWebKit/537.36 (KHTML, like Gecko) Chrome/106.0.0.0 Safari/537.36" "wellnessway4u.com"
120.88.189.19 - - [31/Oct/2022:04:52:34 -0700] "GET /admin/js/tiny_mce/plugins/style/editor_plugin.js HTTP/1.1" 200 498 "https://wellnessway4u.com/admin/index.php?mode=edit_content&page_id=69" "Mozilla/5.0 (Windows NT 10.0; Win64; x64) AppleWebKit/537.36 (KHTML, like Gecko) Chrome/106.0.0.0 Safari/537.36" "wellnessway4u.com"
120.88.189.19 - - [31/Oct/2022:04:52:34 -0700] "GET /admin/js/tiny_mce/plugins/advlink/editor_plugin.js HTTP/1.1" 200 532 "https://wellnessway4u.com/admin/index.php?mode=edit_content&page_id=69" "Mozilla/5.0 (Windows NT 10.0; Win64; x64) AppleWebKit/537.36 (KHTML, like Gecko) Chrome/106.0.0.0 Safari/537.36" "wellnessway4u.com"
120.88.189.19 - - [31/Oct/2022:04:52:34 -0700] "GET /admin/js/tiny_mce/themes/advanced/editor_template.js HTTP/1.1" 200 7366 "https://wellnessway4u.com/admin/index.php?mode=edit_content&page_id=69" "Mozilla/5.0 (Windows NT 10.0; Win64; x64) AppleWebKit/537.36 (KHTML, like Gecko) Chrome/106.0.0.0 Safari/537.36" "wellnessway4u.com"
120.88.189.19 - - [31/Oct/2022:04:52:34 -0700] "GET /admin/js/tiny_mce/plugins/emotions/editor_plugin.js HTTP/1.1" 200 375 "https://wellnessway4u.com/admin/index.php?mode=edit_content&page_id=69" "Mozilla/5.0 (Windows NT 10.0; Win64; x64) AppleWebKit/537.36 (KHTML, like Gecko) Chrome/106.0.0.0 Safari/537.36" "wellnessway4u.com"
120.88.189.19 - - [31/Oct/2022:04:52:34 -0700] "GET /admin/js/tiny_mce/plugins/advimage/editor_plugin.js HTTP/1.1" 200 439 "https://wellnessway4u.com/admin/index.php?mode=edit_content&page_id=69" "Mozilla/5.0 (Windows NT 10.0; Win64; x64) AppleWebKit/537.36 (KHTML, like Gecko) Chrome/106.0.0.0 Safari/537.36" "wellnessway4u.com"
120.88.189.19 - - [31/Oct/2022:04:52:34 -0700] "GET /images/loading.gif HTTP/1.1" 200 2767 "https://wellnessway4u.com/" "Mozilla/5.0 (Windows NT 10.0; Win64; x64) AppleWebKit/537.36 (KHTML, like Gecko) Chrome/106.0.0.0 Safari/537.36" "www.wellnessway4u.com"
120.88.189.19 - - [31/Oct/2022:04:52:34 -0700] "GET /admin/js/tiny_mce/themes/advanced/langs/en.js HTTP/1.1" 200 858 "https://wellnessway4u.com/admin/index.php?mode=edit_content&page_id=69" "Mozilla/5.0 (Windows NT 10.0; Win64; x64) AppleWebKit/537.36 (KHTML, like Gecko) Chrome/106.0.0.0 Safari/537.36" "wellnessway4u.com"
120.88.189.19 - - [31/Oct/2022:04:52:34 -0700] "GET /admin/js/tiny_mce/themes/advanced/skins/default/ui.css HTTP/1.1" 200 2908 "https://wellnessway4u.com/admin/index.php?mode=edit_content&page_id=69" "Mozilla/5.0 (Windows NT 10.0; Win64; x64) AppleWebKit/537.36 (KHTML, like Gecko) Chrome/106.0.0.0 Safari/537.36" "wellnessway4u.com"
120.88.189.19 - - [31/Oct/2022:04:52:34 -0700] "GET /admin/js/tiny_mce/themes/advanced/skins/default/content.css HTTP/1.1" 200 656 "https://wellnessway4u.com/admin/index.php?mode=edit_content&page_id=69" "Mozilla/5.0 (Windows NT 10.0; Win64; x64) AppleWebKit/537.36 (KHTML, like Gecko) Chrome/106.0.0.0 Safari/537.36" "wellnessway4u.com"
120.88.189.19 - - [31/Oct/2022:04:52:35 -0700] "GET /admin/js/tiny_mce/themes/advanced/img/icons.gif HTTP/1.1" 200 11794 "https://wellnessway4u.com/admin/js/tiny_mce/themes/advanced/skins/default/ui.css" "Mozilla/5.0 (Windows NT 10.0; Win64; x64) AppleWebKit/537.36 (KHTML, like Gecko) Chrome/106.0.0.0 Safari/537.36" "wellnessway4u.com"
120.88.189.19 - - [31/Oct/2022:04:53:23 -0700] "GET /admin/js/tiny_mce/themes/advanced/source_editor.htm HTTP/1.1" 200 614 "https://wellnessway4u.com/admin/index.php?mode=edit_content&page_id=69" "Mozilla/5.0 (Windows NT 10.0; Win64; x64) AppleWebKit/537.36 (KHTML, like Gecko) Chrome/106.0.0.0 Safari/537.36" "wellnessway4u.com"
120.88.189.19 - - [31/Oct/2022:04:53:23 -0700] "GET /admin/js/tiny_mce/tiny_mce_popup.js HTTP/1.1" 200 1919 "https://wellnessway4u.com/admin/js/tiny_mce/themes/advanced/source_editor.htm" "Mozilla/5.0 (Windows NT 10.0; Win64; x64) AppleWebKit/537.36 (KHTML, like Gecko) Chrome/106.0.0.0 Safari/537.36" "wellnessway4u.com"
