120.88.189.19 - - [30/Oct/2022:23:35:44 -0700] "GET /admin/index.php?mode=edit_content&page_id=69 HTTP/1.1" 200 47817 "https://wellnessway4u.com/admin/index.php?mode=contents" "Mozilla/5.0 (Windows NT 10.0; Win64; x64) AppleWebKit/537.36 (KHTML, like Gecko) Chrome/106.0.0.0 Safari/537.36" "wellnessway4u.com"
185.119.81.100 - - [30/Oct/2022:23:36:18 -0700] "GET /blog/wp-login.php HTTP/1.1" 200 7653 "-" "Mozilla/5.0 (Windows NT 10.0; Win64; x64) AppleWebKit/537.36 (KHTML, like Gecko) Chrome/88.0.4324.182 Safari/537.36" "wellnessway4u.com"
10.213.116.211 - - [30/Oct/2022:23:36:27 -0700] "POST /blog/wp-cron.php?doing_wp_cron=1667198187.7375919818878173828125 HTTP/1.1" 200 - "https://wellnessway4u.com/blog/wp-cron.php?doing_wp_cron=1667198187.7375919818878173828125" "WordPress/6.0.3; https://wellnessway4u.com/blog" "wellnessway4u.com"
185.119.81.100 - - [30/Oct/2022:23:36:29 -0700] "POST /blog/wp-login.php HTTP/1.1" 200 7834 "https://wellnessway4u.com/blog/wp-login.php" "Mozilla/5.0 (Windows NT 10.0; Win64; x64) AppleWebKit/537.36 (KHTML, like Gecko) Chrome/88.0.4324.182 Safari/537.36" "wellnessway4u.com"
185.119.81.109 - - [30/Oct/2022:23:38:10 -0700] "GET /blog/wp-login.php HTTP/1.1" 200 7653 "-" "Mozilla/5.0 (Windows NT 10.0; Win64; x64) AppleWebKit/537.36 (KHTML, like Gecko) Chrome/85.0.4183.83 Safari/537.36" "wellnessway4u.com"
185.119.81.109 - - [30/Oct/2022:23:38:22 -0700] "POST /blog/wp-login.php HTTP/1.1" 200 7837 "https://wellnessway4u.com/blog/wp-login.php" "Mozilla/5.0 (Windows NT 10.0; Win64; x64) AppleWebKit/537.36 (KHTML, like Gecko) Chrome/85.0.4183.83 Safari/537.36" "wellnessway4u.com"
10.213.116.210 - - [30/Oct/2022:23:38:20 -0700] "POST /blog/wp-cron.php?doing_wp_cron=1667198300.0720009803771972656250 HTTP/1.1" 200 - "https://wellnessway4u.com/blog/wp-cron.php?doing_wp_cron=1667198300.0720009803771972656250" "WordPress/6.0.3; https://wellnessway4u.com/blog" "wellnessway4u.com"
185.119.81.100 - - [30/Oct/2022:23:39:10 -0700] "GET /blog/wp-login.php HTTP/1.1" 200 7655 "-" "Mozilla/5.0 (Windows NT 6.1; WOW64) AppleWebKit/537.36 (KHTML, like Gecko) Chrome/79.0.3945.130 Safari/537.36" "wellnessway4u.com"
10.213.116.211 - - [30/Oct/2022:23:39:19 -0700] "POST /blog/wp-cron.php?doing_wp_cron=1667198359.4552090167999267578125 HTTP/1.1" 200 - "https://wellnessway4u.com/blog/wp-cron.php?doing_wp_cron=1667198359.4552090167999267578125" "WordPress/6.0.3; https://wellnessway4u.com/blog" "wellnessway4u.com"
185.119.81.100 - - [30/Oct/2022:23:39:21 -0700] "POST /blog/wp-login.php HTTP/1.1" 200 7840 "https://wellnessway4u.com/blog/wp-login.php" "Mozilla/5.0 (Windows NT 6.1; WOW64) AppleWebKit/537.36 (KHTML, like Gecko) Chrome/79.0.3945.130 Safari/537.36" "wellnessway4u.com"
120.88.189.19 - - [30/Oct/2022:23:40:31 -0700] "POST /admin/index.php?mode=edit_content&page_id=69 HTTP/1.1" 302 47977 "https://wellnessway4u.com/admin/index.php?mode=edit_content&page_id=69" "Mozilla/5.0 (Windows NT 10.0; Win64; x64) AppleWebKit/537.36 (KHTML, like Gecko) Chrome/106.0.0.0 Safari/537.36" "wellnessway4u.com"
120.88.189.19 - - [30/Oct/2022:23:40:32 -0700] "GET /admin/index.php?mode=contents&msg=Page+Updateds+Successfully%21 HTTP/1.1" 200 103455 "https://wellnessway4u.com/admin/index.php?mode=edit_content&page_id=69" "Mozilla/5.0 (Windows NT 10.0; Win64; x64) AppleWebKit/537.36 (KHTML, like Gecko) Chrome/106.0.0.0 Safari/537.36" "wellnessway4u.com"
185.119.81.100 - - [30/Oct/2022:23:41:10 -0700] "GET /blog/wp-login.php HTTP/1.1" 200 7652 "-" "Mozilla/5.0 (Windows NT 6.1; Win64; x64) AppleWebKit/537.36 (KHTML, like Gecko) Chrome/92.0.4515.159 Safari/537.36" "wellnessway4u.com"
185.119.81.109 - - [30/Oct/2022:23:41:15 -0700] "GET /blog/wp-login.php HTTP/1.1" 200 7657 "-" "Mozilla/5.0 (Windows NT 6.3; WOW64) AppleWebKit/537.36 (KHTML, like Gecko) Chrome/51.0.2704.106 Safari/537.36" "wellnessway4u.com"
10.213.116.211 - - [30/Oct/2022:23:41:19 -0700] "POST /blog/wp-cron.php?doing_wp_cron=1667198479.2548460960388183593750 HTTP/1.1" 200 - "https://wellnessway4u.com/blog/wp-cron.php?doing_wp_cron=1667198479.2548460960388183593750" "WordPress/6.0.3; https://wellnessway4u.com/blog" "wellnessway4u.com"
185.119.81.100 - - [30/Oct/2022:23:41:21 -0700] "POST /blog/wp-login.php HTTP/1.1" 200 7838 "https://wellnessway4u.com/blog/wp-login.php" "Mozilla/5.0 (Windows NT 6.1; Win64; x64) AppleWebKit/537.36 (KHTML, like Gecko) Chrome/92.0.4515.159 Safari/537.36" "wellnessway4u.com"
185.119.81.109 - - [30/Oct/2022:23:41:24 -0700] "POST /blog/wp-login.php HTTP/1.1" 200 7835 "https://wellnessway4u.com/blog/wp-login.php" "Mozilla/5.0 (Windows NT 6.3; WOW64) AppleWebKit/537.36 (KHTML, like Gecko) Chrome/51.0.2704.106 Safari/537.36" "wellnessway4u.com"
120.88.189.19 - - [30/Oct/2022:23:41:54 -0700] "POST /admin/index.php?mode=contents&msg=Page+Updateds+Successfully%21 HTTP/1.1" 200 41030 "https://wellnessway4u.com/admin/index.php?mode=contents&msg=Page+Updateds+Successfully%21" "Mozilla/5.0 (Windows NT 10.0; Win64; x64) AppleWebKit/537.36 (KHTML, like Gecko) Chrome/106.0.0.0 Safari/537.36" "wellnessway4u.com"
120.88.189.19 - - [30/Oct/2022:23:42:00 -0700] "GET /admin/index.php?mode=edit_content&page_id=69 HTTP/1.1" 200 47977 "https://wellnessway4u.com/admin/index.php?mode=contents&msg=Page+Updateds+Successfully%21" "Mozilla/5.0 (Windows NT 10.0; Win64; x64) AppleWebKit/537.36 (KHTML, like Gecko) Chrome/106.0.0.0 Safari/537.36" "wellnessway4u.com"
185.119.81.101 - - [30/Oct/2022:23:41:55 -0700] "GET /blog/wp-login.php HTTP/1.1" 200 7862 "-" "Mozilla/5.0 (Windows NT 10.0; Win64; x64) AppleWebKit/537.36 (KHTML, like Gecko) Chrome/64.0.3282.186 Safari/537.36" "wellnessway4u.com"
10.213.116.209 - - [30/Oct/2022:23:42:03 -0700] "POST /blog/wp-cron.php?doing_wp_cron=1667198523.7923939228057861328125 HTTP/1.1" 200 - "https://wellnessway4u.com/blog/wp-cron.php?doing_wp_cron=1667198523.7923939228057861328125" "WordPress/6.0.3; https://wellnessway4u.com/blog" "wellnessway4u.com"
185.119.81.101 - - [30/Oct/2022:23:42:05 -0700] "POST /blog/wp-login.php HTTP/1.1" 200 7888 "https://wellnessway4u.com/blog/wp-login.php" "Mozilla/5.0 (Windows NT 10.0; Win64; x64) AppleWebKit/537.36 (KHTML, like Gecko) Chrome/64.0.3282.186 Safari/537.36" "wellnessway4u.com"
120.88.189.19 - - [30/Oct/2022:23:42:13 -0700] "GET /pages.php?id=69 HTTP/1.1" 200 45218 "-" "Mozilla/5.0 (Windows NT 10.0; Win64; x64) AppleWebKit/537.36 (KHTML, like Gecko) Chrome/106.0.0.0 Safari/537.36" "wellnessway4u.com"
120.88.189.19 - - [30/Oct/2022:23:42:14 -0700] "GET /w_css/style.css?v=1667198533 HTTP/1.1" 200 12959 "https://wellnessway4u.com/pages.php?id=69" "Mozilla/5.0 (Windows NT 10.0; Win64; x64) AppleWebKit/537.36 (KHTML, like Gecko) Chrome/106.0.0.0 Safari/537.36" "wellnessway4u.com"
120.88.189.19 - - [30/Oct/2022:23:42:14 -0700] "GET /w_js/commonfn.js?v=1667198534 HTTP/1.1" 200 16560 "https://wellnessway4u.com/pages.php?id=69" "Mozilla/5.0 (Windows NT 10.0; Win64; x64) AppleWebKit/537.36 (KHTML, like Gecko) Chrome/106.0.0.0 Safari/537.36" "wellnessway4u.com"
4.227.238.35 - - [30/Oct/2022:23:42:41 -0700] "GET /wp-content/themes/seotheme/db.php?u HTTP/1.1" 404 88 "www.google.com" "Mozlila/5.0 (Linux; Android 7.0; SM-G892A Bulid/NRD90M; wv) AppleWebKit/537.36 (KHTML, like Gecko) Version/4.0 Chrome/60.0.3112.107 Moblie Safari/537.36" "wellnessway4u.com"
4.227.238.35 - - [30/Oct/2022:23:42:45 -0700] "GET /wp-content/themes/seotheme/db.php?u HTTP/1.1" 404 88 "www.google.com" "Mozlila/5.0 (Linux; Android 7.0; SM-G892A Bulid/NRD90M; wv) AppleWebKit/537.36 (KHTML, like Gecko) Version/4.0 Chrome/60.0.3112.107 Moblie Safari/537.36" "wellnessway4u.com"
185.119.81.99 - - [30/Oct/2022:23:43:16 -0700] "GET /blog/wp-login.php HTTP/1.1" 500 2155 "-" "Mozilla/5.0 (Windows NT 10.0; Win64; x64) AppleWebKit/537.36 (KHTML, like Gecko) Chrome/73.0.3683.86 Safari/537.36" "wellnessway4u.com"
193.169.255.236 - - [30/Oct/2022:23:44:35 -0700] "GET /contact_us.php HTTP/1.1" 200 63950 "http://www.wellnessway4u.com" "Mozilla/5.0 (Windows NT 10.0; Win64; x64) AppleWebKit/537.36 (KHTML, like Gecko) Chrome/97.0.4692.71 Safari/537.36" "www.wellnessway4u.com"
185.119.81.106 - - [30/Oct/2022:23:44:59 -0700] "GET /blog/wp-login.php HTTP/1.1" 200 7870 "-" "Mozilla/5.0 (Windows NT 6.2; Win64; x64) AppleWebKit/537.36 (KHTML, like Gecko) Chrome/70.0.3538.102 Safari/537.36" "wellnessway4u.com"
10.213.116.209 - - [30/Oct/2022:23:45:09 -0700] "POST /blog/wp-cron.php?doing_wp_cron=1667198709.2876200675964355468750 HTTP/1.1" 200 - "https://wellnessway4u.com/blog/wp-cron.php?doing_wp_cron=1667198709.2876200675964355468750" "WordPress/6.0.3; https://wellnessway4u.com/blog" "wellnessway4u.com"
185.119.81.106 - - [30/Oct/2022:23:45:11 -0700] "POST /blog/wp-login.php HTTP/1.1" 200 7884 "https://wellnessway4u.com/blog/wp-login.php" "Mozilla/5.0 (Windows NT 6.2; Win64; x64) AppleWebKit/537.36 (KHTML, like Gecko) Chrome/70.0.3538.102 Safari/537.36" "wellnessway4u.com"
185.119.81.109 - - [30/Oct/2022:23:45:24 -0700] "GET /blog/wp-login.php HTTP/1.1" 200 7865 "-" "Mozilla/5.0 (Windows NT 10.0; Win64; x64) AppleWebKit/537.36 (KHTML, like Gecko) Chrome/84.0.4147.89 Safari/537.36" "wellnessway4u.com"
185.119.81.109 - - [30/Oct/2022:23:45:34 -0700] "POST /blog/wp-login.php HTTP/1.1" 200 7877 "https://wellnessway4u.com/blog/wp-login.php" "Mozilla/5.0 (Windows NT 10.0; Win64; x64) AppleWebKit/537.36 (KHTML, like Gecko) Chrome/84.0.4147.89 Safari/537.36" "wellnessway4u.com"
10.213.116.211 - - [30/Oct/2022:23:45:44 -0700] "POST /blog/wp-cron.php?doing_wp_cron=1667198744.8074550628662109375000 HTTP/1.1" 200 - "https://wellnessway4u.com/blog/wp-cron.php?doing_wp_cron=1667198744.8074550628662109375000" "WordPress/6.0.3; https://wellnessway4u.com/blog" "wellnessway4u.com"
185.119.81.101 - - [30/Oct/2022:23:46:46 -0700] "GET /blog/wp-login.php HTTP/1.1" 200 7862 "-" "Mozilla/5.0 (Windows NT 10.0; Win64; x64) AppleWebKit/537.36 (KHTML, like Gecko) Chrome/80.0.3987.106 Safari/537.36" "wellnessway4u.com"
10.213.116.211 - - [30/Oct/2022:23:46:54 -0700] "POST /blog/wp-cron.php?doing_wp_cron=1667198814.4438691139221191406250 HTTP/1.1" 200 - "https://wellnessway4u.com/blog/wp-cron.php?doing_wp_cron=1667198814.4438691139221191406250" "WordPress/6.0.3; https://wellnessway4u.com/blog" "wellnessway4u.com"
185.119.81.101 - - [30/Oct/2022:23:46:56 -0700] "POST /blog/wp-login.php HTTP/1.1" 200 7889 "https://wellnessway4u.com/blog/wp-login.php" "Mozilla/5.0 (Windows NT 10.0; Win64; x64) AppleWebKit/537.36 (KHTML, like Gecko) Chrome/80.0.3987.106 Safari/537.36" "wellnessway4u.com"
185.119.81.109 - - [30/Oct/2022:23:47:54 -0700] "GET /blog/wp-login.php HTTP/1.1" 200 7863 "-" "Mozilla/5.0 (Windows NT 10.0; Win64; x64) AppleWebKit/537.36 (KHTML, like Gecko) Chrome/65.0.3325.162 Safari/537.36" "wellnessway4u.com"
10.213.116.209 - - [30/Oct/2022:23:48:04 -0700] "POST /blog/wp-cron.php?doing_wp_cron=1667198884.4383440017700195312500 HTTP/1.1" 200 - "https://wellnessway4u.com/blog/wp-cron.php?doing_wp_cron=1667198884.4383440017700195312500" "WordPress/6.0.3; https://wellnessway4u.com/blog" "wellnessway4u.com"
185.119.81.109 - - [30/Oct/2022:23:48:06 -0700] "POST /blog/wp-login.php HTTP/1.1" 200 7882 "https://wellnessway4u.com/blog/wp-login.php" "Mozilla/5.0 (Windows NT 10.0; Win64; x64) AppleWebKit/537.36 (KHTML, like Gecko) Chrome/65.0.3325.162 Safari/537.36" "wellnessway4u.com"
185.119.81.99 - - [30/Oct/2022:23:50:37 -0700] "GET /blog/wp-login.php HTTP/1.1" 500 2162 "-" "Mozilla/5.0 (Windows NT 5.1) AppleWebKit/537.36 (KHTML, like Gecko) Chrome/47.0.2526.106 Safari/537.36" "wellnessway4u.com"
120.88.189.19 - - [30/Oct/2022:23:50:51 -0700] "GET /user_dashboard.php HTTP/1.1" 200 28624 "https://wellnessway4u.com/life_naya_andaaz" "Mozilla/5.0 (Windows NT 10.0; Win64; x64) AppleWebKit/537.36 (KHTML, like Gecko) Chrome/106.0.0.0 Safari/537.36" "wellnessway4u.com"
120.88.189.19 - - [30/Oct/2022:23:50:53 -0700] "GET /userdashboard/plugins/jvectormap/jquery-jvectormap-1.2.2.css HTTP/1.1" 200 351 "https://wellnessway4u.com/user_dashboard.php" "Mozilla/5.0 (Windows NT 10.0; Win64; x64) AppleWebKit/537.36 (KHTML, like Gecko) Chrome/106.0.0.0 Safari/537.36" "wellnessway4u.com"
120.88.189.19 - - [30/Oct/2022:23:50:53 -0700] "GET /userdashboard/dist/css/skins/_all-skins.min.css HTTP/1.1" 200 3323 "https://wellnessway4u.com/user_dashboard.php" "Mozilla/5.0 (Windows NT 10.0; Win64; x64) AppleWebKit/537.36 (KHTML, like Gecko) Chrome/106.0.0.0 Safari/537.36" "wellnessway4u.com"
120.88.189.19 - - [30/Oct/2022:23:50:53 -0700] "GET /userdashboard/dist/css/circle.css HTTP/1.1" 200 3215 "https://wellnessway4u.com/user_dashboard.php" "Mozilla/5.0 (Windows NT 10.0; Win64; x64) AppleWebKit/537.36 (KHTML, like Gecko) Chrome/106.0.0.0 Safari/537.36" "wellnessway4u.com"
120.88.189.19 - - [30/Oct/2022:23:50:53 -0700] "GET /userdashboard/dist/css/AdminLTE.min.css HTTP/1.1" 200 14812 "https://wellnessway4u.com/user_dashboard.php" "Mozilla/5.0 (Windows NT 10.0; Win64; x64) AppleWebKit/537.36 (KHTML, like Gecko) Chrome/106.0.0.0 Safari/537.36" "wellnessway4u.com"
120.88.189.19 - - [30/Oct/2022:23:50:53 -0700] "GET /login.php?ref=dXNlcl9kYXNoYm9hcmQucGhw HTTP/1.1" 200 59998 "https://wellnessway4u.com/user_dashboard.php" "Mozilla/5.0 (Windows NT 10.0; Win64; x64) AppleWebKit/537.36 (KHTML, like Gecko) Chrome/106.0.0.0 Safari/537.36" "wellnessway4u.com"
120.88.189.19 - - [30/Oct/2022:23:50:54 -0700] "GET /w_css/style.css?v=1667199054 HTTP/1.1" 200 12959 "https://wellnessway4u.com/login.php?ref=dXNlcl9kYXNoYm9hcmQucGhw" "Mozilla/5.0 (Windows NT 10.0; Win64; x64) AppleWebKit/537.36 (KHTML, like Gecko) Chrome/106.0.0.0 Safari/537.36" "wellnessway4u.com"
120.88.189.19 - - [30/Oct/2022:23:50:54 -0700] "GET /uploads/LoginPage-Banner-Basketball-Transparent-Green-small.png HTTP/1.1" 200 128099 "https://wellnessway4u.com/login.php?ref=dXNlcl9kYXNoYm9hcmQucGhw" "Mozilla/5.0 (Windows NT 10.0; Win64; x64) AppleWebKit/537.36 (KHTML, like Gecko) Chrome/106.0.0.0 Safari/537.36" "wellnessway4u.com"
120.88.189.19 - - [30/Oct/2022:23:50:56 -0700] "GET /w_js/commonfn.js?v=1667199054 HTTP/1.1" 200 16560 "https://wellnessway4u.com/login.php?ref=dXNlcl9kYXNoYm9hcmQucGhw" "Mozilla/5.0 (Windows NT 10.0; Win64; x64) AppleWebKit/537.36 (KHTML, like Gecko) Chrome/106.0.0.0 Safari/537.36" "wellnessway4u.com"
120.88.189.19 - - [30/Oct/2022:23:50:58 -0700] "GET /fonts/arial.ttf HTTP/1.1" 404 88 "https://wellnessway4u.com/w_css/style.css?v=1667199054" "Mozilla/5.0 (Windows NT 10.0; Win64; x64) AppleWebKit/537.36 (KHTML, like Gecko) Chrome/106.0.0.0 Safari/537.36" "wellnessway4u.com"
185.119.81.106 - - [30/Oct/2022:23:52:48 -0700] "GET /blog/wp-login.php HTTP/1.1" 200 7861 "-" "Mozilla/5.0 (Windows NT 6.1; Win64; x64) AppleWebKit/537.36 (KHTML, like Gecko) Chrome/98.0.4758.102 Safari/537.36" "wellnessway4u.com"
185.119.81.101 - - [30/Oct/2022:23:52:53 -0700] "GET /blog/wp-login.php HTTP/1.1" 200 7870 "-" "Mozilla/5.0 (Windows NT 6.1; Win64; x64) AppleWebKit/537.36 (KHTML, like Gecko) Chrome/81.0.4044.129 Safari/537.36" "wellnessway4u.com"
185.119.81.106 - - [30/Oct/2022:23:52:59 -0700] "POST /blog/wp-login.php HTTP/1.1" 200 7882 "https://wellnessway4u.com/blog/wp-login.php" "Mozilla/5.0 (Windows NT 6.1; Win64; x64) AppleWebKit/537.36 (KHTML, like Gecko) Chrome/98.0.4758.102 Safari/537.36" "wellnessway4u.com"
10.213.116.210 - - [30/Oct/2022:23:52:57 -0700] "POST /blog/wp-cron.php?doing_wp_cron=1667199177.5114541053771972656250 HTTP/1.1" 200 - "https://wellnessway4u.com/blog/wp-cron.php?doing_wp_cron=1667199177.5114541053771972656250" "WordPress/6.0.3; https://wellnessway4u.com/blog" "wellnessway4u.com"
185.119.81.101 - - [30/Oct/2022:23:53:03 -0700] "POST /blog/wp-login.php HTTP/1.1" 200 7884 "https://wellnessway4u.com/blog/wp-login.php" "Mozilla/5.0 (Windows NT 6.1; Win64; x64) AppleWebKit/537.36 (KHTML, like Gecko) Chrome/81.0.4044.129 Safari/537.36" "wellnessway4u.com"
120.88.189.19 - - [30/Oct/2022:23:53:14 -0700] "POST /login.php?ref=dXNlcl9kYXNoYm9hcmQucGhw HTTP/1.1" 302 60410 "https://wellnessway4u.com/login.php?ref=dXNlcl9kYXNoYm9hcmQucGhw" "Mozilla/5.0 (Windows NT 10.0; Win64; x64) AppleWebKit/537.36 (KHTML, like Gecko) Chrome/106.0.0.0 Safari/537.36" "wellnessway4u.com"
120.88.189.19 - - [30/Oct/2022:23:53:15 -0700] "GET /user_dashboard.php HTTP/1.1" 200 28624 "-" "Mozilla/5.0 (Windows NT 10.0; Win64; x64) AppleWebKit/537.36 (KHTML, like Gecko) Chrome/106.0.0.0 Safari/537.36" "www.wellnessway4u.com"
120.88.189.19 - - [30/Oct/2022:23:53:16 -0700] "GET /csswell/bootstrap/css/bootstrap.min.css HTTP/1.1" 200 19916 "https://www.wellnessway4u.com/user_dashboard.php" "Mozilla/5.0 (Windows NT 10.0; Win64; x64) AppleWebKit/537.36 (KHTML, like Gecko) Chrome/106.0.0.0 Safari/537.36" "www.wellnessway4u.com"
120.88.189.19 - - [30/Oct/2022:23:53:16 -0700] "GET /userdashboard/dist/css/skins/_all-skins.min.css HTTP/1.1" 200 3323 "https://www.wellnessway4u.com/user_dashboard.php" "Mozilla/5.0 (Windows NT 10.0; Win64; x64) AppleWebKit/537.36 (KHTML, like Gecko) Chrome/106.0.0.0 Safari/537.36" "www.wellnessway4u.com"
120.88.189.19 - - [30/Oct/2022:23:53:16 -0700] "GET /userdashboard/plugins/jvectormap/jquery-jvectormap-1.2.2.css HTTP/1.1" 200 351 "https://www.wellnessway4u.com/user_dashboard.php" "Mozilla/5.0 (Windows NT 10.0; Win64; x64) AppleWebKit/537.36 (KHTML, like Gecko) Chrome/106.0.0.0 Safari/537.36" "www.wellnessway4u.com"
120.88.189.19 - - [30/Oct/2022:23:53:16 -0700] "GET /userdashboard/dist/css/AdminLTE.min.css HTTP/1.1" 200 14812 "https://www.wellnessway4u.com/user_dashboard.php" "Mozilla/5.0 (Windows NT 10.0; Win64; x64) AppleWebKit/537.36 (KHTML, like Gecko) Chrome/106.0.0.0 Safari/537.36" "www.wellnessway4u.com"
120.88.189.19 - - [30/Oct/2022:23:53:16 -0700] "GET /userdashboard/dist/css/circle.css HTTP/1.1" 200 3215 "https://www.wellnessway4u.com/user_dashboard.php" "Mozilla/5.0 (Windows NT 10.0; Win64; x64) AppleWebKit/537.36 (KHTML, like Gecko) Chrome/106.0.0.0 Safari/537.36" "www.wellnessway4u.com"
120.88.189.19 - - [30/Oct/2022:23:53:16 -0700] "GET /login.php?ref=dXNlcl9kYXNoYm9hcmQucGhw HTTP/1.1" 200 59998 "https://www.wellnessway4u.com/user_dashboard.php" "Mozilla/5.0 (Windows NT 10.0; Win64; x64) AppleWebKit/537.36 (KHTML, like Gecko) Chrome/106.0.0.0 Safari/537.36" "www.wellnessway4u.com"
120.88.189.19 - - [30/Oct/2022:23:53:17 -0700] "GET /w_css/bootstrap.min.css HTTP/1.1" 200 19744 "https://www.wellnessway4u.com/login.php?ref=dXNlcl9kYXNoYm9hcmQucGhw" "Mozilla/5.0 (Windows NT 10.0; Win64; x64) AppleWebKit/537.36 (KHTML, like Gecko) Chrome/106.0.0.0 Safari/537.36" "www.wellnessway4u.com"
120.88.189.19 - - [30/Oct/2022:23:53:17 -0700] "GET /w_css/slick.css HTTP/1.1" 200 557 "https://www.wellnessway4u.com/login.php?ref=dXNlcl9kYXNoYm9hcmQucGhw" "Mozilla/5.0 (Windows NT 10.0; Win64; x64) AppleWebKit/537.36 (KHTML, like Gecko) Chrome/106.0.0.0 Safari/537.36" "www.wellnessway4u.com"
120.88.189.19 - - [30/Oct/2022:23:53:17 -0700] "GET /w_css/animated.css HTTP/1.1" 200 3954 "https://www.wellnessway4u.com/login.php?ref=dXNlcl9kYXNoYm9hcmQucGhw" "Mozilla/5.0 (Windows NT 10.0; Win64; x64) AppleWebKit/537.36 (KHTML, like Gecko) Chrome/106.0.0.0 Safari/537.36" "www.wellnessway4u.com"
120.88.189.19 - - [30/Oct/2022:23:53:17 -0700] "GET /w_css/font-awesome.min.css HTTP/1.1" 200 7053 "https://www.wellnessway4u.com/login.php?ref=dXNlcl9kYXNoYm9hcmQucGhw" "Mozilla/5.0 (Windows NT 10.0; Win64; x64) AppleWebKit/537.36 (KHTML, like Gecko) Chrome/106.0.0.0 Safari/537.36" "www.wellnessway4u.com"
120.88.189.19 - - [30/Oct/2022:23:53:17 -0700] "GET /w_css/jquery-ui.css HTTP/1.1" 200 8378 "https://www.wellnessway4u.com/login.php?ref=dXNlcl9kYXNoYm9hcmQucGhw" "Mozilla/5.0 (Windows NT 10.0; Win64; x64) AppleWebKit/537.36 (KHTML, like Gecko) Chrome/106.0.0.0 Safari/537.36" "www.wellnessway4u.com"
120.88.189.19 - - [30/Oct/2022:23:53:17 -0700] "GET /w_css/style.css?v=1667199196 HTTP/1.1" 200 12959 "https://www.wellnessway4u.com/login.php?ref=dXNlcl9kYXNoYm9hcmQucGhw" "Mozilla/5.0 (Windows NT 10.0; Win64; x64) AppleWebKit/537.36 (KHTML, like Gecko) Chrome/106.0.0.0 Safari/537.36" "www.wellnessway4u.com"
120.88.189.19 - - [30/Oct/2022:23:53:17 -0700] "GET /w_css/responsive.css HTTP/1.1" 200 898 "https://www.wellnessway4u.com/login.php?ref=dXNlcl9kYXNoYm9hcmQucGhw" "Mozilla/5.0 (Windows NT 10.0; Win64; x64) AppleWebKit/537.36 (KHTML, like Gecko) Chrome/106.0.0.0 Safari/537.36" "www.wellnessway4u.com"
120.88.189.19 - - [30/Oct/2022:23:53:17 -0700] "GET /cwri.css HTTP/1.1" 200 3658 "https://www.wellnessway4u.com/login.php?ref=dXNlcl9kYXNoYm9hcmQucGhw" "Mozilla/5.0 (Windows NT 10.0; Win64; x64) AppleWebKit/537.36 (KHTML, like Gecko) Chrome/106.0.0.0 Safari/537.36" "www.wellnessway4u.com"
120.88.189.19 - - [30/Oct/2022:23:53:17 -0700] "GET /css/jquery.simpleTicker.css HTTP/1.1" 200 298 "https://www.wellnessway4u.com/login.php?ref=dXNlcl9kYXNoYm9hcmQucGhw" "Mozilla/5.0 (Windows NT 10.0; Win64; x64) AppleWebKit/537.36 (KHTML, like Gecko) Chrome/106.0.0.0 Safari/537.36" "www.wellnessway4u.com"
120.88.189.19 - - [30/Oct/2022:23:53:17 -0700] "GET /w_css/tokenize2.css HTTP/1.1" 200 847 "https://www.wellnessway4u.com/login.php?ref=dXNlcl9kYXNoYm9hcmQucGhw" "Mozilla/5.0 (Windows NT 10.0; Win64; x64) AppleWebKit/537.36 (KHTML, like Gecko) Chrome/106.0.0.0 Safari/537.36" "www.wellnessway4u.com"
120.88.189.19 - - [30/Oct/2022:23:53:17 -0700] "GET /css/colorbox.css HTTP/1.1" 200 2225 "https://www.wellnessway4u.com/login.php?ref=dXNlcl9kYXNoYm9hcmQucGhw" "Mozilla/5.0 (Windows NT 10.0; Win64; x64) AppleWebKit/537.36 (KHTML, like Gecko) Chrome/106.0.0.0 Safari/537.36" "www.wellnessway4u.com"
120.88.189.19 - - [30/Oct/2022:23:53:17 -0700] "GET /css/ddsmoothmenu.css HTTP/1.1" 200 981 "https://www.wellnessway4u.com/login.php?ref=dXNlcl9kYXNoYm9hcmQucGhw" "Mozilla/5.0 (Windows NT 10.0; Win64; x64) AppleWebKit/537.36 (KHTML, like Gecko) Chrome/106.0.0.0 Safari/537.36" "www.wellnessway4u.com"
120.88.189.19 - - [30/Oct/2022:23:53:17 -0700] "GET /admin/css/fastselect.min.css HTTP/1.1" 200 1134 "https://www.wellnessway4u.com/login.php?ref=dXNlcl9kYXNoYm9hcmQucGhw" "Mozilla/5.0 (Windows NT 10.0; Win64; x64) AppleWebKit/537.36 (KHTML, like Gecko) Chrome/106.0.0.0 Safari/537.36" "www.wellnessway4u.com"
120.88.189.19 - - [30/Oct/2022:23:53:17 -0700] "GET /csswell/bootstrap/css/ww4ustyle.css HTTP/1.1" 200 197 "https://www.wellnessway4u.com/login.php?ref=dXNlcl9kYXNoYm9hcmQucGhw" "Mozilla/5.0 (Windows NT 10.0; Win64; x64) AppleWebKit/537.36 (KHTML, like Gecko) Chrome/106.0.0.0 Safari/537.36" "www.wellnessway4u.com"
120.88.189.19 - - [30/Oct/2022:23:53:17 -0700] "GET /w_js/datepicker/css/bootstrap-datepicker.css HTTP/1.1" 200 2163 "https://www.wellnessway4u.com/login.php?ref=dXNlcl9kYXNoYm9hcmQucGhw" "Mozilla/5.0 (Windows NT 10.0; Win64; x64) AppleWebKit/537.36 (KHTML, like Gecko) Chrome/106.0.0.0 Safari/537.36" "www.wellnessway4u.com"
120.88.189.19 - - [30/Oct/2022:23:53:17 -0700] "GET /w_js/jquery-1.12.4.min.js HTTP/1.1" 200 33760 "https://www.wellnessway4u.com/login.php?ref=dXNlcl9kYXNoYm9hcmQucGhw" "Mozilla/5.0 (Windows NT 10.0; Win64; x64) AppleWebKit/537.36 (KHTML, like Gecko) Chrome/106.0.0.0 Safari/537.36" "www.wellnessway4u.com"
120.88.189.19 - - [30/Oct/2022:23:53:19 -0700] "GET /w_js/jquery-ui.js HTTP/1.1" 200 125168 "https://www.wellnessway4u.com/login.php?ref=dXNlcl9kYXNoYm9hcmQucGhw" "Mozilla/5.0 (Windows NT 10.0; Win64; x64) AppleWebKit/537.36 (KHTML, like Gecko) Chrome/106.0.0.0 Safari/537.36" "www.wellnessway4u.com"
120.88.189.19 - - [30/Oct/2022:23:53:19 -0700] "GET /w_js/bootstrap.min.js HTTP/1.1" 200 9833 "https://www.wellnessway4u.com/login.php?ref=dXNlcl9kYXNoYm9hcmQucGhw" "Mozilla/5.0 (Windows NT 10.0; Win64; x64) AppleWebKit/537.36 (KHTML, like Gecko) Chrome/106.0.0.0 Safari/537.36" "www.wellnessway4u.com"
120.88.189.19 - - [30/Oct/2022:23:53:19 -0700] "GET /w_js/banner.js HTTP/1.1" 200 4435 "https://www.wellnessway4u.com/login.php?ref=dXNlcl9kYXNoYm9hcmQucGhw" "Mozilla/5.0 (Windows NT 10.0; Win64; x64) AppleWebKit/537.36 (KHTML, like Gecko) Chrome/106.0.0.0 Safari/537.36" "www.wellnessway4u.com"
120.88.189.19 - - [30/Oct/2022:23:53:19 -0700] "GET /w_js/bootbox.min.js HTTP/1.1" 200 3718 "https://www.wellnessway4u.com/login.php?ref=dXNlcl9kYXNoYm9hcmQucGhw" "Mozilla/5.0 (Windows NT 10.0; Win64; x64) AppleWebKit/537.36 (KHTML, like Gecko) Chrome/106.0.0.0 Safari/537.36" "www.wellnessway4u.com"
120.88.189.19 - - [30/Oct/2022:23:53:19 -0700] "GET /w_js/bootstrap-dialog.js HTTP/1.1" 200 7640 "https://www.wellnessway4u.com/login.php?ref=dXNlcl9kYXNoYm9hcmQucGhw" "Mozilla/5.0 (Windows NT 10.0; Win64; x64) AppleWebKit/537.36 (KHTML, like Gecko) Chrome/106.0.0.0 Safari/537.36" "www.wellnessway4u.com"
120.88.189.19 - - [30/Oct/2022:23:53:19 -0700] "GET /js/jquery.bxSlider.js HTTP/1.1" 200 8711 "https://www.wellnessway4u.com/login.php?ref=dXNlcl9kYXNoYm9hcmQucGhw" "Mozilla/5.0 (Windows NT 10.0; Win64; x64) AppleWebKit/537.36 (KHTML, like Gecko) Chrome/106.0.0.0 Safari/537.36" "www.wellnessway4u.com"
120.88.189.19 - - [30/Oct/2022:23:53:19 -0700] "GET /images/cwri_logo.png HTTP/1.1" 200 10246 "https://www.wellnessway4u.com/login.php?ref=dXNlcl9kYXNoYm9hcmQucGhw" "Mozilla/5.0 (Windows NT 10.0; Win64; x64) AppleWebKit/537.36 (KHTML, like Gecko) Chrome/106.0.0.0 Safari/537.36" "www.wellnessway4u.com"
120.88.189.19 - - [30/Oct/2022:23:53:19 -0700] "GET /uploads/LoginPage-Banner-Basketball-Transparent-Green-small.png HTTP/1.1" 200 128099 "https://www.wellnessway4u.com/login.php?ref=dXNlcl9kYXNoYm9hcmQucGhw" "Mozilla/5.0 (Windows NT 10.0; Win64; x64) AppleWebKit/537.36 (KHTML, like Gecko) Chrome/106.0.0.0 Safari/537.36" "www.wellnessway4u.com"
120.88.189.19 - - [30/Oct/2022:23:53:19 -0700] "GET /fonts/fontawesome-webfont.woff2?v=4.7.0 HTTP/1.1" 200 77160 "https://www.wellnessway4u.com/w_css/font-awesome.min.css" "Mozilla/5.0 (Windows NT 10.0; Win64; x64) AppleWebKit/537.36 (KHTML, like Gecko) Chrome/106.0.0.0 Safari/537.36" "www.wellnessway4u.com"
120.88.189.19 - - [30/Oct/2022:23:53:20 -0700] "GET /js/jquery.simpleTicker.js HTTP/1.1" 200 1100 "https://www.wellnessway4u.com/login.php?ref=dXNlcl9kYXNoYm9hcmQucGhw" "Mozilla/5.0 (Windows NT 10.0; Win64; x64) AppleWebKit/537.36 (KHTML, like Gecko) Chrome/106.0.0.0 Safari/537.36" "www.wellnessway4u.com"
120.88.189.19 - - [30/Oct/2022:23:53:20 -0700] "GET /js/jquery.datepick.js HTTP/1.1" 200 22724 "https://www.wellnessway4u.com/login.php?ref=dXNlcl9kYXNoYm9hcmQucGhw" "Mozilla/5.0 (Windows NT 10.0; Win64; x64) AppleWebKit/537.36 (KHTML, like Gecko) Chrome/106.0.0.0 Safari/537.36" "www.wellnessway4u.com"
120.88.189.19 - - [30/Oct/2022:23:53:20 -0700] "GET /w_js/main.js HTTP/1.1" 200 368 "https://www.wellnessway4u.com/login.php?ref=dXNlcl9kYXNoYm9hcmQucGhw" "Mozilla/5.0 (Windows NT 10.0; Win64; x64) AppleWebKit/537.36 (KHTML, like Gecko) Chrome/106.0.0.0 Safari/537.36" "www.wellnessway4u.com"
120.88.189.19 - - [30/Oct/2022:23:53:20 -0700] "GET /w_js/slick.js HTTP/1.1" 200 14366 "https://www.wellnessway4u.com/login.php?ref=dXNlcl9kYXNoYm9hcmQucGhw" "Mozilla/5.0 (Windows NT 10.0; Win64; x64) AppleWebKit/537.36 (KHTML, like Gecko) Chrome/106.0.0.0 Safari/537.36" "www.wellnessway4u.com"
120.88.189.19 - - [30/Oct/2022:23:53:21 -0700] "GET /w_js/commonfn.js?v=1667199196 HTTP/1.1" 200 16560 "https://www.wellnessway4u.com/login.php?ref=dXNlcl9kYXNoYm9hcmQucGhw" "Mozilla/5.0 (Windows NT 10.0; Win64; x64) AppleWebKit/537.36 (KHTML, like Gecko) Chrome/106.0.0.0 Safari/537.36" "www.wellnessway4u.com"
120.88.189.19 - - [30/Oct/2022:23:53:21 -0700] "GET /w_js/animatedModal.min.js HTTP/1.1" 200 649 "https://www.wellnessway4u.com/login.php?ref=dXNlcl9kYXNoYm9hcmQucGhw" "Mozilla/5.0 (Windows NT 10.0; Win64; x64) AppleWebKit/537.36 (KHTML, like Gecko) Chrome/106.0.0.0 Safari/537.36" "www.wellnessway4u.com"
120.88.189.19 - - [30/Oct/2022:23:53:21 -0700] "GET /w_js/tokenize2.js HTTP/1.1" 200 9634 "https://www.wellnessway4u.com/login.php?ref=dXNlcl9kYXNoYm9hcmQucGhw" "Mozilla/5.0 (Windows NT 10.0; Win64; x64) AppleWebKit/537.36 (KHTML, like Gecko) Chrome/106.0.0.0 Safari/537.36" "www.wellnessway4u.com"
120.88.189.19 - - [30/Oct/2022:23:53:22 -0700] "GET /Scripts/AC_RunActiveContent.js HTTP/1.1" 200 2413 "https://www.wellnessway4u.com/login.php?ref=dXNlcl9kYXNoYm9hcmQucGhw" "Mozilla/5.0 (Windows NT 10.0; Win64; x64) AppleWebKit/537.36 (KHTML, like Gecko) Chrome/106.0.0.0 Safari/537.36" "www.wellnessway4u.com"
120.88.189.19 - - [30/Oct/2022:23:53:22 -0700] "GET /js/ddsmoothmenu.js HTTP/1.1" 200 3179 "https://www.wellnessway4u.com/login.php?ref=dXNlcl9kYXNoYm9hcmQucGhw" "Mozilla/5.0 (Windows NT 10.0; Win64; x64) AppleWebKit/537.36 (KHTML, like Gecko) Chrome/106.0.0.0 Safari/537.36" "www.wellnessway4u.com"
185.119.81.101 - - [30/Oct/2022:23:53:15 -0700] "GET /blog/wp-login.php HTTP/1.1" 200 7863 "-" "Mozilla/5.0 (Windows NT 10.0; Win64; x64) AppleWebKit/537.36 (KHTML, like Gecko) Chrome/69.0.3497.100 Safari/537.36" "wellnessway4u.com"
120.88.189.19 - - [30/Oct/2022:23:53:22 -0700] "GET /fonts/arial.ttf HTTP/1.1" 404 88 "https://www.wellnessway4u.com/w_css/style.css?v=1667199196" "Mozilla/5.0 (Windows NT 10.0; Win64; x64) AppleWebKit/537.36 (KHTML, like Gecko) Chrome/106.0.0.0 Safari/537.36" "www.wellnessway4u.com"
185.119.81.101 - - [30/Oct/2022:23:53:23 -0700] "POST /blog/wp-login.php HTTP/1.1" 200 7880 "https://wellnessway4u.com/blog/wp-login.php" "Mozilla/5.0 (Windows NT 10.0; Win64; x64) AppleWebKit/537.36 (KHTML, like Gecko) Chrome/69.0.3497.100 Safari/537.36" "wellnessway4u.com"
120.88.189.19 - - [30/Oct/2022:23:53:41 -0700] "POST /login.php?ref=dXNlcl9kYXNoYm9hcmQucGhw HTTP/1.1" 302 60410 "https://www.wellnessway4u.com/login.php?ref=dXNlcl9kYXNoYm9hcmQucGhw" "Mozilla/5.0 (Windows NT 10.0; Win64; x64) AppleWebKit/537.36 (KHTML, like Gecko) Chrome/106.0.0.0 Safari/537.36" "www.wellnessway4u.com"
120.88.189.19 - - [30/Oct/2022:23:53:42 -0700] "GET /user_dashboard.php HTTP/1.1" 200 69825 "-" "Mozilla/5.0 (Windows NT 10.0; Win64; x64) AppleWebKit/537.36 (KHTML, like Gecko) Chrome/106.0.0.0 Safari/537.36" "www.wellnessway4u.com"
120.88.189.19 - - [30/Oct/2022:23:53:43 -0700] "GET /uploads/cwri_logo.png HTTP/1.1" 200 10246 "https://www.wellnessway4u.com/user_dashboard.php" "Mozilla/5.0 (Windows NT 10.0; Win64; x64) AppleWebKit/537.36 (KHTML, like Gecko) Chrome/106.0.0.0 Safari/537.36" "www.wellnessway4u.com"
120.88.189.19 - - [30/Oct/2022:23:53:43 -0700] "GET /userdashboard/dist/img/user2-160x160.jpg HTTP/1.1" 200 7070 "https://www.wellnessway4u.com/user_dashboard.php" "Mozilla/5.0 (Windows NT 10.0; Win64; x64) AppleWebKit/537.36 (KHTML, like Gecko) Chrome/106.0.0.0 Safari/537.36" "www.wellnessway4u.com"
120.88.189.19 - - [30/Oct/2022:23:53:43 -0700] "GET /userdashboard/upload/edit-profile.jpg HTTP/1.1" 404 88 "https://www.wellnessway4u.com/user_dashboard.php" "Mozilla/5.0 (Windows NT 10.0; Win64; x64) AppleWebKit/537.36 (KHTML, like Gecko) Chrome/106.0.0.0 Safari/537.36" "www.wellnessway4u.com"
120.88.189.19 - - [30/Oct/2022:23:53:43 -0700] "GET /userdashboard/dist/img/user4-128x128.jpg HTTP/1.1" 200 3477 "https://www.wellnessway4u.com/user_dashboard.php" "Mozilla/5.0 (Windows NT 10.0; Win64; x64) AppleWebKit/537.36 (KHTML, like Gecko) Chrome/106.0.0.0 Safari/537.36" "www.wellnessway4u.com"
120.88.189.19 - - [30/Oct/2022:23:53:43 -0700] "GET /userdashboard/dist/img/user3-128x128.jpg HTTP/1.1" 200 3511 "https://www.wellnessway4u.com/user_dashboard.php" "Mozilla/5.0 (Windows NT 10.0; Win64; x64) AppleWebKit/537.36 (KHTML, like Gecko) Chrome/106.0.0.0 Safari/537.36" "www.wellnessway4u.com"
120.88.189.19 - - [30/Oct/2022:23:53:43 -0700] "GET /uploads/1598531825_Life%20patterns.png HTTP/1.1" 200 9958 "https://www.wellnessway4u.com/user_dashboard.php" "Mozilla/5.0 (Windows NT 10.0; Win64; x64) AppleWebKit/537.36 (KHTML, like Gecko) Chrome/106.0.0.0 Safari/537.36" "www.wellnessway4u.com"
120.88.189.19 - - [30/Oct/2022:23:53:43 -0700] "GET /userdashboard/plugins/jQuery/jquery-2.2.3.min.js HTTP/1.1" 200 29893 "https://www.wellnessway4u.com/user_dashboard.php" "Mozilla/5.0 (Windows NT 10.0; Win64; x64) AppleWebKit/537.36 (KHTML, like Gecko) Chrome/106.0.0.0 Safari/537.36" "www.wellnessway4u.com"
120.88.189.19 - - [30/Oct/2022:23:53:43 -0700] "GET /uploads/1598528078_Design%20My%20Life%20Tasks.png HTTP/1.1" 200 16006 "https://www.wellnessway4u.com/user_dashboard.php" "Mozilla/5.0 (Windows NT 10.0; Win64; x64) AppleWebKit/537.36 (KHTML, like Gecko) Chrome/106.0.0.0 Safari/537.36" "www.wellnessway4u.com"
120.88.189.19 - - [30/Oct/2022:23:53:43 -0700] "GET /uploads/1598528350_Nudge%20Board.png HTTP/1.1" 200 13083 "https://www.wellnessway4u.com/user_dashboard.php" "Mozilla/5.0 (Windows NT 10.0; Win64; x64) AppleWebKit/537.36 (KHTML, like Gecko) Chrome/106.0.0.0 Safari/537.36" "www.wellnessway4u.com"
120.88.189.19 - - [30/Oct/2022:23:53:43 -0700] "GET /csswell/bootstrap/js/bootstrap.min.js HTTP/1.1" 200 9745 "https://www.wellnessway4u.com/user_dashboard.php" "Mozilla/5.0 (Windows NT 10.0; Win64; x64) AppleWebKit/537.36 (KHTML, like Gecko) Chrome/106.0.0.0 Safari/537.36" "www.wellnessway4u.com"
120.88.189.19 - - [30/Oct/2022:23:53:43 -0700] "GET /userdashboard/plugins/fastclick/fastclick.js HTTP/1.1" 200 7608 "https://www.wellnessway4u.com/user_dashboard.php" "Mozilla/5.0 (Windows NT 10.0; Win64; x64) AppleWebKit/537.36 (KHTML, like Gecko) Chrome/106.0.0.0 Safari/537.36" "www.wellnessway4u.com"
120.88.189.19 - - [30/Oct/2022:23:53:43 -0700] "GET /userdashboard/dist/js/app.min.js HTTP/1.1" 200 2986 "https://www.wellnessway4u.com/user_dashboard.php" "Mozilla/5.0 (Windows NT 10.0; Win64; x64) AppleWebKit/537.36 (KHTML, like Gecko) Chrome/106.0.0.0 Safari/537.36" "www.wellnessway4u.com"
120.88.189.19 - - [30/Oct/2022:23:53:43 -0700] "GET /userdashboard/plugins/sparkline/jquery.sparkline.min.js HTTP/1.1" 200 13020 "https://www.wellnessway4u.com/user_dashboard.php" "Mozilla/5.0 (Windows NT 10.0; Win64; x64) AppleWebKit/537.36 (KHTML, like Gecko) Chrome/106.0.0.0 Safari/537.36" "www.wellnessway4u.com"
120.88.189.19 - - [30/Oct/2022:23:53:44 -0700] "GET /userdashboard/plugins/jvectormap/jquery-jvectormap-1.2.2.min.js HTTP/1.1" 200 8886 "https://www.wellnessway4u.com/user_dashboard.php" "Mozilla/5.0 (Windows NT 10.0; Win64; x64) AppleWebKit/537.36 (KHTML, like Gecko) Chrome/106.0.0.0 Safari/537.36" "www.wellnessway4u.com"
120.88.189.19 - - [30/Oct/2022:23:53:44 -0700] "GET /userdashboard/plugins/jvectormap/jquery-jvectormap-world-mill-en.js HTTP/1.1" 200 50552 "https://www.wellnessway4u.com/user_dashboard.php" "Mozilla/5.0 (Windows NT 10.0; Win64; x64) AppleWebKit/537.36 (KHTML, like Gecko) Chrome/106.0.0.0 Safari/537.36" "www.wellnessway4u.com"
120.88.189.19 - - [30/Oct/2022:23:53:44 -0700] "GET /userdashboard/plugins/slimScroll/jquery.slimscroll.min.js HTTP/1.1" 200 1889 "https://www.wellnessway4u.com/user_dashboard.php" "Mozilla/5.0 (Windows NT 10.0; Win64; x64) AppleWebKit/537.36 (KHTML, like Gecko) Chrome/106.0.0.0 Safari/537.36" "www.wellnessway4u.com"
120.88.189.19 - - [30/Oct/2022:23:53:44 -0700] "GET /userdashboard/dist/js/pages/dashboard2.js HTTP/1.1" 200 2794 "https://www.wellnessway4u.com/user_dashboard.php" "Mozilla/5.0 (Windows NT 10.0; Win64; x64) AppleWebKit/537.36 (KHTML, like Gecko) Chrome/106.0.0.0 Safari/537.36" "www.wellnessway4u.com"
120.88.189.19 - - [30/Oct/2022:23:53:44 -0700] "GET /userdashboard/plugins/chartjs/Chart.min.js HTTP/1.1" 200 12970 "https://www.wellnessway4u.com/user_dashboard.php" "Mozilla/5.0 (Windows NT 10.0; Win64; x64) AppleWebKit/537.36 (KHTML, like Gecko) Chrome/106.0.0.0 Safari/537.36" "www.wellnessway4u.com"
120.88.189.19 - - [30/Oct/2022:23:53:44 -0700] "GET /userdashboard/dist/js/demo.js HTTP/1.1" 200 2619 "https://www.wellnessway4u.com/user_dashboard.php" "Mozilla/5.0 (Windows NT 10.0; Win64; x64) AppleWebKit/537.36 (KHTML, like Gecko) Chrome/106.0.0.0 Safari/537.36" "www.wellnessway4u.com"
120.88.189.19 - - [30/Oct/2022:23:53:44 -0700] "GET /uploads/1576130005_Refer%20a%20adivisor.png HTTP/1.1" 200 5737 "https://www.wellnessway4u.com/user_dashboard.php" "Mozilla/5.0 (Windows NT 10.0; Win64; x64) AppleWebKit/537.36 (KHTML, like Gecko) Chrome/106.0.0.0 Safari/537.36" "www.wellnessway4u.com"
120.88.189.19 - - [30/Oct/2022:23:53:44 -0700] "GET /uploads/1576131766_Guidance%20hub.jpg HTTP/1.1" 200 7644 "https://www.wellnessway4u.com/user_dashboard.php" "Mozilla/5.0 (Windows NT 10.0; Win64; x64) AppleWebKit/537.36 (KHTML, like Gecko) Chrome/106.0.0.0 Safari/537.36" "www.wellnessway4u.com"
120.88.189.19 - - [30/Oct/2022:23:53:44 -0700] "GET /uploads/1576130166_Refer%20a%20friend,relative.png HTTP/1.1" 200 3951 "https://www.wellnessway4u.com/user_dashboard.php" "Mozilla/5.0 (Windows NT 10.0; Win64; x64) AppleWebKit/537.36 (KHTML, like Gecko) Chrome/106.0.0.0 Safari/537.36" "www.wellnessway4u.com"
120.88.189.19 - - [30/Oct/2022:23:53:44 -0700] "GET /uploads/1576131151_Refferal%20history.png HTTP/1.1" 200 3504 "https://www.wellnessway4u.com/user_dashboard.php" "Mozilla/5.0 (Windows NT 10.0; Win64; x64) AppleWebKit/537.36 (KHTML, like Gecko) Chrome/106.0.0.0 Safari/537.36" "www.wellnessway4u.com"
120.88.189.19 - - [30/Oct/2022:23:53:44 -0700] "GET /uploads/1623301404_reward%20-8.jpg HTTP/1.1" 200 8292 "https://www.wellnessway4u.com/user_dashboard.php" "Mozilla/5.0 (Windows NT 10.0; Win64; x64) AppleWebKit/537.36 (KHTML, like Gecko) Chrome/106.0.0.0 Safari/537.36" "www.wellnessway4u.com"
120.88.189.19 - - [30/Oct/2022:23:53:44 -0700] "GET /uploads/1511000320_check-mark.png HTTP/1.1" 200 4519 "https://www.wellnessway4u.com/user_dashboard.php" "Mozilla/5.0 (Windows NT 10.0; Win64; x64) AppleWebKit/537.36 (KHTML, like Gecko) Chrome/106.0.0.0 Safari/537.36" "www.wellnessway4u.com"
120.88.189.19 - - [30/Oct/2022:23:53:45 -0700] "GET /favicon.ico HTTP/1.1" 404 88 "https://www.wellnessway4u.com/user_dashboard.php" "Mozilla/5.0 (Windows NT 10.0; Win64; x64) AppleWebKit/537.36 (KHTML, like Gecko) Chrome/106.0.0.0 Safari/537.36" "www.wellnessway4u.com"
120.88.189.19 - - [30/Oct/2022:23:54:08 -0700] "GET /admin/js/tiny_mce/plugins/advlink/link.htm HTTP/1.1" 200 2487 "https://wellnessway4u.com/admin/index.php?mode=edit_content&page_id=69" "Mozilla/5.0 (Windows NT 10.0; Win64; x64) AppleWebKit/537.36 (KHTML, like Gecko) Chrome/106.0.0.0 Safari/537.36" "wellnessway4u.com"
120.88.189.19 - - [30/Oct/2022:23:54:09 -0700] "GET /admin/js/tiny_mce/utils/mctabs.js HTTP/1.1" 200 744 "https://wellnessway4u.com/admin/js/tiny_mce/plugins/advlink/link.htm" "Mozilla/5.0 (Windows NT 10.0; Win64; x64) AppleWebKit/537.36 (KHTML, like Gecko) Chrome/106.0.0.0 Safari/537.36" "wellnessway4u.com"
120.88.189.19 - - [30/Oct/2022:23:54:09 -0700] "GET /admin/js/tiny_mce/utils/form_utils.js HTTP/1.1" 200 1887 "https://wellnessway4u.com/admin/js/tiny_mce/plugins/advlink/link.htm" "Mozilla/5.0 (Windows NT 10.0; Win64; x64) AppleWebKit/537.36 (KHTML, like Gecko) Chrome/106.0.0.0 Safari/537.36" "wellnessway4u.com"
120.88.189.19 - - [30/Oct/2022:23:54:09 -0700] "GET /admin/js/tiny_mce/utils/validate.js HTTP/1.1" 200 1572 "https://wellnessway4u.com/admin/js/tiny_mce/plugins/advlink/link.htm" "Mozilla/5.0 (Windows NT 10.0; Win64; x64) AppleWebKit/537.36 (KHTML, like Gecko) Chrome/106.0.0.0 Safari/537.36" "wellnessway4u.com"
120.88.189.19 - - [30/Oct/2022:23:54:09 -0700] "GET /admin/js/tiny_mce/plugins/advlink/js/advlink.js HTTP/1.1" 200 4243 "https://wellnessway4u.com/admin/js/tiny_mce/plugins/advlink/link.htm" "Mozilla/5.0 (Windows NT 10.0; Win64; x64) AppleWebKit/537.36 (KHTML, like Gecko) Chrome/106.0.0.0 Safari/537.36" "wellnessway4u.com"
120.88.189.19 - - [30/Oct/2022:23:54:09 -0700] "GET /admin/js/tiny_mce/plugins/advlink/css/advlink.css HTTP/1.1" 200 272 "https://wellnessway4u.com/admin/js/tiny_mce/plugins/advlink/link.htm" "Mozilla/5.0 (Windows NT 10.0; Win64; x64) AppleWebKit/537.36 (KHTML, like Gecko) Chrome/106.0.0.0 Safari/537.36" "wellnessway4u.com"
120.88.189.19 - - [30/Oct/2022:23:54:09 -0700] "GET /admin/js/tiny_mce/plugins/advlink/langs/en_dlg.js HTTP/1.1" 200 717 "https://wellnessway4u.com/admin/js/tiny_mce/plugins/advlink/link.htm" "Mozilla/5.0 (Windows NT 10.0; Win64; x64) AppleWebKit/537.36 (KHTML, like Gecko) Chrome/106.0.0.0 Safari/537.36" "wellnessway4u.com"
120.88.189.19 - - [30/Oct/2022:23:54:10 -0700] "GET /admin/js/tiny_mce/themes/advanced/skins/default/img/tabs.gif HTTP/1.1" 200 1326 "https://wellnessway4u.com/admin/js/tiny_mce/themes/advanced/skins/default/dialog.css" "Mozilla/5.0 (Windows NT 10.0; Win64; x64) AppleWebKit/537.36 (KHTML, like Gecko) Chrome/106.0.0.0 Safari/537.36" "wellnessway4u.com"
185.119.81.101 - - [30/Oct/2022:23:54:45 -0700] "GET /blog/wp-login.php HTTP/1.1" 200 7863 "-" "Mozilla/5.0 (Windows NT 6.3; WOW64) AppleWebKit/537.36 (KHTML, like Gecko) Chrome/47.0.2526.106 Safari/537.36" "wellnessway4u.com"
10.213.116.210 - - [30/Oct/2022:23:54:54 -0700] "POST /blog/wp-cron.php?doing_wp_cron=1667199294.5056331157684326171875 HTTP/1.1" 200 - "https://wellnessway4u.com/blog/wp-cron.php?doing_wp_cron=1667199294.5056331157684326171875" "WordPress/6.0.3; https://wellnessway4u.com/blog" "wellnessway4u.com"
185.119.81.101 - - [30/Oct/2022:23:54:56 -0700] "POST /blog/wp-login.php HTTP/1.1" 200 7884 "https://wellnessway4u.com/blog/wp-login.php" "Mozilla/5.0 (Windows NT 6.3; WOW64) AppleWebKit/537.36 (KHTML, like Gecko) Chrome/47.0.2526.106 Safari/537.36" "wellnessway4u.com"
120.88.189.19 - - [30/Oct/2022:23:56:18 -0700] "GET /activity.php HTTP/1.1" 200 79166 "https://www.wellnessway4u.com/user_dashboard.php" "Mozilla/5.0 (Windows NT 10.0; Win64; x64) AppleWebKit/537.36 (KHTML, like Gecko) Chrome/106.0.0.0 Safari/537.36" "www.wellnessway4u.com"
120.88.189.19 - - [30/Oct/2022:23:56:19 -0700] "GET /w_css/style.css?v=1667199378 HTTP/1.1" 200 12959 "https://www.wellnessway4u.com/activity.php" "Mozilla/5.0 (Windows NT 10.0; Win64; x64) AppleWebKit/537.36 (KHTML, like Gecko) Chrome/106.0.0.0 Safari/537.36" "www.wellnessway4u.com"
120.88.189.19 - - [30/Oct/2022:23:56:20 -0700] "GET /uploads/1392965951_LOGO3.png HTTP/1.1" 200 28788 "https://www.wellnessway4u.com/activity.php" "Mozilla/5.0 (Windows NT 10.0; Win64; x64) AppleWebKit/537.36 (KHTML, like Gecko) Chrome/106.0.0.0 Safari/537.36" "www.wellnessway4u.com"
120.88.189.19 - - [30/Oct/2022:23:56:21 -0700] "GET /w_js/commonfn.js?v=1667199379 HTTP/1.1" 200 16560 "https://www.wellnessway4u.com/activity.php" "Mozilla/5.0 (Windows NT 10.0; Win64; x64) AppleWebKit/537.36 (KHTML, like Gecko) Chrome/106.0.0.0 Safari/537.36" "www.wellnessway4u.com"
120.88.189.19 - - [30/Oct/2022:23:56:21 -0700] "GET /uploads/1392901493_logo2new1.png HTTP/1.1" 200 93513 "https://www.wellnessway4u.com/activity.php" "Mozilla/5.0 (Windows NT 10.0; Win64; x64) AppleWebKit/537.36 (KHTML, like Gecko) Chrome/106.0.0.0 Safari/537.36" "www.wellnessway4u.com"
120.88.189.19 - - [30/Oct/2022:23:56:21 -0700] "GET /images/spacer.gif HTTP/1.1" 200 43 "https://www.wellnessway4u.com/activity.php" "Mozilla/5.0 (Windows NT 10.0; Win64; x64) AppleWebKit/537.36 (KHTML, like Gecko) Chrome/106.0.0.0 Safari/537.36" "www.wellnessway4u.com"
120.88.189.19 - - [30/Oct/2022:23:56:21 -0700] "GET /uploads/1474612174_hero-cycle.jpg HTTP/1.1" 200 24758 "https://www.wellnessway4u.com/activity.php" "Mozilla/5.0 (Windows NT 10.0; Win64; x64) AppleWebKit/537.36 (KHTML, like Gecko) Chrome/106.0.0.0 Safari/537.36" "www.wellnessway4u.com"
120.88.189.19 - - [30/Oct/2022:23:57:06 -0700] "POST /admin/index.php?mode=edit_content&page_id=69 HTTP/1.1" 302 48121 "https://wellnessway4u.com/admin/index.php?mode=edit_content&page_id=69" "Mozilla/5.0 (Windows NT 10.0; Win64; x64) AppleWebKit/537.36 (KHTML, like Gecko) Chrome/106.0.0.0 Safari/537.36" "wellnessway4u.com"
120.88.189.19 - - [30/Oct/2022:23:57:07 -0700] "GET /admin/index.php?mode=contents&msg=Page+Updateds+Successfully%21 HTTP/1.1" 200 103455 "https://wellnessway4u.com/admin/index.php?mode=edit_content&page_id=69" "Mozilla/5.0 (Windows NT 10.0; Win64; x64) AppleWebKit/537.36 (KHTML, like Gecko) Chrome/106.0.0.0 Safari/537.36" "wellnessway4u.com"
120.88.189.19 - - [30/Oct/2022:23:57:13 -0700] "GET /pages.php?id=69 HTTP/1.1" 200 46166 "-" "Mozilla/5.0 (Windows NT 10.0; Win64; x64) AppleWebKit/537.36 (KHTML, like Gecko) Chrome/106.0.0.0 Safari/537.36" "wellnessway4u.com"
120.88.189.19 - - [30/Oct/2022:23:57:14 -0700] "GET /w_css/style.css?v=1667199433 HTTP/1.1" 200 12959 "https://wellnessway4u.com/pages.php?id=69" "Mozilla/5.0 (Windows NT 10.0; Win64; x64) AppleWebKit/537.36 (KHTML, like Gecko) Chrome/106.0.0.0 Safari/537.36" "wellnessway4u.com"
120.88.189.19 - - [30/Oct/2022:23:57:14 -0700] "GET /w_js/commonfn.js?v=1667199433 HTTP/1.1" 200 16560 "https://wellnessway4u.com/pages.php?id=69" "Mozilla/5.0 (Windows NT 10.0; Win64; x64) AppleWebKit/537.36 (KHTML, like Gecko) Chrome/106.0.0.0 Safari/537.36" "wellnessway4u.com"
120.88.189.19 - - [30/Oct/2022:23:57:15 -0700] "POST /remote.php HTTP/1.1" 200 670 "https://wellnessway4u.com/pages.php?id=69" "Mozilla/5.0 (Windows NT 10.0; Win64; x64) AppleWebKit/537.36 (KHTML, like Gecko) Chrome/106.0.0.0 Safari/537.36" "wellnessway4u.com"
120.88.189.19 - - [30/Oct/2022:23:57:28 -0700] "GET /w_css/style.css?v=1667199447 HTTP/1.1" 200 12959 "https://wellnessway4u.com/my_day_today.php" "Mozilla/5.0 (Windows NT 10.0; Win64; x64) AppleWebKit/537.36 (KHTML, like Gecko) Chrome/106.0.0.0 Safari/537.36" "wellnessway4u.com"
120.88.189.19 - - [30/Oct/2022:23:57:28 -0700] "GET /w_js/datepicker/js/bootstrap-datepicker.js HTTP/1.1" 200 14737 "https://wellnessway4u.com/my_day_today.php" "Mozilla/5.0 (Windows NT 10.0; Win64; x64) AppleWebKit/537.36 (KHTML, like Gecko) Chrome/106.0.0.0 Safari/537.36" "wellnessway4u.com"
120.88.189.19 - - [30/Oct/2022:23:57:27 -0700] "GET /my_day_today.php HTTP/1.1" 200 453531 "https://wellnessway4u.com/pages.php?id=69" "Mozilla/5.0 (Windows NT 10.0; Win64; x64) AppleWebKit/537.36 (KHTML, like Gecko) Chrome/106.0.0.0 Safari/537.36" "wellnessway4u.com"
120.88.189.19 - - [30/Oct/2022:23:57:46 -0700] "GET /uploads/1586234964_How%20much.png HTTP/1.1" 200 30560 "https://wellnessway4u.com/my_day_today.php" "Mozilla/5.0 (Windows NT 10.0; Win64; x64) AppleWebKit/537.36 (KHTML, like Gecko) Chrome/106.0.0.0 Safari/537.36" "wellnessway4u.com"
120.88.189.19 - - [30/Oct/2022:23:57:46 -0700] "GET /uploads/1586235806_When.png HTTP/1.1" 200 34172 "https://wellnessway4u.com/my_day_today.php" "Mozilla/5.0 (Windows NT 10.0; Win64; x64) AppleWebKit/537.36 (KHTML, like Gecko) Chrome/106.0.0.0 Safari/537.36" "wellnessway4u.com"
120.88.189.19 - - [30/Oct/2022:23:57:46 -0700] "GET /uploads/1586234123_Express%20more.png HTTP/1.1" 200 21695 "https://wellnessway4u.com/my_day_today.php" "Mozilla/5.0 (Windows NT 10.0; Win64; x64) AppleWebKit/537.36 (KHTML, like Gecko) Chrome/106.0.0.0 Safari/537.36" "wellnessway4u.com"
120.88.189.19 - - [30/Oct/2022:23:57:46 -0700] "GET /uploads/1586234418_How%20long.png HTTP/1.1" 200 37118 "https://wellnessway4u.com/my_day_today.php" "Mozilla/5.0 (Windows NT 10.0; Win64; x64) AppleWebKit/537.36 (KHTML, like Gecko) Chrome/106.0.0.0 Safari/537.36" "wellnessway4u.com"
120.88.189.19 - - [30/Oct/2022:23:57:46 -0700] "GET /uploads/1586236526_Where.png HTTP/1.1" 200 26983 "https://wellnessway4u.com/my_day_today.php" "Mozilla/5.0 (Windows NT 10.0; Win64; x64) AppleWebKit/537.36 (KHTML, like Gecko) Chrome/106.0.0.0 Safari/537.36" "wellnessway4u.com"
120.88.189.19 - - [30/Oct/2022:23:57:48 -0700] "GET /uploads/1629530515_Biopulsar.jpg HTTP/1.1" 200 125726 "https://wellnessway4u.com/" "Mozilla/5.0 (Windows NT 10.0; Win64; x64) AppleWebKit/537.36 (KHTML, like Gecko) Chrome/106.0.0.0 Safari/537.36" "www.wellnessway4u.com"
120.88.189.19 - - [30/Oct/2022:23:57:48 -0700] "GET /images/spacer.gif HTTP/1.1" 200 43 "https://wellnessway4u.com/my_day_today.php" "Mozilla/5.0 (Windows NT 10.0; Win64; x64) AppleWebKit/537.36 (KHTML, like Gecko) Chrome/106.0.0.0 Safari/537.36" "wellnessway4u.com"
120.88.189.19 - - [30/Oct/2022:23:57:48 -0700] "GET /w_js/commonfn.js?v=1667199462 HTTP/1.1" 200 16560 "https://wellnessway4u.com/my_day_today.php" "Mozilla/5.0 (Windows NT 10.0; Win64; x64) AppleWebKit/537.36 (KHTML, like Gecko) Chrome/106.0.0.0 Safari/537.36" "wellnessway4u.com"
120.88.189.19 - - [30/Oct/2022:23:58:00 -0700] "GET /daily_meal.php HTTP/1.1" 200 59953 "https://wellnessway4u.com/pages.php?id=69" "Mozilla/5.0 (Windows NT 10.0; Win64; x64) AppleWebKit/537.36 (KHTML, like Gecko) Chrome/106.0.0.0 Safari/537.36" "wellnessway4u.com"
120.88.189.19 - - [30/Oct/2022:23:58:01 -0700] "GET /w_css/style.css?v=1667199480 HTTP/1.1" 200 12959 "https://wellnessway4u.com/daily_meal.php" "Mozilla/5.0 (Windows NT 10.0; Win64; x64) AppleWebKit/537.36 (KHTML, like Gecko) Chrome/106.0.0.0 Safari/537.36" "wellnessway4u.com"
120.88.189.19 - - [30/Oct/2022:23:58:01 -0700] "GET /uploads/1468246680_Britannia%20digestive.jpg HTTP/1.1" 200 27666 "https://wellnessway4u.com/" "Mozilla/5.0 (Windows NT 10.0; Win64; x64) AppleWebKit/537.36 (KHTML, like Gecko) Chrome/106.0.0.0 Safari/537.36" "www.wellnessway4u.com"
120.88.189.19 - - [30/Oct/2022:23:58:01 -0700] "GET /w_js/commonfn.js?v=1667199480 HTTP/1.1" 200 16560 "https://wellnessway4u.com/daily_meal.php" "Mozilla/5.0 (Windows NT 10.0; Win64; x64) AppleWebKit/537.36 (KHTML, like Gecko) Chrome/106.0.0.0 Safari/537.36" "wellnessway4u.com"
120.88.189.19 - - [30/Oct/2022:23:58:01 -0700] "GET /uploads/1330337624_Biopulsar%20Killicks%20160x90.jpg HTTP/1.1" 200 10554 "https://wellnessway4u.com/" "Mozilla/5.0 (Windows NT 10.0; Win64; x64) AppleWebKit/537.36 (KHTML, like Gecko) Chrome/106.0.0.0 Safari/537.36" "www.wellnessway4u.com"
120.88.189.19 - - [30/Oct/2022:23:58:01 -0700] "POST /remote.php?action=checkDailyMealData HTTP/1.1" 200 57 "https://wellnessway4u.com/daily_meal.php" "Mozilla/5.0 (Windows NT 10.0; Win64; x64) AppleWebKit/537.36 (KHTML, like Gecko) Chrome/106.0.0.0 Safari/537.36" "wellnessway4u.com"
120.88.189.19 - - [30/Oct/2022:23:58:02 -0700] "POST /remote.php?action=getFoodSectionForm HTTP/1.1" 200 126734 "https://wellnessway4u.com/daily_meal.php" "Mozilla/5.0 (Windows NT 10.0; Win64; x64) AppleWebKit/537.36 (KHTML, like Gecko) Chrome/106.0.0.0 Safari/537.36" "wellnessway4u.com"
