10.213.116.210 - - [31/Oct/2022:00:41:49 -0700] "POST /blog/wp-cron.php?doing_wp_cron=1667202109.4573400020599365234375 HTTP/1.1" 200 - "https://wellnessway4u.com/blog/wp-cron.php?doing_wp_cron=1667202109.4573400020599365234375" "WordPress/6.0.3; https://wellnessway4u.com/blog" "wellnessway4u.com"
185.119.81.99 - - [31/Oct/2022:00:41:50 -0700] "GET /blog/wp-login.php HTTP/1.1" 200 7655 "-" "Mozilla/5.0 (Windows NT 6.1; Win64; x64) AppleWebKit/537.36 (KHTML, like Gecko) Chrome/80.0.3987.122 Safari/537.36" "wellnessway4u.com"
185.119.81.99 - - [31/Oct/2022:00:41:51 -0700] "POST /blog/wp-login.php HTTP/1.1" 200 7838 "https://wellnessway4u.com/blog/wp-login.php" "Mozilla/5.0 (Windows NT 6.3; WOW64) AppleWebKit/537.36 (KHTML, like Gecko) Chrome/56.0.2924.87 Safari/537.36" "wellnessway4u.com"
185.119.81.99 - - [31/Oct/2022:00:42:00 -0700] "POST /blog/wp-login.php HTTP/1.1" 200 7832 "https://wellnessway4u.com/blog/wp-login.php" "Mozilla/5.0 (Windows NT 6.1; Win64; x64) AppleWebKit/537.36 (KHTML, like Gecko) Chrome/80.0.3987.122 Safari/537.36" "wellnessway4u.com"
185.119.81.101 - - [31/Oct/2022:00:43:37 -0700] "GET /blog/wp-login.php HTTP/1.1" 200 7651 "-" "Mozilla/5.0 (Windows NT 6.1; Win64; x64) AppleWebKit/537.36 (KHTML, like Gecko) Chrome/56.0.2924.87 Safari/537.36" "wellnessway4u.com"
10.213.116.211 - - [31/Oct/2022:00:43:47 -0700] "POST /blog/wp-cron.php?doing_wp_cron=1667202227.3788409233093261718750 HTTP/1.1" 200 - "https://wellnessway4u.com/blog/wp-cron.php?doing_wp_cron=1667202227.3788409233093261718750" "WordPress/6.0.3; https://wellnessway4u.com/blog" "wellnessway4u.com"
185.119.81.101 - - [31/Oct/2022:00:43:49 -0700] "POST /blog/wp-login.php HTTP/1.1" 200 7832 "https://wellnessway4u.com/blog/wp-login.php" "Mozilla/5.0 (Windows NT 6.1; Win64; x64) AppleWebKit/537.36 (KHTML, like Gecko) Chrome/56.0.2924.87 Safari/537.36" "wellnessway4u.com"
185.119.81.101 - - [31/Oct/2022:00:44:50 -0700] "GET /blog/wp-login.php HTTP/1.1" 200 7657 "-" "Mozilla/5.0 (Windows NT 10.0; WOW64) AppleWebKit/537.36 (KHTML, like Gecko) Chrome/49.0.2623.112 Safari/537.36" "wellnessway4u.com"
10.213.116.211 - - [31/Oct/2022:00:44:59 -0700] "POST /blog/wp-cron.php?doing_wp_cron=1667202298.9495689868927001953125 HTTP/1.1" 200 - "https://wellnessway4u.com/blog/wp-cron.php?doing_wp_cron=1667202298.9495689868927001953125" "WordPress/6.0.3; https://wellnessway4u.com/blog" "wellnessway4u.com"
185.119.81.101 - - [31/Oct/2022:00:45:01 -0700] "POST /blog/wp-login.php HTTP/1.1" 200 7834 "https://wellnessway4u.com/blog/wp-login.php" "Mozilla/5.0 (Windows NT 10.0; WOW64) AppleWebKit/537.36 (KHTML, like Gecko) Chrome/49.0.2623.112 Safari/537.36" "wellnessway4u.com"
185.119.81.100 - - [31/Oct/2022:00:46:42 -0700] "GET /blog/wp-login.php HTTP/1.1" 500 2161 "-" "Mozilla/5.0 (Windows NT 10.0) AppleWebKit/537.36 (KHTML, like Gecko) Chrome/74.0.3729.169 Safari/537.36" "wellnessway4u.com"
185.119.81.100 - - [31/Oct/2022:00:46:46 -0700] "GET /blog/wp-login.php HTTP/1.1" 500 2161 "-" "Mozilla/5.0 (Windows NT 10.0; Win64; x64) AppleWebKit/537.36 (KHTML, like Gecko) Chrome/81.0.4044.113 Safari/537.36" "wellnessway4u.com"
185.119.81.99 - - [31/Oct/2022:00:46:43 -0700] "GET /blog/wp-login.php HTTP/1.1" 200 7646 "-" "Mozilla/5.0 (Windows NT 10.0; Win64; x64) AppleWebKit/537.36 (KHTML, like Gecko) Chrome/77.0.3865.75 Safari/537.36" "wellnessway4u.com"
10.213.116.210 - - [31/Oct/2022:00:46:53 -0700] "POST /blog/wp-cron.php?doing_wp_cron=1667202413.1950728893280029296875 HTTP/1.1" 200 - "https://wellnessway4u.com/blog/wp-cron.php?doing_wp_cron=1667202413.1950728893280029296875" "WordPress/6.0.3; https://wellnessway4u.com/blog" "wellnessway4u.com"
185.119.81.99 - - [31/Oct/2022:00:46:55 -0700] "POST /blog/wp-login.php HTTP/1.1" 200 7841 "https://wellnessway4u.com/blog/wp-login.php" "Mozilla/5.0 (Windows NT 10.0; Win64; x64) AppleWebKit/537.36 (KHTML, like Gecko) Chrome/77.0.3865.75 Safari/537.36" "wellnessway4u.com"
185.119.81.106 - - [31/Oct/2022:00:47:11 -0700] "GET /blog/wp-login.php HTTP/1.1" 200 7659 "-" "Mozilla/5.0 (Windows NT 6.1; WOW64) AppleWebKit/537.36 (KHTML, like Gecko) Chrome/55.0.2883.87 Safari/537.36" "wellnessway4u.com"
185.119.81.106 - - [31/Oct/2022:00:47:20 -0700] "POST /blog/wp-login.php HTTP/1.1" 200 7835 "https://wellnessway4u.com/blog/wp-login.php" "Mozilla/5.0 (Windows NT 6.1; WOW64) AppleWebKit/537.36 (KHTML, like Gecko) Chrome/55.0.2883.87 Safari/537.36" "wellnessway4u.com"
185.119.81.99 - - [31/Oct/2022:00:50:48 -0700] "GET /blog/wp-login.php HTTP/1.1" 200 7651 "-" "Mozilla/5.0 (Windows NT 6.1; Win64; x64) AppleWebKit/537.36 (KHTML, like Gecko) Chrome/80.0.3987.100 Safari/537.36" "wellnessway4u.com"
10.213.116.210 - - [31/Oct/2022:00:50:57 -0700] "POST /blog/wp-cron.php?doing_wp_cron=1667202657.6607880592346191406250 HTTP/1.1" 200 - "https://wellnessway4u.com/blog/wp-cron.php?doing_wp_cron=1667202657.6607880592346191406250" "WordPress/6.0.3; https://wellnessway4u.com/blog" "wellnessway4u.com"
185.119.81.99 - - [31/Oct/2022:00:50:59 -0700] "POST /blog/wp-login.php HTTP/1.1" 200 7834 "https://wellnessway4u.com/blog/wp-login.php" "Mozilla/5.0 (Windows NT 6.1; Win64; x64) AppleWebKit/537.36 (KHTML, like Gecko) Chrome/80.0.3987.100 Safari/537.36" "wellnessway4u.com"
185.119.81.109 - - [31/Oct/2022:00:52:18 -0700] "GET /blog/wp-login.php HTTP/1.1" 500 2158 "-" "Mozilla/5.0 (Windows NT 6.1) AppleWebKit/537.36 (KHTML, like Gecko) Chrome/69.0.3497.100 Safari/537.36" "wellnessway4u.com"
124.221.186.82 - - [31/Oct/2022:00:52:21 -0700] "GET / HTTP/1.1" 200 156612 "http://www.wellnessway4u.com" "Mozilla/5.0 (Linux; Android 6.0; Nexus 5 Build/MRA58N) AppleWebKit/537.36 (KHTML, like Gecko) Chrome/81.0.4044.138 Mobile Safari/537.36" "www.wellnessway4u.com"
185.119.81.99 - - [31/Oct/2022:00:52:53 -0700] "GET /blog/wp-login.php HTTP/1.1" 500 2160 "-" "Mozilla/5.0 (Windows NT 10.0; Win64; x64) AppleWebKit/537.36 (KHTML, like Gecko) Chrome/86.0.4240.193 Safari/537.36" "wellnessway4u.com"
185.119.81.100 - - [31/Oct/2022:00:53:39 -0700] "GET /blog/wp-login.php HTTP/1.1" 500 2163 "-" "Mozilla/5.0 (Windows NT 6.1; Win64; x64) AppleWebKit/537.36 (KHTML, like Gecko) Chrome/59.0.3071.115 Safari/537.36" "wellnessway4u.com"
185.119.81.109 - - [31/Oct/2022:00:54:36 -0700] "GET /blog/wp-login.php HTTP/1.1" 500 2156 "-" "Mozilla/5.0 (Windows NT 6.3; Win64; x64) AppleWebKit/537.36 (KHTML, like Gecko) Chrome/55.0.2883.87 Safari/537.36" "wellnessway4u.com"
185.119.81.100 - - [31/Oct/2022:00:54:55 -0700] "GET /blog/wp-login.php HTTP/1.1" 500 2164 "-" "Mozilla/5.0 (Windows NT 6.3; Win64; x64) AppleWebKit/537.36 (KHTML, like Gecko) Chrome/73.0.3683.103 Safari/537.36" "wellnessway4u.com"
185.191.171.36 - - [31/Oct/2022:00:55:03 -0700] "GET /robots.txt HTTP/1.1" 200 60 "-" "Mozilla/5.0 (compatible; SemrushBot/7~bl; +http://www.semrush.com/bot.html)" "www.wellnessway4u.com"
185.191.171.2 - - [31/Oct/2022:00:55:03 -0700] "GET /login.php?ref=ZGVzaWduLW15LWxpZmUucGhwPyZyZWZfbnVtPURzZ24tMDAxLERzZ24tMDA5LERzZ24tMDAzLERzZ24tMDA1LERzZ24tMDA3LERzZ24tMDEwJmZhdl9jYXRfaWQ9NDA2Jmdyb3VwX2lkPTU1Nj9yZWZfbnVtPURzZ24tMDAxJmdyb3VwX2lkPTU1Nw%3D%3D HTTP/1.1" 200 60283 "-" "Mozilla/5.0 (compatible; SemrushBot/7~bl; +http://www.semrush.com/bot.html)" "www.wellnessway4u.com"
185.119.81.101 - - [31/Oct/2022:00:55:45 -0700] "GET /blog/wp-login.php HTTP/1.1" 200 7647 "-" "Mozilla/5.0 (Windows NT 6.3; Win64; x64) AppleWebKit/537.36 (KHTML, like Gecko) Chrome/80.0.3987.122 Safari/537.36" "wellnessway4u.com"
10.213.116.211 - - [31/Oct/2022:00:55:55 -0700] "POST /blog/wp-cron.php?doing_wp_cron=1667202954.8918919563293457031250 HTTP/1.1" 200 - "https://wellnessway4u.com/blog/wp-cron.php?doing_wp_cron=1667202954.8918919563293457031250" "WordPress/6.0.3; https://wellnessway4u.com/blog" "wellnessway4u.com"
185.119.81.101 - - [31/Oct/2022:00:55:57 -0700] "POST /blog/wp-login.php HTTP/1.1" 200 7833 "https://wellnessway4u.com/blog/wp-login.php" "Mozilla/5.0 (Windows NT 6.3; Win64; x64) AppleWebKit/537.36 (KHTML, like Gecko) Chrome/80.0.3987.122 Safari/537.36" "wellnessway4u.com"
185.119.81.101 - - [31/Oct/2022:00:56:51 -0700] "GET /blog/wp-login.php HTTP/1.1" 200 7649 "-" "Mozilla/5.0 (Windows NT 6.1; Win64; x64) AppleWebKit/537.36 (KHTML, like Gecko) Chrome/92.0.4515.159 Safari/537.36" "wellnessway4u.com"
10.213.116.210 - - [31/Oct/2022:00:57:00 -0700] "POST /blog/wp-cron.php?doing_wp_cron=1667203020.6143460273742675781250 HTTP/1.1" 200 - "https://wellnessway4u.com/blog/wp-cron.php?doing_wp_cron=1667203020.6143460273742675781250" "WordPress/6.0.3; https://wellnessway4u.com/blog" "wellnessway4u.com"
185.119.81.101 - - [31/Oct/2022:00:57:02 -0700] "POST /blog/wp-login.php HTTP/1.1" 200 7833 "https://wellnessway4u.com/blog/wp-login.php" "Mozilla/5.0 (Windows NT 6.1; Win64; x64) AppleWebKit/537.36 (KHTML, like Gecko) Chrome/92.0.4515.159 Safari/537.36" "wellnessway4u.com"
120.88.189.19 - - [31/Oct/2022:01:00:06 -0700] "POST /admin/index.php?mode=contents&msg=Page+Updateds+Successfully%21 HTTP/1.1" 200 41030 "https://wellnessway4u.com/admin/index.php?mode=contents&msg=Page+Updateds+Successfully%21" "Mozilla/5.0 (Windows NT 10.0; Win64; x64) AppleWebKit/537.36 (KHTML, like Gecko) Chrome/106.0.0.0 Safari/537.36" "wellnessway4u.com"
120.88.189.19 - - [31/Oct/2022:01:00:12 -0700] "GET /admin/index.php?mode=edit_content&page_id=69 HTTP/1.1" 200 11689 "https://wellnessway4u.com/admin/index.php?mode=contents&msg=Page+Updateds+Successfully%21" "Mozilla/5.0 (Windows NT 10.0; Win64; x64) AppleWebKit/537.36 (KHTML, like Gecko) Chrome/106.0.0.0 Safari/537.36" "wellnessway4u.com"
185.119.81.100 - - [31/Oct/2022:01:00:22 -0700] "GET /blog/wp-login.php HTTP/1.1" 500 2161 "-" "Mozilla/5.0 (Windows NT 10.0; Win64; x64) AppleWebKit/537.36 (KHTML, like Gecko) Chrome/81.0.4044.92 Safari/537.36" "wellnessway4u.com"
120.88.189.19 - - [31/Oct/2022:01:00:30 -0700] "POST /admin/index.php?mode=edit_content&page_id=69 HTTP/1.1" 302 11897 "https://wellnessway4u.com/admin/index.php?mode=edit_content&page_id=69" "Mozilla/5.0 (Windows NT 10.0; Win64; x64) AppleWebKit/537.36 (KHTML, like Gecko) Chrome/106.0.0.0 Safari/537.36" "wellnessway4u.com"
120.88.189.19 - - [31/Oct/2022:01:00:31 -0700] "GET /admin/index.php?mode=home HTTP/1.1" 200 37880 "https://wellnessway4u.com/admin/index.php?mode=edit_content&page_id=69" "Mozilla/5.0 (Windows NT 10.0; Win64; x64) AppleWebKit/537.36 (KHTML, like Gecko) Chrome/106.0.0.0 Safari/537.36" "wellnessway4u.com"
120.88.189.19 - - [31/Oct/2022:01:00:37 -0700] "GET /admin/index.php?mode=contents HTTP/1.1" 200 103428 "https://wellnessway4u.com/admin/index.php?mode=home" "Mozilla/5.0 (Windows NT 10.0; Win64; x64) AppleWebKit/537.36 (KHTML, like Gecko) Chrome/106.0.0.0 Safari/537.36" "wellnessway4u.com"
120.88.189.19 - - [31/Oct/2022:01:00:43 -0700] "POST /admin/index.php?mode=contents HTTP/1.1" 200 41003 "https://wellnessway4u.com/admin/index.php?mode=contents" "Mozilla/5.0 (Windows NT 10.0; Win64; x64) AppleWebKit/537.36 (KHTML, like Gecko) Chrome/106.0.0.0 Safari/537.36" "wellnessway4u.com"
120.88.189.19 - - [31/Oct/2022:01:00:48 -0700] "GET /admin/index.php?mode=edit_content&page_id=69 HTTP/1.1" 200 48808 "https://wellnessway4u.com/admin/index.php?mode=contents" "Mozilla/5.0 (Windows NT 10.0; Win64; x64) AppleWebKit/537.36 (KHTML, like Gecko) Chrome/106.0.0.0 Safari/537.36" "wellnessway4u.com"
185.119.81.99 - - [31/Oct/2022:01:01:40 -0700] "GET /blog/wp-login.php HTTP/1.1" 200 7652 "-" "Mozilla/5.0 (Windows NT 6.1; WOW64) AppleWebKit/537.36 (KHTML, like Gecko) Chrome/66.0.3359.181 Safari/537.36" "wellnessway4u.com"
185.119.81.99 - - [31/Oct/2022:01:01:51 -0700] "POST /blog/wp-login.php HTTP/1.1" 500 2161 "https://wellnessway4u.com/blog/wp-login.php" "Mozilla/5.0 (Windows NT 6.1; WOW64) AppleWebKit/537.36 (KHTML, like Gecko) Chrome/66.0.3359.181 Safari/537.36" "wellnessway4u.com"
10.213.116.209 - - [31/Oct/2022:01:01:49 -0700] "POST /blog/wp-cron.php?doing_wp_cron=1667203309.3748118877410888671875 HTTP/1.1" 200 - "https://wellnessway4u.com/blog/wp-cron.php?doing_wp_cron=1667203309.3748118877410888671875" "WordPress/6.0.3; https://wellnessway4u.com/blog" "wellnessway4u.com"
120.88.189.19 - - [31/Oct/2022:01:04:41 -0700] "POST /admin/index.php?mode=edit_content&page_id=69 HTTP/1.1" 302 48798 "https://wellnessway4u.com/admin/index.php?mode=edit_content&page_id=69" "Mozilla/5.0 (Windows NT 10.0; Win64; x64) AppleWebKit/537.36 (KHTML, like Gecko) Chrome/106.0.0.0 Safari/537.36" "wellnessway4u.com"
120.88.189.19 - - [31/Oct/2022:01:04:43 -0700] "GET /admin/index.php?mode=contents&msg=Page+Updateds+Successfully%21 HTTP/1.1" 200 103455 "https://wellnessway4u.com/admin/index.php?mode=edit_content&page_id=69" "Mozilla/5.0 (Windows NT 10.0; Win64; x64) AppleWebKit/537.36 (KHTML, like Gecko) Chrome/106.0.0.0 Safari/537.36" "wellnessway4u.com"
185.119.81.99 - - [31/Oct/2022:01:05:22 -0700] "GET /blog/wp-login.php HTTP/1.1" 500 2159 "-" "Mozilla/5.0 (Windows NT 10.0; WOW64) AppleWebKit/537.36 (KHTML, like Gecko) Chrome/99.0.4844.51 Safari/537.36" "wellnessway4u.com"
185.119.81.101 - - [31/Oct/2022:01:05:51 -0700] "GET /blog/wp-login.php HTTP/1.1" 200 7651 "-" "Mozilla/5.0 (Windows NT 6.1) AppleWebKit/537.36 (KHTML, like Gecko) Chrome/70.0.3538.67 Safari/537.36" "wellnessway4u.com"
10.213.116.211 - - [31/Oct/2022:01:06:01 -0700] "POST /blog/wp-cron.php?doing_wp_cron=1667203561.8691949844360351562500 HTTP/1.1" 200 - "https://wellnessway4u.com/blog/wp-cron.php?doing_wp_cron=1667203561.8691949844360351562500" "WordPress/6.0.3; https://wellnessway4u.com/blog" "wellnessway4u.com"
185.119.81.101 - - [31/Oct/2022:01:06:03 -0700] "POST /blog/wp-login.php HTTP/1.1" 200 7836 "https://wellnessway4u.com/blog/wp-login.php" "Mozilla/5.0 (Windows NT 6.1) AppleWebKit/537.36 (KHTML, like Gecko) Chrome/70.0.3538.67 Safari/537.36" "wellnessway4u.com"
120.88.189.19 - - [31/Oct/2022:01:06:15 -0700] "GET /pages.php?id=69 HTTP/1.1" 200 46027 "-" "Mozilla/5.0 (Windows NT 10.0; Win64; x64) AppleWebKit/537.36 (KHTML, like Gecko) Chrome/106.0.0.0 Safari/537.36" "wellnessway4u.com"
120.88.189.19 - - [31/Oct/2022:01:06:15 -0700] "GET /w_css/style.css?v=1667203575 HTTP/1.1" 200 12959 "https://wellnessway4u.com/pages.php?id=69" "Mozilla/5.0 (Windows NT 10.0; Win64; x64) AppleWebKit/537.36 (KHTML, like Gecko) Chrome/106.0.0.0 Safari/537.36" "wellnessway4u.com"
120.88.189.19 - - [31/Oct/2022:01:06:16 -0700] "GET /w_js/commonfn.js?v=1667203575 HTTP/1.1" 200 16560 "https://wellnessway4u.com/pages.php?id=69" "Mozilla/5.0 (Windows NT 10.0; Win64; x64) AppleWebKit/537.36 (KHTML, like Gecko) Chrome/106.0.0.0 Safari/537.36" "wellnessway4u.com"
185.14.97.176 - - [31/Oct/2022:01:07:33 -0700] "GET /pages.php HTTP/1.1" 302 - "https://wellnessway4u.com/pages.php" "Mozilla/5.0 (Windows NT 10.0; Win64; x64) AppleWebKit/537.36 (KHTML, like Gecko) Chrome/90.0.4430.86 Safari/537.36" "wellnessway4u.com"
185.14.97.176 - - [31/Oct/2022:01:07:36 -0700] "GET /message.php HTTP/1.1" 200 34388 "https://wellnessway4u.com/message.php" "Mozilla/5.0 (Windows NT 10.0; Win64; x64) AppleWebKit/537.36 (KHTML, like Gecko) Chrome/90.0.4430.86 Safari/537.36" "wellnessway4u.com"
162.247.74.216 - - [31/Oct/2022:01:07:40 -0700] "POST / HTTP/1.1" 200 156612 "https://wellnessway4u.com/message.php" "Mozilla/5.0 (Windows NT 10.0; Win64; x64) AppleWebKit/537.36 (KHTML, like Gecko) Chrome/90.0.4430.86 Safari/537.36" "wellnessway4u.com"
162.247.74.216 - - [31/Oct/2022:01:07:45 -0700] "GET /message.php HTTP/1.1" 200 34388 "https://wellnessway4u.com/message.php" "Mozilla/5.0 (Windows NT 10.0; Win64; x64) AppleWebKit/537.36 (KHTML, like Gecko) Chrome/90.0.4430.86 Safari/537.36" "wellnessway4u.com"
185.119.81.100 - - [31/Oct/2022:01:09:14 -0700] "GET /blog/wp-login.php HTTP/1.1" 500 2164 "-" "Mozilla/5.0 (Windows NT 6.1; WOW64) AppleWebKit/537.36 (KHTML, like Gecko) Chrome/54.0.2840.99 Safari/537.36" "wellnessway4u.com"
74.208.136.135 - - [31/Oct/2022:01:13:23 -0700] "GET / HTTP/1.1" 200 36768 "-" "FreeWebMonitoring SiteChecker/0.2 (+https://www.freewebmonitoring.com/bot.html)" "www.wellnessway4u.com"
185.119.81.101 - - [31/Oct/2022:01:13:41 -0700] "GET /blog/wp-login.php HTTP/1.1" 200 7654 "-" "Mozilla/5.0 (Windows NT 10.0; Win64; x64) AppleWebKit/537.36 (KHTML, like Gecko) Chrome/99.0.4844.74 Safari/537.36" "wellnessway4u.com"
10.213.116.210 - - [31/Oct/2022:01:13:51 -0700] "POST /blog/wp-cron.php?doing_wp_cron=1667204031.7999238967895507812500 HTTP/1.1" 200 - "https://wellnessway4u.com/blog/wp-cron.php?doing_wp_cron=1667204031.7999238967895507812500" "WordPress/6.0.3; https://wellnessway4u.com/blog" "wellnessway4u.com"
185.119.81.101 - - [31/Oct/2022:01:13:53 -0700] "POST /blog/wp-login.php HTTP/1.1" 200 7834 "https://wellnessway4u.com/blog/wp-login.php" "Mozilla/5.0 (Windows NT 10.0; Win64; x64) AppleWebKit/537.36 (KHTML, like Gecko) Chrome/99.0.4844.74 Safari/537.36" "wellnessway4u.com"
185.119.81.101 - - [31/Oct/2022:01:15:45 -0700] "GET /blog/wp-login.php HTTP/1.1" 200 7652 "-" "Mozilla/5.0 (Windows NT 10.0; Win64; x64) AppleWebKit/537.36 (KHTML, like Gecko) Chrome/80.0.3987.100 Safari/537.36" "wellnessway4u.com"
10.213.116.211 - - [31/Oct/2022:01:15:55 -0700] "POST /blog/wp-cron.php?doing_wp_cron=1667204155.4884700775146484375000 HTTP/1.1" 200 - "https://wellnessway4u.com/blog/wp-cron.php?doing_wp_cron=1667204155.4884700775146484375000" "WordPress/6.0.3; https://wellnessway4u.com/blog" "wellnessway4u.com"
185.119.81.101 - - [31/Oct/2022:01:15:57 -0700] "POST /blog/wp-login.php HTTP/1.1" 200 7836 "https://wellnessway4u.com/blog/wp-login.php" "Mozilla/5.0 (Windows NT 10.0; Win64; x64) AppleWebKit/537.36 (KHTML, like Gecko) Chrome/80.0.3987.100 Safari/537.36" "wellnessway4u.com"
185.119.81.100 - - [31/Oct/2022:01:16:03 -0700] "GET /blog/wp-login.php HTTP/1.1" 200 7652 "-" "Mozilla/5.0 (Windows NT 6.1; WOW64) AppleWebKit/537.36 (KHTML, like Gecko) Chrome/69.0.3497.100 Safari/537.36" "wellnessway4u.com"
185.119.81.100 - - [31/Oct/2022:01:16:13 -0700] "POST /blog/wp-login.php HTTP/1.1" 500 2159 "https://wellnessway4u.com/blog/wp-login.php" "Mozilla/5.0 (Windows NT 6.1; WOW64) AppleWebKit/537.36 (KHTML, like Gecko) Chrome/69.0.3497.100 Safari/537.36" "wellnessway4u.com"
140.246.164.95 - - [31/Oct/2022:01:19:20 -0700] "GET / HTTP/1.1" 200 156612 "http://www.wellnessway4u.com" "Mozilla/5.0 (iPhone; CPU iPhone OS 13_2_3 like Mac OS X) AppleWebKit/605.1.15 (KHTML, like Gecko) Version/13.0.3 Mobile/15E148 Safari/604.1" "www.wellnessway4u.com"
185.119.81.100 - - [31/Oct/2022:01:19:26 -0700] "GET /blog/wp-login.php HTTP/1.1" 500 2158 "-" "Mozilla/5.0 (Windows NT 10.0; Win64; x64) AppleWebKit/537.36 (KHTML, like Gecko) Chrome/99.0.4844.82 Safari/537.36" "wellnessway4u.com"
185.119.81.100 - - [31/Oct/2022:01:20:27 -0700] "GET /blog/wp-login.php HTTP/1.1" 200 7652 "-" "Mozilla/5.0 (Windows NT 6.3; Win64; x64) AppleWebKit/537.36 (KHTML, like Gecko) Chrome/70.0.3538.77 Safari/537.36" "wellnessway4u.com"
185.119.81.100 - - [31/Oct/2022:01:20:40 -0700] "POST /blog/wp-login.php HTTP/1.1" 500 2155 "https://wellnessway4u.com/blog/wp-login.php" "Mozilla/5.0 (Windows NT 6.3; Win64; x64) AppleWebKit/537.36 (KHTML, like Gecko) Chrome/70.0.3538.77 Safari/537.36" "wellnessway4u.com"
10.213.116.211 - - [31/Oct/2022:01:20:38 -0700] "POST /blog/wp-cron.php?doing_wp_cron=1667204438.1908159255981445312500 HTTP/1.1" 200 - "https://wellnessway4u.com/blog/wp-cron.php?doing_wp_cron=1667204438.1908159255981445312500" "WordPress/6.0.3; https://wellnessway4u.com/blog" "wellnessway4u.com"
185.119.81.106 - - [31/Oct/2022:01:21:11 -0700] "GET /blog/wp-login.php HTTP/1.1" 200 7654 "-" "Mozilla/5.0 (Windows NT 6.3; Win64; x64) AppleWebKit/537.36 (KHTML, like Gecko) Chrome/55.0.2883.87 Safari/537.36" "wellnessway4u.com"
185.119.81.106 - - [31/Oct/2022:01:21:22 -0700] "POST /blog/wp-login.php HTTP/1.1" 500 2159 "https://wellnessway4u.com/blog/wp-login.php" "Mozilla/5.0 (Windows NT 6.3; Win64; x64) AppleWebKit/537.36 (KHTML, like Gecko) Chrome/55.0.2883.87 Safari/537.36" "wellnessway4u.com"
185.119.81.109 - - [31/Oct/2022:01:22:08 -0700] "GET /blog/wp-login.php HTTP/1.1" 500 2162 "-" "Mozilla/5.0 (Windows NT 10.0; Win64; x64) AppleWebKit/537.36 (KHTML, like Gecko) Chrome/70.0.3538.102 Safari/537.36" "wellnessway4u.com"
185.119.81.106 - - [31/Oct/2022:01:22:02 -0700] "GET /blog/wp-login.php HTTP/1.1" 200 7655 "-" "Mozilla/5.0 (Windows NT 10.0; Win64; x64) AppleWebKit/537.36 (KHTML, like Gecko) Chrome/96.0.4664.55 Safari/537.36" "wellnessway4u.com"
10.213.116.209 - - [31/Oct/2022:01:22:11 -0700] "POST /blog/wp-cron.php?doing_wp_cron=1667204531.7182390689849853515625 HTTP/1.1" 200 - "https://wellnessway4u.com/blog/wp-cron.php?doing_wp_cron=1667204531.7182390689849853515625" "WordPress/6.0.3; https://wellnessway4u.com/blog" "wellnessway4u.com"
185.119.81.106 - - [31/Oct/2022:01:22:13 -0700] "POST /blog/wp-login.php HTTP/1.1" 200 7836 "https://wellnessway4u.com/blog/wp-login.php" "Mozilla/5.0 (Windows NT 10.0; Win64; x64) AppleWebKit/537.36 (KHTML, like Gecko) Chrome/96.0.4664.55 Safari/537.36" "wellnessway4u.com"
185.119.81.109 - - [31/Oct/2022:01:22:19 -0700] "GET /blog/wp-login.php HTTP/1.1" 200 7656 "-" "Mozilla/5.0 (Windows NT 6.3; Win64; x64) AppleWebKit/537.36 (KHTML, like Gecko) Chrome/61.0.3163.100 Safari/537.36" "wellnessway4u.com"
185.119.81.109 - - [31/Oct/2022:01:22:29 -0700] "POST /blog/wp-login.php HTTP/1.1" 500 2165 "https://wellnessway4u.com/blog/wp-login.php" "Mozilla/5.0 (Windows NT 6.3; Win64; x64) AppleWebKit/537.36 (KHTML, like Gecko) Chrome/61.0.3163.100 Safari/537.36" "wellnessway4u.com"
185.119.81.100 - - [31/Oct/2022:01:23:04 -0700] "GET /blog/wp-login.php HTTP/1.1" 200 7659 "-" "Mozilla/5.0 (Windows NT 6.1) AppleWebKit/537.36 (KHTML, like Gecko) Chrome/56.0.2924.76 Safari/537.36" "wellnessway4u.com"
10.213.116.209 - - [31/Oct/2022:01:23:12 -0700] "POST /blog/wp-cron.php?doing_wp_cron=1667204592.4606740474700927734375 HTTP/1.1" 200 - "https://wellnessway4u.com/blog/wp-cron.php?doing_wp_cron=1667204592.4606740474700927734375" "WordPress/6.0.3; https://wellnessway4u.com/blog" "wellnessway4u.com"
185.119.81.100 - - [31/Oct/2022:01:23:14 -0700] "POST /blog/wp-login.php HTTP/1.1" 200 7841 "https://wellnessway4u.com/blog/wp-login.php" "Mozilla/5.0 (Windows NT 6.1) AppleWebKit/537.36 (KHTML, like Gecko) Chrome/56.0.2924.76 Safari/537.36" "wellnessway4u.com"
185.119.81.99 - - [31/Oct/2022:01:23:53 -0700] "GET /blog/wp-login.php HTTP/1.1" 200 7646 "-" "Mozilla/5.0 (Windows NT 10.0; Win64; x64) AppleWebKit/537.36 (KHTML, like Gecko) Chrome/66.0.3359.181 Safari/537.36" "wellnessway4u.com"
185.119.81.99 - - [31/Oct/2022:01:24:03 -0700] "POST /blog/wp-login.php HTTP/1.1" 500 2160 "https://wellnessway4u.com/blog/wp-login.php" "Mozilla/5.0 (Windows NT 10.0; Win64; x64) AppleWebKit/537.36 (KHTML, like Gecko) Chrome/66.0.3359.181 Safari/537.36" "wellnessway4u.com"
10.213.116.211 - - [31/Oct/2022:01:24:01 -0700] "POST /blog/wp-cron.php?doing_wp_cron=1667204641.4522280693054199218750 HTTP/1.1" 200 - "https://wellnessway4u.com/blog/wp-cron.php?doing_wp_cron=1667204641.4522280693054199218750" "WordPress/6.0.3; https://wellnessway4u.com/blog" "wellnessway4u.com"
185.119.81.100 - - [31/Oct/2022:01:26:08 -0700] "GET /blog/wp-login.php HTTP/1.1" 500 2164 "-" "Mozilla/5.0 (Windows NT 6.1; Win64; x64) AppleWebKit/537.36 (KHTML, like Gecko) Chrome/70.0.3538.102 Safari/537.36" "wellnessway4u.com"
185.119.81.101 - - [31/Oct/2022:01:26:56 -0700] "GET /blog/wp-login.php HTTP/1.1" 200 7645 "-" "Mozilla/5.0 (Windows NT 6.1) AppleWebKit/537.36 (KHTML, like Gecko) Chrome/62.0.3202.94 Safari/537.36" "wellnessway4u.com"
10.213.116.210 - - [31/Oct/2022:01:27:05 -0700] "POST /blog/wp-cron.php?doing_wp_cron=1667204825.0837290287017822265625 HTTP/1.1" 200 - "https://wellnessway4u.com/blog/wp-cron.php?doing_wp_cron=1667204825.0837290287017822265625" "WordPress/6.0.3; https://wellnessway4u.com/blog" "wellnessway4u.com"
185.119.81.101 - - [31/Oct/2022:01:27:07 -0700] "POST /blog/wp-login.php HTTP/1.1" 200 7837 "https://wellnessway4u.com/blog/wp-login.php" "Mozilla/5.0 (Windows NT 6.1) AppleWebKit/537.36 (KHTML, like Gecko) Chrome/62.0.3202.94 Safari/537.36" "wellnessway4u.com"
185.119.81.109 - - [31/Oct/2022:01:27:35 -0700] "GET /blog/wp-login.php HTTP/1.1" 200 7648 "-" "Mozilla/5.0 (Windows NT 10.0; WOW64) AppleWebKit/537.36 (KHTML, like Gecko) Chrome/92.0.4515.107 Safari/537.36" "wellnessway4u.com"
10.213.116.210 - - [31/Oct/2022:01:27:43 -0700] "POST /blog/wp-cron.php?doing_wp_cron=1667204863.2034690380096435546875 HTTP/1.1" 200 - "https://wellnessway4u.com/blog/wp-cron.php?doing_wp_cron=1667204863.2034690380096435546875" "WordPress/6.0.3; https://wellnessway4u.com/blog" "wellnessway4u.com"
185.119.81.109 - - [31/Oct/2022:01:27:45 -0700] "POST /blog/wp-login.php HTTP/1.1" 200 7833 "https://wellnessway4u.com/blog/wp-login.php" "Mozilla/5.0 (Windows NT 10.0; WOW64) AppleWebKit/537.36 (KHTML, like Gecko) Chrome/92.0.4515.107 Safari/537.36" "wellnessway4u.com"
185.119.81.99 - - [31/Oct/2022:01:29:56 -0700] "GET /blog/wp-login.php HTTP/1.1" 500 2167 "-" "Mozilla/5.0 (Windows NT 6.1; WOW64) AppleWebKit/537.36 (KHTML, like Gecko) Chrome/34.0.1847.131 Safari/537.36" "wellnessway4u.com"
185.119.81.106 - - [31/Oct/2022:01:32:14 -0700] "GET /blog/wp-login.php HTTP/1.1" 200 7661 "-" "Mozilla/5.0 (Windows NT 10.0; Win64; x64) AppleWebKit/537.36 (KHTML, like Gecko) Chrome/86.0.4240.111 Safari/537.36" "wellnessway4u.com"
10.213.116.211 - - [31/Oct/2022:01:32:23 -0700] "POST /blog/wp-cron.php?doing_wp_cron=1667205143.8855459690093994140625 HTTP/1.1" 200 - "https://wellnessway4u.com/blog/wp-cron.php?doing_wp_cron=1667205143.8855459690093994140625" "WordPress/6.0.3; https://wellnessway4u.com/blog" "wellnessway4u.com"
185.119.81.106 - - [31/Oct/2022:01:32:25 -0700] "POST /blog/wp-login.php HTTP/1.1" 200 7835 "https://wellnessway4u.com/blog/wp-login.php" "Mozilla/5.0 (Windows NT 10.0; Win64; x64) AppleWebKit/537.36 (KHTML, like Gecko) Chrome/86.0.4240.111 Safari/537.36" "wellnessway4u.com"
185.119.81.109 - - [31/Oct/2022:01:32:26 -0700] "GET /blog/wp-login.php HTTP/1.1" 200 7658 "-" "Mozilla/5.0 (Windows NT 10.0; Win64; x64) AppleWebKit/537.36 (KHTML, like Gecko) Chrome/84.0.4147.135 Safari/537.36" "wellnessway4u.com"
185.119.81.109 - - [31/Oct/2022:01:32:36 -0700] "POST /blog/wp-login.php HTTP/1.1" 200 7838 "https://wellnessway4u.com/blog/wp-login.php" "Mozilla/5.0 (Windows NT 10.0; Win64; x64) AppleWebKit/537.36 (KHTML, like Gecko) Chrome/84.0.4147.135 Safari/537.36" "wellnessway4u.com"
10.213.116.210 - - [31/Oct/2022:01:32:45 -0700] "POST /blog/wp-cron.php?doing_wp_cron=1667205165.3289439678192138671875 HTTP/1.1" 200 - "https://wellnessway4u.com/blog/wp-cron.php?doing_wp_cron=1667205165.3289439678192138671875" "WordPress/6.0.3; https://wellnessway4u.com/blog" "wellnessway4u.com"
185.119.81.100 - - [31/Oct/2022:01:33:22 -0700] "GET /blog/wp-login.php HTTP/1.1" 500 2162 "-" "Mozilla/5.0 (Windows NT 6.2; Win64; x64) AppleWebKit/537.36 (KHTML, like Gecko) Chrome/60.0.3112.90 Safari/537.36" "wellnessway4u.com"
185.119.81.109 - - [31/Oct/2022:01:34:00 -0700] "GET /blog/wp-login.php HTTP/1.1" 200 7648 "-" "Mozilla/5.0 (Windows NT 6.1) AppleWebKit/537.36 (KHTML, like Gecko) Chrome/59.0.3071.115 Safari/537.36" "wellnessway4u.com"
185.119.81.99 - - [31/Oct/2022:01:34:11 -0700] "GET /blog/wp-login.php HTTP/1.1" 500 2160 "-" "Mozilla/5.0 (Windows NT 10.0; Win64; x64) AppleWebKit/537.36 (KHTML, like Gecko) Chrome/80.0.3987.116 Safari/537.36" "wellnessway4u.com"
185.119.81.109 - - [31/Oct/2022:01:34:11 -0700] "POST /blog/wp-login.php HTTP/1.1" 500 2158 "https://wellnessway4u.com/blog/wp-login.php" "Mozilla/5.0 (Windows NT 6.1) AppleWebKit/537.36 (KHTML, like Gecko) Chrome/59.0.3071.115 Safari/537.36" "wellnessway4u.com"
10.213.116.209 - - [31/Oct/2022:01:34:09 -0700] "POST /blog/wp-cron.php?doing_wp_cron=1667205249.8151888847351074218750 HTTP/1.1" 200 - "https://wellnessway4u.com/blog/wp-cron.php?doing_wp_cron=1667205249.8151888847351074218750" "WordPress/6.0.3; https://wellnessway4u.com/blog" "wellnessway4u.com"
185.119.81.106 - - [31/Oct/2022:01:36:31 -0700] "GET /blog/wp-login.php HTTP/1.1" 200 7648 "-" "Mozilla/5.0 (Windows NT 10.0; Win64; x64) AppleWebKit/537.36 (KHTML, like Gecko) Chrome/70.0.3538.102 Safari/537.36" "wellnessway4u.com"
10.213.116.209 - - [31/Oct/2022:01:36:41 -0700] "POST /blog/wp-cron.php?doing_wp_cron=1667205401.5992920398712158203125 HTTP/1.1" 200 - "https://wellnessway4u.com/blog/wp-cron.php?doing_wp_cron=1667205401.5992920398712158203125" "WordPress/6.0.3; https://wellnessway4u.com/blog" "wellnessway4u.com"
185.119.81.106 - - [31/Oct/2022:01:36:43 -0700] "POST /blog/wp-login.php HTTP/1.1" 200 7832 "https://wellnessway4u.com/blog/wp-login.php" "Mozilla/5.0 (Windows NT 10.0; Win64; x64) AppleWebKit/537.36 (KHTML, like Gecko) Chrome/70.0.3538.102 Safari/537.36" "wellnessway4u.com"
185.119.81.101 - - [31/Oct/2022:01:38:44 -0700] "GET /blog/wp-login.php HTTP/1.1" 200 7655 "-" "Mozilla/5.0 (Windows NT 10.0; WOW64) AppleWebKit/537.36 (KHTML, like Gecko) Chrome/70.0.3538.67 Safari/537.36" "wellnessway4u.com"
185.119.81.101 - - [31/Oct/2022:01:38:54 -0700] "POST /blog/wp-login.php HTTP/1.1" 500 2164 "https://wellnessway4u.com/blog/wp-login.php" "Mozilla/5.0 (Windows NT 10.0; WOW64) AppleWebKit/537.36 (KHTML, like Gecko) Chrome/70.0.3538.67 Safari/537.36" "wellnessway4u.com"
10.213.116.210 - - [31/Oct/2022:01:38:52 -0700] "POST /blog/wp-cron.php?doing_wp_cron=1667205532.1820659637451171875000 HTTP/1.1" 200 - "https://wellnessway4u.com/blog/wp-cron.php?doing_wp_cron=1667205532.1820659637451171875000" "WordPress/6.0.3; https://wellnessway4u.com/blog" "wellnessway4u.com"
120.88.189.19 - - [31/Oct/2022:01:39:12 -0700] "POST /admin/index.php?mode=contents&msg=Page+Updateds+Successfully%21 HTTP/1.1" 200 41030 "https://wellnessway4u.com/admin/index.php?mode=contents&msg=Page+Updateds+Successfully%21" "Mozilla/5.0 (Windows NT 10.0; Win64; x64) AppleWebKit/537.36 (KHTML, like Gecko) Chrome/106.0.0.0 Safari/537.36" "wellnessway4u.com"
120.88.189.19 - - [31/Oct/2022:01:39:18 -0700] "GET /admin/index.php?mode=edit_content&page_id=69 HTTP/1.1" 200 48798 "https://wellnessway4u.com/admin/index.php?mode=contents&msg=Page+Updateds+Successfully%21" "Mozilla/5.0 (Windows NT 10.0; Win64; x64) AppleWebKit/537.36 (KHTML, like Gecko) Chrome/106.0.0.0 Safari/537.36" "wellnessway4u.com"
120.88.189.19 - - [31/Oct/2022:01:40:13 -0700] "GET /admin/js/tiny_mce/themes/advanced/source_editor.htm HTTP/1.1" 200 614 "https://wellnessway4u.com/admin/index.php?mode=edit_content&page_id=69" "Mozilla/5.0 (Windows NT 10.0; Win64; x64) AppleWebKit/537.36 (KHTML, like Gecko) Chrome/106.0.0.0 Safari/537.36" "wellnessway4u.com"
120.88.189.19 - - [31/Oct/2022:01:40:13 -0700] "GET /admin/js/tiny_mce/themes/advanced/js/source_editor.js HTTP/1.1" 200 602 "https://wellnessway4u.com/admin/js/tiny_mce/themes/advanced/source_editor.htm" "Mozilla/5.0 (Windows NT 10.0; Win64; x64) AppleWebKit/537.36 (KHTML, like Gecko) Chrome/106.0.0.0 Safari/537.36" "wellnessway4u.com"
120.88.189.19 - - [31/Oct/2022:01:40:13 -0700] "GET /admin/js/tiny_mce/themes/advanced/langs/en_dlg.js HTTP/1.1" 200 646 "https://wellnessway4u.com/admin/js/tiny_mce/themes/advanced/source_editor.htm" "Mozilla/5.0 (Windows NT 10.0; Win64; x64) AppleWebKit/537.36 (KHTML, like Gecko) Chrome/106.0.0.0 Safari/537.36" "wellnessway4u.com"
51.222.253.10 - - [31/Oct/2022:01:41:40 -0700] "GET /wsi_read_more.php?type=wsi&token=MTQ1Mg== HTTP/1.1" 200 55678 "-" "Mozilla/5.0 (compatible; AhrefsBot/7.0; +http://ahrefs.com/robot/)" "wellnessway4u.com"
185.119.81.100 - - [31/Oct/2022:01:42:24 -0700] "GET /blog/wp-login.php HTTP/1.1" 200 7650 "-" "Mozilla/5.0 (Windows NT 10.0; WOW64) AppleWebKit/537.36 (KHTML, like Gecko) Chrome/54.0.2840.99 Safari/537.36" "wellnessway4u.com"
10.213.116.210 - - [31/Oct/2022:01:42:35 -0700] "POST /blog/wp-cron.php?doing_wp_cron=1667205754.9629039764404296875000 HTTP/1.1" 200 - "https://wellnessway4u.com/blog/wp-cron.php?doing_wp_cron=1667205754.9629039764404296875000" "WordPress/6.0.3; https://wellnessway4u.com/blog" "wellnessway4u.com"
185.119.81.100 - - [31/Oct/2022:01:42:37 -0700] "POST /blog/wp-login.php HTTP/1.1" 200 7834 "https://wellnessway4u.com/blog/wp-login.php" "Mozilla/5.0 (Windows NT 10.0; WOW64) AppleWebKit/537.36 (KHTML, like Gecko) Chrome/54.0.2840.99 Safari/537.36" "wellnessway4u.com"
120.88.189.19 - - [31/Oct/2022:01:43:32 -0700] "POST /admin/index.php?mode=edit_content&page_id=69 HTTP/1.1" 302 49105 "https://wellnessway4u.com/admin/index.php?mode=edit_content&page_id=69" "Mozilla/5.0 (Windows NT 10.0; Win64; x64) AppleWebKit/537.36 (KHTML, like Gecko) Chrome/106.0.0.0 Safari/537.36" "wellnessway4u.com"
120.88.189.19 - - [31/Oct/2022:01:43:34 -0700] "GET /admin/index.php?mode=contents&msg=Page+Updateds+Successfully%21 HTTP/1.1" 200 103455 "https://wellnessway4u.com/admin/index.php?mode=edit_content&page_id=69" "Mozilla/5.0 (Windows NT 10.0; Win64; x64) AppleWebKit/537.36 (KHTML, like Gecko) Chrome/106.0.0.0 Safari/537.36" "wellnessway4u.com"
120.88.189.19 - - [31/Oct/2022:01:43:48 -0700] "POST /admin/index.php?mode=contents&msg=Page+Updateds+Successfully%21 HTTP/1.1" 200 41030 "https://wellnessway4u.com/admin/index.php?mode=contents&msg=Page+Updateds+Successfully%21" "Mozilla/5.0 (Windows NT 10.0; Win64; x64) AppleWebKit/537.36 (KHTML, like Gecko) Chrome/106.0.0.0 Safari/537.36" "wellnessway4u.com"
120.88.189.19 - - [31/Oct/2022:01:44:04 -0700] "GET /admin/index.php?mode=edit_content&page_id=69 HTTP/1.1" 200 49105 "https://wellnessway4u.com/admin/index.php?mode=contents&msg=Page+Updateds+Successfully%21" "Mozilla/5.0 (Windows NT 10.0; Win64; x64) AppleWebKit/537.36 (KHTML, like Gecko) Chrome/106.0.0.0 Safari/537.36" "wellnessway4u.com"
114.119.133.250 - - [31/Oct/2022:01:44:12 -0700] "GET /wsi_read_more.php?type=wsi&token=MTUwOQ%3D%3D HTTP/1.1" 200 54794 "http://www.wellnessway4u.com/" "Mozilla/5.0 (Linux; Android 7.0;) AppleWebKit/537.36 (KHTML, like Gecko) Mobile Safari/537.36 (compatible; PetalBot;+https://webmaster.petalsearch.com/site/petalbot)" "www.wellnessway4u.com"
120.88.189.19 - - [31/Oct/2022:01:44:20 -0700] "GET /pages.php?id=69 HTTP/1.1" 200 46339 "-" "Mozilla/5.0 (Windows NT 10.0; Win64; x64) AppleWebKit/537.36 (KHTML, like Gecko) Chrome/106.0.0.0 Safari/537.36" "wellnessway4u.com"
120.88.189.19 - - [31/Oct/2022:01:44:20 -0700] "GET /w_css/style.css?v=1667205860 HTTP/1.1" 200 12959 "https://wellnessway4u.com/pages.php?id=69" "Mozilla/5.0 (Windows NT 10.0; Win64; x64) AppleWebKit/537.36 (KHTML, like Gecko) Chrome/106.0.0.0 Safari/537.36" "wellnessway4u.com"
120.88.189.19 - - [31/Oct/2022:01:44:21 -0700] "GET /w_js/commonfn.js?v=1667205860 HTTP/1.1" 200 16560 "https://wellnessway4u.com/pages.php?id=69" "Mozilla/5.0 (Windows NT 10.0; Win64; x64) AppleWebKit/537.36 (KHTML, like Gecko) Chrome/106.0.0.0 Safari/537.36" "wellnessway4u.com"
185.119.81.101 - - [31/Oct/2022:01:44:28 -0700] "GET /blog/wp-login.php HTTP/1.1" 500 2162 "-" "Mozilla/5.0 (Windows NT 6.1; Win64; x64) AppleWebKit/537.36 (KHTML, like Gecko) Chrome/62.0.3202.89 Safari/537.36" "wellnessway4u.com"
185.119.81.99 - - [31/Oct/2022:01:44:37 -0700] "GET /blog/wp-login.php HTTP/1.1" 200 7656 "-" "Mozilla/5.0 (Windows NT 6.0) AppleWebKit/537.36 (KHTML, like Gecko) Chrome/47.0.2526.106 Safari/537.36" "wellnessway4u.com"
185.119.81.99 - - [31/Oct/2022:01:44:49 -0700] "POST /blog/wp-login.php HTTP/1.1" 500 2160 "https://wellnessway4u.com/blog/wp-login.php" "Mozilla/5.0 (Windows NT 6.0) AppleWebKit/537.36 (KHTML, like Gecko) Chrome/47.0.2526.106 Safari/537.36" "wellnessway4u.com"
10.213.116.211 - - [31/Oct/2022:01:44:47 -0700] "POST /blog/wp-cron.php?doing_wp_cron=1667205887.0866680145263671875000 HTTP/1.1" 200 - "https://wellnessway4u.com/blog/wp-cron.php?doing_wp_cron=1667205887.0866680145263671875000" "WordPress/6.0.3; https://wellnessway4u.com/blog" "wellnessway4u.com"
185.119.81.99 - - [31/Oct/2022:01:47:35 -0700] "GET /blog/wp-login.php HTTP/1.1" 500 2162 "-" "Mozilla/5.0 (Windows NT 6.1; ) AppleWebKit/537.36 (KHTML, like Gecko) Chrome/81.0.4044.129 Safari/537.36" "wellnessway4u.com"
185.119.81.101 - - [31/Oct/2022:01:49:37 -0700] "GET /blog/wp-login.php HTTP/1.1" 200 7647 "-" "Mozilla/5.0 (Windows NT 10.0; WOW64) AppleWebKit/537.36 (KHTML, like Gecko) Chrome/69.0.3497.100 Safari/537.36" "wellnessway4u.com"
185.119.81.101 - - [31/Oct/2022:01:49:48 -0700] "POST /blog/wp-login.php HTTP/1.1" 500 2164 "https://wellnessway4u.com/blog/wp-login.php" "Mozilla/5.0 (Windows NT 10.0; WOW64) AppleWebKit/537.36 (KHTML, like Gecko) Chrome/69.0.3497.100 Safari/537.36" "wellnessway4u.com"
10.213.116.210 - - [31/Oct/2022:01:49:46 -0700] "POST /blog/wp-cron.php?doing_wp_cron=1667206186.5150070190429687500000 HTTP/1.1" 200 - "https://wellnessway4u.com/blog/wp-cron.php?doing_wp_cron=1667206186.5150070190429687500000" "WordPress/6.0.3; https://wellnessway4u.com/blog" "wellnessway4u.com"
185.119.81.109 - - [31/Oct/2022:01:52:41 -0700] "GET /blog/wp-login.php HTTP/1.1" 500 2163 "-" "Mozilla/5.0 (Windows NT 6.1) AppleWebKit/537.36 (KHTML, like Gecko) Chrome/64.0.3282.186 Safari/537.36" "wellnessway4u.com"
185.119.81.106 - - [31/Oct/2022:01:52:42 -0700] "GET /blog/wp-login.php HTTP/1.1" 200 7648 "-" "Mozilla/5.0 (Windows NT 6.1; Win64; x64) AppleWebKit/537.36 (KHTML, like Gecko) Chrome/80.0.3987.106 Safari/537.36" "wellnessway4u.com"
10.213.116.209 - - [31/Oct/2022:01:52:52 -0700] "POST /blog/wp-cron.php?doing_wp_cron=1667206372.7599608898162841796875 HTTP/1.1" 200 - "https://wellnessway4u.com/blog/wp-cron.php?doing_wp_cron=1667206372.7599608898162841796875" "WordPress/6.0.3; https://wellnessway4u.com/blog" "wellnessway4u.com"
185.119.81.106 - - [31/Oct/2022:01:52:54 -0700] "POST /blog/wp-login.php HTTP/1.1" 200 7834 "https://wellnessway4u.com/blog/wp-login.php" "Mozilla/5.0 (Windows NT 6.1; Win64; x64) AppleWebKit/537.36 (KHTML, like Gecko) Chrome/80.0.3987.106 Safari/537.36" "wellnessway4u.com"
185.119.81.101 - - [31/Oct/2022:01:53:10 -0700] "GET /blog/wp-login.php HTTP/1.1" 500 2165 "-" "Mozilla/5.0 (Windows NT 10.0; WOW64) AppleWebKit/537.36 (KHTML, like Gecko) Chrome/63.0.3239.132 Safari/537.36" "wellnessway4u.com"
66.249.68.66 - - [31/Oct/2022:01:53:17 -0700] "GET /ads.txt HTTP/1.1" 404 88 "-" "Mozilla/5.0 (compatible; Googlebot/2.1; +http://www.google.com/bot.html)" "www.wellnessway4u.com"
185.119.81.101 - - [31/Oct/2022:01:54:58 -0700] "GET /blog/wp-login.php HTTP/1.1" 200 7652 "-" "Mozilla/5.0 (Windows NT 10.0; Win64; x64) AppleWebKit/537.36 (KHTML, like Gecko) Chrome/92.0.4515.131 Safari/537.36" "wellnessway4u.com"
185.191.171.2 - - [31/Oct/2022:01:55:14 -0700] "GET /robots.txt HTTP/1.1" 200 60 "-" "Mozilla/5.0 (compatible; SemrushBot/7~bl; +http://www.semrush.com/bot.html)" "www.wellnessway4u.com"
10.213.116.209 - - [31/Oct/2022:01:55:06 -0700] "POST /blog/wp-cron.php?doing_wp_cron=1667206506.7371881008148193359375 HTTP/1.1" 200 - "https://wellnessway4u.com/blog/wp-cron.php?doing_wp_cron=1667206506.7371881008148193359375" "WordPress/6.0.3; https://wellnessway4u.com/blog" "wellnessway4u.com"
185.191.171.12 - - [31/Oct/2022:01:55:15 -0700] "GET /wsi_read_more.php?token=MTQzNQ%3D%3D&type=wsi HTTP/1.1" 200 54669 "-" "Mozilla/5.0 (compatible; SemrushBot/7~bl; +http://www.semrush.com/bot.html)" "www.wellnessway4u.com"
185.119.81.101 - - [31/Oct/2022:01:55:08 -0700] "POST /blog/wp-login.php HTTP/1.1" 200 7836 "https://wellnessway4u.com/blog/wp-login.php" "Mozilla/5.0 (Windows NT 10.0; Win64; x64) AppleWebKit/537.36 (KHTML, like Gecko) Chrome/92.0.4515.131 Safari/537.36" "wellnessway4u.com"
37.139.53.82 - - [31/Oct/2022:01:56:51 -0700] "GET / HTTP/1.1" 200 156612 "https://wellnessway4u.com/" "Mozilla/5.0 (Windows NT 6.1; Win64; x64) AppleWebKit/537.36 (KHTML, like Gecko) Chrome/83.0.4103.61 Safari/537.36 Edg/83.0.478.37" "wellnessway4u.com"
37.139.53.82 - - [31/Oct/2022:01:56:54 -0700] "POST / HTTP/1.1" 200 156612 "https://wellnessway4u.com/" "Mozilla/5.0 (Windows NT 6.1; Win64; x64) AppleWebKit/537.36 (KHTML, like Gecko) Chrome/83.0.4103.61 Safari/537.36 Edg/83.0.478.37" "wellnessway4u.com"
185.119.81.99 - - [31/Oct/2022:01:56:55 -0700] "GET /blog/wp-login.php HTTP/1.1" 200 7649 "-" "Mozilla/5.0 (Windows NT 10.0; Win64; x64) AppleWebKit/537.36 (KHTML, like Gecko) Chrome/70.0.3538.102 Safari/537.36" "wellnessway4u.com"
10.213.116.211 - - [31/Oct/2022:01:57:05 -0700] "POST /blog/wp-cron.php?doing_wp_cron=1667206625.0504910945892333984375 HTTP/1.1" 200 - "https://wellnessway4u.com/blog/wp-cron.php?doing_wp_cron=1667206625.0504910945892333984375" "WordPress/6.0.3; https://wellnessway4u.com/blog" "wellnessway4u.com"
185.119.81.99 - - [31/Oct/2022:01:57:07 -0700] "POST /blog/wp-login.php HTTP/1.1" 200 7836 "https://wellnessway4u.com/blog/wp-login.php" "Mozilla/5.0 (Windows NT 10.0; Win64; x64) AppleWebKit/537.36 (KHTML, like Gecko) Chrome/70.0.3538.102 Safari/537.36" "wellnessway4u.com"
185.119.81.99 - - [31/Oct/2022:01:57:15 -0700] "GET /blog/wp-login.php HTTP/1.1" 500 2160 "-" "Mozilla/5.0 (Windows NT 10.0; Win64; x64) AppleWebKit/537.36 (KHTML, like Gecko) Chrome/86.0.4240.198 Safari/E7FBAF" "wellnessway4u.com"
185.119.81.100 - - [31/Oct/2022:01:58:54 -0700] "GET /blog/wp-login.php HTTP/1.1" 200 7649 "-" "Mozilla/5.0 (Windows NT 6.2; WOW64) AppleWebKit/537.36 (KHTML, like Gecko) Chrome/56.0.2924.76 Safari/537.36" "wellnessway4u.com"
10.213.116.209 - - [31/Oct/2022:01:59:02 -0700] "POST /blog/wp-cron.php?doing_wp_cron=1667206742.8570880889892578125000 HTTP/1.1" 200 - "https://wellnessway4u.com/blog/wp-cron.php?doing_wp_cron=1667206742.8570880889892578125000" "WordPress/6.0.3; https://wellnessway4u.com/blog" "wellnessway4u.com"
185.119.81.100 - - [31/Oct/2022:01:59:04 -0700] "POST /blog/wp-login.php HTTP/1.1" 200 7836 "https://wellnessway4u.com/blog/wp-login.php" "Mozilla/5.0 (Windows NT 6.2; WOW64) AppleWebKit/537.36 (KHTML, like Gecko) Chrome/56.0.2924.76 Safari/537.36" "wellnessway4u.com"
185.119.81.109 - - [31/Oct/2022:02:00:39 -0700] "GET /blog/wp-login.php HTTP/1.1" 200 7646 "-" "Mozilla/5.0 (Windows NT 6.1) AppleWebKit/537.36 (KHTML, like Gecko) Chrome/41.0.2228.0 Safari/537.36" "wellnessway4u.com"
10.213.116.211 - - [31/Oct/2022:02:00:50 -0700] "POST /blog/wp-cron.php?doing_wp_cron=1667206850.1036589145660400390625 HTTP/1.1" 200 - "https://wellnessway4u.com/blog/wp-cron.php?doing_wp_cron=1667206850.1036589145660400390625" "WordPress/6.0.3; https://wellnessway4u.com/blog" "wellnessway4u.com"
185.119.81.109 - - [31/Oct/2022:02:00:52 -0700] "POST /blog/wp-login.php HTTP/1.1" 200 7836 "https://wellnessway4u.com/blog/wp-login.php" "Mozilla/5.0 (Windows NT 6.1) AppleWebKit/537.36 (KHTML, like Gecko) Chrome/41.0.2228.0 Safari/537.36" "wellnessway4u.com"
185.119.81.109 - - [31/Oct/2022:02:05:48 -0700] "GET /blog/wp-login.php HTTP/1.1" 200 7649 "-" "Mozilla/5.0 (Windows NT 6.3; WOW64) AppleWebKit/537.36 (KHTML, like Gecko) Chrome/41.0.2226.0 Safari/537.36" "wellnessway4u.com"
10.213.116.209 - - [31/Oct/2022:02:05:57 -0700] "POST /blog/wp-cron.php?doing_wp_cron=1667207157.8269450664520263671875 HTTP/1.1" 200 - "https://wellnessway4u.com/blog/wp-cron.php?doing_wp_cron=1667207157.8269450664520263671875" "WordPress/6.0.3; https://wellnessway4u.com/blog" "wellnessway4u.com"
185.119.81.109 - - [31/Oct/2022:02:05:59 -0700] "POST /blog/wp-login.php HTTP/1.1" 200 7834 "https://wellnessway4u.com/blog/wp-login.php" "Mozilla/5.0 (Windows NT 6.3; WOW64) AppleWebKit/537.36 (KHTML, like Gecko) Chrome/41.0.2226.0 Safari/537.36" "wellnessway4u.com"
185.119.81.106 - - [31/Oct/2022:02:06:42 -0700] "GET /blog/wp-login.php HTTP/1.1" 200 7651 "-" "Mozilla/5.0 (Windows NT 10.0; Win64; x64) AppleWebKit/537.36 (KHTML, like Gecko) Chrome/67.0.3396.99 Safari/537.36" "wellnessway4u.com"
10.213.116.210 - - [31/Oct/2022:02:06:50 -0700] "POST /blog/wp-cron.php?doing_wp_cron=1667207210.2815549373626708984375 HTTP/1.1" 200 - "https://wellnessway4u.com/blog/wp-cron.php?doing_wp_cron=1667207210.2815549373626708984375" "WordPress/6.0.3; https://wellnessway4u.com/blog" "wellnessway4u.com"
185.119.81.106 - - [31/Oct/2022:02:06:52 -0700] "POST /blog/wp-login.php HTTP/1.1" 200 7840 "https://wellnessway4u.com/blog/wp-login.php" "Mozilla/5.0 (Windows NT 10.0; Win64; x64) AppleWebKit/537.36 (KHTML, like Gecko) Chrome/67.0.3396.99 Safari/537.36" "wellnessway4u.com"
5.59.140.188 - - [31/Oct/2022:02:10:17 -0700] "GET / HTTP/1.1" 200 156612 "-" "Mozilla/5.0 (Windows NT 10.0; Win64; x64) AppleWebKit/537.36 (KHTML, like Gecko) Chrome/103.0.0.0 Safari/537.36 Edg/103.0.1264.71" "wellnessway4u.com"
5.59.140.188 - - [31/Oct/2022:02:10:22 -0700] "GET /contact_us.php HTTP/1.1" 200 63950 "http://www.wellnessway4u.com/contact_us.php" "Mozilla/5.0 (Windows NT 10.0; Win64; x64) AppleWebKit/537.36 (KHTML, like Gecko) Chrome/103.0.0.0 Safari/537.36 Edg/103.0.1264.71" "www.wellnessway4u.com"
5.59.140.188 - - [31/Oct/2022:02:10:24 -0700] "POST /contact_us.php HTTP/1.1" 200 63278 "https://www.wellnessway4u.com/contact_us.php" "Mozilla/5.0 (Windows NT 10.0; Win64; x64) AppleWebKit/537.36 (KHTML, like Gecko) Chrome/103.0.0.0 Safari/537.36 Edg/103.0.1264.71" "www.wellnessway4u.com"
185.119.81.100 - - [31/Oct/2022:02:12:33 -0700] "GET /blog/wp-login.php HTTP/1.1" 200 7647 "-" "Mozilla/5.0 (Windows NT 10.0; Win64; x64) AppleWebKit/537.36 (KHTML, like Gecko) Chrome/84.0.4147.89 Safari/537.36" "wellnessway4u.com"
10.213.116.211 - - [31/Oct/2022:02:12:42 -0700] "POST /blog/wp-cron.php?doing_wp_cron=1667207562.6676061153411865234375 HTTP/1.1" 200 - "https://wellnessway4u.com/blog/wp-cron.php?doing_wp_cron=1667207562.6676061153411865234375" "WordPress/6.0.3; https://wellnessway4u.com/blog" "wellnessway4u.com"
185.119.81.100 - - [31/Oct/2022:02:12:44 -0700] "POST /blog/wp-login.php HTTP/1.1" 200 7835 "https://wellnessway4u.com/blog/wp-login.php" "Mozilla/5.0 (Windows NT 10.0; Win64; x64) AppleWebKit/537.36 (KHTML, like Gecko) Chrome/84.0.4147.89 Safari/537.36" "wellnessway4u.com"
74.208.136.135 - - [31/Oct/2022:02:14:01 -0700] "GET / HTTP/1.1" 200 55152 "-" "FreeWebMonitoring SiteChecker/0.2 (+https://www.freewebmonitoring.com/bot.html)" "www.wellnessway4u.com"
185.119.81.100 - - [31/Oct/2022:02:14:00 -0700] "GET /blog/wp-login.php HTTP/1.1" 200 7654 "-" "Mozilla/5.0 (Windows NT 6.3; WOW64) AppleWebKit/537.36 (KHTML, like Gecko) Chrome/41.0.2272.101 Safari/537.36" "wellnessway4u.com"
10.213.116.210 - - [31/Oct/2022:02:14:08 -0700] "POST /blog/wp-cron.php?doing_wp_cron=1667207648.4109408855438232421875 HTTP/1.1" 200 - "https://wellnessway4u.com/blog/wp-cron.php?doing_wp_cron=1667207648.4109408855438232421875" "WordPress/6.0.3; https://wellnessway4u.com/blog" "wellnessway4u.com"
185.119.81.100 - - [31/Oct/2022:02:14:10 -0700] "POST /blog/wp-login.php HTTP/1.1" 200 7840 "https://wellnessway4u.com/blog/wp-login.php" "Mozilla/5.0 (Windows NT 6.3; WOW64) AppleWebKit/537.36 (KHTML, like Gecko) Chrome/41.0.2272.101 Safari/537.36" "wellnessway4u.com"
185.119.81.106 - - [31/Oct/2022:02:15:35 -0700] "GET /blog/wp-login.php HTTP/1.1" 200 7649 "-" "Mozilla/5.0 (Windows NT 6.1; Win64; x64) AppleWebKit/537.36 (KHTML, like Gecko) Chrome/61.0.3163.100 Safari/537.36" "wellnessway4u.com"
10.213.116.211 - - [31/Oct/2022:02:15:45 -0700] "POST /blog/wp-cron.php?doing_wp_cron=1667207745.8697049617767333984375 HTTP/1.1" 200 - "https://wellnessway4u.com/blog/wp-cron.php?doing_wp_cron=1667207745.8697049617767333984375" "WordPress/6.0.3; https://wellnessway4u.com/blog" "wellnessway4u.com"
185.119.81.106 - - [31/Oct/2022:02:15:48 -0700] "POST /blog/wp-login.php HTTP/1.1" 200 7831 "https://wellnessway4u.com/blog/wp-login.php" "Mozilla/5.0 (Windows NT 6.1; Win64; x64) AppleWebKit/537.36 (KHTML, like Gecko) Chrome/61.0.3163.100 Safari/537.36" "wellnessway4u.com"
185.119.81.100 - - [31/Oct/2022:02:15:50 -0700] "GET /blog/wp-login.php HTTP/1.1" 200 7656 "-" "Mozilla/5.0 (Windows NT 6.1; Win64; x64) AppleWebKit/537.36 (KHTML, like Gecko) Chrome/80.0.3987.116 Safari/537.36" "wellnessway4u.com"
185.119.81.100 - - [31/Oct/2022:02:15:59 -0700] "POST /blog/wp-login.php HTTP/1.1" 200 7836 "https://wellnessway4u.com/blog/wp-login.php" "Mozilla/5.0 (Windows NT 6.1; Win64; x64) AppleWebKit/537.36 (KHTML, like Gecko) Chrome/80.0.3987.116 Safari/537.36" "wellnessway4u.com"
185.119.81.106 - - [31/Oct/2022:02:16:58 -0700] "GET /blog/wp-login.php HTTP/1.1" 200 7647 "-" "Mozilla/5.0 (Windows NT 10.0; Win64; x64) AppleWebKit/537.36 (KHTML, like Gecko) Chrome/83.0.4103.61 Safari/537.36" "wellnessway4u.com"
10.213.116.209 - - [31/Oct/2022:02:17:06 -0700] "POST /blog/wp-cron.php?doing_wp_cron=1667207826.7095661163330078125000 HTTP/1.1" 200 - "https://wellnessway4u.com/blog/wp-cron.php?doing_wp_cron=1667207826.7095661163330078125000" "WordPress/6.0.3; https://wellnessway4u.com/blog" "wellnessway4u.com"
185.119.81.106 - - [31/Oct/2022:02:17:08 -0700] "POST /blog/wp-login.php HTTP/1.1" 200 7832 "https://wellnessway4u.com/blog/wp-login.php" "Mozilla/5.0 (Windows NT 10.0; Win64; x64) AppleWebKit/537.36 (KHTML, like Gecko) Chrome/83.0.4103.61 Safari/537.36" "wellnessway4u.com"
185.119.81.101 - - [31/Oct/2022:02:17:12 -0700] "GET /blog/wp-login.php HTTP/1.1" 200 7865 "-" "Mozilla/5.0 (Windows NT 6.3; Win64; x64) AppleWebKit/537.36 (KHTML, like Gecko) Chrome/55.0.2883.87 Safari/537.36" "wellnessway4u.com"
185.119.81.101 - - [31/Oct/2022:02:17:21 -0700] "POST /blog/wp-login.php HTTP/1.1" 200 7884 "https://wellnessway4u.com/blog/wp-login.php" "Mozilla/5.0 (Windows NT 6.3; Win64; x64) AppleWebKit/537.36 (KHTML, like Gecko) Chrome/55.0.2883.87 Safari/537.36" "wellnessway4u.com"
185.119.81.100 - - [31/Oct/2022:02:17:42 -0700] "GET /blog/wp-login.php HTTP/1.1" 200 7869 "-" "Mozilla/5.0 (Windows NT 10.0; Win64; x64) AppleWebKit/537.36 (KHTML, like Gecko) Chrome/80.0.3987.106 Safari/537.36" "wellnessway4u.com"
10.213.116.209 - - [31/Oct/2022:02:17:49 -0700] "POST /blog/wp-cron.php?doing_wp_cron=1667207869.5546491146087646484375 HTTP/1.1" 200 - "https://wellnessway4u.com/blog/wp-cron.php?doing_wp_cron=1667207869.5546491146087646484375" "WordPress/6.0.3; https://wellnessway4u.com/blog" "wellnessway4u.com"
