185.119.81.101 - - [30/Dec/2022:16:45:23 -0800] "GET /blog/wp-login.php HTTP/1.1" 500 2158 "-" "Mozilla/5.0 (Windows NT 6.1) AppleWebKit/537.36 (KHTML, like Gecko) Chrome/47.0.2526.106 Safari/537.36" "wellnessway4u.com"
185.119.81.99 - - [30/Dec/2022:16:45:51 -0800] "GET /blog/wp-login.php HTTP/1.1" 200 7647 "-" "Mozilla/5.0 (Windows NT 6.3; Win64; x64) AppleWebKit/537.36 (KHTML, like Gecko) Chrome/84.0.4147.105 Safari/537.36" "wellnessway4u.com"
10.213.116.211 - - [30/Dec/2022:16:46:00 -0800] "POST /blog/wp-cron.php?doing_wp_cron=1672447560.4430129528045654296875 HTTP/1.1" 200 - "https://wellnessway4u.com/blog/wp-cron.php?doing_wp_cron=1672447560.4430129528045654296875" "WordPress/6.0.3; https://wellnessway4u.com/blog" "wellnessway4u.com"
185.119.81.99 - - [30/Dec/2022:16:46:02 -0800] "POST /blog/wp-login.php HTTP/1.1" 200 7839 "https://wellnessway4u.com/blog/wp-login.php" "Mozilla/5.0 (Windows NT 6.3; Win64; x64) AppleWebKit/537.36 (KHTML, like Gecko) Chrome/84.0.4147.105 Safari/537.36" "wellnessway4u.com"
185.119.81.97 - - [30/Dec/2022:16:47:40 -0800] "GET /blog/wp-login.php HTTP/1.1" 200 7650 "-" "Mozilla/5.0 (Windows NT 6.3; Win64; x64) AppleWebKit/537.36 (KHTML, like Gecko) Chrome/61.0.3163.100 Safari/537.36" "wellnessway4u.com"
185.119.81.98 - - [30/Dec/2022:16:47:58 -0800] "GET /blog/wp-login.php HTTP/1.1" 500 2162 "-" "Mozilla/5.0 (Windows NT 6.1) AppleWebKit/537.36 (KHTML, like Gecko) Chrome/69.0.3497.100 Safari/537.36" "wellnessway4u.com"
10.213.116.211 - - [30/Dec/2022:16:47:50 -0800] "POST /blog/wp-cron.php?doing_wp_cron=1672447670.1890900135040283203125 HTTP/1.1" 200 - "https://wellnessway4u.com/blog/wp-cron.php?doing_wp_cron=1672447670.1890900135040283203125" "WordPress/6.0.3; https://wellnessway4u.com/blog" "wellnessway4u.com"
185.119.81.97 - - [30/Dec/2022:16:47:52 -0800] "POST /blog/wp-login.php HTTP/1.1" 200 7837 "https://wellnessway4u.com/blog/wp-login.php" "Mozilla/5.0 (Windows NT 6.3; Win64; x64) AppleWebKit/537.36 (KHTML, like Gecko) Chrome/61.0.3163.100 Safari/537.36" "wellnessway4u.com"
65.108.79.209 - - [30/Dec/2022:16:48:24 -0800] "GET /manage_stress.php HTTP/1.1" 200 49218 "https://www.wellnessway4u.com/life_naya_andaaz.php" "Mozilla/5.0 (compatible; SEOkicks; +https://www.seokicks.de/robot.html)" "www.wellnessway4u.com"
65.108.79.209 - - [30/Dec/2022:16:48:27 -0800] "GET /control_anger.php HTTP/1.1" 200 49944 "https://www.wellnessway4u.com/life_naya_andaaz.php" "Mozilla/5.0 (compatible; SEOkicks; +https://www.seokicks.de/robot.html)" "www.wellnessway4u.com"
65.108.79.209 - - [30/Dec/2022:16:48:31 -0800] "GET /www.wellnessway4u.com HTTP/1.1" 404 88 "https://www.wellnessway4u.com/sleep.php" "Mozilla/5.0 (compatible; SEOkicks; +https://www.seokicks.de/robot.html)" "www.wellnessway4u.com"
65.108.79.209 - - [30/Dec/2022:16:48:32 -0800] "GET /design-my-life.php?&ref_num=Dsgn-009&fav_cat_id=777&fav_cat_type_id=50&group_id=556 HTTP/1.1" 302 - "https://www.wellnessway4u.com/control_anger.php" "Mozilla/5.0 (compatible; SEOkicks; +https://www.seokicks.de/robot.html)" "www.wellnessway4u.com"
185.119.81.97 - - [30/Dec/2022:16:48:33 -0800] "GET /blog/wp-login.php HTTP/1.1" 200 7658 "-" "Mozilla/5.0 (Windows NT 6.1) AppleWebKit/537.36 (KHTML, like Gecko) Chrome/69.0.3497.100 Safari/537.36" "wellnessway4u.com"
10.213.116.210 - - [30/Dec/2022:16:48:41 -0800] "POST /blog/wp-cron.php?doing_wp_cron=1672447721.5042400360107421875000 HTTP/1.1" 200 - "https://wellnessway4u.com/blog/wp-cron.php?doing_wp_cron=1672447721.5042400360107421875000" "WordPress/6.0.3; https://wellnessway4u.com/blog" "wellnessway4u.com"
185.119.81.97 - - [30/Dec/2022:16:48:43 -0800] "POST /blog/wp-login.php HTTP/1.1" 200 7837 "https://wellnessway4u.com/blog/wp-login.php" "Mozilla/5.0 (Windows NT 6.1) AppleWebKit/537.36 (KHTML, like Gecko) Chrome/69.0.3497.100 Safari/537.36" "wellnessway4u.com"
185.119.81.97 - - [30/Dec/2022:16:51:05 -0800] "GET /blog/wp-login.php HTTP/1.1" 200 7865 "-" "Mozilla/5.0 (Windows NT 5.1) AppleWebKit/537.36 (KHTML, like Gecko) Chrome/46.0.2490.71 Safari/537.36" "wellnessway4u.com"
10.213.116.211 - - [30/Dec/2022:16:51:16 -0800] "POST /blog/wp-cron.php?doing_wp_cron=1672447876.5957350730895996093750 HTTP/1.1" 200 - "https://wellnessway4u.com/blog/wp-cron.php?doing_wp_cron=1672447876.5957350730895996093750" "WordPress/6.0.3; https://wellnessway4u.com/blog" "wellnessway4u.com"
185.119.81.97 - - [30/Dec/2022:16:51:18 -0800] "POST /blog/wp-login.php HTTP/1.1" 200 7887 "https://wellnessway4u.com/blog/wp-login.php" "Mozilla/5.0 (Windows NT 5.1) AppleWebKit/537.36 (KHTML, like Gecko) Chrome/46.0.2490.71 Safari/537.36" "wellnessway4u.com"
185.119.81.100 - - [30/Dec/2022:16:51:38 -0800] "GET /blog/wp-login.php HTTP/1.1" 200 7868 "-" "Mozilla/5.0 (Windows NT 5.1) AppleWebKit/537.36 (KHTML, like Gecko) Chrome/46.0.2490.71 Safari/537.36" "wellnessway4u.com"
185.119.81.100 - - [30/Dec/2022:16:51:47 -0800] "POST /blog/wp-login.php HTTP/1.1" 500 2156 "https://wellnessway4u.com/blog/wp-login.php" "Mozilla/5.0 (Windows NT 5.1) AppleWebKit/537.36 (KHTML, like Gecko) Chrome/46.0.2490.71 Safari/537.36" "wellnessway4u.com"
185.119.81.102 - - [30/Dec/2022:16:51:38 -0800] "GET /blog/wp-login.php HTTP/1.1" 200 7871 "-" "Mozilla/5.0 (Windows NT 10.0; WOW64) AppleWebKit/537.36 (KHTML, like Gecko) Chrome/55.0.2883.87 Safari/537.36" "wellnessway4u.com"
185.119.81.101 - - [30/Dec/2022:16:51:48 -0800] "GET /blog/wp-login.php HTTP/1.1" 500 2163 "-" "Mozilla/5.0 (Windows NT 6.3; WOW64) AppleWebKit/537.36 (KHTML, like Gecko) Chrome/47.0.2526.111 Safari/537.36" "wellnessway4u.com"
10.213.116.211 - - [30/Dec/2022:16:51:45 -0800] "POST /blog/wp-cron.php?doing_wp_cron=1672447905.8281509876251220703125 HTTP/1.1" 200 - "https://wellnessway4u.com/blog/wp-cron.php?doing_wp_cron=1672447905.8281509876251220703125" "WordPress/6.0.3; https://wellnessway4u.com/blog" "wellnessway4u.com"
185.119.81.102 - - [30/Dec/2022:16:51:48 -0800] "POST /blog/wp-login.php HTTP/1.1" 200 7884 "https://wellnessway4u.com/blog/wp-login.php" "Mozilla/5.0 (Windows NT 10.0; WOW64) AppleWebKit/537.36 (KHTML, like Gecko) Chrome/55.0.2883.87 Safari/537.36" "wellnessway4u.com"
185.119.81.100 - - [30/Dec/2022:16:52:26 -0800] "GET /blog/wp-login.php HTTP/1.1" 200 7869 "-" "Mozilla/5.0 (Windows NT 6.3; Win64; x64) AppleWebKit/537.36 (KHTML, like Gecko) Chrome/80.0.3987.149 Safari/537.36" "wellnessway4u.com"
185.119.81.106 - - [30/Dec/2022:16:52:30 -0800] "GET /blog/wp-login.php HTTP/1.1" 200 7870 "-" "Mozilla/5.0 (Windows NT 6.1; Win64; x64) AppleWebKit/537.36 (KHTML, like Gecko) Chrome/75.0.3770.142 Safari/537.36" "wellnessway4u.com"
185.119.81.100 - - [30/Dec/2022:16:52:35 -0800] "POST /blog/wp-login.php HTTP/1.1" 200 7879 "https://wellnessway4u.com/blog/wp-login.php" "Mozilla/5.0 (Windows NT 6.3; Win64; x64) AppleWebKit/537.36 (KHTML, like Gecko) Chrome/80.0.3987.149 Safari/537.36" "wellnessway4u.com"
185.119.81.106 - - [30/Dec/2022:16:52:38 -0800] "POST /blog/wp-login.php HTTP/1.1" 200 7880 "https://wellnessway4u.com/blog/wp-login.php" "Mozilla/5.0 (Windows NT 6.1; Win64; x64) AppleWebKit/537.36 (KHTML, like Gecko) Chrome/75.0.3770.142 Safari/537.36" "wellnessway4u.com"
10.213.116.211 - - [30/Dec/2022:16:52:44 -0800] "POST /blog/wp-cron.php?doing_wp_cron=1672447964.0999450683593750000000 HTTP/1.1" 200 - "https://wellnessway4u.com/blog/wp-cron.php?doing_wp_cron=1672447964.0999450683593750000000" "WordPress/6.0.3; https://wellnessway4u.com/blog" "wellnessway4u.com"
185.119.81.98 - - [30/Dec/2022:16:52:54 -0800] "GET /blog/wp-login.php HTTP/1.1" 200 7865 "-" "Mozilla/5.0 (Windows NT 10.0; Win64; x64) AppleWebKit/537.36 (KHTML, like Gecko) Chrome/90.0.4430.93 Safari/537.36" "wellnessway4u.com"
185.119.81.98 - - [30/Dec/2022:16:53:02 -0800] "POST /blog/wp-login.php HTTP/1.1" 200 7880 "https://wellnessway4u.com/blog/wp-login.php" "Mozilla/5.0 (Windows NT 10.0; Win64; x64) AppleWebKit/537.36 (KHTML, like Gecko) Chrome/90.0.4430.93 Safari/537.36" "wellnessway4u.com"
185.119.81.100 - - [30/Dec/2022:16:53:15 -0800] "GET /blog/wp-login.php HTTP/1.1" 200 7868 "-" "Mozilla/5.0 (Windows NT 6.1; Win64; x64) AppleWebKit/537.36 (KHTML, like Gecko) Chrome/84.0.4147.105 Safari/537.36" "wellnessway4u.com"
185.119.81.100 - - [30/Dec/2022:16:53:25 -0800] "POST /blog/wp-login.php HTTP/1.1" 200 7885 "https://wellnessway4u.com/blog/wp-login.php" "Mozilla/5.0 (Windows NT 6.1; Win64; x64) AppleWebKit/537.36 (KHTML, like Gecko) Chrome/84.0.4147.105 Safari/537.36" "wellnessway4u.com"
185.119.81.106 - - [30/Dec/2022:16:53:39 -0800] "GET /blog/wp-login.php HTTP/1.1" 500 2165 "-" "Mozilla/5.0 (Windows NT 10.0; WOW64) AppleWebKit/537.36 (KHTML, like Gecko) Chrome/79.0.3945.88 Safari/537.36" "wellnessway4u.com"
185.119.81.106 - - [30/Dec/2022:16:53:51 -0800] "GET /blog/wp-login.php HTTP/1.1" 200 7858 "-" "Mozilla/5.0 (Windows NT 6.3; WOW64) AppleWebKit/537.36 (KHTML, like Gecko) Chrome/46.0.2490.86 Safari/537.36" "wellnessway4u.com"
10.213.116.209 - - [30/Dec/2022:16:54:01 -0800] "POST /blog/wp-cron.php?doing_wp_cron=1672448041.0834789276123046875000 HTTP/1.1" 200 - "https://wellnessway4u.com/blog/wp-cron.php?doing_wp_cron=1672448041.0834789276123046875000" "WordPress/6.0.3; https://wellnessway4u.com/blog" "wellnessway4u.com"
185.119.81.106 - - [30/Dec/2022:16:54:02 -0800] "POST /blog/wp-login.php HTTP/1.1" 200 7882 "https://wellnessway4u.com/blog/wp-login.php" "Mozilla/5.0 (Windows NT 6.3; WOW64) AppleWebKit/537.36 (KHTML, like Gecko) Chrome/46.0.2490.86 Safari/537.36" "wellnessway4u.com"
185.119.81.101 - - [30/Dec/2022:16:56:44 -0800] "GET /blog/wp-login.php HTTP/1.1" 500 2162 "-" "Mozilla/5.0 (Windows NT 10.0; WOW64) AppleWebKit/537.36 (KHTML, like Gecko) Chrome/47.0.2526.106 Safari/537.36" "wellnessway4u.com"
185.119.81.100 - - [30/Dec/2022:16:56:45 -0800] "GET /blog/wp-login.php HTTP/1.1" 200 7862 "-" "Mozilla/5.0 (Windows NT 10.0; WOW64) AppleWebKit/537.36 (KHTML, like Gecko) Chrome/78.0.3904.108 Safari/537.36" "wellnessway4u.com"
185.119.81.101 - - [30/Dec/2022:16:56:56 -0800] "GET /blog/wp-login.php HTTP/1.1" 500 2159 "-" "Mozilla/5.0 (Windows NT 10.0; Win64; x64) AppleWebKit/537.36 (KHTML, like Gecko) Chrome/87.0.4280.88 Safari/537.36" "wellnessway4u.com"
185.119.81.100 - - [30/Dec/2022:16:56:57 -0800] "POST /blog/wp-login.php HTTP/1.1" 500 2162 "https://wellnessway4u.com/blog/wp-login.php" "Mozilla/5.0 (Windows NT 10.0; WOW64) AppleWebKit/537.36 (KHTML, like Gecko) Chrome/78.0.3904.108 Safari/537.36" "wellnessway4u.com"
10.213.116.210 - - [30/Dec/2022:16:56:55 -0800] "POST /blog/wp-cron.php?doing_wp_cron=1672448214.9418981075286865234375 HTTP/1.1" 200 - "https://wellnessway4u.com/blog/wp-cron.php?doing_wp_cron=1672448214.9418981075286865234375" "WordPress/6.0.3; https://wellnessway4u.com/blog" "wellnessway4u.com"
185.181.247.122 - - [30/Dec/2022:16:57:19 -0800] "GET /message.php HTTP/1.1" 200 34377 "https://wellnessway4u.com/message.php" "Mozilla/5.0 (Windows NT 6.3; Win64; x64) AppleWebKit/537.36 (KHTML, like Gecko) Chrome/90.0.4430.85 Safari/537.36" "wellnessway4u.com"
185.181.247.122 - - [30/Dec/2022:16:57:20 -0800] "POST / HTTP/1.1" 200 153468 "https://wellnessway4u.com/message.php" "Mozilla/5.0 (Windows NT 6.3; Win64; x64) AppleWebKit/537.36 (KHTML, like Gecko) Chrome/90.0.4430.85 Safari/537.36" "wellnessway4u.com"
185.119.81.98 - - [30/Dec/2022:16:57:50 -0800] "GET /blog/wp-login.php HTTP/1.1" 200 7868 "-" "Mozilla/5.0 (Windows NT 10.0; WOW64) AppleWebKit/537.36 (KHTML, like Gecko) Chrome/96.0.4664.110 Safari/537.36" "wellnessway4u.com"
10.213.116.210 - - [30/Dec/2022:16:57:59 -0800] "POST /blog/wp-cron.php?doing_wp_cron=1672448279.2843370437622070312500 HTTP/1.1" 200 - "https://wellnessway4u.com/blog/wp-cron.php?doing_wp_cron=1672448279.2843370437622070312500" "WordPress/6.0.3; https://wellnessway4u.com/blog" "wellnessway4u.com"
185.119.81.98 - - [30/Dec/2022:16:58:01 -0800] "POST /blog/wp-login.php HTTP/1.1" 200 7882 "https://wellnessway4u.com/blog/wp-login.php" "Mozilla/5.0 (Windows NT 10.0; WOW64) AppleWebKit/537.36 (KHTML, like Gecko) Chrome/96.0.4664.110 Safari/537.36" "wellnessway4u.com"
185.119.81.99 - - [30/Dec/2022:16:58:36 -0800] "GET /blog/wp-login.php HTTP/1.1" 200 7860 "-" "Mozilla/5.0 (Windows NT 6.1; Win64; x64) AppleWebKit/537.36 (KHTML, like Gecko) Chrome/66.0.3359.181 Safari/537.36" "wellnessway4u.com"
10.213.116.209 - - [30/Dec/2022:16:58:46 -0800] "POST /blog/wp-cron.php?doing_wp_cron=1672448326.5557110309600830078125 HTTP/1.1" 200 - "https://wellnessway4u.com/blog/wp-cron.php?doing_wp_cron=1672448326.5557110309600830078125" "WordPress/6.0.3; https://wellnessway4u.com/blog" "wellnessway4u.com"
185.119.81.99 - - [30/Dec/2022:16:58:48 -0800] "POST /blog/wp-login.php HTTP/1.1" 200 7888 "https://wellnessway4u.com/blog/wp-login.php" "Mozilla/5.0 (Windows NT 6.1; Win64; x64) AppleWebKit/537.36 (KHTML, like Gecko) Chrome/66.0.3359.181 Safari/537.36" "wellnessway4u.com"
185.119.81.98 - - [30/Dec/2022:17:00:08 -0800] "GET /blog/wp-login.php HTTP/1.1" 200 7869 "-" "Mozilla/5.0 (Windows NT 6.3; Win64; x64) AppleWebKit/537.36 (KHTML, like Gecko) Chrome/63.0.3239.132 Safari/537.36" "wellnessway4u.com"
10.213.116.211 - - [30/Dec/2022:17:00:18 -0800] "POST /blog/wp-cron.php?doing_wp_cron=1672448418.0881741046905517578125 HTTP/1.1" 200 - "https://wellnessway4u.com/blog/wp-cron.php?doing_wp_cron=1672448418.0881741046905517578125" "WordPress/6.0.3; https://wellnessway4u.com/blog" "wellnessway4u.com"
185.119.81.98 - - [30/Dec/2022:17:00:20 -0800] "POST /blog/wp-login.php HTTP/1.1" 200 7883 "https://wellnessway4u.com/blog/wp-login.php" "Mozilla/5.0 (Windows NT 6.3; Win64; x64) AppleWebKit/537.36 (KHTML, like Gecko) Chrome/63.0.3239.132 Safari/537.36" "wellnessway4u.com"
185.119.81.101 - - [30/Dec/2022:17:01:20 -0800] "GET /blog/wp-login.php HTTP/1.1" 500 2166 "-" "Mozilla/5.0 (Windows NT 6.1; Win64; x64) AppleWebKit/537.36 (KHTML, like Gecko) Chrome/81.0.4044.129 Safari/537.36" "wellnessway4u.com"
185.119.81.101 - - [30/Dec/2022:17:01:34 -0800] "GET /blog/wp-login.php HTTP/1.1" 500 2157 "-" "Mozilla/5.0 (Windows NT 6.1; Win64; x64) AppleWebKit/537.36 (KHTML, like Gecko) Chrome/75.0.3770.100 Safari/537.36" "wellnessway4u.com"
185.119.81.98 - - [30/Dec/2022:17:01:57 -0800] "GET /blog/wp-login.php HTTP/1.1" 500 2159 "-" "Mozilla/5.0 (Windows NT 10.0; Win64; x64) AppleWebKit/537.36 (KHTML, like Gecko) Chrome/74.0.3729.157 Safari/537.36" "wellnessway4u.com"
185.119.81.106 - - [30/Dec/2022:17:02:56 -0800] "GET /blog/wp-login.php HTTP/1.1" 200 7865 "-" "Mozilla/5.0 (Windows NT 6.1; Win64; x64) AppleWebKit/537.36 (KHTML, like Gecko) Chrome/83.0.4103.61 Safari/537.36" "wellnessway4u.com"
10.213.116.210 - - [30/Dec/2022:17:03:05 -0800] "POST /blog/wp-cron.php?doing_wp_cron=1672448585.1196808815002441406250 HTTP/1.1" 200 - "https://wellnessway4u.com/blog/wp-cron.php?doing_wp_cron=1672448585.1196808815002441406250" "WordPress/6.0.3; https://wellnessway4u.com/blog" "wellnessway4u.com"
185.119.81.106 - - [30/Dec/2022:17:03:07 -0800] "POST /blog/wp-login.php HTTP/1.1" 200 7880 "https://wellnessway4u.com/blog/wp-login.php" "Mozilla/5.0 (Windows NT 6.1; Win64; x64) AppleWebKit/537.36 (KHTML, like Gecko) Chrome/83.0.4103.61 Safari/537.36" "wellnessway4u.com"
185.119.81.102 - - [30/Dec/2022:17:03:39 -0800] "GET /blog/wp-login.php HTTP/1.1" 500 2158 "-" "Mozilla/5.0 (Windows NT 6.1; Win64; x64) AppleWebKit/537.36 (KHTML, like Gecko) Chrome/66.0.3359.181 Safari/537.36" "wellnessway4u.com"
185.119.81.100 - - [30/Dec/2022:17:06:43 -0800] "GET /blog/wp-login.php HTTP/1.1" 200 7871 "-" "Mozilla/5.0 (Windows NT 10.0; Win64; x64) AppleWebKit/537.36 (KHTML, like Gecko) Chrome/70.0.3538.67 Safari/537.36" "wellnessway4u.com"
185.119.81.100 - - [30/Dec/2022:17:06:55 -0800] "POST /blog/wp-login.php HTTP/1.1" 500 2160 "https://wellnessway4u.com/blog/wp-login.php" "Mozilla/5.0 (Windows NT 10.0; Win64; x64) AppleWebKit/537.36 (KHTML, like Gecko) Chrome/70.0.3538.67 Safari/537.36" "wellnessway4u.com"
10.213.116.210 - - [30/Dec/2022:17:06:53 -0800] "POST /blog/wp-cron.php?doing_wp_cron=1672448813.6194789409637451171875 HTTP/1.1" 200 - "https://wellnessway4u.com/blog/wp-cron.php?doing_wp_cron=1672448813.6194789409637451171875" "WordPress/6.0.3; https://wellnessway4u.com/blog" "wellnessway4u.com"
185.119.81.101 - - [30/Dec/2022:17:07:36 -0800] "GET /blog/wp-login.php HTTP/1.1" 500 2166 "-" "Mozilla/5.0 (Windows NT 6.1; WOW64) AppleWebKit/537.36 (KHTML, like Gecko) Chrome/32.0.1700.107 Safari/537.36" "wellnessway4u.com"
185.119.81.97 - - [30/Dec/2022:17:07:56 -0800] "GET /blog/wp-login.php HTTP/1.1" 200 7861 "-" "Mozilla/5.0 (Windows NT 6.1; WOW64) AppleWebKit/537.36 (KHTML, like Gecko) Chrome/40.0.2214.115 Safari/537.36" "wellnessway4u.com"
10.213.116.209 - - [30/Dec/2022:17:08:05 -0800] "POST /blog/wp-cron.php?doing_wp_cron=1672448885.0204739570617675781250 HTTP/1.1" 200 - "https://wellnessway4u.com/blog/wp-cron.php?doing_wp_cron=1672448885.0204739570617675781250" "WordPress/6.0.3; https://wellnessway4u.com/blog" "wellnessway4u.com"
185.119.81.97 - - [30/Dec/2022:17:08:07 -0800] "POST /blog/wp-login.php HTTP/1.1" 200 7882 "https://wellnessway4u.com/blog/wp-login.php" "Mozilla/5.0 (Windows NT 6.1; WOW64) AppleWebKit/537.36 (KHTML, like Gecko) Chrome/40.0.2214.115 Safari/537.36" "wellnessway4u.com"
185.119.81.100 - - [30/Dec/2022:17:08:14 -0800] "GET /blog/wp-login.php HTTP/1.1" 200 7864 "-" "Mozilla/5.0 (Windows NT 6.3; Win64; x64) AppleWebKit/537.36 (KHTML, like Gecko) Chrome/74.0.3729.169 Safari/537.36" "wellnessway4u.com"
185.119.81.100 - - [30/Dec/2022:17:08:22 -0800] "POST /blog/wp-login.php HTTP/1.1" 200 7883 "https://wellnessway4u.com/blog/wp-login.php" "Mozilla/5.0 (Windows NT 6.3; Win64; x64) AppleWebKit/537.36 (KHTML, like Gecko) Chrome/74.0.3729.169 Safari/537.36" "wellnessway4u.com"
185.119.81.101 - - [30/Dec/2022:17:08:45 -0800] "GET /blog/wp-login.php HTTP/1.1" 500 2163 "-" "Mozilla/5.0 (Windows NT 6.1; Win64; x64) AppleWebKit/537.36 (KHTML, like Gecko) Chrome/92.0.4515.159 Safari/537.36" "wellnessway4u.com"
185.119.81.100 - - [30/Dec/2022:17:08:52 -0800] "GET /blog/wp-login.php HTTP/1.1" 200 7647 "-" "Mozilla/5.0 (Windows NT 10.0; Win64; x64) AppleWebKit/537.36 (KHTML, like Gecko) Chrome/85.0.4183.102 Safari/537.36" "wellnessway4u.com"
10.213.116.211 - - [30/Dec/2022:17:09:01 -0800] "POST /blog/wp-cron.php?doing_wp_cron=1672448940.9500000476837158203125 HTTP/1.1" 200 - "https://wellnessway4u.com/blog/wp-cron.php?doing_wp_cron=1672448940.9500000476837158203125" "WordPress/6.0.3; https://wellnessway4u.com/blog" "wellnessway4u.com"
185.119.81.100 - - [30/Dec/2022:17:09:02 -0800] "POST /blog/wp-login.php HTTP/1.1" 200 7835 "https://wellnessway4u.com/blog/wp-login.php" "Mozilla/5.0 (Windows NT 10.0; Win64; x64) AppleWebKit/537.36 (KHTML, like Gecko) Chrome/85.0.4183.102 Safari/537.36" "wellnessway4u.com"
185.119.81.97 - - [30/Dec/2022:17:09:06 -0800] "GET /blog/wp-login.php HTTP/1.1" 200 7660 "-" "Mozilla/5.0 (Windows NT 6.1; Win64; x64) AppleWebKit/537.36 (KHTML, like Gecko) Chrome/80.0.3987.100 Safari/537.36" "wellnessway4u.com"
185.119.81.100 - - [30/Dec/2022:17:09:09 -0800] "GET /blog/wp-login.php HTTP/1.1" 200 7656 "-" "Mozilla/5.0 (Windows NT 10.0; Win64; x64) AppleWebKit/537.36 (KHTML, like Gecko) Chrome/60.0.3112.113 Safari/537.36 (+https://whatis.contentkingapp.com)" "wellnessway4u.com"
185.119.81.97 - - [30/Dec/2022:17:09:16 -0800] "POST /blog/wp-login.php HTTP/1.1" 200 7832 "https://wellnessway4u.com/blog/wp-login.php" "Mozilla/5.0 (Windows NT 6.1; Win64; x64) AppleWebKit/537.36 (KHTML, like Gecko) Chrome/80.0.3987.100 Safari/537.36" "wellnessway4u.com"
185.119.81.100 - - [30/Dec/2022:17:09:18 -0800] "POST /blog/wp-login.php HTTP/1.1" 200 7832 "https://wellnessway4u.com/blog/wp-login.php" "Mozilla/5.0 (Windows NT 10.0; Win64; x64) AppleWebKit/537.36 (KHTML, like Gecko) Chrome/60.0.3112.113 Safari/537.36 (+https://whatis.contentkingapp.com)" "wellnessway4u.com"
185.119.81.97 - - [30/Dec/2022:17:09:27 -0800] "GET /blog/wp-login.php HTTP/1.1" 200 7654 "-" "Mozilla/5.0 (Windows NT 6.1) AppleWebKit/537.36 (KHTML, like Gecko) Chrome/74.0.3729.169 Safari/537.36" "wellnessway4u.com"
185.119.81.97 - - [30/Dec/2022:17:09:35 -0800] "POST /blog/wp-login.php HTTP/1.1" 200 7834 "https://wellnessway4u.com/blog/wp-login.php" "Mozilla/5.0 (Windows NT 6.1) AppleWebKit/537.36 (KHTML, like Gecko) Chrome/74.0.3729.169 Safari/537.36" "wellnessway4u.com"
10.213.116.209 - - [30/Dec/2022:17:09:43 -0800] "POST /blog/wp-cron.php?doing_wp_cron=1672448983.5615680217742919921875 HTTP/1.1" 200 - "https://wellnessway4u.com/blog/wp-cron.php?doing_wp_cron=1672448983.5615680217742919921875" "WordPress/6.0.3; https://wellnessway4u.com/blog" "wellnessway4u.com"
185.119.81.98 - - [30/Dec/2022:17:10:18 -0800] "GET /blog/wp-login.php HTTP/1.1" 500 2156 "-" "Mozilla/5.0 (Windows NT 6.1; WOW64) AppleWebKit/537.36 (KHTML, like Gecko) Chrome/43.0.2357.81 Safari/537.36" "wellnessway4u.com"
185.119.81.106 - - [30/Dec/2022:17:10:19 -0800] "GET /blog/wp-login.php HTTP/1.1" 200 7652 "-" "Mozilla/5.0 (Windows NT 6.1; Win64; x64) AppleWebKit/537.36 (KHTML, like Gecko) Chrome/83.0.4103.97 Safari/537.36" "wellnessway4u.com"
185.119.81.106 - - [30/Dec/2022:17:10:30 -0800] "POST /blog/wp-login.php HTTP/1.1" 200 7832 "https://wellnessway4u.com/blog/wp-login.php" "Mozilla/5.0 (Windows NT 6.1; Win64; x64) AppleWebKit/537.36 (KHTML, like Gecko) Chrome/83.0.4103.97 Safari/537.36" "wellnessway4u.com"
185.119.81.102 - - [30/Dec/2022:17:11:04 -0800] "GET /blog/wp-login.php HTTP/1.1" 200 7869 "-" "Mozilla/5.0 (Windows NT 6.2; Win64; x64) AppleWebKit/537.36 (KHTML, like Gecko) Chrome/86.0.4240.198 Safari/537.36" "wellnessway4u.com"
10.213.116.211 - - [30/Dec/2022:17:11:14 -0800] "POST /blog/wp-cron.php?doing_wp_cron=1672449074.5914618968963623046875 HTTP/1.1" 200 - "https://wellnessway4u.com/blog/wp-cron.php?doing_wp_cron=1672449074.5914618968963623046875" "WordPress/6.0.3; https://wellnessway4u.com/blog" "wellnessway4u.com"
185.119.81.102 - - [30/Dec/2022:17:11:16 -0800] "POST /blog/wp-login.php HTTP/1.1" 200 7882 "https://wellnessway4u.com/blog/wp-login.php" "Mozilla/5.0 (Windows NT 6.2; Win64; x64) AppleWebKit/537.36 (KHTML, like Gecko) Chrome/86.0.4240.198 Safari/537.36" "wellnessway4u.com"
185.119.81.99 - - [30/Dec/2022:17:11:29 -0800] "GET /blog/wp-login.php HTTP/1.1" 200 7865 "-" "Mozilla/5.0 (Windows NT 10.0; WOW64) AppleWebKit/537.36 (KHTML, like Gecko) Chrome/79.0.3945.79 Safari/537.36" "wellnessway4u.com"
185.119.81.99 - - [30/Dec/2022:17:11:37 -0800] "POST /blog/wp-login.php HTTP/1.1" 200 7881 "https://wellnessway4u.com/blog/wp-login.php" "Mozilla/5.0 (Windows NT 10.0; WOW64) AppleWebKit/537.36 (KHTML, like Gecko) Chrome/79.0.3945.79 Safari/537.36" "wellnessway4u.com"
10.213.116.211 - - [30/Dec/2022:17:11:46 -0800] "POST /blog/wp-cron.php?doing_wp_cron=1672449106.0983710289001464843750 HTTP/1.1" 200 - "https://wellnessway4u.com/blog/wp-cron.php?doing_wp_cron=1672449106.0983710289001464843750" "WordPress/6.0.3; https://wellnessway4u.com/blog" "wellnessway4u.com"
185.119.81.100 - - [30/Dec/2022:17:12:10 -0800] "GET /blog/wp-login.php HTTP/1.1" 200 7864 "-" "Mozilla/5.0 (Windows NT 6.1) AppleWebKit/537.36 (KHTML, like Gecko) Chrome/41.0.2228.0 Safari/537.36" "wellnessway4u.com"
185.119.81.100 - - [30/Dec/2022:17:12:20 -0800] "POST /blog/wp-login.php HTTP/1.1" 200 7886 "https://wellnessway4u.com/blog/wp-login.php" "Mozilla/5.0 (Windows NT 6.1) AppleWebKit/537.36 (KHTML, like Gecko) Chrome/41.0.2228.0 Safari/537.36" "wellnessway4u.com"
185.119.81.97 - - [30/Dec/2022:17:12:58 -0800] "GET /blog/wp-login.php HTTP/1.1" 200 7867 "-" "Mozilla/5.0 (Windows NT 6.1; Win64; x64) AppleWebKit/537.36 (KHTML, like Gecko) Chrome/80.0.3987.132 Safari/537.36" "wellnessway4u.com"
10.213.116.210 - - [30/Dec/2022:17:13:07 -0800] "POST /blog/wp-cron.php?doing_wp_cron=1672449187.8466260433197021484375 HTTP/1.1" 200 - "https://wellnessway4u.com/blog/wp-cron.php?doing_wp_cron=1672449187.8466260433197021484375" "WordPress/6.0.3; https://wellnessway4u.com/blog" "wellnessway4u.com"
185.119.81.97 - - [30/Dec/2022:17:13:09 -0800] "POST /blog/wp-login.php HTTP/1.1" 200 7880 "https://wellnessway4u.com/blog/wp-login.php" "Mozilla/5.0 (Windows NT 6.1; Win64; x64) AppleWebKit/537.36 (KHTML, like Gecko) Chrome/80.0.3987.132 Safari/537.36" "wellnessway4u.com"
185.119.81.100 - - [30/Dec/2022:17:13:10 -0800] "GET /blog/wp-login.php HTTP/1.1" 200 7863 "-" "Mozilla/5.0 (Windows NT 6.1) AppleWebKit/537.36 (KHTML, like Gecko) Chrome/46.0.2490.86 Safari/537.36" "wellnessway4u.com"
185.119.81.98 - - [30/Dec/2022:17:13:15 -0800] "GET /blog/wp-login.php HTTP/1.1" 200 7866 "-" "Mozilla/5.0 (Windows NT 6.1; Win64; x64) AppleWebKit/537.36 (KHTML, like Gecko) Chrome/77.0.3865.120 Safari/537.36" "wellnessway4u.com"
185.119.81.100 - - [30/Dec/2022:17:13:21 -0800] "POST /blog/wp-login.php HTTP/1.1" 200 7891 "https://wellnessway4u.com/blog/wp-login.php" "Mozilla/5.0 (Windows NT 6.1) AppleWebKit/537.36 (KHTML, like Gecko) Chrome/46.0.2490.86 Safari/537.36" "wellnessway4u.com"
185.119.81.98 - - [30/Dec/2022:17:13:26 -0800] "POST /blog/wp-login.php HTTP/1.1" 200 7884 "https://wellnessway4u.com/blog/wp-login.php" "Mozilla/5.0 (Windows NT 6.1; Win64; x64) AppleWebKit/537.36 (KHTML, like Gecko) Chrome/77.0.3865.120 Safari/537.36" "wellnessway4u.com"
185.119.81.102 - - [30/Dec/2022:17:13:41 -0800] "GET /blog/wp-login.php HTTP/1.1" 200 7862 "-" "Mozilla/5.0 (Windows NT 6.1; Win64; x64) AppleWebKit/537.36 (KHTML, like Gecko) Chrome/63.0.3239.84 Safari/537.36" "wellnessway4u.com"
10.213.116.210 - - [30/Dec/2022:17:13:48 -0800] "POST /blog/wp-cron.php?doing_wp_cron=1672449228.3435599803924560546875 HTTP/1.1" 200 - "https://wellnessway4u.com/blog/wp-cron.php?doing_wp_cron=1672449228.3435599803924560546875" "WordPress/6.0.3; https://wellnessway4u.com/blog" "wellnessway4u.com"
185.119.81.102 - - [30/Dec/2022:17:13:50 -0800] "POST /blog/wp-login.php HTTP/1.1" 200 7886 "https://wellnessway4u.com/blog/wp-login.php" "Mozilla/5.0 (Windows NT 6.1; Win64; x64) AppleWebKit/537.36 (KHTML, like Gecko) Chrome/63.0.3239.84 Safari/537.36" "wellnessway4u.com"
185.119.81.102 - - [30/Dec/2022:17:15:18 -0800] "GET /blog/wp-login.php HTTP/1.1" 200 7861 "-" "Mozilla/5.0 (Windows NT 10.0; Win64; x64) AppleWebKit/537.36 (KHTML, like Gecko) Chrome/83.0.4103.116 Safari/537.36" "wellnessway4u.com"
185.119.81.98 - - [30/Dec/2022:17:15:21 -0800] "GET /blog/wp-login.php HTTP/1.1" 200 7862 "-" "Mozilla/5.0 (Windows NT 6.1; WOW64) AppleWebKit/537.36 (KHTML, like Gecko) Chrome/40.0.2214.111 Safari/537.36" "wellnessway4u.com"
185.119.81.98 - - [30/Dec/2022:17:15:31 -0800] "POST /blog/wp-login.php HTTP/1.1" 500 2157 "https://wellnessway4u.com/blog/wp-login.php" "Mozilla/5.0 (Windows NT 6.1; WOW64) AppleWebKit/537.36 (KHTML, like Gecko) Chrome/40.0.2214.111 Safari/537.36" "wellnessway4u.com"
10.213.116.211 - - [30/Dec/2022:17:15:26 -0800] "POST /blog/wp-cron.php?doing_wp_cron=1672449326.6141951084136962890625 HTTP/1.1" 200 - "https://wellnessway4u.com/blog/wp-cron.php?doing_wp_cron=1672449326.6141951084136962890625" "WordPress/6.0.3; https://wellnessway4u.com/blog" "wellnessway4u.com"
185.119.81.102 - - [30/Dec/2022:17:15:28 -0800] "POST /blog/wp-login.php HTTP/1.1" 200 7889 "https://wellnessway4u.com/blog/wp-login.php" "Mozilla/5.0 (Windows NT 10.0; Win64; x64) AppleWebKit/537.36 (KHTML, like Gecko) Chrome/83.0.4103.116 Safari/537.36" "wellnessway4u.com"
185.119.81.99 - - [30/Dec/2022:17:16:11 -0800] "GET /blog/wp-login.php HTTP/1.1" 200 7863 "-" "Mozilla/5.0 (Windows NT 6.1; Win64; x64) AppleWebKit/537.36 (KHTML, like Gecko) Chrome/83.0.4103.61 Safari/537.36" "wellnessway4u.com"
10.213.116.209 - - [30/Dec/2022:17:16:19 -0800] "POST /blog/wp-cron.php?doing_wp_cron=1672449379.4671878814697265625000 HTTP/1.1" 200 - "https://wellnessway4u.com/blog/wp-cron.php?doing_wp_cron=1672449379.4671878814697265625000" "WordPress/6.0.3; https://wellnessway4u.com/blog" "wellnessway4u.com"
185.119.81.99 - - [30/Dec/2022:17:16:21 -0800] "POST /blog/wp-login.php HTTP/1.1" 200 7884 "https://wellnessway4u.com/blog/wp-login.php" "Mozilla/5.0 (Windows NT 6.1; Win64; x64) AppleWebKit/537.36 (KHTML, like Gecko) Chrome/83.0.4103.61 Safari/537.36" "wellnessway4u.com"
185.119.81.101 - - [30/Dec/2022:17:16:53 -0800] "GET /blog/wp-login.php HTTP/1.1" 200 7864 "-" "Mozilla/5.0 (Windows NT 6.1) AppleWebKit/537.36 (KHTML, like Gecko) Chrome/70.0.3538.77 Safari/537.36" "wellnessway4u.com"
185.119.81.101 - - [30/Dec/2022:17:17:05 -0800] "POST /blog/wp-login.php HTTP/1.1" 500 2158 "https://wellnessway4u.com/blog/wp-login.php" "Mozilla/5.0 (Windows NT 6.1) AppleWebKit/537.36 (KHTML, like Gecko) Chrome/70.0.3538.77 Safari/537.36" "wellnessway4u.com"
10.213.116.210 - - [30/Dec/2022:17:17:03 -0800] "POST /blog/wp-cron.php?doing_wp_cron=1672449423.1569681167602539062500 HTTP/1.1" 200 - "https://wellnessway4u.com/blog/wp-cron.php?doing_wp_cron=1672449423.1569681167602539062500" "WordPress/6.0.3; https://wellnessway4u.com/blog" "wellnessway4u.com"
185.119.81.98 - - [30/Dec/2022:17:17:07 -0800] "GET /blog/wp-login.php HTTP/1.1" 200 7870 "-" "Mozilla/5.0 (Windows NT 10.0; Win64; x64) AppleWebKit/537.36 (KHTML, like Gecko) Chrome/48.0.2564.109 Safari/537.36" "wellnessway4u.com"
185.191.171.41 - - [30/Dec/2022:17:17:21 -0800] "GET /robots.txt HTTP/1.1" 200 60 "-" "Mozilla/5.0 (compatible; SemrushBot/7~bl; +http://www.semrush.com/bot.html)" "www.wellnessway4u.com"
185.191.171.33 - - [30/Dec/2022:17:17:21 -0800] "GET /login.php?ref=ZGVzaWduLW15LWxpZmUucGhwPyZyZWZfbnVtPURzZ24tMDAxLERzZ24tMDAzLERzZ24tMDA1LERzZ24tMDA3LERzZ24tMDA5LERzZ24tMDEwJmZhdl9jYXRfaWQ9NDA2Jmdyb3VwX2lkPTU1Nixncm91cF9pZD01NTc%2FcmVmX251bT1Ec2duLTAxMCZncm91cF9pZD01NTY%3D HTTP/1.1" 200 60301 "-" "Mozilla/5.0 (compatible; SemrushBot/7~bl; +http://www.semrush.com/bot.html)" "www.wellnessway4u.com"
185.119.81.98 - - [30/Dec/2022:17:17:17 -0800] "POST /blog/wp-login.php HTTP/1.1" 200 7893 "https://wellnessway4u.com/blog/wp-login.php" "Mozilla/5.0 (Windows NT 10.0; Win64; x64) AppleWebKit/537.36 (KHTML, like Gecko) Chrome/48.0.2564.109 Safari/537.36" "wellnessway4u.com"
185.119.81.98 - - [30/Dec/2022:17:18:47 -0800] "GET /blog/wp-login.php HTTP/1.1" 500 2156 "-" "Mozilla/5.0 (Windows NT 6.1; Win64; x64) AppleWebKit/537.36 (KHTML, like Gecko) Chrome/98.0.4758.82 Safari/537.36" "wellnessway4u.com"
185.119.81.100 - - [30/Dec/2022:17:19:29 -0800] "GET /blog/wp-login.php HTTP/1.1" 200 7866 "-" "Mozilla/5.0 (Windows NT 10.0; Win64; x64) AppleWebKit/537.36 (KHTML, like Gecko) Chrome/98.0.4758.80 Safari/537.36" "wellnessway4u.com"
185.119.81.101 - - [30/Dec/2022:17:19:41 -0800] "GET /blog/wp-login.php HTTP/1.1" 200 7864 "-" "Mozilla/5.0 (Windows NT 10.0; WOW64) AppleWebKit/537.36 (KHTML, like Gecko) Chrome/92.0.4515.131 Safari/537.36" "wellnessway4u.com"
10.213.116.211 - - [30/Dec/2022:17:19:39 -0800] "POST /blog/wp-cron.php?doing_wp_cron=1672449579.6872880458831787109375 HTTP/1.1" 200 - "https://wellnessway4u.com/blog/wp-cron.php?doing_wp_cron=1672449579.6872880458831787109375" "WordPress/6.0.3; https://wellnessway4u.com/blog" "wellnessway4u.com"
185.119.81.100 - - [30/Dec/2022:17:19:41 -0800] "POST /blog/wp-login.php HTTP/1.1" 200 7886 "https://wellnessway4u.com/blog/wp-login.php" "Mozilla/5.0 (Windows NT 10.0; Win64; x64) AppleWebKit/537.36 (KHTML, like Gecko) Chrome/98.0.4758.80 Safari/537.36" "wellnessway4u.com"
185.119.81.101 - - [30/Dec/2022:17:19:49 -0800] "POST /blog/wp-login.php HTTP/1.1" 200 7881 "https://wellnessway4u.com/blog/wp-login.php" "Mozilla/5.0 (Windows NT 10.0; WOW64) AppleWebKit/537.36 (KHTML, like Gecko) Chrome/92.0.4515.131 Safari/537.36" "wellnessway4u.com"
185.119.81.98 - - [30/Dec/2022:17:20:02 -0800] "GET /blog/wp-login.php HTTP/1.1" 200 7863 "-" "Mozilla/5.0 (Windows NT 10.0; Win64; x64) AppleWebKit/537.36 (KHTML, like Gecko) Chrome/74.0.3729.131 Safari/537.36" "wellnessway4u.com"
185.119.81.98 - - [30/Dec/2022:17:20:12 -0800] "POST /blog/wp-login.php HTTP/1.1" 200 7889 "https://wellnessway4u.com/blog/wp-login.php" "Mozilla/5.0 (Windows NT 10.0; Win64; x64) AppleWebKit/537.36 (KHTML, like Gecko) Chrome/74.0.3729.131 Safari/537.36" "wellnessway4u.com"
185.119.81.106 - - [30/Dec/2022:17:20:19 -0800] "GET /blog/wp-login.php HTTP/1.1" 200 7863 "-" "Mozilla/5.0 (Windows NT 6.1) AppleWebKit/537.36 (KHTML, like Gecko) Chrome/63.0.3239.132 Safari/537.36" "wellnessway4u.com"
185.119.81.106 - - [30/Dec/2022:17:20:28 -0800] "POST /blog/wp-login.php HTTP/1.1" 200 7884 "https://wellnessway4u.com/blog/wp-login.php" "Mozilla/5.0 (Windows NT 6.1) AppleWebKit/537.36 (KHTML, like Gecko) Chrome/63.0.3239.132 Safari/537.36" "wellnessway4u.com"
185.119.81.97 - - [30/Dec/2022:17:20:57 -0800] "GET /blog/wp-login.php HTTP/1.1" 200 7858 "-" "Mozilla/5.0 (Windows NT 10.0; Win64; x64) AppleWebKit/537.36 (KHTML, like Gecko) Chrome/97.0.4692.99 Safari/537.36" "wellnessway4u.com"
185.119.81.97 - - [30/Dec/2022:17:21:06 -0800] "POST /blog/wp-login.php HTTP/1.1" 200 7888 "https://wellnessway4u.com/blog/wp-login.php" "Mozilla/5.0 (Windows NT 10.0; Win64; x64) AppleWebKit/537.36 (KHTML, like Gecko) Chrome/97.0.4692.99 Safari/537.36" "wellnessway4u.com"
10.213.116.209 - - [30/Dec/2022:17:21:05 -0800] "POST /blog/wp-cron.php?doing_wp_cron=1672449664.9714748859405517578125 HTTP/1.1" 200 - "https://wellnessway4u.com/blog/wp-cron.php?doing_wp_cron=1672449664.9714748859405517578125" "WordPress/6.0.3; https://wellnessway4u.com/blog" "wellnessway4u.com"
185.119.81.100 - - [30/Dec/2022:17:20:21 -0800] "GET /blog/wp-login.php HTTP/1.1" 500 2527 "-" "Mozilla/5.0 (Windows NT 6.1; WOW64) AppleWebKit/537.36 (KHTML, like Gecko) Chrome/32.0.1700.107 Safari/537.36" "wellnessway4u.com"
185.119.81.100 - - [30/Dec/2022:17:21:28 -0800] "GET /blog/wp-login.php HTTP/1.1" 200 7862 "-" "Mozilla/5.0 (Windows NT 6.1; Win64; x64) AppleWebKit/537.36 (KHTML, like Gecko) Chrome/79.0.3945.130 Safari/537.36" "wellnessway4u.com"
185.119.81.100 - - [30/Dec/2022:17:21:37 -0800] "POST /blog/wp-login.php HTTP/1.1" 200 7877 "https://wellnessway4u.com/blog/wp-login.php" "Mozilla/5.0 (Windows NT 6.1; Win64; x64) AppleWebKit/537.36 (KHTML, like Gecko) Chrome/79.0.3945.130 Safari/537.36" "wellnessway4u.com"
10.213.116.211 - - [30/Dec/2022:17:21:45 -0800] "POST /blog/wp-cron.php?doing_wp_cron=1672449705.0114250183105468750000 HTTP/1.1" 200 - "https://wellnessway4u.com/blog/wp-cron.php?doing_wp_cron=1672449705.0114250183105468750000" "WordPress/6.0.3; https://wellnessway4u.com/blog" "wellnessway4u.com"
185.119.81.99 - - [30/Dec/2022:17:21:45 -0800] "GET /blog/wp-login.php HTTP/1.1" 200 7866 "-" "Mozilla/5.0 (Windows NT 6.1; WOW64) AppleWebKit/537.36 (KHTML, like Gecko) Chrome/46.0.2490.71 Safari/537.36" "wellnessway4u.com"
185.119.81.99 - - [30/Dec/2022:17:21:54 -0800] "POST /blog/wp-login.php HTTP/1.1" 200 7884 "https://wellnessway4u.com/blog/wp-login.php" "Mozilla/5.0 (Windows NT 6.1; WOW64) AppleWebKit/537.36 (KHTML, like Gecko) Chrome/46.0.2490.71 Safari/537.36" "wellnessway4u.com"
185.119.81.100 - - [30/Dec/2022:17:22:09 -0800] "GET /blog/wp-login.php HTTP/1.1" 200 7869 "-" "Mozilla/5.0 (Windows NT 6.1) AppleWebKit/537.36 (KHTML, like Gecko) Chrome/58.0.3029.110 Safari/537.36" "wellnessway4u.com"
185.119.81.97 - - [30/Dec/2022:17:22:15 -0800] "GET /blog/wp-login.php HTTP/1.1" 200 7863 "-" "Mozilla/5.0 (Windows NT 6.1; Win64; x64) AppleWebKit/537.36 (KHTML, like Gecko) Chrome/91.0.4472.77 Safari/537.36" "wellnessway4u.com"
185.119.81.100 - - [30/Dec/2022:17:22:18 -0800] "POST /blog/wp-login.php HTTP/1.1" 200 7880 "https://wellnessway4u.com/blog/wp-login.php" "Mozilla/5.0 (Windows NT 6.1) AppleWebKit/537.36 (KHTML, like Gecko) Chrome/58.0.3029.110 Safari/537.36" "wellnessway4u.com"
185.119.81.97 - - [30/Dec/2022:17:22:24 -0800] "POST /blog/wp-login.php HTTP/1.1" 200 7885 "https://wellnessway4u.com/blog/wp-login.php" "Mozilla/5.0 (Windows NT 6.1; Win64; x64) AppleWebKit/537.36 (KHTML, like Gecko) Chrome/91.0.4472.77 Safari/537.36" "wellnessway4u.com"
185.119.81.97 - - [30/Dec/2022:17:22:43 -0800] "GET /blog/wp-login.php HTTP/1.1" 200 7861 "-" "Mozilla/5.0 (Windows NT 10.0; Win64; x64) AppleWebKit/537.36 (KHTML, like Gecko) Chrome/73.0.3683.86 Safari/537.36" "wellnessway4u.com"
185.119.81.99 - - [30/Dec/2022:17:22:58 -0800] "GET /blog/wp-login.php HTTP/1.1" 200 7872 "-" "Mozilla/5.0 (Windows NT 10.0; Win64; x64) AppleWebKit/537.36 (KHTML, like Gecko) Chrome/62.0.3202.89 Safari/537.36" "wellnessway4u.com"
10.213.116.211 - - [30/Dec/2022:17:22:56 -0800] "POST /blog/wp-cron.php?doing_wp_cron=1672449776.2739200592041015625000 HTTP/1.1" 200 - "https://wellnessway4u.com/blog/wp-cron.php?doing_wp_cron=1672449776.2739200592041015625000" "WordPress/6.0.3; https://wellnessway4u.com/blog" "wellnessway4u.com"
185.119.81.97 - - [30/Dec/2022:17:22:58 -0800] "POST /blog/wp-login.php HTTP/1.1" 200 7892 "https://wellnessway4u.com/blog/wp-login.php" "Mozilla/5.0 (Windows NT 10.0; Win64; x64) AppleWebKit/537.36 (KHTML, like Gecko) Chrome/73.0.3683.86 Safari/537.36" "wellnessway4u.com"
185.119.81.99 - - [30/Dec/2022:17:23:06 -0800] "POST /blog/wp-login.php HTTP/1.1" 200 7879 "https://wellnessway4u.com/blog/wp-login.php" "Mozilla/5.0 (Windows NT 10.0; Win64; x64) AppleWebKit/537.36 (KHTML, like Gecko) Chrome/62.0.3202.89 Safari/537.36" "wellnessway4u.com"
185.119.81.98 - - [30/Dec/2022:17:24:07 -0800] "GET /blog/wp-login.php HTTP/1.1" 200 7858 "-" "Mozilla/5.0 (Windows NT 6.1; Win64; x64) AppleWebKit/537.36 (KHTML, like Gecko) Chrome/70.0.3538.102 Safari/537.36" "wellnessway4u.com"
185.119.81.98 - - [30/Dec/2022:17:24:18 -0800] "POST /blog/wp-login.php HTTP/1.1" 500 2161 "https://wellnessway4u.com/blog/wp-login.php" "Mozilla/5.0 (Windows NT 6.1; Win64; x64) AppleWebKit/537.36 (KHTML, like Gecko) Chrome/70.0.3538.102 Safari/537.36" "wellnessway4u.com"
10.213.116.210 - - [30/Dec/2022:17:24:17 -0800] "POST /blog/wp-cron.php?doing_wp_cron=1672449856.9409010410308837890625 HTTP/1.1" 200 - "https://wellnessway4u.com/blog/wp-cron.php?doing_wp_cron=1672449856.9409010410308837890625" "WordPress/6.0.3; https://wellnessway4u.com/blog" "wellnessway4u.com"
185.119.81.101 - - [30/Dec/2022:17:25:26 -0800] "GET /blog/wp-login.php HTTP/1.1" 200 7862 "-" "Mozilla/5.0 (Windows NT 6.3; Win64; x64) AppleWebKit/537.36 (KHTML, like Gecko) Chrome/80.0.3987.149 Safari/537.36" "wellnessway4u.com"
185.119.81.101 - - [30/Dec/2022:17:25:37 -0800] "POST /blog/wp-login.php HTTP/1.1" 500 2156 "https://wellnessway4u.com/blog/wp-login.php" "Mozilla/5.0 (Windows NT 6.3; Win64; x64) AppleWebKit/537.36 (KHTML, like Gecko) Chrome/80.0.3987.149 Safari/537.36" "wellnessway4u.com"
10.213.116.210 - - [30/Dec/2022:17:25:35 -0800] "POST /blog/wp-cron.php?doing_wp_cron=1672449935.0402390956878662109375 HTTP/1.1" 200 - "https://wellnessway4u.com/blog/wp-cron.php?doing_wp_cron=1672449935.0402390956878662109375" "WordPress/6.0.3; https://wellnessway4u.com/blog" "wellnessway4u.com"
185.119.81.102 - - [30/Dec/2022:17:25:43 -0800] "GET /blog/wp-login.php HTTP/1.1" 200 7866 "-" "Mozilla/5.0 (Windows NT 10.0; Win64; x64) AppleWebKit/537.36 (KHTML, like Gecko) Chrome/76.0.3809.132 Safari/537.36" "wellnessway4u.com"
185.119.81.102 - - [30/Dec/2022:17:25:51 -0800] "POST /blog/wp-login.php HTTP/1.1" 200 7881 "https://wellnessway4u.com/blog/wp-login.php" "Mozilla/5.0 (Windows NT 10.0; Win64; x64) AppleWebKit/537.36 (KHTML, like Gecko) Chrome/76.0.3809.132 Safari/537.36" "wellnessway4u.com"
185.119.81.101 - - [30/Dec/2022:17:26:06 -0800] "GET /blog/wp-login.php HTTP/1.1" 200 7865 "-" "Mozilla/5.0 (Windows NT 6.1; WOW64) AppleWebKit/537.36 (KHTML, like Gecko) Chrome/40.0.2214.115 Safari/537.36" "wellnessway4u.com"
185.119.81.101 - - [30/Dec/2022:17:26:14 -0800] "POST /blog/wp-login.php HTTP/1.1" 500 2163 "https://wellnessway4u.com/blog/wp-login.php" "Mozilla/5.0 (Windows NT 6.1; WOW64) AppleWebKit/537.36 (KHTML, like Gecko) Chrome/40.0.2214.115 Safari/537.36" "wellnessway4u.com"
185.119.81.100 - - [30/Dec/2022:17:26:45 -0800] "GET /blog/wp-login.php HTTP/1.1" 200 7859 "-" "Mozilla/5.0 (Windows NT 10.0; WOW64) AppleWebKit/537.36 (KHTML, like Gecko) Chrome/98.0.4758.82 Safari/537.36" "wellnessway4u.com"
10.213.116.209 - - [30/Dec/2022:17:26:54 -0800] "POST /blog/wp-cron.php?doing_wp_cron=1672450014.5095729827880859375000 HTTP/1.1" 200 - "https://wellnessway4u.com/blog/wp-cron.php?doing_wp_cron=1672450014.5095729827880859375000" "WordPress/6.0.3; https://wellnessway4u.com/blog" "wellnessway4u.com"
185.119.81.100 - - [30/Dec/2022:17:26:56 -0800] "POST /blog/wp-login.php HTTP/1.1" 200 7891 "https://wellnessway4u.com/blog/wp-login.php" "Mozilla/5.0 (Windows NT 10.0; WOW64) AppleWebKit/537.36 (KHTML, like Gecko) Chrome/98.0.4758.82 Safari/537.36" "wellnessway4u.com"
185.119.81.98 - - [30/Dec/2022:17:27:36 -0800] "GET /blog/wp-login.php HTTP/1.1" 200 7862 "-" "Mozilla/5.0 (Windows NT 6.1; Win64; x64) AppleWebKit/537.36 (KHTML, like Gecko) Chrome/90.0.4430.93 Safari/537.36" "wellnessway4u.com"
10.213.116.211 - - [30/Dec/2022:17:27:43 -0800] "POST /blog/wp-cron.php?doing_wp_cron=1672450063.8867170810699462890625 HTTP/1.1" 200 - "https://wellnessway4u.com/blog/wp-cron.php?doing_wp_cron=1672450063.8867170810699462890625" "WordPress/6.0.3; https://wellnessway4u.com/blog" "wellnessway4u.com"
185.119.81.98 - - [30/Dec/2022:17:27:45 -0800] "POST /blog/wp-login.php HTTP/1.1" 200 7889 "https://wellnessway4u.com/blog/wp-login.php" "Mozilla/5.0 (Windows NT 6.1; Win64; x64) AppleWebKit/537.36 (KHTML, like Gecko) Chrome/90.0.4430.93 Safari/537.36" "wellnessway4u.com"
185.119.81.100 - - [30/Dec/2022:17:27:58 -0800] "GET /blog/wp-login.php HTTP/1.1" 200 7869 "-" "Mozilla/5.0 (Windows NT 10.0; Win64; x64) AppleWebKit/537.36 (KHTML, like Gecko) Chrome/61.0.3163.79 Safari/537.36" "wellnessway4u.com"
185.119.81.100 - - [30/Dec/2022:17:28:07 -0800] "POST /blog/wp-login.php HTTP/1.1" 200 7880 "https://wellnessway4u.com/blog/wp-login.php" "Mozilla/5.0 (Windows NT 10.0; Win64; x64) AppleWebKit/537.36 (KHTML, like Gecko) Chrome/61.0.3163.79 Safari/537.36" "wellnessway4u.com"
66.249.68.69 - - [30/Dec/2022:17:28:26 -0800] "GET /ads.txt HTTP/1.1" 404 88 "-" "Mozilla/5.0 (compatible; Googlebot/2.1; +http://www.google.com/bot.html)" "www.wellnessway4u.com"
185.119.81.101 - - [30/Dec/2022:17:28:41 -0800] "GET /blog/wp-login.php HTTP/1.1" 500 2163 "-" "Mozilla/5.0 (Windows NT 10.0; Win64; x64) AppleWebKit/537.36 (KHTML, like Gecko) Chrome/83.0.4103.116 Safari/537.36" "wellnessway4u.com"
185.119.81.101 - - [30/Dec/2022:17:28:37 -0800] "GET /blog/wp-login.php HTTP/1.1" 200 7864 "-" "Mozilla/5.0 (Windows NT 6.1; Win64; x64) AppleWebKit/537.36 (KHTML, like Gecko) Chrome/99.0.4844.82 Safari/537.36" "wellnessway4u.com"
185.119.81.101 - - [30/Dec/2022:17:28:47 -0800] "POST /blog/wp-login.php HTTP/1.1" 200 7887 "https://wellnessway4u.com/blog/wp-login.php" "Mozilla/5.0 (Windows NT 6.1; Win64; x64) AppleWebKit/537.36 (KHTML, like Gecko) Chrome/99.0.4844.82 Safari/537.36" "wellnessway4u.com"
10.213.116.210 - - [30/Dec/2022:17:28:45 -0800] "POST /blog/wp-cron.php?doing_wp_cron=1672450125.1504991054534912109375 HTTP/1.1" 200 - "https://wellnessway4u.com/blog/wp-cron.php?doing_wp_cron=1672450125.1504991054534912109375" "WordPress/6.0.3; https://wellnessway4u.com/blog" "wellnessway4u.com"
185.119.81.100 - - [30/Dec/2022:17:28:47 -0800] "GET /blog/wp-login.php HTTP/1.1" 200 7871 "-" "Mozilla/5.0 (Windows NT 5.1) AppleWebKit/537.36 (KHTML, like Gecko) Chrome/49.0.2623.112 Safari/537.36" "wellnessway4u.com"
185.119.81.100 - - [30/Dec/2022:17:28:56 -0800] "POST /blog/wp-login.php HTTP/1.1" 500 2165 "https://wellnessway4u.com/blog/wp-login.php" "Mozilla/5.0 (Windows NT 5.1) AppleWebKit/537.36 (KHTML, like Gecko) Chrome/49.0.2623.112 Safari/537.36" "wellnessway4u.com"
185.119.81.106 - - [30/Dec/2022:17:31:26 -0800] "GET /blog/wp-login.php HTTP/1.1" 200 7649 "-" "Mozilla/5.0 (Windows NT 10.0; WOW64) AppleWebKit/537.36 (KHTML, like Gecko) Chrome/74.0.3729.169 Safari/537.36" "wellnessway4u.com"
185.119.81.101 - - [30/Dec/2022:17:31:32 -0800] "GET /blog/wp-login.php HTTP/1.1" 200 7659 "-" "Mozilla/5.0 (Windows NT 10.0; Win64; x64) AppleWebKit/537.36 (KHTML, like Gecko) Chrome/85.0.4183.102 Safari/537.36" "wellnessway4u.com"
10.213.116.211 - - [30/Dec/2022:17:31:37 -0800] "POST /blog/wp-cron.php?doing_wp_cron=1672450297.6492290496826171875000 HTTP/1.1" 200 - "https://wellnessway4u.com/blog/wp-cron.php?doing_wp_cron=1672450297.6492290496826171875000" "WordPress/6.0.3; https://wellnessway4u.com/blog" "wellnessway4u.com"
185.119.81.106 - - [30/Dec/2022:17:31:39 -0800] "POST /blog/wp-login.php HTTP/1.1" 200 7838 "https://wellnessway4u.com/blog/wp-login.php" "Mozilla/5.0 (Windows NT 10.0; WOW64) AppleWebKit/537.36 (KHTML, like Gecko) Chrome/74.0.3729.169 Safari/537.36" "wellnessway4u.com"
185.119.81.101 - - [30/Dec/2022:17:31:41 -0800] "GET /blog/wp-login.php HTTP/1.1" 200 7652 "-" "Mozilla/5.0 (Windows NT 10.0; WOW64) AppleWebKit/537.36 (KHTML, like Gecko) Chrome/67.0.3396.79 Safari/E7FBAF" "wellnessway4u.com"
185.119.81.101 - - [30/Dec/2022:17:31:42 -0800] "POST /blog/wp-login.php HTTP/1.1" 200 7838 "https://wellnessway4u.com/blog/wp-login.php" "Mozilla/5.0 (Windows NT 10.0; Win64; x64) AppleWebKit/537.36 (KHTML, like Gecko) Chrome/85.0.4183.102 Safari/537.36" "wellnessway4u.com"
185.119.81.101 - - [30/Dec/2022:17:31:51 -0800] "POST /blog/wp-login.php HTTP/1.1" 500 2159 "https://wellnessway4u.com/blog/wp-login.php" "Mozilla/5.0 (Windows NT 10.0; WOW64) AppleWebKit/537.36 (KHTML, like Gecko) Chrome/67.0.3396.79 Safari/E7FBAF" "wellnessway4u.com"
185.119.81.101 - - [30/Dec/2022:17:32:30 -0800] "GET /blog/wp-login.php HTTP/1.1" 200 7655 "-" "Mozilla/5.0 (Windows NT 6.3; Win64; x64) AppleWebKit/537.36 (KHTML, like Gecko) Chrome/61.0.3163.100 Safari/537.36" "wellnessway4u.com"
185.119.81.101 - - [30/Dec/2022:17:32:37 -0800] "POST /blog/wp-login.php HTTP/1.1" 200 7839 "https://wellnessway4u.com/blog/wp-login.php" "Mozilla/5.0 (Windows NT 6.3; Win64; x64) AppleWebKit/537.36 (KHTML, like Gecko) Chrome/61.0.3163.100 Safari/537.36" "wellnessway4u.com"
10.213.116.211 - - [30/Dec/2022:17:32:46 -0800] "POST /blog/wp-cron.php?doing_wp_cron=1672450366.7635629177093505859375 HTTP/1.1" 200 - "https://wellnessway4u.com/blog/wp-cron.php?doing_wp_cron=1672450366.7635629177093505859375" "WordPress/6.0.3; https://wellnessway4u.com/blog" "wellnessway4u.com"
185.119.81.100 - - [30/Dec/2022:17:34:39 -0800] "GET /blog/wp-login.php HTTP/1.1" 200 7648 "-" "Mozilla/5.0 (Windows NT 10.0; WOW64) AppleWebKit/537.36 (KHTML, like Gecko) Chrome/87.0.4280.88 Safari/537.36" "wellnessway4u.com"
10.213.116.211 - - [30/Dec/2022:17:34:49 -0800] "POST /blog/wp-cron.php?doing_wp_cron=1672450488.9761729240417480468750 HTTP/1.1" 200 - "https://wellnessway4u.com/blog/wp-cron.php?doing_wp_cron=1672450488.9761729240417480468750" "WordPress/6.0.3; https://wellnessway4u.com/blog" "wellnessway4u.com"
185.119.81.100 - - [30/Dec/2022:17:34:51 -0800] "POST /blog/wp-login.php HTTP/1.1" 200 7834 "https://wellnessway4u.com/blog/wp-login.php" "Mozilla/5.0 (Windows NT 10.0; WOW64) AppleWebKit/537.36 (KHTML, like Gecko) Chrome/87.0.4280.88 Safari/537.36" "wellnessway4u.com"
185.119.81.100 - - [30/Dec/2022:17:35:08 -0800] "GET /blog/wp-login.php HTTP/1.1" 200 7661 "-" "Mozilla/5.0 (Windows NT 6.3; Win64; x64) AppleWebKit/537.36 (KHTML, like Gecko) Chrome/74.0.3729.157 Safari/537.36" "wellnessway4u.com"
185.119.81.99 - - [30/Dec/2022:17:35:13 -0800] "GET /blog/wp-login.php HTTP/1.1" 200 7655 "-" "Mozilla/5.0 (Windows NT 6.1; WOW64) AppleWebKit/537.36 (KHTML, like Gecko) Chrome/38.0.2125.111 Safari/537.36" "wellnessway4u.com"
185.119.81.100 - - [30/Dec/2022:17:35:16 -0800] "POST /blog/wp-login.php HTTP/1.1" 200 7842 "https://wellnessway4u.com/blog/wp-login.php" "Mozilla/5.0 (Windows NT 6.3; Win64; x64) AppleWebKit/537.36 (KHTML, like Gecko) Chrome/74.0.3729.157 Safari/537.36" "wellnessway4u.com"
185.119.81.99 - - [30/Dec/2022:17:35:21 -0800] "POST /blog/wp-login.php HTTP/1.1" 200 7883 "https://wellnessway4u.com/blog/wp-login.php" "Mozilla/5.0 (Windows NT 6.1; WOW64) AppleWebKit/537.36 (KHTML, like Gecko) Chrome/38.0.2125.111 Safari/537.36" "wellnessway4u.com"
185.119.81.101 - - [30/Dec/2022:17:35:52 -0800] "GET /blog/wp-login.php HTTP/1.1" 200 7862 "-" "Mozilla/5.0 (Windows NT 6.1; WOW64) AppleWebKit/537.36 (KHTML, like Gecko) Chrome/41.0.2272.76 Safari/537.36" "wellnessway4u.com"
10.213.116.210 - - [30/Dec/2022:17:36:00 -0800] "POST /blog/wp-cron.php?doing_wp_cron=1672450560.1607649326324462890625 HTTP/1.1" 200 - "https://wellnessway4u.com/blog/wp-cron.php?doing_wp_cron=1672450560.1607649326324462890625" "WordPress/6.0.3; https://wellnessway4u.com/blog" "wellnessway4u.com"
185.119.81.101 - - [30/Dec/2022:17:36:02 -0800] "POST /blog/wp-login.php HTTP/1.1" 200 7883 "https://wellnessway4u.com/blog/wp-login.php" "Mozilla/5.0 (Windows NT 6.1; WOW64) AppleWebKit/537.36 (KHTML, like Gecko) Chrome/41.0.2272.76 Safari/537.36" "wellnessway4u.com"
185.119.81.102 - - [30/Dec/2022:17:36:17 -0800] "GET /blog/wp-login.php HTTP/1.1" 500 2155 "-" "Mozilla/5.0 (Windows NT 10.0; WOW64) AppleWebKit/537.36 (KHTML, like Gecko) Chrome/46.0.2490.80 Safari/537.36" "wellnessway4u.com"
185.119.81.100 - - [30/Dec/2022:17:36:12 -0800] "GET /blog/wp-login.php HTTP/1.1" 200 7867 "-" "Mozilla/5.0 (Windows NT 6.3; Win64; x64) AppleWebKit/537.36 (KHTML, like Gecko) Chrome/65.0.3325.181 Safari/537.36" "wellnessway4u.com"
185.119.81.100 - - [30/Dec/2022:17:36:21 -0800] "POST /blog/wp-login.php HTTP/1.1" 500 2162 "https://wellnessway4u.com/blog/wp-login.php" "Mozilla/5.0 (Windows NT 6.3; Win64; x64) AppleWebKit/537.36 (KHTML, like Gecko) Chrome/65.0.3325.181 Safari/537.36" "wellnessway4u.com"
185.119.81.98 - - [30/Dec/2022:17:36:20 -0800] "GET /blog/wp-login.php HTTP/1.1" 200 7866 "-" "Mozilla/5.0 (Windows NT 6.1; Win64; x64) AppleWebKit/537.36 (KHTML, like Gecko) Chrome/62.0.3202.89 Safari/537.36" "wellnessway4u.com"
