185.119.81.101 - - [30/Dec/2022:23:19:02 -0800] "GET /blog/wp-login.php HTTP/1.1" 200 7867 "-" "Mozilla/5.0 (Windows NT 6.1; Win64; x64) AppleWebKit/537.36 (KHTML, like Gecko) Chrome/96.0.4664.110 Safari/537.36" "wellnessway4u.com"
185.119.81.101 - - [30/Dec/2022:23:19:13 -0800] "POST /blog/wp-login.php HTTP/1.1" 500 2162 "https://wellnessway4u.com/blog/wp-login.php" "Mozilla/5.0 (Windows NT 6.1; Win64; x64) AppleWebKit/537.36 (KHTML, like Gecko) Chrome/96.0.4664.110 Safari/537.36" "wellnessway4u.com"
10.213.116.209 - - [30/Dec/2022:23:19:11 -0800] "POST /blog/wp-cron.php?doing_wp_cron=1672471151.7117509841918945312500 HTTP/1.1" 200 - "https://wellnessway4u.com/blog/wp-cron.php?doing_wp_cron=1672471151.7117509841918945312500" "WordPress/6.0.3; https://wellnessway4u.com/blog" "wellnessway4u.com"
185.119.81.106 - - [30/Dec/2022:23:19:45 -0800] "GET /blog/wp-login.php HTTP/1.1" 200 7861 "-" "Mozilla/5.0 (Windows NT 6.1; Win64; x64) AppleWebKit/537.36 (KHTML, like Gecko) Chrome/76.0.3809.100 Safari/537.36" "wellnessway4u.com"
185.119.81.106 - - [30/Dec/2022:23:19:57 -0800] "POST /blog/wp-login.php HTTP/1.1" 200 7886 "https://wellnessway4u.com/blog/wp-login.php" "Mozilla/5.0 (Windows NT 6.1; Win64; x64) AppleWebKit/537.36 (KHTML, like Gecko) Chrome/76.0.3809.100 Safari/537.36" "wellnessway4u.com"
10.213.116.211 - - [30/Dec/2022:23:19:55 -0800] "POST /blog/wp-cron.php?doing_wp_cron=1672471195.8702809810638427734375 HTTP/1.1" 200 - "https://wellnessway4u.com/blog/wp-cron.php?doing_wp_cron=1672471195.8702809810638427734375" "WordPress/6.0.3; https://wellnessway4u.com/blog" "wellnessway4u.com"
185.119.81.101 - - [30/Dec/2022:23:20:26 -0800] "GET /blog/wp-login.php HTTP/1.1" 200 7872 "-" "Mozilla/5.0 (Windows NT 10.0; Win64; x64) AppleWebKit/537.36 (KHTML, like Gecko) Chrome/60.0.3112.113 Safari/537.36 (+https://whatis.contentkingapp.com)" "wellnessway4u.com"
185.119.81.101 - - [30/Dec/2022:23:20:35 -0800] "POST /blog/wp-login.php HTTP/1.1" 200 7879 "https://wellnessway4u.com/blog/wp-login.php" "Mozilla/5.0 (Windows NT 10.0; Win64; x64) AppleWebKit/537.36 (KHTML, like Gecko) Chrome/60.0.3112.113 Safari/537.36 (+https://whatis.contentkingapp.com)" "wellnessway4u.com"
185.119.81.101 - - [30/Dec/2022:23:20:37 -0800] "GET /blog/wp-login.php HTTP/1.1" 200 7868 "-" "Mozilla/5.0 (Windows NT 6.2; Win64; x64) AppleWebKit/537.36 (KHTML, like Gecko) Chrome/57.0.2987.133 Safari/537.36" "wellnessway4u.com"
185.119.81.100 - - [30/Dec/2022:23:20:38 -0800] "GET /blog/wp-login.php HTTP/1.1" 200 7868 "-" "Mozilla/5.0 (Windows NT 10.0; WOW64) AppleWebKit/537.36 (KHTML, like Gecko) Chrome/86.0.4240.198 Safari/537.36" "wellnessway4u.com"
10.213.116.211 - - [30/Dec/2022:23:20:43 -0800] "POST /blog/wp-cron.php?doing_wp_cron=1672471242.9501340389251708984375 HTTP/1.1" 200 - "https://wellnessway4u.com/blog/wp-cron.php?doing_wp_cron=1672471242.9501340389251708984375" "WordPress/6.0.3; https://wellnessway4u.com/blog" "wellnessway4u.com"
185.119.81.101 - - [30/Dec/2022:23:20:46 -0800] "POST /blog/wp-login.php HTTP/1.1" 200 7882 "https://wellnessway4u.com/blog/wp-login.php" "Mozilla/5.0 (Windows NT 6.2; Win64; x64) AppleWebKit/537.36 (KHTML, like Gecko) Chrome/57.0.2987.133 Safari/537.36" "wellnessway4u.com"
185.119.81.100 - - [30/Dec/2022:23:20:47 -0800] "POST /blog/wp-login.php HTTP/1.1" 200 7881 "https://wellnessway4u.com/blog/wp-login.php" "Mozilla/5.0 (Windows NT 10.0; WOW64) AppleWebKit/537.36 (KHTML, like Gecko) Chrome/86.0.4240.198 Safari/537.36" "wellnessway4u.com"
185.119.81.98 - - [30/Dec/2022:23:21:03 -0800] "GET /blog/wp-login.php HTTP/1.1" 500 2157 "-" "Mozilla/5.0 (Windows NT 6.1; Win64; x64) AppleWebKit/537.36 (KHTML, like Gecko) Chrome/59.0.3071.115 Safari/537.36" "wellnessway4u.com"
185.119.81.101 - - [30/Dec/2022:23:20:57 -0800] "GET /blog/wp-login.php HTTP/1.1" 200 7866 "-" "Mozilla/5.0 (Windows NT 6.1; Win64; x64) AppleWebKit/537.36 (KHTML, like Gecko) Chrome/96.0.4664.45 Safari/537.36" "wellnessway4u.com"
185.119.81.101 - - [30/Dec/2022:23:21:03 -0800] "POST /blog/wp-login.php HTTP/1.1" 200 7883 "https://wellnessway4u.com/blog/wp-login.php" "Mozilla/5.0 (Windows NT 6.1; Win64; x64) AppleWebKit/537.36 (KHTML, like Gecko) Chrome/96.0.4664.45 Safari/537.36" "wellnessway4u.com"
185.119.81.98 - - [30/Dec/2022:23:21:11 -0800] "GET /blog/wp-login.php HTTP/1.1" 200 7869 "-" "Mozilla/5.0 (Windows NT 6.3; Win64; x64) AppleWebKit/537.36 (KHTML, like Gecko) Chrome/92.0.4515.159 Safari/537.36" "wellnessway4u.com"
185.119.81.98 - - [30/Dec/2022:23:21:19 -0800] "POST /blog/wp-login.php HTTP/1.1" 500 2157 "https://wellnessway4u.com/blog/wp-login.php" "Mozilla/5.0 (Windows NT 6.3; Win64; x64) AppleWebKit/537.36 (KHTML, like Gecko) Chrome/92.0.4515.159 Safari/537.36" "wellnessway4u.com"
185.119.81.101 - - [30/Dec/2022:23:21:20 -0800] "GET /blog/wp-login.php HTTP/1.1" 200 7866 "-" "Mozilla/5.0 (Windows NT 6.2; Win64; x64) AppleWebKit/537.36 (KHTML, like Gecko) Chrome/91.0.4472.77 Safari/537.36" "wellnessway4u.com"
185.191.171.16 - - [30/Dec/2022:23:21:31 -0800] "GET /robots.txt HTTP/1.1" 200 60 "-" "Mozilla/5.0 (compatible; SemrushBot/7~bl; +http://www.semrush.com/bot.html)" "www.wellnessway4u.com"
185.191.171.39 - - [30/Dec/2022:23:21:31 -0800] "GET /my_wellness_solutions_item.php HTTP/1.1" 200 55235 "-" "Mozilla/5.0 (compatible; SemrushBot/7~bl; +http://www.semrush.com/bot.html)" "www.wellnessway4u.com"
185.119.81.101 - - [30/Dec/2022:23:21:28 -0800] "POST /blog/wp-login.php HTTP/1.1" 200 7882 "https://wellnessway4u.com/blog/wp-login.php" "Mozilla/5.0 (Windows NT 6.2; Win64; x64) AppleWebKit/537.36 (KHTML, like Gecko) Chrome/91.0.4472.77 Safari/537.36" "wellnessway4u.com"
114.119.142.100 - - [30/Dec/2022:23:22:11 -0800] "GET /index.php HTTP/1.1" 200 153468 "https://wellnessway4u.com/pages.php?id=124" "Mozilla/5.0 (Linux; Android 7.0;) AppleWebKit/537.36 (KHTML, like Gecko) Mobile Safari/537.36 (compatible; PetalBot;+https://webmaster.petalsearch.com/site/petalbot)" "wellnessway4u.com"
185.119.81.97 - - [30/Dec/2022:23:22:41 -0800] "GET /blog/wp-login.php HTTP/1.1" 200 7861 "-" "Mozilla/5.0 (Windows NT 10.0; Win64; x64) AppleWebKit/537.36 (KHTML, like Gecko) Chrome/64.0.3282.186 Safari/537.36" "wellnessway4u.com"
10.213.116.209 - - [30/Dec/2022:23:22:50 -0800] "POST /blog/wp-cron.php?doing_wp_cron=1672471370.3824219703674316406250 HTTP/1.1" 200 - "https://wellnessway4u.com/blog/wp-cron.php?doing_wp_cron=1672471370.3824219703674316406250" "WordPress/6.0.3; https://wellnessway4u.com/blog" "wellnessway4u.com"
185.119.81.97 - - [30/Dec/2022:23:22:52 -0800] "POST /blog/wp-login.php HTTP/1.1" 200 7885 "https://wellnessway4u.com/blog/wp-login.php" "Mozilla/5.0 (Windows NT 10.0; Win64; x64) AppleWebKit/537.36 (KHTML, like Gecko) Chrome/64.0.3282.186 Safari/537.36" "wellnessway4u.com"
185.119.81.100 - - [30/Dec/2022:23:23:32 -0800] "GET /blog/wp-login.php HTTP/1.1" 500 2160 "-" "Mozilla/5.0 (Windows NT 6.3; Win64; x64) AppleWebKit/537.36 (KHTML, like Gecko) Chrome/70.0.3538.67 Safari/537.36" "wellnessway4u.com"
185.119.81.98 - - [30/Dec/2022:23:23:46 -0800] "GET /blog/wp-login.php HTTP/1.1" 500 2160 "-" "Mozilla/5.0 (Windows NT 10.0; Win64; x64) AppleWebKit/537.36 (KHTML, like Gecko) Chrome/83.0.4103.116 Safari/537.36" "wellnessway4u.com"
185.119.81.100 - - [30/Dec/2022:23:24:00 -0800] "GET /blog/wp-login.php HTTP/1.1" 200 7860 "-" "Mozilla/5.0 (Windows NT 10.0; Win64; x64) AppleWebKit/537.36 (KHTML, like Gecko) Chrome/81.0.4044.122 Safari/537.36" "wellnessway4u.com"
10.213.116.211 - - [30/Dec/2022:23:24:08 -0800] "POST /blog/wp-cron.php?doing_wp_cron=1672471448.0938711166381835937500 HTTP/1.1" 200 - "https://wellnessway4u.com/blog/wp-cron.php?doing_wp_cron=1672471448.0938711166381835937500" "WordPress/6.0.3; https://wellnessway4u.com/blog" "wellnessway4u.com"
185.119.81.100 - - [30/Dec/2022:23:24:10 -0800] "POST /blog/wp-login.php HTTP/1.1" 200 7884 "https://wellnessway4u.com/blog/wp-login.php" "Mozilla/5.0 (Windows NT 10.0; Win64; x64) AppleWebKit/537.36 (KHTML, like Gecko) Chrome/81.0.4044.122 Safari/537.36" "wellnessway4u.com"
185.241.208.198 - - [30/Dec/2022:23:25:08 -0800] "GET / HTTP/1.1" 200 153468 "-" "python-requests/2.27.1" "wellnessway4u.com"
185.119.81.98 - - [30/Dec/2022:23:25:50 -0800] "GET /blog/wp-login.php HTTP/1.1" 200 7859 "-" "Mozilla/5.0 (Windows NT 10.0; WOW64) AppleWebKit/537.36 (KHTML, like Gecko) Chrome/98.0.4758.82 Safari/537.36" "wellnessway4u.com"
10.213.116.211 - - [30/Dec/2022:23:25:59 -0800] "POST /blog/wp-cron.php?doing_wp_cron=1672471559.6067779064178466796875 HTTP/1.1" 200 - "https://wellnessway4u.com/blog/wp-cron.php?doing_wp_cron=1672471559.6067779064178466796875" "WordPress/6.0.3; https://wellnessway4u.com/blog" "wellnessway4u.com"
185.119.81.98 - - [30/Dec/2022:23:26:01 -0800] "POST /blog/wp-login.php HTTP/1.1" 200 7882 "https://wellnessway4u.com/blog/wp-login.php" "Mozilla/5.0 (Windows NT 10.0; WOW64) AppleWebKit/537.36 (KHTML, like Gecko) Chrome/98.0.4758.82 Safari/537.36" "wellnessway4u.com"
185.119.81.101 - - [30/Dec/2022:23:26:41 -0800] "GET /blog/wp-login.php HTTP/1.1" 200 7866 "-" "Mozilla/5.0 (Windows NT 10.0; WOW64) AppleWebKit/537.36 (KHTML, like Gecko) Chrome/45.0.2454.101 Safari/537.36" "wellnessway4u.com"
10.213.116.211 - - [30/Dec/2022:23:26:48 -0800] "POST /blog/wp-cron.php?doing_wp_cron=1672471608.6065499782562255859375 HTTP/1.1" 200 - "https://wellnessway4u.com/blog/wp-cron.php?doing_wp_cron=1672471608.6065499782562255859375" "WordPress/6.0.3; https://wellnessway4u.com/blog" "wellnessway4u.com"
185.119.81.101 - - [30/Dec/2022:23:26:50 -0800] "POST /blog/wp-login.php HTTP/1.1" 200 7880 "https://wellnessway4u.com/blog/wp-login.php" "Mozilla/5.0 (Windows NT 10.0; WOW64) AppleWebKit/537.36 (KHTML, like Gecko) Chrome/45.0.2454.101 Safari/537.36" "wellnessway4u.com"
185.119.81.98 - - [30/Dec/2022:23:27:57 -0800] "GET /blog/wp-login.php HTTP/1.1" 200 7653 "-" "Mozilla/5.0 (Windows NT 6.1; Win64; x64) AppleWebKit/537.36 (KHTML, like Gecko) Chrome/63.0.3239.132 Safari/537.36" "wellnessway4u.com"
185.119.81.98 - - [30/Dec/2022:23:28:09 -0800] "POST /blog/wp-login.php HTTP/1.1" 500 2157 "https://wellnessway4u.com/blog/wp-login.php" "Mozilla/5.0 (Windows NT 6.1; Win64; x64) AppleWebKit/537.36 (KHTML, like Gecko) Chrome/63.0.3239.132 Safari/537.36" "wellnessway4u.com"
10.213.116.211 - - [30/Dec/2022:23:28:07 -0800] "POST /blog/wp-cron.php?doing_wp_cron=1672471687.8081090450286865234375 HTTP/1.1" 200 - "https://wellnessway4u.com/blog/wp-cron.php?doing_wp_cron=1672471687.8081090450286865234375" "WordPress/6.0.3; https://wellnessway4u.com/blog" "wellnessway4u.com"
185.119.81.100 - - [30/Dec/2022:23:28:08 -0800] "GET /blog/wp-login.php HTTP/1.1" 200 7659 "-" "Mozilla/5.0 (Windows NT 6.1; Win64; x64) AppleWebKit/537.36 (KHTML, like Gecko) Chrome/66.0.3359.181 Safari/537.36" "wellnessway4u.com"
185.119.81.100 - - [30/Dec/2022:23:28:18 -0800] "POST /blog/wp-login.php HTTP/1.1" 200 7837 "https://wellnessway4u.com/blog/wp-login.php" "Mozilla/5.0 (Windows NT 6.1; Win64; x64) AppleWebKit/537.36 (KHTML, like Gecko) Chrome/66.0.3359.181 Safari/537.36" "wellnessway4u.com"
185.119.81.101 - - [30/Dec/2022:23:28:31 -0800] "GET /blog/wp-login.php HTTP/1.1" 500 2163 "-" "Mozilla/5.0 (Windows NT 10.0) AppleWebKit/537.36 (KHTML, like Gecko) Chrome/70.0.3538.67 Safari/537.36" "wellnessway4u.com"
185.119.81.98 - - [30/Dec/2022:23:29:22 -0800] "GET /blog/wp-login.php HTTP/1.1" 500 2164 "-" "Mozilla/5.0 (Windows NT 6.1; Win64; x64) AppleWebKit/537.36 (KHTML, like Gecko) Chrome/54.0.2840.99 Safari/537.36" "wellnessway4u.com"
185.119.81.99 - - [30/Dec/2022:23:30:28 -0800] "GET /blog/wp-login.php HTTP/1.1" 200 7654 "-" "Mozilla/5.0 (Windows NT 6.1) AppleWebKit/537.36 (KHTML, like Gecko) Chrome/41.0.2272.104 Safari/537.36" "wellnessway4u.com"
10.213.116.211 - - [30/Dec/2022:23:30:36 -0800] "POST /blog/wp-cron.php?doing_wp_cron=1672471836.7702810764312744140625 HTTP/1.1" 200 - "https://wellnessway4u.com/blog/wp-cron.php?doing_wp_cron=1672471836.7702810764312744140625" "WordPress/6.0.3; https://wellnessway4u.com/blog" "wellnessway4u.com"
185.119.81.99 - - [30/Dec/2022:23:30:38 -0800] "POST /blog/wp-login.php HTTP/1.1" 200 7834 "https://wellnessway4u.com/blog/wp-login.php" "Mozilla/5.0 (Windows NT 6.1) AppleWebKit/537.36 (KHTML, like Gecko) Chrome/41.0.2272.104 Safari/537.36" "wellnessway4u.com"
185.119.81.106 - - [30/Dec/2022:23:31:02 -0800] "GET /blog/wp-login.php HTTP/1.1" 200 7665 "-" "Mozilla/5.0 (Windows NT 10.0; WOW64) AppleWebKit/537.36 (KHTML, like Gecko) Chrome/94.0.4606.81 Safari/537.36" "wellnessway4u.com"
185.119.81.106 - - [30/Dec/2022:23:31:09 -0800] "POST /blog/wp-login.php HTTP/1.1" 200 7836 "https://wellnessway4u.com/blog/wp-login.php" "Mozilla/5.0 (Windows NT 10.0; WOW64) AppleWebKit/537.36 (KHTML, like Gecko) Chrome/94.0.4606.81 Safari/537.36" "wellnessway4u.com"
185.119.81.100 - - [30/Dec/2022:23:31:39 -0800] "GET /blog/wp-login.php HTTP/1.1" 200 7663 "-" "Mozilla/5.0 (Windows NT 6.1; Win64; x64) AppleWebKit/537.36 (KHTML, like Gecko) Chrome/80.0.3987.87 Safari/537.36" "wellnessway4u.com"
185.119.81.97 - - [30/Dec/2022:23:31:42 -0800] "GET /blog/wp-login.php HTTP/1.1" 200 7650 "-" "Mozilla/5.0 (Windows NT 10.0; Win64; x64) AppleWebKit/537.36 (KHTML, like Gecko) Chrome/98.0.4758.82 Safari/537.36" "wellnessway4u.com"
10.213.116.210 - - [30/Dec/2022:23:31:49 -0800] "POST /blog/wp-cron.php?doing_wp_cron=1672471909.8622000217437744140625 HTTP/1.1" 200 - "https://wellnessway4u.com/blog/wp-cron.php?doing_wp_cron=1672471909.8622000217437744140625" "WordPress/6.0.3; https://wellnessway4u.com/blog" "wellnessway4u.com"
185.119.81.97 - - [30/Dec/2022:23:31:51 -0800] "POST /blog/wp-login.php HTTP/1.1" 200 7837 "https://wellnessway4u.com/blog/wp-login.php" "Mozilla/5.0 (Windows NT 10.0; Win64; x64) AppleWebKit/537.36 (KHTML, like Gecko) Chrome/98.0.4758.82 Safari/537.36" "wellnessway4u.com"
185.119.81.100 - - [30/Dec/2022:23:31:51 -0800] "POST /blog/wp-login.php HTTP/1.1" 200 7835 "https://wellnessway4u.com/blog/wp-login.php" "Mozilla/5.0 (Windows NT 6.1; Win64; x64) AppleWebKit/537.36 (KHTML, like Gecko) Chrome/80.0.3987.87 Safari/537.36" "wellnessway4u.com"
185.119.81.102 - - [30/Dec/2022:23:32:12 -0800] "GET /blog/wp-login.php HTTP/1.1" 200 7868 "-" "Mozilla/5.0 (Windows NT 4.0; WOW64) AppleWebKit/537.36 (KHTML, like Gecko) Chrome/37.0.2049.0 Safari/537.36" "wellnessway4u.com"
185.119.81.102 - - [30/Dec/2022:23:32:21 -0800] "POST /blog/wp-login.php HTTP/1.1" 200 7882 "https://wellnessway4u.com/blog/wp-login.php" "Mozilla/5.0 (Windows NT 4.0; WOW64) AppleWebKit/537.36 (KHTML, like Gecko) Chrome/37.0.2049.0 Safari/537.36" "wellnessway4u.com"
185.119.81.101 - - [30/Dec/2022:23:32:50 -0800] "GET /blog/wp-login.php HTTP/1.1" 200 7861 "-" "Mozilla/5.0 (Windows NT 10.0; WOW64) AppleWebKit/537.36 (KHTML, like Gecko) Chrome/84.0.4147.125 Safari/537.36" "wellnessway4u.com"
185.119.81.101 - - [30/Dec/2022:23:33:00 -0800] "POST /blog/wp-login.php HTTP/1.1" 500 2161 "https://wellnessway4u.com/blog/wp-login.php" "Mozilla/5.0 (Windows NT 10.0; WOW64) AppleWebKit/537.36 (KHTML, like Gecko) Chrome/84.0.4147.125 Safari/537.36" "wellnessway4u.com"
10.213.116.209 - - [30/Dec/2022:23:32:58 -0800] "POST /blog/wp-cron.php?doing_wp_cron=1672471978.5565059185028076171875 HTTP/1.1" 200 - "https://wellnessway4u.com/blog/wp-cron.php?doing_wp_cron=1672471978.5565059185028076171875" "WordPress/6.0.3; https://wellnessway4u.com/blog" "wellnessway4u.com"
185.119.81.102 - - [30/Dec/2022:23:33:46 -0800] "GET /blog/wp-login.php HTTP/1.1" 200 7863 "-" "Mozilla/5.0 (Windows NT 6.3; Win64; x64) AppleWebKit/537.36 (KHTML, like Gecko) Chrome/69.0.3497.100 Safari/537.36" "wellnessway4u.com"
185.119.81.101 - - [30/Dec/2022:23:33:59 -0800] "GET /blog/wp-login.php HTTP/1.1" 500 2165 "-" "Mozilla/5.0 (Windows NT 6.3; Win64; x64) AppleWebKit/537.36 (KHTML, like Gecko) Chrome/67.0.3396.99 Safari/537.36" "wellnessway4u.com"
10.213.116.209 - - [30/Dec/2022:23:33:55 -0800] "POST /blog/wp-cron.php?doing_wp_cron=1672472035.0106780529022216796875 HTTP/1.1" 200 - "https://wellnessway4u.com/blog/wp-cron.php?doing_wp_cron=1672472035.0106780529022216796875" "WordPress/6.0.3; https://wellnessway4u.com/blog" "wellnessway4u.com"
185.119.81.102 - - [30/Dec/2022:23:33:57 -0800] "POST /blog/wp-login.php HTTP/1.1" 200 7882 "https://wellnessway4u.com/blog/wp-login.php" "Mozilla/5.0 (Windows NT 6.3; Win64; x64) AppleWebKit/537.36 (KHTML, like Gecko) Chrome/69.0.3497.100 Safari/537.36" "wellnessway4u.com"
185.119.81.100 - - [30/Dec/2022:23:34:19 -0800] "GET /blog/wp-login.php HTTP/1.1" 200 7867 "-" "Mozilla/5.0 (Windows NT 10.0; WOW64) AppleWebKit/537.36 (KHTML, like Gecko) Chrome/79.0.3945.130 Safari/537.36" "wellnessway4u.com"
185.119.81.100 - - [30/Dec/2022:23:34:27 -0800] "GET /blog/wp-login.php HTTP/1.1" 200 7867 "-" "Mozilla/5.0 (Windows NT 6.1; Win64; x64) AppleWebKit/537.36 (KHTML, like Gecko) Chrome/85.0.4183.102 Safari/537.36" "wellnessway4u.com"
185.119.81.100 - - [30/Dec/2022:23:34:29 -0800] "POST /blog/wp-login.php HTTP/1.1" 200 7885 "https://wellnessway4u.com/blog/wp-login.php" "Mozilla/5.0 (Windows NT 10.0; WOW64) AppleWebKit/537.36 (KHTML, like Gecko) Chrome/79.0.3945.130 Safari/537.36" "wellnessway4u.com"
185.119.81.98 - - [30/Dec/2022:23:34:32 -0800] "GET /blog/wp-login.php HTTP/1.1" 200 7862 "-" "Mozilla/5.0 (Windows; U; Windows NT 5.1; en-US) AppleWebKit/537.36 (KHTML, like Gecko) Chrome/27.0.1453.116 Safari/537.36 HubSpot Webcrawler - web-crawlers@hubspot.com" "wellnessway4u.com"
185.119.81.100 - - [30/Dec/2022:23:34:36 -0800] "POST /blog/wp-login.php HTTP/1.1" 200 7883 "https://wellnessway4u.com/blog/wp-login.php" "Mozilla/5.0 (Windows NT 6.1; Win64; x64) AppleWebKit/537.36 (KHTML, like Gecko) Chrome/85.0.4183.102 Safari/537.36" "wellnessway4u.com"
10.213.116.209 - - [30/Dec/2022:23:34:40 -0800] "POST /blog/wp-cron.php?doing_wp_cron=1672472080.1279749870300292968750 HTTP/1.1" 200 - "https://wellnessway4u.com/blog/wp-cron.php?doing_wp_cron=1672472080.1279749870300292968750" "WordPress/6.0.3; https://wellnessway4u.com/blog" "wellnessway4u.com"
185.119.81.98 - - [30/Dec/2022:23:34:42 -0800] "POST /blog/wp-login.php HTTP/1.1" 200 7883 "https://wellnessway4u.com/blog/wp-login.php" "Mozilla/5.0 (Windows; U; Windows NT 5.1; en-US) AppleWebKit/537.36 (KHTML, like Gecko) Chrome/27.0.1453.116 Safari/537.36 HubSpot Webcrawler - web-crawlers@hubspot.com" "wellnessway4u.com"
54.36.148.148 - - [30/Dec/2022:23:35:22 -0800] "GET /robots.txt HTTP/1.1" 200 60 "-" "Mozilla/5.0 (compatible; AhrefsBot/7.0; +http://ahrefs.com/robot/)" "www.wellnessway4u.com"
51.222.253.19 - - [30/Dec/2022:23:35:23 -0800] "GET / HTTP/1.1" 200 153468 "-" "Mozilla/5.0 (compatible; AhrefsBot/7.0; +http://ahrefs.com/robot/)" "www.wellnessway4u.com"
51.222.253.2 - - [30/Dec/2022:23:35:28 -0800] "GET /w_css/bootstrap.min.css HTTP/1.1" 200 19744 "-" "Mozilla/5.0 (compatible; AhrefsBot/7.0; +http://ahrefs.com/robot/)" "www.wellnessway4u.com"
51.222.253.17 - - [30/Dec/2022:23:35:28 -0800] "GET /css/jquery.simpleTicker.css HTTP/1.1" 200 298 "-" "Mozilla/5.0 (compatible; AhrefsBot/7.0; +http://ahrefs.com/robot/)" "www.wellnessway4u.com"
51.222.253.8 - - [30/Dec/2022:23:35:37 -0800] "GET /w_js/jquery-1.12.4.min.js HTTP/1.1" 200 33760 "-" "Mozilla/5.0 (compatible; AhrefsBot/7.0; +http://ahrefs.com/robot/)" "www.wellnessway4u.com"
51.222.253.15 - - [30/Dec/2022:23:35:39 -0800] "GET /css/ddsmoothmenu.css HTTP/1.1" 200 981 "-" "Mozilla/5.0 (compatible; AhrefsBot/7.0; +http://ahrefs.com/robot/)" "www.wellnessway4u.com"
51.222.253.6 - - [30/Dec/2022:23:35:40 -0800] "GET /w_js/commonfn.js?v=1672472124 HTTP/1.1" 200 16560 "-" "Mozilla/5.0 (compatible; AhrefsBot/7.0; +http://ahrefs.com/robot/)" "www.wellnessway4u.com"
51.222.253.12 - - [30/Dec/2022:23:35:40 -0800] "GET /w_js/bootbox.min.js HTTP/1.1" 200 3718 "-" "Mozilla/5.0 (compatible; AhrefsBot/7.0; +http://ahrefs.com/robot/)" "www.wellnessway4u.com"
51.222.253.19 - - [30/Dec/2022:23:35:41 -0800] "GET /w_css/jquery-ui.css HTTP/1.1" 200 8378 "-" "Mozilla/5.0 (compatible; AhrefsBot/7.0; +http://ahrefs.com/robot/)" "www.wellnessway4u.com"
51.222.253.12 - - [30/Dec/2022:23:35:41 -0800] "GET /js/jquery.simpleTicker.js HTTP/1.1" 200 1100 "-" "Mozilla/5.0 (compatible; AhrefsBot/7.0; +http://ahrefs.com/robot/)" "www.wellnessway4u.com"
51.222.253.14 - - [30/Dec/2022:23:35:42 -0800] "GET /images/spacer.gif HTTP/1.1" 200 43 "-" "Mozilla/5.0 (compatible; AhrefsBot/7.0; +http://ahrefs.com/robot/)" "www.wellnessway4u.com"
51.222.253.12 - - [30/Dec/2022:23:35:42 -0800] "GET /w_js/banner.js HTTP/1.1" 200 4435 "-" "Mozilla/5.0 (compatible; AhrefsBot/7.0; +http://ahrefs.com/robot/)" "www.wellnessway4u.com"
51.222.253.9 - - [30/Dec/2022:23:35:43 -0800] "GET /js/ddsmoothmenu.js HTTP/1.1" 200 3179 "-" "Mozilla/5.0 (compatible; AhrefsBot/7.0; +http://ahrefs.com/robot/)" "www.wellnessway4u.com"
51.222.253.14 - - [30/Dec/2022:23:35:43 -0800] "GET /w_css/responsive.css HTTP/1.1" 200 898 "-" "Mozilla/5.0 (compatible; AhrefsBot/7.0; +http://ahrefs.com/robot/)" "www.wellnessway4u.com"
51.222.253.12 - - [30/Dec/2022:23:35:44 -0800] "GET /w_js/bootstrap-dialog.js HTTP/1.1" 200 7640 "-" "Mozilla/5.0 (compatible; AhrefsBot/7.0; +http://ahrefs.com/robot/)" "www.wellnessway4u.com"
51.222.253.14 - - [30/Dec/2022:23:35:46 -0800] "GET /w_css/slick.css HTTP/1.1" 200 557 "-" "Mozilla/5.0 (compatible; AhrefsBot/7.0; +http://ahrefs.com/robot/)" "www.wellnessway4u.com"
51.222.253.8 - - [30/Dec/2022:23:35:47 -0800] "GET /w_js/animatedModal.min.js HTTP/1.1" 200 649 "-" "Mozilla/5.0 (compatible; AhrefsBot/7.0; +http://ahrefs.com/robot/)" "www.wellnessway4u.com"
51.222.253.16 - - [30/Dec/2022:23:35:48 -0800] "GET /w_js/tokenize2.js HTTP/1.1" 200 9634 "-" "Mozilla/5.0 (compatible; AhrefsBot/7.0; +http://ahrefs.com/robot/)" "www.wellnessway4u.com"
51.222.253.15 - - [30/Dec/2022:23:35:49 -0800] "GET /js/jquery.bxSlider.js HTTP/1.1" 200 8711 "-" "Mozilla/5.0 (compatible; AhrefsBot/7.0; +http://ahrefs.com/robot/)" "www.wellnessway4u.com"
51.222.253.12 - - [30/Dec/2022:23:35:49 -0800] "GET /js/jquery.datepick.js HTTP/1.1" 200 22724 "-" "Mozilla/5.0 (compatible; AhrefsBot/7.0; +http://ahrefs.com/robot/)" "www.wellnessway4u.com"
51.222.253.4 - - [30/Dec/2022:23:35:53 -0800] "GET /csswell/bootstrap/css/ww4ustyle.css HTTP/1.1" 200 197 "-" "Mozilla/5.0 (compatible; AhrefsBot/7.0; +http://ahrefs.com/robot/)" "www.wellnessway4u.com"
51.222.253.17 - - [30/Dec/2022:23:35:53 -0800] "GET /css/colorbox.css HTTP/1.1" 200 2225 "-" "Mozilla/5.0 (compatible; AhrefsBot/7.0; +http://ahrefs.com/robot/)" "www.wellnessway4u.com"
51.222.253.6 - - [30/Dec/2022:23:35:54 -0800] "GET /cwri.css HTTP/1.1" 200 3658 "-" "Mozilla/5.0 (compatible; AhrefsBot/7.0; +http://ahrefs.com/robot/)" "www.wellnessway4u.com"
51.222.253.8 - - [30/Dec/2022:23:35:54 -0800] "GET /w_js/jquery-ui.js HTTP/1.1" 200 125168 "-" "Mozilla/5.0 (compatible; AhrefsBot/7.0; +http://ahrefs.com/robot/)" "www.wellnessway4u.com"
51.222.253.19 - - [30/Dec/2022:23:35:56 -0800] "GET /w_js/slick.js HTTP/1.1" 200 14366 "-" "Mozilla/5.0 (compatible; AhrefsBot/7.0; +http://ahrefs.com/robot/)" "www.wellnessway4u.com"
51.222.253.12 - - [30/Dec/2022:23:35:56 -0800] "GET /w_js/bootstrap.min.js HTTP/1.1" 200 9833 "-" "Mozilla/5.0 (compatible; AhrefsBot/7.0; +http://ahrefs.com/robot/)" "www.wellnessway4u.com"
51.222.253.5 - - [30/Dec/2022:23:35:57 -0800] "GET /Scripts/AC_RunActiveContent.js HTTP/1.1" 200 2413 "-" "Mozilla/5.0 (compatible; AhrefsBot/7.0; +http://ahrefs.com/robot/)" "www.wellnessway4u.com"
51.222.253.1 - - [30/Dec/2022:23:35:58 -0800] "GET /w_css/style.css?v=1672472123 HTTP/1.1" 200 12959 "-" "Mozilla/5.0 (compatible; AhrefsBot/7.0; +http://ahrefs.com/robot/)" "www.wellnessway4u.com"
51.222.253.20 - - [30/Dec/2022:23:35:59 -0800] "GET /admin/css/fastselect.min.css HTTP/1.1" 200 1134 "-" "Mozilla/5.0 (compatible; AhrefsBot/7.0; +http://ahrefs.com/robot/)" "www.wellnessway4u.com"
51.222.253.7 - - [30/Dec/2022:23:35:59 -0800] "GET /w_css/tokenize2.css HTTP/1.1" 200 847 "-" "Mozilla/5.0 (compatible; AhrefsBot/7.0; +http://ahrefs.com/robot/)" "www.wellnessway4u.com"
51.222.253.3 - - [30/Dec/2022:23:36:00 -0800] "GET /w_css/animated.css HTTP/1.1" 200 3954 "-" "Mozilla/5.0 (compatible; AhrefsBot/7.0; +http://ahrefs.com/robot/)" "www.wellnessway4u.com"
51.222.253.18 - - [30/Dec/2022:23:36:00 -0800] "GET /w_js/datepicker/css/bootstrap-datepicker.css HTTP/1.1" 200 2163 "-" "Mozilla/5.0 (compatible; AhrefsBot/7.0; +http://ahrefs.com/robot/)" "www.wellnessway4u.com"
51.222.253.9 - - [30/Dec/2022:23:36:01 -0800] "GET /w_js/main.js HTTP/1.1" 200 368 "-" "Mozilla/5.0 (compatible; AhrefsBot/7.0; +http://ahrefs.com/robot/)" "www.wellnessway4u.com"
185.191.171.37 - - [30/Dec/2022:23:36:28 -0800] "GET /wsi_read_more.php?token=MTUwNA%3D%3D&type=wsi HTTP/1.1" 200 55010 "-" "Mozilla/5.0 (compatible; SemrushBot/7~bl; +http://www.semrush.com/bot.html)" "www.wellnessway4u.com"
185.119.81.97 - - [30/Dec/2022:23:36:29 -0800] "GET /blog/wp-login.php HTTP/1.1" 200 7863 "-" "Mozilla/5.0 (Windows NT 6.0) AppleWebKit/537.36 (KHTML, like Gecko) Chrome/47.0.2526.106 Safari/537.36" "wellnessway4u.com"
10.213.116.209 - - [30/Dec/2022:23:36:37 -0800] "POST /blog/wp-cron.php?doing_wp_cron=1672472197.3351159095764160156250 HTTP/1.1" 200 - "https://wellnessway4u.com/blog/wp-cron.php?doing_wp_cron=1672472197.3351159095764160156250" "WordPress/6.0.3; https://wellnessway4u.com/blog" "wellnessway4u.com"
185.119.81.97 - - [30/Dec/2022:23:36:39 -0800] "POST /blog/wp-login.php HTTP/1.1" 200 7895 "https://wellnessway4u.com/blog/wp-login.php" "Mozilla/5.0 (Windows NT 6.0) AppleWebKit/537.36 (KHTML, like Gecko) Chrome/47.0.2526.106 Safari/537.36" "wellnessway4u.com"
185.119.81.98 - - [30/Dec/2022:23:37:25 -0800] "GET /blog/wp-login.php HTTP/1.1" 200 7869 "-" "Mozilla/5.0 (Windows NT 10.0; Win64; x64) AppleWebKit/537.36 (KHTML, like Gecko) Chrome/94.0.4606.61 Safari/537.36" "wellnessway4u.com"
185.119.81.98 - - [30/Dec/2022:23:37:34 -0800] "POST /blog/wp-login.php HTTP/1.1" 200 7876 "https://wellnessway4u.com/blog/wp-login.php" "Mozilla/5.0 (Windows NT 10.0; Win64; x64) AppleWebKit/537.36 (KHTML, like Gecko) Chrome/94.0.4606.61 Safari/537.36" "wellnessway4u.com"
10.213.116.210 - - [30/Dec/2022:23:37:41 -0800] "POST /blog/wp-cron.php?doing_wp_cron=1672472261.4854540824890136718750 HTTP/1.1" 200 - "https://wellnessway4u.com/blog/wp-cron.php?doing_wp_cron=1672472261.4854540824890136718750" "WordPress/6.0.3; https://wellnessway4u.com/blog" "wellnessway4u.com"
185.119.81.101 - - [30/Dec/2022:23:38:29 -0800] "GET /blog/wp-login.php HTTP/1.1" 200 7865 "-" "Mozilla/5.0 (Windows NT 6.1; Win64; x64) AppleWebKit/537.36 (KHTML, like Gecko) Chrome/74.0.3729.157 Safari/537.36" "wellnessway4u.com"
185.119.81.101 - - [30/Dec/2022:23:38:39 -0800] "POST /blog/wp-login.php HTTP/1.1" 200 7883 "https://wellnessway4u.com/blog/wp-login.php" "Mozilla/5.0 (Windows NT 6.1; Win64; x64) AppleWebKit/537.36 (KHTML, like Gecko) Chrome/74.0.3729.157 Safari/537.36" "wellnessway4u.com"
10.213.116.209 - - [30/Dec/2022:23:38:47 -0800] "POST /blog/wp-cron.php?doing_wp_cron=1672472327.2098369598388671875000 HTTP/1.1" 200 - "https://wellnessway4u.com/blog/wp-cron.php?doing_wp_cron=1672472327.2098369598388671875000" "WordPress/6.0.3; https://wellnessway4u.com/blog" "wellnessway4u.com"
185.119.81.101 - - [30/Dec/2022:23:39:01 -0800] "GET /blog/wp-login.php HTTP/1.1" 200 7864 "-" "Mozilla/5.0 (Windows NT 6.1; Win64; x64) AppleWebKit/537.36 (KHTML, like Gecko) Chrome/98.0.4758.82 Safari/537.36" "wellnessway4u.com"
185.119.81.101 - - [30/Dec/2022:23:39:09 -0800] "POST /blog/wp-login.php HTTP/1.1" 200 7880 "https://wellnessway4u.com/blog/wp-login.php" "Mozilla/5.0 (Windows NT 6.1; Win64; x64) AppleWebKit/537.36 (KHTML, like Gecko) Chrome/98.0.4758.82 Safari/537.36" "wellnessway4u.com"
185.119.81.100 - - [30/Dec/2022:23:40:31 -0800] "GET /blog/wp-login.php HTTP/1.1" 200 7862 "-" "Mozilla/5.0 (Windows NT 6.1; WOW64) AppleWebKit/537.36 (KHTML, like Gecko) Chrome/69.0.3497.100 Safari/537.36" "wellnessway4u.com"
10.213.116.209 - - [30/Dec/2022:23:40:41 -0800] "POST /blog/wp-cron.php?doing_wp_cron=1672472440.9241299629211425781250 HTTP/1.1" 200 - "https://wellnessway4u.com/blog/wp-cron.php?doing_wp_cron=1672472440.9241299629211425781250" "WordPress/6.0.3; https://wellnessway4u.com/blog" "wellnessway4u.com"
185.119.81.100 - - [30/Dec/2022:23:40:42 -0800] "POST /blog/wp-login.php HTTP/1.1" 200 7885 "https://wellnessway4u.com/blog/wp-login.php" "Mozilla/5.0 (Windows NT 6.1; WOW64) AppleWebKit/537.36 (KHTML, like Gecko) Chrome/69.0.3497.100 Safari/537.36" "wellnessway4u.com"
35.229.38.99 - - [30/Dec/2022:23:41:04 -0800] "GET /wsi_read_more.php?type=wsi&token=MTQ0Mg== HTTP/1.1" 200 54616 "-" "ZoominfoBot (zoominfobot at zoominfo dot com)" "www.wellnessway4u.com"
185.119.81.97 - - [30/Dec/2022:23:41:01 -0800] "GET /blog/wp-login.php HTTP/1.1" 200 7863 "-" "Mozilla/5.0 (Windows NT 6.1; Win64; x64) AppleWebKit/537.36 (KHTML, like Gecko) Chrome/67.0.3396.99 Safari/537.36" "wellnessway4u.com"
185.119.81.97 - - [30/Dec/2022:23:41:09 -0800] "POST /blog/wp-login.php HTTP/1.1" 200 7886 "https://wellnessway4u.com/blog/wp-login.php" "Mozilla/5.0 (Windows NT 6.1; Win64; x64) AppleWebKit/537.36 (KHTML, like Gecko) Chrome/67.0.3396.99 Safari/537.36" "wellnessway4u.com"
185.119.81.98 - - [30/Dec/2022:23:42:10 -0800] "GET /blog/wp-login.php HTTP/1.1" 200 7859 "-" "Mozilla/5.0 (Windows NT 6.3; Win64; x64) AppleWebKit/537.36 (KHTML, like Gecko) Chrome/63.0.3239.84 Safari/537.36" "wellnessway4u.com"
10.213.116.210 - - [30/Dec/2022:23:42:19 -0800] "POST /blog/wp-cron.php?doing_wp_cron=1672472539.8637979030609130859375 HTTP/1.1" 200 - "https://wellnessway4u.com/blog/wp-cron.php?doing_wp_cron=1672472539.8637979030609130859375" "WordPress/6.0.3; https://wellnessway4u.com/blog" "wellnessway4u.com"
185.119.81.98 - - [30/Dec/2022:23:42:21 -0800] "POST /blog/wp-login.php HTTP/1.1" 200 7883 "https://wellnessway4u.com/blog/wp-login.php" "Mozilla/5.0 (Windows NT 6.3; Win64; x64) AppleWebKit/537.36 (KHTML, like Gecko) Chrome/63.0.3239.84 Safari/537.36" "wellnessway4u.com"
185.119.81.101 - - [30/Dec/2022:23:43:03 -0800] "GET /blog/wp-login.php HTTP/1.1" 500 2159 "-" "Mozilla/5.0 (Windows NT 6.3; Win64; x64) AppleWebKit/537.36 (KHTML, like Gecko) Chrome/76.0.3809.100 Safari/537.36" "wellnessway4u.com"
185.119.81.101 - - [30/Dec/2022:23:42:54 -0800] "GET /blog/wp-login.php HTTP/1.1" 200 7858 "-" "Mozilla/5.0 (Windows NT 6.3; WOW64) AppleWebKit/537.36 (KHTML, like Gecko) Chrome/51.0.2704.106 Safari/537.36" "wellnessway4u.com"
10.213.116.209 - - [30/Dec/2022:23:43:03 -0800] "POST /blog/wp-cron.php?doing_wp_cron=1672472583.5622189044952392578125 HTTP/1.1" 200 - "https://wellnessway4u.com/blog/wp-cron.php?doing_wp_cron=1672472583.5622189044952392578125" "WordPress/6.0.3; https://wellnessway4u.com/blog" "wellnessway4u.com"
185.119.81.101 - - [30/Dec/2022:23:43:05 -0800] "POST /blog/wp-login.php HTTP/1.1" 200 7881 "https://wellnessway4u.com/blog/wp-login.php" "Mozilla/5.0 (Windows NT 6.3; WOW64) AppleWebKit/537.36 (KHTML, like Gecko) Chrome/51.0.2704.106 Safari/537.36" "wellnessway4u.com"
185.119.81.99 - - [30/Dec/2022:23:43:22 -0800] "GET /blog/wp-login.php HTTP/1.1" 200 7869 "-" "Mozilla/5.0 (Windows NT 10.0; Win64; x64) AppleWebKit/537.36 (KHTML, like Gecko) Chrome/81.0.4044.138 Safari/537.36" "wellnessway4u.com"
185.119.81.99 - - [30/Dec/2022:23:43:32 -0800] "POST /blog/wp-login.php HTTP/1.1" 200 7883 "https://wellnessway4u.com/blog/wp-login.php" "Mozilla/5.0 (Windows NT 10.0; Win64; x64) AppleWebKit/537.36 (KHTML, like Gecko) Chrome/81.0.4044.138 Safari/537.36" "wellnessway4u.com"
185.119.81.106 - - [30/Dec/2022:23:43:46 -0800] "GET /blog/wp-login.php HTTP/1.1" 500 2165 "-" "Mozilla/5.0 (Windows NT 10.0; Win64; x64) AppleWebKit/537.36 (KHTML, like Gecko) Chrome/70.0.3538.77 Safari/537.36" "wellnessway4u.com"
10.213.116.211 - - [30/Dec/2022:23:43:42 -0800] "POST /blog/wp-cron.php?doing_wp_cron=1672472622.1182560920715332031250 HTTP/1.1" 200 - "https://wellnessway4u.com/blog/wp-cron.php?doing_wp_cron=1672472622.1182560920715332031250" "WordPress/6.0.3; https://wellnessway4u.com/blog" "wellnessway4u.com"
185.119.81.106 - - [30/Dec/2022:23:44:15 -0800] "GET /blog/wp-login.php HTTP/1.1" 200 7867 "-" "Mozilla/5.0 (Windows NT 6.1) AppleWebKit/537.36 (KHTML, like Gecko) Chrome/79.0.3945.130 Safari/537.36" "wellnessway4u.com"
185.119.81.106 - - [30/Dec/2022:23:44:24 -0800] "POST /blog/wp-login.php HTTP/1.1" 200 7885 "https://wellnessway4u.com/blog/wp-login.php" "Mozilla/5.0 (Windows NT 6.1) AppleWebKit/537.36 (KHTML, like Gecko) Chrome/79.0.3945.130 Safari/537.36" "wellnessway4u.com"
185.119.81.97 - - [30/Dec/2022:23:44:53 -0800] "GET /blog/wp-login.php HTTP/1.1" 200 7860 "-" "Mozilla/5.0 (Windows NT 6.3; Win64; x64) AppleWebKit/537.36 (KHTML, like Gecko) Chrome/76.0.3809.100 Safari/537.36" "wellnessway4u.com"
185.119.81.106 - - [30/Dec/2022:23:45:02 -0800] "GET /blog/wp-login.php HTTP/1.1" 500 2162 "-" "Mozilla/5.0 (Windows NT 6.1; Win64; x64) AppleWebKit/537.36 (KHTML, like Gecko) Chrome/74.0.3729.169 Safari/537.36" "wellnessway4u.com"
10.213.116.209 - - [30/Dec/2022:23:45:00 -0800] "POST /blog/wp-cron.php?doing_wp_cron=1672472700.6372160911560058593750 HTTP/1.1" 200 - "https://wellnessway4u.com/blog/wp-cron.php?doing_wp_cron=1672472700.6372160911560058593750" "WordPress/6.0.3; https://wellnessway4u.com/blog" "wellnessway4u.com"
185.119.81.97 - - [30/Dec/2022:23:45:02 -0800] "POST /blog/wp-login.php HTTP/1.1" 200 7884 "https://wellnessway4u.com/blog/wp-login.php" "Mozilla/5.0 (Windows NT 6.3; Win64; x64) AppleWebKit/537.36 (KHTML, like Gecko) Chrome/76.0.3809.100 Safari/537.36" "wellnessway4u.com"
185.119.81.99 - - [30/Dec/2022:23:45:28 -0800] "GET /blog/wp-login.php HTTP/1.1" 200 7870 "-" "Mozilla/5.0 (Windows NT 10.0) AppleWebKit/537.36 (KHTML, like Gecko) Chrome/79.0.3945.130 Safari/537.36" "wellnessway4u.com"
185.119.81.99 - - [30/Dec/2022:23:45:37 -0800] "POST /blog/wp-login.php HTTP/1.1" 200 7879 "https://wellnessway4u.com/blog/wp-login.php" "Mozilla/5.0 (Windows NT 10.0) AppleWebKit/537.36 (KHTML, like Gecko) Chrome/79.0.3945.130 Safari/537.36" "wellnessway4u.com"
10.213.116.210 - - [30/Dec/2022:23:45:45 -0800] "POST /blog/wp-cron.php?doing_wp_cron=1672472745.2050700187683105468750 HTTP/1.1" 200 - "https://wellnessway4u.com/blog/wp-cron.php?doing_wp_cron=1672472745.2050700187683105468750" "WordPress/6.0.3; https://wellnessway4u.com/blog" "wellnessway4u.com"
185.119.81.100 - - [30/Dec/2022:23:46:57 -0800] "GET /blog/wp-login.php HTTP/1.1" 200 7863 "-" "Mozilla/5.0 (Windows NT 10.0; WOW64) AppleWebKit/537.36 (KHTML, like Gecko) Chrome/49.0.2623.112 Safari/537.36" "wellnessway4u.com"
10.213.116.209 - - [30/Dec/2022:23:47:06 -0800] "POST /blog/wp-cron.php?doing_wp_cron=1672472826.7292850017547607421875 HTTP/1.1" 200 - "https://wellnessway4u.com/blog/wp-cron.php?doing_wp_cron=1672472826.7292850017547607421875" "WordPress/6.0.3; https://wellnessway4u.com/blog" "wellnessway4u.com"
185.119.81.100 - - [30/Dec/2022:23:47:08 -0800] "POST /blog/wp-login.php HTTP/1.1" 200 7882 "https://wellnessway4u.com/blog/wp-login.php" "Mozilla/5.0 (Windows NT 10.0; WOW64) AppleWebKit/537.36 (KHTML, like Gecko) Chrome/49.0.2623.112 Safari/537.36" "wellnessway4u.com"
185.119.81.100 - - [30/Dec/2022:23:47:53 -0800] "GET /blog/wp-login.php HTTP/1.1" 200 7867 "-" "Mozilla/5.0 (Windows NT 6.3; Win64; x64) AppleWebKit/537.36 (KHTML, like Gecko) Chrome/94.0.4606.81 Safari/537.36" "wellnessway4u.com"
10.213.116.211 - - [30/Dec/2022:23:48:03 -0800] "POST /blog/wp-cron.php?doing_wp_cron=1672472883.3822278976440429687500 HTTP/1.1" 200 - "https://wellnessway4u.com/blog/wp-cron.php?doing_wp_cron=1672472883.3822278976440429687500" "WordPress/6.0.3; https://wellnessway4u.com/blog" "wellnessway4u.com"
185.119.81.100 - - [30/Dec/2022:23:48:05 -0800] "POST /blog/wp-login.php HTTP/1.1" 200 7888 "https://wellnessway4u.com/blog/wp-login.php" "Mozilla/5.0 (Windows NT 6.3; Win64; x64) AppleWebKit/537.36 (KHTML, like Gecko) Chrome/94.0.4606.81 Safari/537.36" "wellnessway4u.com"
185.119.81.97 - - [30/Dec/2022:23:48:42 -0800] "GET /blog/wp-login.php HTTP/1.1" 200 7862 "-" "Mozilla/5.0 (Windows NT 6.1; Win64; x64) AppleWebKit/537.36 (KHTML, like Gecko) Chrome/66.0.3359.139 Safari/537.36" "wellnessway4u.com"
185.119.81.98 - - [30/Dec/2022:23:48:48 -0800] "GET /blog/wp-login.php HTTP/1.1" 200 7867 "-" "Mozilla/5.0 (Windows NT 6.1; Win64; x64) AppleWebKit/537.36 (KHTML, like Gecko) Chrome/64.0.3282.167 Safari/537.36" "wellnessway4u.com"
10.213.116.211 - - [30/Dec/2022:23:48:50 -0800] "POST /blog/wp-cron.php?doing_wp_cron=1672472930.5860750675201416015625 HTTP/1.1" 200 - "https://wellnessway4u.com/blog/wp-cron.php?doing_wp_cron=1672472930.5860750675201416015625" "WordPress/6.0.3; https://wellnessway4u.com/blog" "wellnessway4u.com"
185.119.81.97 - - [30/Dec/2022:23:48:52 -0800] "POST /blog/wp-login.php HTTP/1.1" 200 7888 "https://wellnessway4u.com/blog/wp-login.php" "Mozilla/5.0 (Windows NT 6.1; Win64; x64) AppleWebKit/537.36 (KHTML, like Gecko) Chrome/66.0.3359.139 Safari/537.36" "wellnessway4u.com"
185.119.81.98 - - [30/Dec/2022:23:48:53 -0800] "GET /blog/wp-login.php HTTP/1.1" 200 7867 "-" "Mozilla/5.0 (Windows NT 10.0; WOW64) AppleWebKit/537.36 (KHTML, like Gecko) Chrome/72.0.3626.121 Safari/537.36" "wellnessway4u.com"
185.119.81.98 - - [30/Dec/2022:23:48:57 -0800] "POST /blog/wp-login.php HTTP/1.1" 200 7888 "https://wellnessway4u.com/blog/wp-login.php" "Mozilla/5.0 (Windows NT 6.1; Win64; x64) AppleWebKit/537.36 (KHTML, like Gecko) Chrome/64.0.3282.167 Safari/537.36" "wellnessway4u.com"
185.119.81.98 - - [30/Dec/2022:23:49:02 -0800] "POST /blog/wp-login.php HTTP/1.1" 200 7879 "https://wellnessway4u.com/blog/wp-login.php" "Mozilla/5.0 (Windows NT 10.0; WOW64) AppleWebKit/537.36 (KHTML, like Gecko) Chrome/72.0.3626.121 Safari/537.36" "wellnessway4u.com"
185.119.81.102 - - [30/Dec/2022:23:50:41 -0800] "GET /blog/wp-login.php HTTP/1.1" 200 7861 "-" "Mozilla/5.0 (Windows NT 10.0; WOW64) AppleWebKit/537.36 (KHTML, like Gecko) Chrome/49.0.2623.87 Safari/537.36" "wellnessway4u.com"
10.213.116.210 - - [30/Dec/2022:23:50:51 -0800] "POST /blog/wp-cron.php?doing_wp_cron=1672473051.4566559791564941406250 HTTP/1.1" 200 - "https://wellnessway4u.com/blog/wp-cron.php?doing_wp_cron=1672473051.4566559791564941406250" "WordPress/6.0.3; https://wellnessway4u.com/blog" "wellnessway4u.com"
185.119.81.102 - - [30/Dec/2022:23:50:53 -0800] "POST /blog/wp-login.php HTTP/1.1" 200 7882 "https://wellnessway4u.com/blog/wp-login.php" "Mozilla/5.0 (Windows NT 10.0; WOW64) AppleWebKit/537.36 (KHTML, like Gecko) Chrome/49.0.2623.87 Safari/537.36" "wellnessway4u.com"
185.119.81.100 - - [30/Dec/2022:23:50:54 -0800] "GET /blog/wp-login.php HTTP/1.1" 200 7872 "-" "Mozilla/5.0 (Windows NT 10.0; Win64; x64) AppleWebKit/537.36 (KHTML, like Gecko) Chrome/55.0.2883.87 Safari/537.36" "wellnessway4u.com"
185.119.81.100 - - [30/Dec/2022:23:51:04 -0800] "POST /blog/wp-login.php HTTP/1.1" 200 7891 "https://wellnessway4u.com/blog/wp-login.php" "Mozilla/5.0 (Windows NT 10.0; Win64; x64) AppleWebKit/537.36 (KHTML, like Gecko) Chrome/55.0.2883.87 Safari/537.36" "wellnessway4u.com"
185.119.81.101 - - [30/Dec/2022:23:51:18 -0800] "GET /blog/wp-login.php HTTP/1.1" 500 2160 "-" "Mozilla/5.0 (Windows NT 6.3; WOW64) AppleWebKit/537.36 (KHTML, like Gecko) Chrome/47.0.2526.111 Safari/537.36" "wellnessway4u.com"
185.191.171.40 - - [30/Dec/2022:23:51:29 -0800] "GET /manage_stress.php HTTP/1.1" 200 49218 "-" "Mozilla/5.0 (compatible; SemrushBot/7~bl; +http://www.semrush.com/bot.html)" "wellnessway4u.com"
185.119.81.100 - - [30/Dec/2022:23:51:35 -0800] "GET /blog/wp-login.php HTTP/1.1" 200 7862 "-" "Mozilla/5.0 (Windows NT 10.0; Win64; x64) AppleWebKit/537.36 (KHTML, like Gecko) Chrome/99.0.4844.82 Safari/537.36" "wellnessway4u.com"
185.119.81.99 - - [30/Dec/2022:23:51:39 -0800] "GET /blog/wp-login.php HTTP/1.1" 200 7863 "-" "Mozilla/5.0 (Windows NT 10.0; Win64; x64) AppleWebKit/537.36 (KHTML, like Gecko) Chrome/84.0.4147.125 Safari/537.36" "wellnessway4u.com"
10.213.116.211 - - [30/Dec/2022:23:51:44 -0800] "POST /blog/wp-cron.php?doing_wp_cron=1672473104.6999850273132324218750 HTTP/1.1" 200 - "https://wellnessway4u.com/blog/wp-cron.php?doing_wp_cron=1672473104.6999850273132324218750" "WordPress/6.0.3; https://wellnessway4u.com/blog" "wellnessway4u.com"
185.119.81.100 - - [30/Dec/2022:23:51:46 -0800] "POST /blog/wp-login.php HTTP/1.1" 200 7879 "https://wellnessway4u.com/blog/wp-login.php" "Mozilla/5.0 (Windows NT 10.0; Win64; x64) AppleWebKit/537.36 (KHTML, like Gecko) Chrome/99.0.4844.82 Safari/537.36" "wellnessway4u.com"
185.119.81.99 - - [30/Dec/2022:23:51:48 -0800] "POST /blog/wp-login.php HTTP/1.1" 200 7880 "https://wellnessway4u.com/blog/wp-login.php" "Mozilla/5.0 (Windows NT 10.0; Win64; x64) AppleWebKit/537.36 (KHTML, like Gecko) Chrome/84.0.4147.125 Safari/537.36" "wellnessway4u.com"
185.119.81.99 - - [30/Dec/2022:23:53:38 -0800] "GET /blog/wp-login.php HTTP/1.1" 200 7647 "-" "Mozilla/5.0 (Windows NT 10.0; WOW64) AppleWebKit/537.36 (KHTML, like Gecko) Chrome/57.0.2987.133 Safari/537.36" "wellnessway4u.com"
10.213.116.211 - - [30/Dec/2022:23:53:47 -0800] "POST /blog/wp-cron.php?doing_wp_cron=1672473226.9262030124664306640625 HTTP/1.1" 200 - "https://wellnessway4u.com/blog/wp-cron.php?doing_wp_cron=1672473226.9262030124664306640625" "WordPress/6.0.3; https://wellnessway4u.com/blog" "wellnessway4u.com"
185.119.81.99 - - [30/Dec/2022:23:53:48 -0800] "POST /blog/wp-login.php HTTP/1.1" 200 7835 "https://wellnessway4u.com/blog/wp-login.php" "Mozilla/5.0 (Windows NT 10.0; WOW64) AppleWebKit/537.36 (KHTML, like Gecko) Chrome/57.0.2987.133 Safari/537.36" "wellnessway4u.com"
185.119.81.101 - - [30/Dec/2022:23:54:06 -0800] "GET /blog/wp-login.php HTTP/1.1" 500 2161 "-" "Mozilla/5.0 (Windows NT 6.1) AppleWebKit/537.36 (KHTML, like Gecko) Chrome/74.0.3729.157 Safari/537.36" "wellnessway4u.com"
185.119.81.101 - - [30/Dec/2022:23:54:25 -0800] "GET /blog/wp-login.php HTTP/1.1" 500 2159 "-" "Mozilla/5.0 (Windows NT 10.0; Win64; x64) AppleWebKit/537.36 (KHTML, like Gecko) Chrome/91.0.4472.77 Safari/537.36" "wellnessway4u.com"
185.119.81.98 - - [30/Dec/2022:23:54:33 -0800] "GET /blog/wp-login.php HTTP/1.1" 200 7650 "-" "Mozilla/5.0 (Windows NT 10.0; Win64; x64) AppleWebKit/537.36 (KHTML, like Gecko) Chrome/89.0.4389.114 Safari/537.36" "wellnessway4u.com"
10.213.116.209 - - [30/Dec/2022:23:54:41 -0800] "POST /blog/wp-cron.php?doing_wp_cron=1672473281.4838678836822509765625 HTTP/1.1" 200 - "https://wellnessway4u.com/blog/wp-cron.php?doing_wp_cron=1672473281.4838678836822509765625" "WordPress/6.0.3; https://wellnessway4u.com/blog" "wellnessway4u.com"
185.119.81.98 - - [30/Dec/2022:23:54:43 -0800] "POST /blog/wp-login.php HTTP/1.1" 200 7835 "https://wellnessway4u.com/blog/wp-login.php" "Mozilla/5.0 (Windows NT 10.0; Win64; x64) AppleWebKit/537.36 (KHTML, like Gecko) Chrome/89.0.4389.114 Safari/537.36" "wellnessway4u.com"
185.119.81.100 - - [30/Dec/2022:23:54:53 -0800] "GET /blog/wp-login.php HTTP/1.1" 200 7662 "-" "Mozilla/5.0 (Windows NT 6.1; Win64; x64) AppleWebKit/537.36 (KHTML, like Gecko) Chrome/59.0.3071.115 Safari/537.36" "wellnessway4u.com"
185.119.81.100 - - [30/Dec/2022:23:55:02 -0800] "POST /blog/wp-login.php HTTP/1.1" 200 7836 "https://wellnessway4u.com/blog/wp-login.php" "Mozilla/5.0 (Windows NT 6.1; Win64; x64) AppleWebKit/537.36 (KHTML, like Gecko) Chrome/59.0.3071.115 Safari/537.36" "wellnessway4u.com"
185.191.171.39 - - [30/Dec/2022:23:55:24 -0800] "GET /login.php?ref=ZGVzaWduLW15LWxpZmUucGhwPyZyZWZfbnVtPURzZ24tMDAzLERzZ24tMDA1LERzZ24tMDA3LERzZ24tMDEwLERzZ24tMDA5JmZhdl9jYXRfaWQ9NDA2Jmdyb3VwX2lkPTU1Nj9yZWZfbnVtPURzZ24tMDAxLERzZ24tMDAzLERzZ24tMDA0LERzZ24tMDA1LERzZ24tMDA2LERzZ24tMDA3Jmdyb3VwX2lkPTU1Ng%3D%3D HTTP/1.1" 200 60356 "-" "Mozilla/5.0 (compatible; SemrushBot/7~bl; +http://www.semrush.com/bot.html)" "wellnessway4u.com"
185.119.81.102 - - [30/Dec/2022:23:56:41 -0800] "GET /blog/wp-login.php HTTP/1.1" 200 7658 "-" "Mozilla/5.0 (Windows NT 6.1) AppleWebKit/537.36 (KHTML, like Gecko) Chrome/61.0.3163.100 Safari/537.36" "wellnessway4u.com"
10.213.116.211 - - [30/Dec/2022:23:56:51 -0800] "POST /blog/wp-cron.php?doing_wp_cron=1672473411.3725190162658691406250 HTTP/1.1" 200 - "https://wellnessway4u.com/blog/wp-cron.php?doing_wp_cron=1672473411.3725190162658691406250" "WordPress/6.0.3; https://wellnessway4u.com/blog" "wellnessway4u.com"
185.119.81.102 - - [30/Dec/2022:23:56:53 -0800] "POST /blog/wp-login.php HTTP/1.1" 200 7837 "https://wellnessway4u.com/blog/wp-login.php" "Mozilla/5.0 (Windows NT 6.1) AppleWebKit/537.36 (KHTML, like Gecko) Chrome/61.0.3163.100 Safari/537.36" "wellnessway4u.com"
185.119.81.100 - - [30/Dec/2022:23:57:16 -0800] "GET /blog/wp-login.php HTTP/1.1" 200 7661 "-" "Mozilla/5.0 (Windows NT 6.1; Win64; x64) AppleWebKit/537.36 (KHTML, like Gecko) Chrome/58.0.3029.96 Safari/537.36" "wellnessway4u.com"
185.119.81.100 - - [30/Dec/2022:23:57:27 -0800] "POST /blog/wp-login.php HTTP/1.1" 200 7837 "https://wellnessway4u.com/blog/wp-login.php" "Mozilla/5.0 (Windows NT 6.1; Win64; x64) AppleWebKit/537.36 (KHTML, like Gecko) Chrome/58.0.3029.96 Safari/537.36" "wellnessway4u.com"
185.119.81.99 - - [30/Dec/2022:23:57:34 -0800] "GET /blog/wp-login.php HTTP/1.1" 200 7858 "-" "Mozilla/5.0 (Windows NT 6.1; WOW64) AppleWebKit/537.36 (KHTML, like Gecko) Chrome/69.0.3497.100 Safari/537.36" "wellnessway4u.com"
10.213.116.209 - - [30/Dec/2022:23:57:42 -0800] "POST /blog/wp-cron.php?doing_wp_cron=1672473462.0267589092254638671875 HTTP/1.1" 200 - "https://wellnessway4u.com/blog/wp-cron.php?doing_wp_cron=1672473462.0267589092254638671875" "WordPress/6.0.3; https://wellnessway4u.com/blog" "wellnessway4u.com"
185.119.81.99 - - [30/Dec/2022:23:57:44 -0800] "POST /blog/wp-login.php HTTP/1.1" 200 7886 "https://wellnessway4u.com/blog/wp-login.php" "Mozilla/5.0 (Windows NT 6.1; WOW64) AppleWebKit/537.36 (KHTML, like Gecko) Chrome/69.0.3497.100 Safari/537.36" "wellnessway4u.com"
185.119.81.102 - - [30/Dec/2022:23:57:54 -0800] "GET /blog/wp-login.php HTTP/1.1" 200 7866 "-" "Mozilla/5.0 (Windows NT 6.1; WOW64) AppleWebKit/537.36 (KHTML, like Gecko) Chrome/41.0.2272.76 Safari/537.36" "wellnessway4u.com"
185.119.81.102 - - [30/Dec/2022:23:58:04 -0800] "POST /blog/wp-login.php HTTP/1.1" 200 7886 "https://wellnessway4u.com/blog/wp-login.php" "Mozilla/5.0 (Windows NT 6.1; WOW64) AppleWebKit/537.36 (KHTML, like Gecko) Chrome/41.0.2272.76 Safari/537.36" "wellnessway4u.com"
185.119.81.98 - - [30/Dec/2022:23:58:58 -0800] "GET /blog/wp-login.php HTTP/1.1" 200 7862 "-" "Mozilla/5.0 (Windows NT 6.1) AppleWebKit/537.36 (KHTML, like Gecko) Chrome/46.0.2490.86 Safari/537.36" "wellnessway4u.com"
10.213.116.209 - - [30/Dec/2022:23:59:07 -0800] "POST /blog/wp-cron.php?doing_wp_cron=1672473547.3574550151824951171875 HTTP/1.1" 200 - "https://wellnessway4u.com/blog/wp-cron.php?doing_wp_cron=1672473547.3574550151824951171875" "WordPress/6.0.3; https://wellnessway4u.com/blog" "wellnessway4u.com"
185.119.81.98 - - [30/Dec/2022:23:59:09 -0800] "POST /blog/wp-login.php HTTP/1.1" 200 7883 "https://wellnessway4u.com/blog/wp-login.php" "Mozilla/5.0 (Windows NT 6.1) AppleWebKit/537.36 (KHTML, like Gecko) Chrome/46.0.2490.86 Safari/537.36" "wellnessway4u.com"
77.75.79.119 - - [30/Dec/2022:23:59:20 -0800] "GET /resources.php HTTP/1.1" 200 78685 "-" "Mozilla/5.0 (compatible; SeznamBot/4.0-RC1; +http://napoveda.seznam.cz/seznambot-intro/)" "www.wellnessway4u.com"
185.119.81.101 - - [30/Dec/2022:23:59:52 -0800] "GET /blog/wp-login.php HTTP/1.1" 500 2164 "-" "Mozilla/5.0 (Windows NT 6.3; Win64; x64) AppleWebKit/537.36 (KHTML, like Gecko) Chrome/59.0.3071.115 Safari/537.36" "wellnessway4u.com"
185.119.81.101 - - [31/Dec/2022:00:00:07 -0800] "GET /blog/wp-login.php HTTP/1.1" 500 2162 "-" "Mozilla/5.0 (Windows NT 6.3; Win64; x64) AppleWebKit/537.36 (KHTML, like Gecko) Chrome/66.0.3359.181 Safari/537.36" "wellnessway4u.com"
185.119.81.101 - - [31/Dec/2022:00:00:25 -0800] "GET /blog/wp-login.php HTTP/1.1" 500 2159 "-" "Mozilla/5.0 (Windows NT 10.0; WOW64) AppleWebKit/537.36 (KHTML, like Gecko) Chrome/46.0.2490.86 Safari/537.36" "wellnessway4u.com"
64.124.8.28 - - [31/Dec/2022:00:00:27 -0800] "GET /uploads/1598443826_Inspiration.png HTTP/1.1" 200 35888 "http://www.wellnessway4u.com/uploads/1598443826_Inspiration.png" "Mozilla/5.0 (Macintosh; Intel Mac OS X 10_15_7) AppleWebKit/537.36 (KHTML, like Gecko) Chrome/107.0.0.0 Safari/537.36" "www.wellnessway4u.com"
64.124.8.28 - - [31/Dec/2022:00:00:38 -0800] "GET /uploads/1330337699_Biopulsar%20Killicks%20160x90.jpg HTTP/1.1" 200 10554 "http://www.wellnessway4u.com/uploads/1330337699_Biopulsar%20Killicks%20160x90.jpg" "Mozilla/5.0 (Macintosh; Intel Mac OS X 10_15_7) AppleWebKit/537.36 (KHTML, like Gecko) Chrome/107.0.0.0 Safari/537.36" "www.wellnessway4u.com"
185.119.81.100 - - [31/Dec/2022:00:00:46 -0800] "GET /blog/wp-login.php HTTP/1.1" 200 7859 "-" "Mozilla/5.0 (Windows NT 6.1; Win64; x64) AppleWebKit/537.36 (KHTML, like Gecko) Chrome/92.0.4515.159 Safari/537.36" "wellnessway4u.com"
185.119.81.100 - - [31/Dec/2022:00:00:56 -0800] "POST /blog/wp-login.php HTTP/1.1" 500 2162 "https://wellnessway4u.com/blog/wp-login.php" "Mozilla/5.0 (Windows NT 6.1; Win64; x64) AppleWebKit/537.36 (KHTML, like Gecko) Chrome/92.0.4515.159 Safari/537.36" "wellnessway4u.com"
10.213.116.210 - - [31/Dec/2022:00:00:54 -0800] "POST /blog/wp-cron.php?doing_wp_cron=1672473654.0144588947296142578125 HTTP/1.1" 200 - "https://wellnessway4u.com/blog/wp-cron.php?doing_wp_cron=1672473654.0144588947296142578125" "WordPress/6.0.3; https://wellnessway4u.com/blog" "wellnessway4u.com"
185.119.81.102 - - [31/Dec/2022:00:01:40 -0800] "GET /blog/wp-login.php HTTP/1.1" 200 7865 "-" "Mozilla/5.0 (Windows NT 10.0; WOW64) AppleWebKit/537.36 (KHTML, like Gecko) Chrome/97.0.4692.71 Safari/537.36" "wellnessway4u.com"
